[INFO] Using $JAVA_HOME=/usr/java/jdk1.6.0_45
[WARN] You do not have $JAVA_VENDOR set. This is probably OK, but on some platforms
[WARN] you might need to set it, eg, to 'Sun' or 'openjdk'.
[INFO] JAVA_HOME = /usr/java/jdk1.6.0_45
[INFO] PATH = /usr/java/jdk1.6.0_45/bin:/usr/lib64/qt-3.3/bin:/usr/local/sbin:/usr/local/bin:/sbin:/bin:/usr/sbin:/usr/bin:/usr/java/jdk1.6.0_45/bin:/usr/java/jdk1.6.0_45/jrei/bin:/usr/local/apache-maven/bin:/root/bin
[INFO] MVN = /data/ubuntu14/opennmszh/maven/bin/mvn
[INFO] MAVEN_OPTS = -XX:PermSize=512m -XX:MaxPermSize=1g -Xmx1g -XX:ReservedCodeCacheSize=512m
[INFO] Git Branch = dev_lai
[INFO] running: /data/ubuntu14/opennmszh/maven/bin/mvn -Dbuild.profile=default -Droot.dir=/data/ubuntu14/opennmszh -Dmaven.metadata.legacy=true -Djava.awt.headless=true -Dmaven.test.skip.exec=true install
[INFO] Scanning for projects...
[WARNING] 
[WARNING] Some problems were encountered while building the effective model for org.opennms:opennms-webapp:war:1.12.9
[WARNING] 'dependencies.dependency.(groupId:artifactId:type:classifier)' must be unique: poi:poi:jar -> version (?) vs 2.5.1-final-20040804 @ line 712, column 17
[WARNING] 
[WARNING] It is highly recommended to fix these problems because they threaten the stability of your build.
[WARNING] 
[WARNING] For this reason, future Maven versions might no longer support building such malformed projects.
[WARNING] 
[INFO] ------------------------------------------------------------------------
[INFO] Reactor Build Order:
[INFO] 
[INFO] OpenNMS
[INFO] OpenNMS Complex Dependencies
[INFO] OpenNMS ActiveMQ Dependencies
[INFO] OpenNMS Hibernate Dependencies
[INFO] OpenNMS Spring Dependencies
[INFO] OpenNMS Spring Web Dependencies
[INFO] OpenNMS ActiveMQ Web Dependencies
[INFO] OpenNMS Asterisk Dependencies
[INFO] OpenNMS Castor Dependencies
[INFO] OpenNMS DBPool Dependencies
[INFO] OpenNMS DNS Java Dependencies
[INFO] OpenNMS Drools Dependencies
[INFO] OpenNMS Apache Felix Dependencies
[INFO] OpenNMS GWT Dependencies
[INFO] OpenNMS JFreeChart Dependencies
[INFO] OpenNMS Jasper Report Dependencies
[INFO] OpenNMS Jasypt Dependencies
[INFO] OpenNMS JavaMail Dependencies
[INFO] OpenNMS JAXB Dependencies
[INFO] OpenNMS JCIFS Dependencies
[INFO] OpenNMS JDBC-Pool Dependencies
[INFO] OpenNMS Jersey Dependencies
[INFO] OpenNMS J-Interop Dependencies
[INFO] OpenNMS JNA Dependencies
[INFO] OpenNMS JNLP Dependencies
[INFO] OpenNMS RADIUS Dependencies
[INFO] OpenNMS JRobin Dependencies
[INFO] OpenNMS JRRD Dependencies
[INFO] OpenNMS Apache Karaf Dependencies
[INFO] OpenNMS LiquiBase Dependencies
[INFO] OpenNMS Mina Dependencies
[INFO] OpenNMS Netty Dependencies
[INFO] OpenNMS Apache Pax Exam Dependencies
[INFO] OpenNMS Quartz Dependencies
[INFO] OpenNMS RANCID Dependencies
[INFO] OpenNMS RXTX Dependencies
[INFO] OpenNMS Servlet Dependencies
[INFO] OpenNMS SNMP4J Dependencies
[INFO] OpenNMS SNMP4J Agent Dependencies
[INFO] OpenNMS Core
[INFO] OpenNMS Core Library
[INFO] OpenNMS Utilities
[INFO] OpenNMS SNMP
[INFO] OpenNMS SNMP API
[INFO] OpenNMS JoeSNMP library
[INFO] OpenNMS JoeSNMP SNMP Implementation
[INFO] OpenNMS SNMP4J SNMP Implementation
[INFO] OpenNMS SNMP Dependencies
[INFO] OpenNMS Test Code
[INFO] OpenNMS Mock SNMP Agent
[INFO] OpenNMS Mock SNMP Implementation
[INFO] OpenNMS SNMP Test Dependencies
[INFO] OpenNMS Spring Security Dependencies
[INFO] OpenNMS Spring Test Dependencies
[INFO] OpenNMS Tracker Dependencies
[INFO] OpenNMS Twitter4J Dependencies
[INFO] OpenNMS Core API
[INFO] OpenNMS Core Build Tools
[INFO] OpenNMS Build Keystore
[INFO] OpenNMS Core Library (XML)
[INFO] OpenNMS Core Test APIs
[INFO] OpenNMS Core Test API (Libraries)
[INFO] OpenNMS Core Database Access API
[INFO] OpenNMS Test Components
[INFO] OpenNMS Core Test API (XML)
[INFO] OpenNMS Data Model Components
[INFO] OpenNMS Criteria Tools
[INFO] OpenNMS ICMP Library
[INFO] OpenNMS ICMP Pinger - API
[INFO] OpenNMS Configuration Model
[INFO] OpenNMS Features
[INFO] OpenNMS Poller
[INFO] OpenNMS Poller API
[INFO] OpenNMS Mock Elements
[INFO] OpenNMS Core Database Installer
[INFO] OpenNMS Core Schema
[INFO] OpenNMS Core Test API (HTTP)
[INFO] OpenNMS Core Test API (Schema)
[INFO] OpenNMS Core Test API (Test Schema A)
[INFO] OpenNMS Core Test API (Test Schema B)
[INFO] OpenNMS RRD Module
[INFO] OpenNMS RRD Interface
[INFO] OpenNMS JRobin RRD Implementation
[INFO] OpenNMS Core Test API (Database)
[INFO] OpenNMS Configuration
[INFO] OpenNMS Daemon
[INFO] OpenNMS Core Documentation
[INFO] org.opennms.core.icmp-jna
[INFO] OpenNMS Core Runtime
[INFO] OpenNMS Core Test API (SNMP)
[INFO] OpenNMS Core Test API (Services)
[INFO] OpenNMS Service Registry
[INFO] OpenNMS Persistence Layer
[INFO] OpenNMS Snmp Integration Tests
[INFO] OpenNMS Tasks
[INFO] OpenNMS Core Test API (DNS)
[INFO] OpenNMS RRD PRM (object-relational mapping)
[INFO] OpenNMS Provisioning
[INFO] OpenNMS Provisioning API
[INFO] OpenNMS JavaMail Library
[INFO] OpenNMS JavaMail Interface
[INFO] OpenNMS Phonebook
[INFO] OpenNMS Ticketing
[INFO] OpenNMS Ticketing API
[INFO] OpenNMS ICMP Pinger - JNA implementation
[INFO] OpenNMS Services
[INFO] OpenNMS Provision Persistence
[INFO] OpenNMS Core Upgrade Library
[INFO] OpenNMS OSGi Container
[INFO] OpenNMS OSGi Container - Branding
[INFO] All OpenNMS OSGi Features
[INFO] OpenNMS OSGi Container - Standalone
[INFO] OpenNMS OSGi Container - Embedded Karaf
[INFO] OpenNMS OSGi Container - Web Servlet
[INFO] OpenNMS OSGi Container - Web Servlet OSGi Bridge
[INFO] OpenNMS ACL Webapp
[INFO] OpenNMS Instrumentation Log Reader
[INFO] OpenNMS JDBC Collector
[INFO] OpenNMS Juniper TCA Collector
[INFO] OpenNMS NCS Root Project
[INFO] OpenNMS NCS Persistence
[INFO] OpenNMS NCS Model Components
[INFO] OpenNMS NCS Persistence
[INFO] OpenNMS Correlation Engines
[INFO] OpenNMS Correlator
[INFO] OpenNMS Drools Correlation Engine
[INFO] OpenNMS NCS Correlation Rules
[INFO] OpenNMS Alarm Subsystem
[INFO] OpenNMS Alarm API
[INFO] OpenNMS NCS Northbounder
[INFO] OpenNMS Web APIs
[INFO] OpenNMS Integrations
[INFO] OpenNMS RWS Interface
[INFO] OpenNMS Reporting
[INFO] OpenNMS Reporting API
[INFO] OpenNMS Model for Reports
[INFO] OpenNMS Dao for Reports
[INFO] OpenNMS SDO for Remote Repository Reports
[INFO] OpenNMS Repository for Reports
[INFO] OpenNMS Reporting Core
[INFO] OpenNMS Availability Reports
[INFO] OpenNMS Reporting
[INFO] OpenNMS ICMP Pinger - JNI implementation
[INFO] OpenNMS Mock SimpleServer
[INFO] OpenNMS LineOriented Detectors
[INFO] OpenNMS Simple Detectors
[INFO] OpenNMS Provision Daemon
[INFO] OpenNMS RRDTool RRD Implementation
[INFO] OpenNMS RRDTool RRD Interface
[INFO] OpenNMS Spring Framework Security
[INFO] OpenNMS Web Dependencies
[INFO] OpenNMS GWT Theme
[INFO] OpenNMS KSC GWT Graph Add
[INFO] OpenNMS KSC GWT combobox
[INFO] OpenNMS GWT Suggestion Combobox
[INFO] OpenNMS GWT Table Resources
[INFO] OpenNMS GWT Graph Resource List
[INFO] OpenNMS GWT Snmp Select List
[INFO] OpenNMS Node Page List Component
[INFO] OpenNMS Request Tracker Interface
[INFO] OpenNMS Launcher
[INFO] OpenNMS System Report
[INFO] OpenNMS Web Application
[INFO] OpenNMS NCS Alarm GUI
[INFO] OpenNMS Poller Runtime
[INFO] OpenNMS Provisioning
[INFO] OpenNMS Provisioning API
[INFO] OpenNMS Provisioning Library
[INFO] OpenNMS Jasper Reports
[INFO] OpenNMS WMI Library
[INFO] OpenNMS ICMP Pinger - JNIv6 implementation
[INFO] OpenNMS Remote Poller
[INFO] OpenNMS Remote Poller (JNLP)
[INFO] OpenNMS TCP Export RRD Implementation
[INFO] OpenNMS Remote Poller GWT UI
[INFO] OpenNMS Drools Integration for Ticketing
[INFO] OpenNMS JIRA Trouble Ticketer
[INFO] OpenNMS OTRS Integration
[INFO] OpenNMS RT Integration
[INFO] OpenNMS Remedy Integration
[INFO] OpenNMS Geocoder
[INFO] OpenNMS Geocoder API
[INFO] OpenNMS Google Geocoder
[INFO] OpenNMS Nominatim Geocoder
[INFO] OpenNMS Name Cutter
[INFO] org.opennms.jmxconfiggenerator
[INFO] org.opennms.features.topology (OSGi project)
[INFO] org.opennms.features.topology - plugin configuration
[INFO] org.opennms.features.topology - bundle instructions
[INFO] OpenNMS Admin UI for SNMP Events and Metrics
[INFO] NRTG
[INFO] NRTG System Exports
[INFO] NRTG API
[INFO] NRTG ProtocolCollectors
[INFO] NRTG ProtocolCollector SNMP
[INFO] NRTG Commander
[INFO] NRTG ActiveMQ Broker
[INFO] NRTG Broker Implementation - JMS
[INFO] NRTG Broker Implementation - Local
[INFO] NRTG NRTCollector
[INFO] NRTG ProtocolCollector TCA
[INFO] NRTG Web Interface
[INFO] NRTG Karaf Features
[INFO] NRTG Karaf API Feature
[INFO] NRTG Karaf Web Features
[INFO] NRTG Karaf ProtocolCollectors Features
[INFO] NRTG Karaf ProtocolCollector SNMP Feature
[INFO] NRTG Karaf ProtocolCollector TCA Feature
[INFO] NRTG Karaf NRTG Base Feature
[INFO] NRTG Karaf NRTG JMS Feature
[INFO] NRTG Karaf NRTG Local Feature
[INFO] NRTG Karaf NRTG Feature
[INFO] NRTG JAR
[INFO] NRTG JAR NRTCollector
[INFO] org.opennms.features.topology - wrapper instructions
[INFO] org.opennms.features.topology - imported bundles
[INFO] OpenNMS :: Vaadin :: Themes
[INFO] OpenNMS :: Vaadin :: Theme :: Default
[INFO] OpenNMS :: Topology :: Features
[INFO] OpenNMS :: Topology :: Vaadin + Dependencies
[INFO] org.opennms.features.topology.api
[INFO] org.opennms.features.topology.plugins.topo.simple
[INFO] org.opennms.features.topology.app
[INFO] OpenNMS Topology SSH
[INFO] org.opennms.features.topology.widgetset
[INFO] org.opennms.features.topology.shell
[INFO] OpenNMS :: Topology :: API
[INFO] org.opennms.features.topology.plugins.browsers
[INFO] org.opennms.features.topology.plugins.devutils
[INFO] org.opennms.features.topology.plugins.layout
[INFO] org.opennms.features.topology.plugins.ncs
[INFO] OpenNMS Topology NetUtils
[INFO] org.opennms.features.topology.plugins.status
[INFO] OpenNMS :: Topology :: Plugins
[INFO] org.opennms.features.topology.plugins.topo.history
[INFO] org.opennms.features.topology.plugins.topo.linkd
[INFO] org.opennms.features.topology.plugins.topo.onmsdao
[INFO] org.opennms.features.topology.plugins.topo.sfree
[INFO] org.opennms.features.topology.plugins.topo.vmware
[INFO] OpenNMS :: Topology :: Themes
[INFO] OpenNMS :: Topology :: Default  Theme
[INFO] OpenNMS :: Topology :: Runtime (Base)
[INFO] OpenNMS :: Topology :: Runtime (Linkd)
[INFO] OpenNMS :: Topology :: Runtime (Browsers)
[INFO] OpenNMS :: Topology :: Runtime (Simple)
[INFO] OpenNMS :: Topology :: Runtime (VMware)
[INFO] OpenNMS :: Topology :: Runtime (NCS)
[INFO] OpenNMS :: Topology :: Runtime (Scale Free)
[INFO] OpenNMS :: Topology :: Development
[INFO] OpenNMS Node Maps
[INFO] org.opennms.features.sms-reflector (OSGi project)
[INFO] sms-reflector - plugin configuration
[INFO] sms-reflector - wrapper instructions
[INFO] sms-reflector - bundle instructions
[INFO] sms-reflector - imported bundles
[INFO] org.opennms.features.rxtx.test
[INFO] org.opennms.features.sms-reflector.sms-service [org.opennms.sms.reflector.smsservice]
[INFO] org.opennms.features.sms-reflector.sms-ping [org.opennms.sms.ping]
[INFO] org.opennms.features.sms.reflector.commands [org.opennms.sms.reflector.commands]
[INFO] org.opennms.features.sms-reflector.sms-monitor [org.opennms.sms.monitor]
[INFO] org.opennms.features.sms-reflector.sms-gateway [org.opennms.sms.gateways]
[INFO] Non OSGi Integration
[INFO] OpenNMS ROOT Web Application
[INFO] OpenNMS Notification Strategies
[INFO] OpenNMS Ticket Notification Strategy
[INFO] OpenNMS Access Point Monitor
[INFO] OpenNMS DNS Provisioning Adaptor
[INFO] OpenNMS Reverse Zone DNS Provisioning Adaptor
[INFO] OpenNMS Link Provisioning Adaptor
[INFO] OpenNMS Map Provisioning Adaptor
[INFO] OpenNMS Puppet Provisioning Adaptor
[INFO] OpenNMS RANCID Provisioning Interface
[INFO] OpenNMS SNMP Asset Provisioning Interface
[INFO] opennms-jasper-extensions
[INFO] OpenNMS VMware Integration
[INFO] OpenNMS Protocols
[INFO] OpenNMS CIFS Support
[INFO] OpenNMS DHCP Monitoring
[INFO] OpenNMS NSClient Monitoring
[INFO] OpenNMS RADIUS Support
[INFO] OpenNMS XML Collector
[INFO] OpenNMS Support for XMP (Cartographer) Agents
[INFO] OpenNMS Selenium Monitor
[INFO] OpenNMS Support for Asterisk PBX
[INFO] OpenNMS Jetty Integration
[INFO] OpenNMS Northbounder Syslog
[INFO] OpenNMS Integration Tests
[INFO] OpenNMS Acknowledgement Daemon
[INFO] OpenNMS Alarm Daemon
[INFO] OpenNMS Northbounder HTTP
[INFO] OpenNMS Northbounder JMS
[INFO] OpenNMS Model Importer
[INFO] OpenNMS Configuration Test Utility
[INFO] OpenNMS SNMP Scanners
[INFO] OpenNMS Datagram Detectors
[INFO] OpenNMS JMX Detectors
[INFO] OpenNMS JDBC Detector
[INFO] OpenNMS SSH Detector
[INFO] OpenNMS Generic Detectors
[INFO] OpenNMS Web Detector (httpclient)
[INFO] OpenNMS BSF Detectors
[INFO] OpenNMS Enterprise Reporting
[INFO] OpenNMS Enterprise Report Daemon
[INFO] OpenNMS OSS-J interface
[INFO]                                                                         
[INFO] ------------------------------------------------------------------------
[INFO] Building OpenNMS 1.12.9
[INFO] ------------------------------------------------------------------------
[INFO] 
[INFO] --- maven-antrun-plugin:1.6:run (default) @ opennms ---
[WARNING] Parameter tasks is deprecated, use target instead
[INFO] Executing tasks

main:

java.check:
     [echo] update policy is daily
[INFO] Executed tasks
[INFO] 
[INFO] >>> maven-source-plugin:2.2.1:jar (default) @ opennms >>>
[INFO] 
[INFO] --- maven-antrun-plugin:1.6:run (default) @ opennms ---
[WARNING] Parameter tasks is deprecated, use target instead
[INFO] Executing tasks

main:

java.check:
     [echo] update policy is daily
[INFO] Executed tasks
[INFO] 
[INFO] <<< maven-source-plugin:2.2.1:jar (default) @ opennms <<<
[INFO] 
[INFO] --- maven-source-plugin:2.2.1:jar (default) @ opennms ---
[INFO] 
[INFO] --- maven-install-plugin:2.3.1:install (default-install) @ opennms ---
[INFO] Installing /data/ubuntu14/opennmszh/pom.xml to /root/.m2/repository/org/opennms/opennms/1.12.9/opennms-1.12.9.pom
[INFO]                                                                         
[INFO] ------------------------------------------------------------------------
[INFO] Building OpenNMS Complex Dependencies 1.12.9
[INFO] ------------------------------------------------------------------------
[INFO] 
[INFO] >>> maven-source-plugin:2.2.1:jar (default) @ dependencies >>>
[INFO] 
[INFO] <<< maven-source-plugin:2.2.1:jar (default) @ dependencies <<<
[INFO] 
[INFO] --- maven-source-plugin:2.2.1:jar (default) @ dependencies ---
[INFO] 
[INFO] --- maven-install-plugin:2.3.1:install (default-install) @ dependencies ---
[INFO] Installing /data/ubuntu14/opennmszh/dependencies/pom.xml to /root/.m2/repository/org/opennms/dependencies/1.12.9/dependencies-1.12.9.pom
[INFO]                                                                         
[INFO] ------------------------------------------------------------------------
[INFO] Building OpenNMS ActiveMQ Dependencies 1.12.9
[INFO] ------------------------------------------------------------------------
[INFO] 
[INFO] >>> maven-source-plugin:2.2.1:jar (default) @ activemq-dependencies >>>
[INFO] 
[INFO] <<< maven-source-plugin:2.2.1:jar (default) @ activemq-dependencies <<<
[INFO] 
[INFO] --- maven-source-plugin:2.2.1:jar (default) @ activemq-dependencies ---
[INFO] 
[INFO] --- maven-install-plugin:2.3.1:install (default-install) @ activemq-dependencies ---
[INFO] Installing /data/ubuntu14/opennmszh/dependencies/activemq/pom.xml to /root/.m2/repository/org/opennms/dependencies/activemq-dependencies/1.12.9/activemq-dependencies-1.12.9.pom
[INFO]                                                                         
[INFO] ------------------------------------------------------------------------
[INFO] Building OpenNMS Hibernate Dependencies 1.12.9
[INFO] ------------------------------------------------------------------------
[INFO] 
[INFO] >>> maven-source-plugin:2.2.1:jar (default) @ hibernate-dependencies >>>
[INFO] 
[INFO] <<< maven-source-plugin:2.2.1:jar (default) @ hibernate-dependencies <<<
[INFO] 
[INFO] --- maven-source-plugin:2.2.1:jar (default) @ hibernate-dependencies ---
[INFO] 
[INFO] --- maven-install-plugin:2.3.1:install (default-install) @ hibernate-dependencies ---
[INFO] Installing /data/ubuntu14/opennmszh/dependencies/hibernate/pom.xml to /root/.m2/repository/org/opennms/dependencies/hibernate-dependencies/1.12.9/hibernate-dependencies-1.12.9.pom
[INFO]                                                                         
[INFO] ------------------------------------------------------------------------
[INFO] Building OpenNMS Spring Dependencies 1.12.9
[INFO] ------------------------------------------------------------------------
[INFO] 
[INFO] >>> maven-source-plugin:2.2.1:jar (default) @ spring-dependencies >>>
[INFO] 
[INFO] <<< maven-source-plugin:2.2.1:jar (default) @ spring-dependencies <<<
[INFO] 
[INFO] --- maven-source-plugin:2.2.1:jar (default) @ spring-dependencies ---
[INFO] 
[INFO] --- maven-install-plugin:2.3.1:install (default-install) @ spring-dependencies ---
[INFO] Installing /data/ubuntu14/opennmszh/dependencies/spring/pom.xml to /root/.m2/repository/org/opennms/dependencies/spring-dependencies/1.12.9/spring-dependencies-1.12.9.pom
[INFO]                                                                         
[INFO] ------------------------------------------------------------------------
[INFO] Building OpenNMS Spring Web Dependencies 1.12.9
[INFO] ------------------------------------------------------------------------
[INFO] 
[INFO] >>> maven-source-plugin:2.2.1:jar (default) @ spring-web-dependencies >>>
[INFO] 
[INFO] <<< maven-source-plugin:2.2.1:jar (default) @ spring-web-dependencies <<<
[INFO] 
[INFO] --- maven-source-plugin:2.2.1:jar (default) @ spring-web-dependencies ---
[INFO] 
[INFO] --- maven-install-plugin:2.3.1:install (default-install) @ spring-web-dependencies ---
[INFO] Installing /data/ubuntu14/opennmszh/dependencies/spring-web/pom.xml to /root/.m2/repository/org/opennms/dependencies/spring-web-dependencies/1.12.9/spring-web-dependencies-1.12.9.pom
[INFO]                                                                         
[INFO] ------------------------------------------------------------------------
[INFO] Building OpenNMS ActiveMQ Web Dependencies 1.12.9
[INFO] ------------------------------------------------------------------------
[INFO] 
[INFO] >>> maven-source-plugin:2.2.1:jar (default) @ activemq-web-dependencies >>>
[INFO] 
[INFO] <<< maven-source-plugin:2.2.1:jar (default) @ activemq-web-dependencies <<<
[INFO] 
[INFO] --- maven-source-plugin:2.2.1:jar (default) @ activemq-web-dependencies ---
[INFO] 
[INFO] --- maven-install-plugin:2.3.1:install (default-install) @ activemq-web-dependencies ---
[INFO] Installing /data/ubuntu14/opennmszh/dependencies/activemq-web/pom.xml to /root/.m2/repository/org/opennms/dependencies/activemq-web-dependencies/1.12.9/activemq-web-dependencies-1.12.9.pom
[INFO]                                                                         
[INFO] ------------------------------------------------------------------------
[INFO] Building OpenNMS Asterisk Dependencies 1.12.9
[INFO] ------------------------------------------------------------------------
[INFO] 
[INFO] >>> maven-source-plugin:2.2.1:jar (default) @ asterisk-dependencies >>>
[INFO] 
[INFO] <<< maven-source-plugin:2.2.1:jar (default) @ asterisk-dependencies <<<
[INFO] 
[INFO] --- maven-source-plugin:2.2.1:jar (default) @ asterisk-dependencies ---
[INFO] 
[INFO] --- maven-install-plugin:2.3.1:install (default-install) @ asterisk-dependencies ---
[INFO] Installing /data/ubuntu14/opennmszh/dependencies/asterisk/pom.xml to /root/.m2/repository/org/opennms/dependencies/asterisk-dependencies/1.12.9/asterisk-dependencies-1.12.9.pom
[INFO]                                                                         
[INFO] ------------------------------------------------------------------------
[INFO] Building OpenNMS Castor Dependencies 1.12.9
[INFO] ------------------------------------------------------------------------
[INFO] 
[INFO] >>> maven-source-plugin:2.2.1:jar (default) @ castor-dependencies >>>
[INFO] 
[INFO] <<< maven-source-plugin:2.2.1:jar (default) @ castor-dependencies <<<
[INFO] 
[INFO] --- maven-source-plugin:2.2.1:jar (default) @ castor-dependencies ---
[INFO] 
[INFO] --- maven-install-plugin:2.3.1:install (default-install) @ castor-dependencies ---
[INFO] Installing /data/ubuntu14/opennmszh/dependencies/castor/pom.xml to /root/.m2/repository/org/opennms/dependencies/castor-dependencies/1.12.9/castor-dependencies-1.12.9.pom
[INFO]                                                                         
[INFO] ------------------------------------------------------------------------
[INFO] Building OpenNMS DBPool Dependencies 1.12.9
[INFO] ------------------------------------------------------------------------
[INFO] 
[INFO] >>> maven-source-plugin:2.2.1:jar (default) @ dbpool-dependencies >>>
[INFO] 
[INFO] <<< maven-source-plugin:2.2.1:jar (default) @ dbpool-dependencies <<<
[INFO] 
[INFO] --- maven-source-plugin:2.2.1:jar (default) @ dbpool-dependencies ---
[INFO] 
[INFO] --- maven-install-plugin:2.3.1:install (default-install) @ dbpool-dependencies ---
[INFO] Installing /data/ubuntu14/opennmszh/dependencies/dbpool/pom.xml to /root/.m2/repository/org/opennms/dependencies/dbpool-dependencies/1.12.9/dbpool-dependencies-1.12.9.pom
[INFO]                                                                         
[INFO] ------------------------------------------------------------------------
[INFO] Building OpenNMS DNS Java Dependencies 1.12.9
[INFO] ------------------------------------------------------------------------
[INFO] 
[INFO] >>> maven-source-plugin:2.2.1:jar (default) @ dnsjava-dependencies >>>
[INFO] 
[INFO] <<< maven-source-plugin:2.2.1:jar (default) @ dnsjava-dependencies <<<
[INFO] 
[INFO] --- maven-source-plugin:2.2.1:jar (default) @ dnsjava-dependencies ---
[INFO] 
[INFO] --- maven-install-plugin:2.3.1:install (default-install) @ dnsjava-dependencies ---
[INFO] Installing /data/ubuntu14/opennmszh/dependencies/dnsjava/pom.xml to /root/.m2/repository/org/opennms/dependencies/dnsjava-dependencies/1.12.9/dnsjava-dependencies-1.12.9.pom
[INFO]                                                                         
[INFO] ------------------------------------------------------------------------
[INFO] Building OpenNMS Drools Dependencies 1.12.9
[INFO] ------------------------------------------------------------------------
[INFO] 
[INFO] >>> maven-source-plugin:2.2.1:jar (default) @ drools-dependencies >>>
[INFO] 
[INFO] <<< maven-source-plugin:2.2.1:jar (default) @ drools-dependencies <<<
[INFO] 
[INFO] --- maven-source-plugin:2.2.1:jar (default) @ drools-dependencies ---
[INFO] 
[INFO] --- maven-install-plugin:2.3.1:install (default-install) @ drools-dependencies ---
[INFO] Installing /data/ubuntu14/opennmszh/dependencies/drools/pom.xml to /root/.m2/repository/org/opennms/dependencies/drools-dependencies/1.12.9/drools-dependencies-1.12.9.pom
[INFO]                                                                         
[INFO] ------------------------------------------------------------------------
[INFO] Building OpenNMS Apache Felix Dependencies 1.12.9
[INFO] ------------------------------------------------------------------------
[INFO] 
[INFO] >>> maven-source-plugin:2.2.1:jar (default) @ felix-dependencies >>>
[INFO] 
[INFO] <<< maven-source-plugin:2.2.1:jar (default) @ felix-dependencies <<<
[INFO] 
[INFO] --- maven-source-plugin:2.2.1:jar (default) @ felix-dependencies ---
[INFO] 
[INFO] --- maven-install-plugin:2.3.1:install (default-install) @ felix-dependencies ---
[INFO] Installing /data/ubuntu14/opennmszh/dependencies/felix/pom.xml to /root/.m2/repository/org/opennms/dependencies/felix-dependencies/1.12.9/felix-dependencies-1.12.9.pom
[INFO]                                                                         
[INFO] ------------------------------------------------------------------------
[INFO] Building OpenNMS GWT Dependencies 1.12.9
[INFO] ------------------------------------------------------------------------
[INFO] 
[INFO] >>> maven-source-plugin:2.2.1:jar (default) @ gwt-dependencies >>>
[INFO] 
[INFO] <<< maven-source-plugin:2.2.1:jar (default) @ gwt-dependencies <<<
[INFO] 
[INFO] --- maven-source-plugin:2.2.1:jar (default) @ gwt-dependencies ---
[INFO] 
[INFO] --- maven-install-plugin:2.3.1:install (default-install) @ gwt-dependencies ---
[INFO] Installing /data/ubuntu14/opennmszh/dependencies/gwt/pom.xml to /root/.m2/repository/org/opennms/dependencies/gwt-dependencies/1.12.9/gwt-dependencies-1.12.9.pom
[INFO]                                                                         
[INFO] ------------------------------------------------------------------------
[INFO] Building OpenNMS JFreeChart Dependencies 1.12.9
[INFO] ------------------------------------------------------------------------
[INFO] 
[INFO] >>> maven-source-plugin:2.2.1:jar (default) @ jfreechart-dependencies >>>
[INFO] 
[INFO] <<< maven-source-plugin:2.2.1:jar (default) @ jfreechart-dependencies <<<
[INFO] 
[INFO] --- maven-source-plugin:2.2.1:jar (default) @ jfreechart-dependencies ---
[INFO] 
[INFO] --- maven-install-plugin:2.3.1:install (default-install) @ jfreechart-dependencies ---
[INFO] Installing /data/ubuntu14/opennmszh/dependencies/jfreechart/pom.xml to /root/.m2/repository/org/opennms/dependencies/jfreechart-dependencies/1.12.9/jfreechart-dependencies-1.12.9.pom
[INFO]                                                                         
[INFO] ------------------------------------------------------------------------
[INFO] Building OpenNMS Jasper Report Dependencies 1.12.9
[INFO] ------------------------------------------------------------------------
[INFO] 
[INFO] >>> maven-source-plugin:2.2.1:jar (default) @ jasper-dependencies >>>
[INFO] 
[INFO] <<< maven-source-plugin:2.2.1:jar (default) @ jasper-dependencies <<<
[INFO] 
[INFO] --- maven-source-plugin:2.2.1:jar (default) @ jasper-dependencies ---
[INFO] 
[INFO] --- maven-install-plugin:2.3.1:install (default-install) @ jasper-dependencies ---
[INFO] Installing /data/ubuntu14/opennmszh/dependencies/jasper/pom.xml to /root/.m2/repository/org/opennms/dependencies/jasper-dependencies/1.12.9/jasper-dependencies-1.12.9.pom
[INFO]                                                                         
[INFO] ------------------------------------------------------------------------
[INFO] Building OpenNMS Jasypt Dependencies 1.12.9
[INFO] ------------------------------------------------------------------------
[INFO] 
[INFO] >>> maven-source-plugin:2.2.1:jar (default) @ jasypt-dependencies >>>
[INFO] 
[INFO] <<< maven-source-plugin:2.2.1:jar (default) @ jasypt-dependencies <<<
[INFO] 
[INFO] --- maven-source-plugin:2.2.1:jar (default) @ jasypt-dependencies ---
[INFO] 
[INFO] --- maven-install-plugin:2.3.1:install (default-install) @ jasypt-dependencies ---
[INFO] Installing /data/ubuntu14/opennmszh/dependencies/jasypt/pom.xml to /root/.m2/repository/org/opennms/dependencies/jasypt-dependencies/1.12.9/jasypt-dependencies-1.12.9.pom
[INFO]                                                                         
[INFO] ------------------------------------------------------------------------
[INFO] Building OpenNMS JavaMail Dependencies 1.12.9
[INFO] ------------------------------------------------------------------------
[INFO] 
[INFO] >>> maven-source-plugin:2.2.1:jar (default) @ javamail-dependencies >>>
[INFO] 
[INFO] <<< maven-source-plugin:2.2.1:jar (default) @ javamail-dependencies <<<
[INFO] 
[INFO] --- maven-source-plugin:2.2.1:jar (default) @ javamail-dependencies ---
[INFO] 
[INFO] --- maven-install-plugin:2.3.1:install (default-install) @ javamail-dependencies ---
[INFO] Installing /data/ubuntu14/opennmszh/dependencies/javamail/pom.xml to /root/.m2/repository/org/opennms/dependencies/javamail-dependencies/1.12.9/javamail-dependencies-1.12.9.pom
[INFO]                                                                         
[INFO] ------------------------------------------------------------------------
[INFO] Building OpenNMS JAXB Dependencies 1.12.9
[INFO] ------------------------------------------------------------------------
[INFO] 
[INFO] >>> maven-source-plugin:2.2.1:jar (default) @ jaxb-dependencies >>>
[INFO] 
[INFO] <<< maven-source-plugin:2.2.1:jar (default) @ jaxb-dependencies <<<
[INFO] 
[INFO] --- maven-source-plugin:2.2.1:jar (default) @ jaxb-dependencies ---
[INFO] 
[INFO] --- maven-install-plugin:2.3.1:install (default-install) @ jaxb-dependencies ---
[INFO] Installing /data/ubuntu14/opennmszh/dependencies/jaxb/pom.xml to /root/.m2/repository/org/opennms/dependencies/jaxb-dependencies/1.12.9/jaxb-dependencies-1.12.9.pom
[INFO]                                                                         
[INFO] ------------------------------------------------------------------------
[INFO] Building OpenNMS JCIFS Dependencies 1.12.9
[INFO] ------------------------------------------------------------------------
[INFO] 
[INFO] >>> maven-source-plugin:2.2.1:jar (default) @ jcifs-dependencies >>>
[INFO] 
[INFO] <<< maven-source-plugin:2.2.1:jar (default) @ jcifs-dependencies <<<
[INFO] 
[INFO] --- maven-source-plugin:2.2.1:jar (default) @ jcifs-dependencies ---
[INFO] 
[INFO] --- maven-install-plugin:2.3.1:install (default-install) @ jcifs-dependencies ---
[INFO] Installing /data/ubuntu14/opennmszh/dependencies/jcifs/pom.xml to /root/.m2/repository/org/opennms/dependencies/jcifs-dependencies/1.12.9/jcifs-dependencies-1.12.9.pom
[INFO]                                                                         
[INFO] ------------------------------------------------------------------------
[INFO] Building OpenNMS JDBC-Pool Dependencies 1.12.9
[INFO] ------------------------------------------------------------------------
[INFO] 
[INFO] >>> maven-source-plugin:2.2.1:jar (default) @ jdbc-pool-dependencies >>>
[INFO] 
[INFO] <<< maven-source-plugin:2.2.1:jar (default) @ jdbc-pool-dependencies <<<
[INFO] 
[INFO] --- maven-source-plugin:2.2.1:jar (default) @ jdbc-pool-dependencies ---
[INFO] 
[INFO] --- maven-install-plugin:2.3.1:install (default-install) @ jdbc-pool-dependencies ---
[INFO] Installing /data/ubuntu14/opennmszh/dependencies/jdbc-pool/pom.xml to /root/.m2/repository/org/opennms/dependencies/jdbc-pool-dependencies/1.12.9/jdbc-pool-dependencies-1.12.9.pom
[INFO]                                                                         
[INFO] ------------------------------------------------------------------------
[INFO] Building OpenNMS Jersey Dependencies 1.12.9
[INFO] ------------------------------------------------------------------------
[INFO] 
[INFO] >>> maven-source-plugin:2.2.1:jar (default) @ jersey-dependencies >>>
[INFO] 
[INFO] <<< maven-source-plugin:2.2.1:jar (default) @ jersey-dependencies <<<
[INFO] 
[INFO] --- maven-source-plugin:2.2.1:jar (default) @ jersey-dependencies ---
[INFO] 
[INFO] --- maven-install-plugin:2.3.1:install (default-install) @ jersey-dependencies ---
[INFO] Installing /data/ubuntu14/opennmszh/dependencies/jersey/pom.xml to /root/.m2/repository/org/opennms/dependencies/jersey-dependencies/1.12.9/jersey-dependencies-1.12.9.pom
[INFO]                                                                         
[INFO] ------------------------------------------------------------------------
[INFO] Building OpenNMS J-Interop Dependencies 1.12.9
[INFO] ------------------------------------------------------------------------
[INFO] 
[INFO] >>> maven-source-plugin:2.2.1:jar (default) @ jinterop-dependencies >>>
[INFO] 
[INFO] <<< maven-source-plugin:2.2.1:jar (default) @ jinterop-dependencies <<<
[INFO] 
[INFO] --- maven-source-plugin:2.2.1:jar (default) @ jinterop-dependencies ---
[INFO] 
[INFO] --- maven-install-plugin:2.3.1:install (default-install) @ jinterop-dependencies ---
[INFO] Installing /data/ubuntu14/opennmszh/dependencies/jinterop/pom.xml to /root/.m2/repository/org/opennms/dependencies/jinterop-dependencies/1.12.9/jinterop-dependencies-1.12.9.pom
[INFO]                                                                         
[INFO] ------------------------------------------------------------------------
[INFO] Building OpenNMS JNA Dependencies 1.12.9
[INFO] ------------------------------------------------------------------------
[INFO] 
[INFO] >>> maven-source-plugin:2.2.1:jar (default) @ jna-dependencies >>>
[INFO] 
[INFO] <<< maven-source-plugin:2.2.1:jar (default) @ jna-dependencies <<<
[INFO] 
[INFO] --- maven-source-plugin:2.2.1:jar (default) @ jna-dependencies ---
[INFO] 
[INFO] --- maven-install-plugin:2.3.1:install (default-install) @ jna-dependencies ---
[INFO] Installing /data/ubuntu14/opennmszh/dependencies/jna/pom.xml to /root/.m2/repository/org/opennms/dependencies/jna-dependencies/1.12.9/jna-dependencies-1.12.9.pom
[INFO]                                                                         
[INFO] ------------------------------------------------------------------------
[INFO] Building OpenNMS JNLP Dependencies 1.12.9
[INFO] ------------------------------------------------------------------------
[INFO] 
[INFO] >>> maven-source-plugin:2.2.1:jar (default) @ jnlp-dependencies >>>
[INFO] 
[INFO] <<< maven-source-plugin:2.2.1:jar (default) @ jnlp-dependencies <<<
[INFO] 
[INFO] --- maven-source-plugin:2.2.1:jar (default) @ jnlp-dependencies ---
[INFO] 
[INFO] --- maven-install-plugin:2.3.1:install (default-install) @ jnlp-dependencies ---
[INFO] Installing /data/ubuntu14/opennmszh/dependencies/jnlp/pom.xml to /root/.m2/repository/org/opennms/dependencies/jnlp-dependencies/1.12.9/jnlp-dependencies-1.12.9.pom
[INFO]                                                                         
[INFO] ------------------------------------------------------------------------
[INFO] Building OpenNMS RADIUS Dependencies 1.12.9
[INFO] ------------------------------------------------------------------------
[INFO] 
[INFO] >>> maven-source-plugin:2.2.1:jar (default) @ jradius-dependencies >>>
[INFO] 
[INFO] <<< maven-source-plugin:2.2.1:jar (default) @ jradius-dependencies <<<
[INFO] 
[INFO] --- maven-source-plugin:2.2.1:jar (default) @ jradius-dependencies ---
[INFO] 
[INFO] --- maven-install-plugin:2.3.1:install (default-install) @ jradius-dependencies ---
[INFO] Installing /data/ubuntu14/opennmszh/dependencies/jradius/pom.xml to /root/.m2/repository/org/opennms/dependencies/jradius-dependencies/1.12.9/jradius-dependencies-1.12.9.pom
[INFO]                                                                         
[INFO] ------------------------------------------------------------------------
[INFO] Building OpenNMS JRobin Dependencies 1.12.9
[INFO] ------------------------------------------------------------------------
[INFO] 
[INFO] >>> maven-source-plugin:2.2.1:jar (default) @ jrobin-dependencies >>>
[INFO] 
[INFO] <<< maven-source-plugin:2.2.1:jar (default) @ jrobin-dependencies <<<
[INFO] 
[INFO] --- maven-source-plugin:2.2.1:jar (default) @ jrobin-dependencies ---
[INFO] 
[INFO] --- maven-install-plugin:2.3.1:install (default-install) @ jrobin-dependencies ---
[INFO] Installing /data/ubuntu14/opennmszh/dependencies/jrobin/pom.xml to /root/.m2/repository/org/opennms/dependencies/jrobin-dependencies/1.12.9/jrobin-dependencies-1.12.9.pom
[INFO]                                                                         
[INFO] ------------------------------------------------------------------------
[INFO] Building OpenNMS JRRD Dependencies 1.12.9
[INFO] ------------------------------------------------------------------------
[INFO] 
[INFO] >>> maven-source-plugin:2.2.1:jar (default) @ jrrd-dependencies >>>
[INFO] 
[INFO] <<< maven-source-plugin:2.2.1:jar (default) @ jrrd-dependencies <<<
[INFO] 
[INFO] --- maven-source-plugin:2.2.1:jar (default) @ jrrd-dependencies ---
[INFO] 
[INFO] --- maven-install-plugin:2.3.1:install (default-install) @ jrrd-dependencies ---
[INFO] Installing /data/ubuntu14/opennmszh/dependencies/jrrd/pom.xml to /root/.m2/repository/org/opennms/dependencies/jrrd-dependencies/1.12.9/jrrd-dependencies-1.12.9.pom
[INFO]                                                                         
[INFO] ------------------------------------------------------------------------
[INFO] Building OpenNMS Apache Karaf Dependencies 1.12.9
[INFO] ------------------------------------------------------------------------
[INFO] 
[INFO] >>> maven-source-plugin:2.2.1:jar (default) @ karaf-dependencies >>>
[INFO] 
[INFO] <<< maven-source-plugin:2.2.1:jar (default) @ karaf-dependencies <<<
[INFO] 
[INFO] --- maven-source-plugin:2.2.1:jar (default) @ karaf-dependencies ---
[INFO] 
[INFO] --- maven-install-plugin:2.3.1:install (default-install) @ karaf-dependencies ---
[INFO] Installing /data/ubuntu14/opennmszh/dependencies/karaf/pom.xml to /root/.m2/repository/org/opennms/dependencies/karaf-dependencies/1.12.9/karaf-dependencies-1.12.9.pom
[INFO]                                                                         
[INFO] ------------------------------------------------------------------------
[INFO] Building OpenNMS LiquiBase Dependencies 1.12.9
[INFO] ------------------------------------------------------------------------
[INFO] 
[INFO] >>> maven-source-plugin:2.2.1:jar (default) @ liquibase-dependencies >>>
[INFO] 
[INFO] <<< maven-source-plugin:2.2.1:jar (default) @ liquibase-dependencies <<<
[INFO] 
[INFO] --- maven-source-plugin:2.2.1:jar (default) @ liquibase-dependencies ---
[INFO] 
[INFO] --- maven-install-plugin:2.3.1:install (default-install) @ liquibase-dependencies ---
[INFO] Installing /data/ubuntu14/opennmszh/dependencies/liquibase/pom.xml to /root/.m2/repository/org/opennms/dependencies/liquibase-dependencies/1.12.9/liquibase-dependencies-1.12.9.pom
[INFO]                                                                         
[INFO] ------------------------------------------------------------------------
[INFO] Building OpenNMS Mina Dependencies 1.12.9
[INFO] ------------------------------------------------------------------------
[INFO] 
[INFO] >>> maven-source-plugin:2.2.1:jar (default) @ mina-dependencies >>>
[INFO] 
[INFO] <<< maven-source-plugin:2.2.1:jar (default) @ mina-dependencies <<<
[INFO] 
[INFO] --- maven-source-plugin:2.2.1:jar (default) @ mina-dependencies ---
[INFO] 
[INFO] --- maven-install-plugin:2.3.1:install (default-install) @ mina-dependencies ---
[INFO] Installing /data/ubuntu14/opennmszh/dependencies/mina/pom.xml to /root/.m2/repository/org/opennms/dependencies/mina-dependencies/1.12.9/mina-dependencies-1.12.9.pom
[INFO]                                                                         
[INFO] ------------------------------------------------------------------------
[INFO] Building OpenNMS Netty Dependencies 1.12.9
[INFO] ------------------------------------------------------------------------
[INFO] 
[INFO] >>> maven-source-plugin:2.2.1:jar (default) @ netty-dependencies >>>
[INFO] 
[INFO] <<< maven-source-plugin:2.2.1:jar (default) @ netty-dependencies <<<
[INFO] 
[INFO] --- maven-source-plugin:2.2.1:jar (default) @ netty-dependencies ---
[INFO] 
[INFO] --- maven-install-plugin:2.3.1:install (default-install) @ netty-dependencies ---
[INFO] Installing /data/ubuntu14/opennmszh/dependencies/netty/pom.xml to /root/.m2/repository/org/opennms/dependencies/netty-dependencies/1.12.9/netty-dependencies-1.12.9.pom
[INFO]                                                                         
[INFO] ------------------------------------------------------------------------
[INFO] Building OpenNMS Apache Pax Exam Dependencies 1.12.9
[INFO] ------------------------------------------------------------------------
[INFO] 
[INFO] >>> maven-source-plugin:2.2.1:jar (default) @ pax-exam-dependencies >>>
[INFO] 
[INFO] <<< maven-source-plugin:2.2.1:jar (default) @ pax-exam-dependencies <<<
[INFO] 
[INFO] --- maven-source-plugin:2.2.1:jar (default) @ pax-exam-dependencies ---
[INFO] 
[INFO] --- maven-install-plugin:2.3.1:install (default-install) @ pax-exam-dependencies ---
[INFO] Installing /data/ubuntu14/opennmszh/dependencies/pax-exam/pom.xml to /root/.m2/repository/org/opennms/dependencies/pax-exam-dependencies/1.12.9/pax-exam-dependencies-1.12.9.pom
[INFO]                                                                         
[INFO] ------------------------------------------------------------------------
[INFO] Building OpenNMS Quartz Dependencies 1.12.9
[INFO] ------------------------------------------------------------------------
[INFO] 
[INFO] >>> maven-source-plugin:2.2.1:jar (default) @ quartz-dependencies >>>
[INFO] 
[INFO] <<< maven-source-plugin:2.2.1:jar (default) @ quartz-dependencies <<<
[INFO] 
[INFO] --- maven-source-plugin:2.2.1:jar (default) @ quartz-dependencies ---
[INFO] 
[INFO] --- maven-install-plugin:2.3.1:install (default-install) @ quartz-dependencies ---
[INFO] Installing /data/ubuntu14/opennmszh/dependencies/quartz/pom.xml to /root/.m2/repository/org/opennms/dependencies/quartz-dependencies/1.12.9/quartz-dependencies-1.12.9.pom
[INFO]                                                                         
[INFO] ------------------------------------------------------------------------
[INFO] Building OpenNMS RANCID Dependencies 1.12.9
[INFO] ------------------------------------------------------------------------
[INFO] 
[INFO] >>> maven-source-plugin:2.2.1:jar (default) @ rancid-dependencies >>>
[INFO] 
[INFO] <<< maven-source-plugin:2.2.1:jar (default) @ rancid-dependencies <<<
[INFO] 
[INFO] --- maven-source-plugin:2.2.1:jar (default) @ rancid-dependencies ---
[INFO] 
[INFO] --- maven-install-plugin:2.3.1:install (default-install) @ rancid-dependencies ---
[INFO] Installing /data/ubuntu14/opennmszh/dependencies/rancid/pom.xml to /root/.m2/repository/org/opennms/dependencies/rancid-dependencies/1.12.9/rancid-dependencies-1.12.9.pom
[INFO]                                                                         
[INFO] ------------------------------------------------------------------------
[INFO] Building OpenNMS RXTX Dependencies 1.12.9
[INFO] ------------------------------------------------------------------------
[INFO] 
[INFO] >>> maven-source-plugin:2.2.1:jar (default) @ rxtx-dependencies >>>
[INFO] 
[INFO] <<< maven-source-plugin:2.2.1:jar (default) @ rxtx-dependencies <<<
[INFO] 
[INFO] --- maven-source-plugin:2.2.1:jar (default) @ rxtx-dependencies ---
[INFO] 
[INFO] --- maven-install-plugin:2.3.1:install (default-install) @ rxtx-dependencies ---
[INFO] Installing /data/ubuntu14/opennmszh/dependencies/rxtx/pom.xml to /root/.m2/repository/org/opennms/dependencies/rxtx-dependencies/1.12.9/rxtx-dependencies-1.12.9.pom
[INFO]                                                                         
[INFO] ------------------------------------------------------------------------
[INFO] Building OpenNMS Servlet Dependencies 1.12.9
[INFO] ------------------------------------------------------------------------
[INFO] 
[INFO] >>> maven-source-plugin:2.2.1:jar (default) @ servlet-dependencies >>>
[INFO] 
[INFO] <<< maven-source-plugin:2.2.1:jar (default) @ servlet-dependencies <<<
[INFO] 
[INFO] --- maven-source-plugin:2.2.1:jar (default) @ servlet-dependencies ---
[INFO] 
[INFO] --- maven-install-plugin:2.3.1:install (default-install) @ servlet-dependencies ---
[INFO] Installing /data/ubuntu14/opennmszh/dependencies/servlet/pom.xml to /root/.m2/repository/org/opennms/dependencies/servlet-dependencies/1.12.9/servlet-dependencies-1.12.9.pom
[INFO]                                                                         
[INFO] ------------------------------------------------------------------------
[INFO] Building OpenNMS SNMP4J Dependencies 1.12.9
[INFO] ------------------------------------------------------------------------
[INFO] 
[INFO] >>> maven-source-plugin:2.2.1:jar (default) @ snmp4j-dependencies >>>
[INFO] 
[INFO] <<< maven-source-plugin:2.2.1:jar (default) @ snmp4j-dependencies <<<
[INFO] 
[INFO] --- maven-source-plugin:2.2.1:jar (default) @ snmp4j-dependencies ---
[INFO] 
[INFO] --- maven-install-plugin:2.3.1:install (default-install) @ snmp4j-dependencies ---
[INFO] Installing /data/ubuntu14/opennmszh/dependencies/snmp4j/pom.xml to /root/.m2/repository/org/opennms/dependencies/snmp4j-dependencies/1.12.9/snmp4j-dependencies-1.12.9.pom
[INFO]                                                                         
[INFO] ------------------------------------------------------------------------
[INFO] Building OpenNMS SNMP4J Agent Dependencies 1.12.9
[INFO] ------------------------------------------------------------------------
[INFO] 
[INFO] >>> maven-source-plugin:2.2.1:jar (default) @ snmp4j-agent-dependencies >>>
[INFO] 
[INFO] <<< maven-source-plugin:2.2.1:jar (default) @ snmp4j-agent-dependencies <<<
[INFO] 
[INFO] --- maven-source-plugin:2.2.1:jar (default) @ snmp4j-agent-dependencies ---
[INFO] 
[INFO] --- maven-install-plugin:2.3.1:install (default-install) @ snmp4j-agent-dependencies ---
[INFO] Installing /data/ubuntu14/opennmszh/dependencies/snmp4j-agent/pom.xml to /root/.m2/repository/org/opennms/dependencies/snmp4j-agent-dependencies/1.12.9/snmp4j-agent-dependencies-1.12.9.pom
[INFO]                                                                         
[INFO] ------------------------------------------------------------------------
[INFO] Building OpenNMS Core 1.12.9
[INFO] ------------------------------------------------------------------------
[INFO] 
[INFO] >>> maven-source-plugin:2.2.1:jar (default) @ org.opennms.core >>>
[INFO] 
[INFO] <<< maven-source-plugin:2.2.1:jar (default) @ org.opennms.core <<<
[INFO] 
[INFO] --- maven-source-plugin:2.2.1:jar (default) @ org.opennms.core ---
[INFO] 
[INFO] --- maven-install-plugin:2.3.1:install (default-install) @ org.opennms.core ---
[INFO] Installing /data/ubuntu14/opennmszh/core/pom.xml to /root/.m2/repository/org/opennms/org.opennms.core/1.12.9/org.opennms.core-1.12.9.pom
[INFO]                                                                         
[INFO] ------------------------------------------------------------------------
[INFO] Building OpenNMS Core Library 1.12.9
[INFO] ------------------------------------------------------------------------
[INFO] 
[INFO] --- maven-resources-plugin:2.5:resources (default-resources) @ org.opennms.core.lib ---
[debug] execute contextualize
[INFO] Using 'UTF-8' encoding to copy filtered resources.
[INFO] skip non existing resourceDirectory /data/ubuntu14/opennmszh/core/lib/src/main/resources
[INFO] 
[INFO] --- maven-compiler-plugin:3.1:compile (default-compile) @ org.opennms.core.lib ---
[INFO] Nothing to compile - all classes are up to date
[INFO] 
[INFO] --- maven-resources-plugin:2.5:testResources (default-testResources) @ org.opennms.core.lib ---
[debug] execute contextualize
[INFO] Using 'UTF-8' encoding to copy filtered resources.
[INFO] skip non existing resourceDirectory /data/ubuntu14/opennmszh/core/lib/src/test/resources
[INFO] 
[INFO] --- maven-compiler-plugin:3.1:testCompile (default-testCompile) @ org.opennms.core.lib ---
[INFO] Nothing to compile - all classes are up to date
[INFO] 
[INFO] --- maven-surefire-plugin:2.9:test (default-test) @ org.opennms.core.lib ---
[INFO] Tests are skipped.
[INFO] 
[INFO] --- maven-bundle-plugin:2.3.7:bundle (default-bundle) @ org.opennms.core.lib ---
[INFO] 
[INFO] >>> maven-source-plugin:2.2.1:jar (default) @ org.opennms.core.lib >>>
[INFO] 
[INFO] <<< maven-source-plugin:2.2.1:jar (default) @ org.opennms.core.lib <<<
[INFO] 
[INFO] --- maven-source-plugin:2.2.1:jar (default) @ org.opennms.core.lib ---
[INFO] 
[INFO] --- maven-install-plugin:2.5.2:install (default-install) @ org.opennms.core.lib ---
[INFO] Installing /data/ubuntu14/opennmszh/core/lib/target/org.opennms.core.lib-1.12.9.jar to /root/.m2/repository/org/opennms/core/org.opennms.core.lib/1.12.9/org.opennms.core.lib-1.12.9.jar
[INFO] Installing /data/ubuntu14/opennmszh/core/lib/pom.xml to /root/.m2/repository/org/opennms/core/org.opennms.core.lib/1.12.9/org.opennms.core.lib-1.12.9.pom
[INFO] Installing /data/ubuntu14/opennmszh/core/lib/target/org.opennms.core.lib-1.12.9-sources.jar to /root/.m2/repository/org/opennms/core/org.opennms.core.lib/1.12.9/org.opennms.core.lib-1.12.9-sources.jar
[INFO] 
[INFO] --- maven-bundle-plugin:2.3.7:install (default-install) @ org.opennms.core.lib ---
[INFO] Local OBR update disabled (enable with -DobrRepository)
[INFO]                                                                         
[INFO] ------------------------------------------------------------------------
[INFO] Building OpenNMS Utilities 1.12.9
[INFO] ------------------------------------------------------------------------
[INFO] 
[INFO] --- maven-resources-plugin:2.5:resources (default-resources) @ opennms-util ---
[debug] execute contextualize
[INFO] Using 'UTF-8' encoding to copy filtered resources.
[INFO] skip non existing resourceDirectory /data/ubuntu14/opennmszh/opennms-util/src/main/resources
[INFO] 
[INFO] --- maven-compiler-plugin:3.1:compile (default-compile) @ opennms-util ---
[INFO] Nothing to compile - all classes are up to date
[INFO] 
[INFO] --- maven-resources-plugin:2.5:testResources (default-testResources) @ opennms-util ---
[debug] execute contextualize
[INFO] Using 'UTF-8' encoding to copy filtered resources.
[INFO] skip non existing resourceDirectory /data/ubuntu14/opennmszh/opennms-util/src/test/resources
[INFO] 
[INFO] --- maven-compiler-plugin:3.1:testCompile (default-testCompile) @ opennms-util ---
[INFO] Nothing to compile - all classes are up to date
[INFO] 
[INFO] --- maven-surefire-plugin:2.9:test (default-test) @ opennms-util ---
[INFO] Tests are skipped.
[INFO] 
[INFO] --- maven-jar-plugin:2.3.1:jar (default-jar) @ opennms-util ---
[INFO] 
[INFO] >>> maven-source-plugin:2.2.1:jar (default) @ opennms-util >>>
[INFO] 
[INFO] <<< maven-source-plugin:2.2.1:jar (default) @ opennms-util <<<
[INFO] 
[INFO] --- maven-source-plugin:2.2.1:jar (default) @ opennms-util ---
[INFO] 
[INFO] --- maven-install-plugin:2.3.1:install (default-install) @ opennms-util ---
[INFO] Installing /data/ubuntu14/opennmszh/opennms-util/target/opennms-util-1.12.9.jar to /root/.m2/repository/org/opennms/opennms-util/1.12.9/opennms-util-1.12.9.jar
[INFO] Installing /data/ubuntu14/opennmszh/opennms-util/pom.xml to /root/.m2/repository/org/opennms/opennms-util/1.12.9/opennms-util-1.12.9.pom
[INFO] Installing /data/ubuntu14/opennmszh/opennms-util/target/opennms-util-1.12.9-sources.jar to /root/.m2/repository/org/opennms/opennms-util/1.12.9/opennms-util-1.12.9-sources.jar
[INFO]                                                                         
[INFO] ------------------------------------------------------------------------
[INFO] Building OpenNMS SNMP 1.12.9
[INFO] ------------------------------------------------------------------------
[INFO] 
[INFO] >>> maven-source-plugin:2.2.1:jar (default) @ org.opennms.core.snmp >>>
[INFO] 
[INFO] <<< maven-source-plugin:2.2.1:jar (default) @ org.opennms.core.snmp <<<
[INFO] 
[INFO] --- maven-source-plugin:2.2.1:jar (default) @ org.opennms.core.snmp ---
[INFO] 
[INFO] --- maven-install-plugin:2.3.1:install (default-install) @ org.opennms.core.snmp ---
[INFO] Installing /data/ubuntu14/opennmszh/core/snmp/pom.xml to /root/.m2/repository/org/opennms/core/org.opennms.core.snmp/1.12.9/org.opennms.core.snmp-1.12.9.pom
[INFO]                                                                         
[INFO] ------------------------------------------------------------------------
[INFO] Building OpenNMS SNMP API 1.12.9
[INFO] ------------------------------------------------------------------------
[INFO] 
[INFO] --- maven-resources-plugin:2.5:resources (default-resources) @ org.opennms.core.snmp.api ---
[debug] execute contextualize
[INFO] Using 'UTF-8' encoding to copy filtered resources.
[INFO] Copying 1 resource
[INFO] 
[INFO] --- maven-compiler-plugin:3.1:compile (default-compile) @ org.opennms.core.snmp.api ---
[INFO] Nothing to compile - all classes are up to date
[INFO] 
[INFO] --- maven-resources-plugin:2.5:testResources (default-testResources) @ org.opennms.core.snmp.api ---
[debug] execute contextualize
[INFO] Using 'UTF-8' encoding to copy filtered resources.
[INFO] skip non existing resourceDirectory /data/ubuntu14/opennmszh/core/snmp/api/src/test/resources
[INFO] 
[INFO] --- maven-compiler-plugin:3.1:testCompile (default-testCompile) @ org.opennms.core.snmp.api ---
[INFO] Nothing to compile - all classes are up to date
[INFO] 
[INFO] --- maven-surefire-plugin:2.9:test (default-test) @ org.opennms.core.snmp.api ---
[INFO] Tests are skipped.
[INFO] 
[INFO] --- maven-bundle-plugin:2.3.7:bundle (default-bundle) @ org.opennms.core.snmp.api ---
[INFO] 
[INFO] >>> maven-source-plugin:2.2.1:jar (default) @ org.opennms.core.snmp.api >>>
[INFO] 
[INFO] <<< maven-source-plugin:2.2.1:jar (default) @ org.opennms.core.snmp.api <<<
[INFO] 
[INFO] --- maven-source-plugin:2.2.1:jar (default) @ org.opennms.core.snmp.api ---
[INFO] 
[INFO] --- maven-install-plugin:2.5.2:install (default-install) @ org.opennms.core.snmp.api ---
[INFO] Installing /data/ubuntu14/opennmszh/core/snmp/api/target/org.opennms.core.snmp.api-1.12.9.jar to /root/.m2/repository/org/opennms/core/snmp/org.opennms.core.snmp.api/1.12.9/org.opennms.core.snmp.api-1.12.9.jar
[INFO] Installing /data/ubuntu14/opennmszh/core/snmp/api/pom.xml to /root/.m2/repository/org/opennms/core/snmp/org.opennms.core.snmp.api/1.12.9/org.opennms.core.snmp.api-1.12.9.pom
[INFO] Installing /data/ubuntu14/opennmszh/core/snmp/api/target/org.opennms.core.snmp.api-1.12.9-sources.jar to /root/.m2/repository/org/opennms/core/snmp/org.opennms.core.snmp.api/1.12.9/org.opennms.core.snmp.api-1.12.9-sources.jar
[INFO] 
[INFO] --- maven-bundle-plugin:2.3.7:install (default-install) @ org.opennms.core.snmp.api ---
[INFO] Local OBR update disabled (enable with -DobrRepository)
[INFO]                                                                         
[INFO] ------------------------------------------------------------------------
[INFO] Building OpenNMS JoeSNMP library 1.12.9
[INFO] ------------------------------------------------------------------------
[INFO] 
[INFO] --- maven-resources-plugin:2.5:resources (default-resources) @ org.opennms.core.snmp.joesnmp ---
[debug] execute contextualize
[INFO] Using 'UTF-8' encoding to copy filtered resources.
[INFO] skip non existing resourceDirectory /data/ubuntu14/opennmszh/core/snmp/joesnmp/src/main/resources
[INFO] 
[INFO] --- maven-compiler-plugin:3.1:compile (default-compile) @ org.opennms.core.snmp.joesnmp ---
[INFO] Nothing to compile - all classes are up to date
[INFO] 
[INFO] --- maven-resources-plugin:2.5:testResources (default-testResources) @ org.opennms.core.snmp.joesnmp ---
[debug] execute contextualize
[INFO] Using 'UTF-8' encoding to copy filtered resources.
[INFO] skip non existing resourceDirectory /data/ubuntu14/opennmszh/core/snmp/joesnmp/src/test/resources
[INFO] 
[INFO] --- maven-compiler-plugin:3.1:testCompile (default-testCompile) @ org.opennms.core.snmp.joesnmp ---
[INFO] No sources to compile
[INFO] 
[INFO] --- maven-surefire-plugin:2.9:test (default-test) @ org.opennms.core.snmp.joesnmp ---
[INFO] Tests are skipped.
[INFO] 
[INFO] --- maven-bundle-plugin:2.3.7:bundle (default-bundle) @ org.opennms.core.snmp.joesnmp ---
[INFO] 
[INFO] >>> maven-source-plugin:2.2.1:jar (default) @ org.opennms.core.snmp.joesnmp >>>
[INFO] 
[INFO] <<< maven-source-plugin:2.2.1:jar (default) @ org.opennms.core.snmp.joesnmp <<<
[INFO] 
[INFO] --- maven-source-plugin:2.2.1:jar (default) @ org.opennms.core.snmp.joesnmp ---
[INFO] 
[INFO] --- maven-install-plugin:2.5.2:install (default-install) @ org.opennms.core.snmp.joesnmp ---
[INFO] Installing /data/ubuntu14/opennmszh/core/snmp/joesnmp/target/org.opennms.core.snmp.joesnmp-1.12.9.jar to /root/.m2/repository/org/opennms/core/snmp/org.opennms.core.snmp.joesnmp/1.12.9/org.opennms.core.snmp.joesnmp-1.12.9.jar
[INFO] Installing /data/ubuntu14/opennmszh/core/snmp/joesnmp/pom.xml to /root/.m2/repository/org/opennms/core/snmp/org.opennms.core.snmp.joesnmp/1.12.9/org.opennms.core.snmp.joesnmp-1.12.9.pom
[INFO] Installing /data/ubuntu14/opennmszh/core/snmp/joesnmp/target/org.opennms.core.snmp.joesnmp-1.12.9-sources.jar to /root/.m2/repository/org/opennms/core/snmp/org.opennms.core.snmp.joesnmp/1.12.9/org.opennms.core.snmp.joesnmp-1.12.9-sources.jar
[INFO] 
[INFO] --- maven-bundle-plugin:2.3.7:install (default-install) @ org.opennms.core.snmp.joesnmp ---
[INFO] Local OBR update disabled (enable with -DobrRepository)
[INFO]                                                                         
[INFO] ------------------------------------------------------------------------
[INFO] Building OpenNMS JoeSNMP SNMP Implementation 1.12.9
[INFO] ------------------------------------------------------------------------
[INFO] 
[INFO] --- maven-resources-plugin:2.5:resources (default-resources) @ org.opennms.core.snmp.implementations.joesnmp ---
[debug] execute contextualize
[INFO] Using 'UTF-8' encoding to copy filtered resources.
[INFO] skip non existing resourceDirectory /data/ubuntu14/opennmszh/core/snmp/impl-joesnmp/src/main/resources
[INFO] 
[INFO] --- maven-compiler-plugin:3.1:compile (default-compile) @ org.opennms.core.snmp.implementations.joesnmp ---
[INFO] Nothing to compile - all classes are up to date
[INFO] 
[INFO] --- maven-resources-plugin:2.5:testResources (default-testResources) @ org.opennms.core.snmp.implementations.joesnmp ---
[debug] execute contextualize
[INFO] Using 'UTF-8' encoding to copy filtered resources.
[INFO] skip non existing resourceDirectory /data/ubuntu14/opennmszh/core/snmp/impl-joesnmp/src/test/resources
[INFO] 
[INFO] --- maven-compiler-plugin:3.1:testCompile (default-testCompile) @ org.opennms.core.snmp.implementations.joesnmp ---
[INFO] No sources to compile
[INFO] 
[INFO] --- maven-surefire-plugin:2.9:test (default-test) @ org.opennms.core.snmp.implementations.joesnmp ---
[INFO] Tests are skipped.
[INFO] 
[INFO] --- maven-bundle-plugin:2.3.7:bundle (default-bundle) @ org.opennms.core.snmp.implementations.joesnmp ---
[INFO] 
[INFO] >>> maven-source-plugin:2.2.1:jar (default) @ org.opennms.core.snmp.implementations.joesnmp >>>
[INFO] 
[INFO] <<< maven-source-plugin:2.2.1:jar (default) @ org.opennms.core.snmp.implementations.joesnmp <<<
[INFO] 
[INFO] --- maven-source-plugin:2.2.1:jar (default) @ org.opennms.core.snmp.implementations.joesnmp ---
[INFO] 
[INFO] --- maven-install-plugin:2.5.2:install (default-install) @ org.opennms.core.snmp.implementations.joesnmp ---
[INFO] Installing /data/ubuntu14/opennmszh/core/snmp/impl-joesnmp/target/org.opennms.core.snmp.implementations.joesnmp-1.12.9.jar to /root/.m2/repository/org/opennms/core/snmp/org.opennms.core.snmp.implementations.joesnmp/1.12.9/org.opennms.core.snmp.implementations.joesnmp-1.12.9.jar
[INFO] Installing /data/ubuntu14/opennmszh/core/snmp/impl-joesnmp/pom.xml to /root/.m2/repository/org/opennms/core/snmp/org.opennms.core.snmp.implementations.joesnmp/1.12.9/org.opennms.core.snmp.implementations.joesnmp-1.12.9.pom
[INFO] Installing /data/ubuntu14/opennmszh/core/snmp/impl-joesnmp/target/org.opennms.core.snmp.implementations.joesnmp-1.12.9-sources.jar to /root/.m2/repository/org/opennms/core/snmp/org.opennms.core.snmp.implementations.joesnmp/1.12.9/org.opennms.core.snmp.implementations.joesnmp-1.12.9-sources.jar
[INFO] 
[INFO] --- maven-bundle-plugin:2.3.7:install (default-install) @ org.opennms.core.snmp.implementations.joesnmp ---
[INFO] Local OBR update disabled (enable with -DobrRepository)
[INFO]                                                                         
[INFO] ------------------------------------------------------------------------
[INFO] Building OpenNMS SNMP4J SNMP Implementation 1.12.9
[INFO] ------------------------------------------------------------------------
[INFO] 
[INFO] --- maven-resources-plugin:2.5:resources (default-resources) @ org.opennms.core.snmp.implementations.snmp4j ---
[debug] execute contextualize
[INFO] Using 'UTF-8' encoding to copy filtered resources.
[INFO] Copying 1 resource
[INFO] 
[INFO] --- maven-compiler-plugin:3.1:compile (default-compile) @ org.opennms.core.snmp.implementations.snmp4j ---
[INFO] Nothing to compile - all classes are up to date
[INFO] 
[INFO] --- maven-resources-plugin:2.5:testResources (default-testResources) @ org.opennms.core.snmp.implementations.snmp4j ---
[debug] execute contextualize
[INFO] Using 'UTF-8' encoding to copy filtered resources.
[INFO] skip non existing resourceDirectory /data/ubuntu14/opennmszh/core/snmp/impl-snmp4j/src/test/resources
[INFO] 
[INFO] --- maven-compiler-plugin:3.1:testCompile (default-testCompile) @ org.opennms.core.snmp.implementations.snmp4j ---
[INFO] No sources to compile
[INFO] 
[INFO] --- maven-surefire-plugin:2.9:test (default-test) @ org.opennms.core.snmp.implementations.snmp4j ---
[INFO] Tests are skipped.
[INFO] 
[INFO] --- maven-bundle-plugin:2.3.7:bundle (default-bundle) @ org.opennms.core.snmp.implementations.snmp4j ---
[INFO] 
[INFO] >>> maven-source-plugin:2.2.1:jar (default) @ org.opennms.core.snmp.implementations.snmp4j >>>
[INFO] 
[INFO] <<< maven-source-plugin:2.2.1:jar (default) @ org.opennms.core.snmp.implementations.snmp4j <<<
[INFO] 
[INFO] --- maven-source-plugin:2.2.1:jar (default) @ org.opennms.core.snmp.implementations.snmp4j ---
[INFO] 
[INFO] --- maven-install-plugin:2.5.2:install (default-install) @ org.opennms.core.snmp.implementations.snmp4j ---
[INFO] Installing /data/ubuntu14/opennmszh/core/snmp/impl-snmp4j/target/org.opennms.core.snmp.implementations.snmp4j-1.12.9.jar to /root/.m2/repository/org/opennms/core/snmp/org.opennms.core.snmp.implementations.snmp4j/1.12.9/org.opennms.core.snmp.implementations.snmp4j-1.12.9.jar
[INFO] Installing /data/ubuntu14/opennmszh/core/snmp/impl-snmp4j/pom.xml to /root/.m2/repository/org/opennms/core/snmp/org.opennms.core.snmp.implementations.snmp4j/1.12.9/org.opennms.core.snmp.implementations.snmp4j-1.12.9.pom
[INFO] Installing /data/ubuntu14/opennmszh/core/snmp/impl-snmp4j/target/org.opennms.core.snmp.implementations.snmp4j-1.12.9-sources.jar to /root/.m2/repository/org/opennms/core/snmp/org.opennms.core.snmp.implementations.snmp4j/1.12.9/org.opennms.core.snmp.implementations.snmp4j-1.12.9-sources.jar
[INFO] 
[INFO] --- maven-bundle-plugin:2.3.7:install (default-install) @ org.opennms.core.snmp.implementations.snmp4j ---
[INFO] Local OBR update disabled (enable with -DobrRepository)
[INFO]                                                                         
[INFO] ------------------------------------------------------------------------
[INFO] Building OpenNMS SNMP Dependencies 1.12.9
[INFO] ------------------------------------------------------------------------
[INFO] 
[INFO] >>> maven-source-plugin:2.2.1:jar (default) @ snmp-dependencies >>>
[INFO] 
[INFO] <<< maven-source-plugin:2.2.1:jar (default) @ snmp-dependencies <<<
[INFO] 
[INFO] --- maven-source-plugin:2.2.1:jar (default) @ snmp-dependencies ---
[INFO] 
[INFO] --- maven-install-plugin:2.3.1:install (default-install) @ snmp-dependencies ---
[INFO] Installing /data/ubuntu14/opennmszh/dependencies/snmp/pom.xml to /root/.m2/repository/org/opennms/dependencies/snmp-dependencies/1.12.9/snmp-dependencies-1.12.9.pom
[INFO]                                                                         
[INFO] ------------------------------------------------------------------------
[INFO] Building OpenNMS Test Code 1.12.9
[INFO] ------------------------------------------------------------------------
[INFO] 
[INFO] >>> maven-source-plugin:2.2.1:jar (default) @ org.opennms.tests >>>
[INFO] 
[INFO] <<< maven-source-plugin:2.2.1:jar (default) @ org.opennms.tests <<<
[INFO] 
[INFO] --- maven-source-plugin:2.2.1:jar (default) @ org.opennms.tests ---
[INFO] 
[INFO] --- maven-install-plugin:2.3.1:install (default-install) @ org.opennms.tests ---
[INFO] Installing /data/ubuntu14/opennmszh/tests/pom.xml to /root/.m2/repository/org/opennms/org.opennms.tests/1.12.9/org.opennms.tests-1.12.9.pom
[INFO]                                                                         
[INFO] ------------------------------------------------------------------------
[INFO] Building OpenNMS Mock SNMP Agent 1.12.9
[INFO] ------------------------------------------------------------------------
[INFO] 
[INFO] --- maven-resources-plugin:2.5:resources (default-resources) @ org.opennms.tests.mock-snmp-agent ---
[debug] execute contextualize
[INFO] Using 'UTF-8' encoding to copy filtered resources.
[INFO] skip non existing resourceDirectory /data/ubuntu14/opennmszh/tests/mock-snmp-agent/src/main/resources
[INFO] 
[INFO] --- maven-compiler-plugin:3.1:compile (default-compile) @ org.opennms.tests.mock-snmp-agent ---
[INFO] Nothing to compile - all classes are up to date
[INFO] 
[INFO] --- maven-resources-plugin:2.5:testResources (default-testResources) @ org.opennms.tests.mock-snmp-agent ---
[debug] execute contextualize
[INFO] Using 'UTF-8' encoding to copy filtered resources.
[INFO] Copying 5 resources
[INFO] 
[INFO] --- maven-compiler-plugin:3.1:testCompile (default-testCompile) @ org.opennms.tests.mock-snmp-agent ---
[INFO] Nothing to compile - all classes are up to date
[INFO] 
[INFO] --- maven-surefire-plugin:2.9:test (default-test) @ org.opennms.tests.mock-snmp-agent ---
[INFO] Tests are skipped.
[INFO] 
[INFO] --- maven-bundle-plugin:2.3.7:bundle (default-bundle) @ org.opennms.tests.mock-snmp-agent ---
[INFO] 
[INFO] >>> maven-source-plugin:2.2.1:jar (default) @ org.opennms.tests.mock-snmp-agent >>>
[INFO] 
[INFO] <<< maven-source-plugin:2.2.1:jar (default) @ org.opennms.tests.mock-snmp-agent <<<
[INFO] 
[INFO] --- maven-source-plugin:2.2.1:jar (default) @ org.opennms.tests.mock-snmp-agent ---
[INFO] 
[INFO] --- maven-assembly-plugin:2.4:single (make-assembly) @ org.opennms.tests.mock-snmp-agent ---
[INFO] Building jar: /data/ubuntu14/opennmszh/tests/mock-snmp-agent/target/org.opennms.tests.mock-snmp-agent-1.12.9-jar-with-dependencies.jar
[INFO] 
[INFO] --- maven-install-plugin:2.5.2:install (default-install) @ org.opennms.tests.mock-snmp-agent ---
[INFO] Installing /data/ubuntu14/opennmszh/tests/mock-snmp-agent/target/org.opennms.tests.mock-snmp-agent-1.12.9.jar to /root/.m2/repository/org/opennms/tests/org.opennms.tests.mock-snmp-agent/1.12.9/org.opennms.tests.mock-snmp-agent-1.12.9.jar
[INFO] Installing /data/ubuntu14/opennmszh/tests/mock-snmp-agent/pom.xml to /root/.m2/repository/org/opennms/tests/org.opennms.tests.mock-snmp-agent/1.12.9/org.opennms.tests.mock-snmp-agent-1.12.9.pom
[INFO] Installing /data/ubuntu14/opennmszh/tests/mock-snmp-agent/target/org.opennms.tests.mock-snmp-agent-1.12.9-sources.jar to /root/.m2/repository/org/opennms/tests/org.opennms.tests.mock-snmp-agent/1.12.9/org.opennms.tests.mock-snmp-agent-1.12.9-sources.jar
[INFO] Installing /data/ubuntu14/opennmszh/tests/mock-snmp-agent/target/org.opennms.tests.mock-snmp-agent-1.12.9-jar-with-dependencies.jar to /root/.m2/repository/org/opennms/tests/org.opennms.tests.mock-snmp-agent/1.12.9/org.opennms.tests.mock-snmp-agent-1.12.9-jar-with-dependencies.jar
[INFO] 
[INFO] --- maven-bundle-plugin:2.3.7:install (default-install) @ org.opennms.tests.mock-snmp-agent ---
[INFO] Local OBR update disabled (enable with -DobrRepository)
[INFO]                                                                         
[INFO] ------------------------------------------------------------------------
[INFO] Building OpenNMS Mock SNMP Implementation 1.12.9
[INFO] ------------------------------------------------------------------------
[INFO] 
[INFO] --- maven-resources-plugin:2.5:resources (default-resources) @ org.opennms.core.snmp.implementations.mock ---
[debug] execute contextualize
[INFO] Using 'UTF-8' encoding to copy filtered resources.
[INFO] skip non existing resourceDirectory /data/ubuntu14/opennmszh/core/snmp/impl-mock/src/main/resources
[INFO] 
[INFO] --- maven-compiler-plugin:3.1:compile (default-compile) @ org.opennms.core.snmp.implementations.mock ---
[INFO] Nothing to compile - all classes are up to date
[INFO] 
[INFO] --- maven-resources-plugin:2.5:testResources (default-testResources) @ org.opennms.core.snmp.implementations.mock ---
[debug] execute contextualize
[INFO] Using 'UTF-8' encoding to copy filtered resources.
[INFO] skip non existing resourceDirectory /data/ubuntu14/opennmszh/core/snmp/impl-mock/src/test/resources
[INFO] 
[INFO] --- maven-compiler-plugin:3.1:testCompile (default-testCompile) @ org.opennms.core.snmp.implementations.mock ---
[INFO] No sources to compile
[INFO] 
[INFO] --- maven-surefire-plugin:2.9:test (default-test) @ org.opennms.core.snmp.implementations.mock ---
[INFO] Tests are skipped.
[INFO] 
[INFO] --- maven-bundle-plugin:2.3.7:bundle (default-bundle) @ org.opennms.core.snmp.implementations.mock ---
[INFO] 
[INFO] >>> maven-source-plugin:2.2.1:jar (default) @ org.opennms.core.snmp.implementations.mock >>>
[INFO] 
[INFO] <<< maven-source-plugin:2.2.1:jar (default) @ org.opennms.core.snmp.implementations.mock <<<
[INFO] 
[INFO] --- maven-source-plugin:2.2.1:jar (default) @ org.opennms.core.snmp.implementations.mock ---
[INFO] 
[INFO] --- maven-install-plugin:2.5.2:install (default-install) @ org.opennms.core.snmp.implementations.mock ---
[INFO] Installing /data/ubuntu14/opennmszh/core/snmp/impl-mock/target/org.opennms.core.snmp.implementations.mock-1.12.9.jar to /root/.m2/repository/org/opennms/core/snmp/org.opennms.core.snmp.implementations.mock/1.12.9/org.opennms.core.snmp.implementations.mock-1.12.9.jar
[INFO] Installing /data/ubuntu14/opennmszh/core/snmp/impl-mock/pom.xml to /root/.m2/repository/org/opennms/core/snmp/org.opennms.core.snmp.implementations.mock/1.12.9/org.opennms.core.snmp.implementations.mock-1.12.9.pom
[INFO] Installing /data/ubuntu14/opennmszh/core/snmp/impl-mock/target/org.opennms.core.snmp.implementations.mock-1.12.9-sources.jar to /root/.m2/repository/org/opennms/core/snmp/org.opennms.core.snmp.implementations.mock/1.12.9/org.opennms.core.snmp.implementations.mock-1.12.9-sources.jar
[INFO] 
[INFO] --- maven-bundle-plugin:2.3.7:install (default-install) @ org.opennms.core.snmp.implementations.mock ---
[INFO] Local OBR update disabled (enable with -DobrRepository)
[INFO]                                                                         
[INFO] ------------------------------------------------------------------------
[INFO] Building OpenNMS SNMP Test Dependencies 1.12.9
[INFO] ------------------------------------------------------------------------
[INFO] 
[INFO] >>> maven-source-plugin:2.2.1:jar (default) @ snmp-test-dependencies >>>
[INFO] 
[INFO] <<< maven-source-plugin:2.2.1:jar (default) @ snmp-test-dependencies <<<
[INFO] 
[INFO] --- maven-source-plugin:2.2.1:jar (default) @ snmp-test-dependencies ---
[INFO] 
[INFO] --- maven-install-plugin:2.3.1:install (default-install) @ snmp-test-dependencies ---
[INFO] Installing /data/ubuntu14/opennmszh/dependencies/snmp-test/pom.xml to /root/.m2/repository/org/opennms/dependencies/snmp-test-dependencies/1.12.9/snmp-test-dependencies-1.12.9.pom
[INFO]                                                                         
[INFO] ------------------------------------------------------------------------
[INFO] Building OpenNMS Spring Security Dependencies 1.12.9
[INFO] ------------------------------------------------------------------------
[INFO] 
[INFO] >>> maven-source-plugin:2.2.1:jar (default) @ spring-security-dependencies >>>
[INFO] 
[INFO] <<< maven-source-plugin:2.2.1:jar (default) @ spring-security-dependencies <<<
[INFO] 
[INFO] --- maven-source-plugin:2.2.1:jar (default) @ spring-security-dependencies ---
[INFO] 
[INFO] --- maven-install-plugin:2.3.1:install (default-install) @ spring-security-dependencies ---
[INFO] Installing /data/ubuntu14/opennmszh/dependencies/spring-security/pom.xml to /root/.m2/repository/org/opennms/dependencies/spring-security-dependencies/1.12.9/spring-security-dependencies-1.12.9.pom
[INFO]                                                                         
[INFO] ------------------------------------------------------------------------
[INFO] Building OpenNMS Spring Test Dependencies 1.12.9
[INFO] ------------------------------------------------------------------------
[INFO] 
[INFO] >>> maven-source-plugin:2.2.1:jar (default) @ spring-test-dependencies >>>
[INFO] 
[INFO] <<< maven-source-plugin:2.2.1:jar (default) @ spring-test-dependencies <<<
[INFO] 
[INFO] --- maven-source-plugin:2.2.1:jar (default) @ spring-test-dependencies ---
[INFO] 
[INFO] --- maven-install-plugin:2.3.1:install (default-install) @ spring-test-dependencies ---
[INFO] Installing /data/ubuntu14/opennmszh/dependencies/spring-test/pom.xml to /root/.m2/repository/org/opennms/dependencies/spring-test-dependencies/1.12.9/spring-test-dependencies-1.12.9.pom
[INFO]                                                                         
[INFO] ------------------------------------------------------------------------
[INFO] Building OpenNMS Tracker Dependencies 1.12.9
[INFO] ------------------------------------------------------------------------
[INFO] 
[INFO] >>> maven-source-plugin:2.2.1:jar (default) @ tracker-dependencies >>>
[INFO] 
[INFO] <<< maven-source-plugin:2.2.1:jar (default) @ tracker-dependencies <<<
[INFO] 
[INFO] --- maven-source-plugin:2.2.1:jar (default) @ tracker-dependencies ---
[INFO] 
[INFO] --- maven-install-plugin:2.3.1:install (default-install) @ tracker-dependencies ---
[INFO] Installing /data/ubuntu14/opennmszh/dependencies/tracker/pom.xml to /root/.m2/repository/org/opennms/dependencies/tracker-dependencies/1.12.9/tracker-dependencies-1.12.9.pom
[INFO]                                                                         
[INFO] ------------------------------------------------------------------------
[INFO] Building OpenNMS Twitter4J Dependencies 1.12.9
[INFO] ------------------------------------------------------------------------
[INFO] 
[INFO] >>> maven-source-plugin:2.2.1:jar (default) @ twitter4j-dependencies >>>
[INFO] 
[INFO] <<< maven-source-plugin:2.2.1:jar (default) @ twitter4j-dependencies <<<
[INFO] 
[INFO] --- maven-source-plugin:2.2.1:jar (default) @ twitter4j-dependencies ---
[INFO] 
[INFO] --- maven-install-plugin:2.3.1:install (default-install) @ twitter4j-dependencies ---
[INFO] Installing /data/ubuntu14/opennmszh/dependencies/twitter4j/pom.xml to /root/.m2/repository/org/opennms/dependencies/twitter4j-dependencies/1.12.9/twitter4j-dependencies-1.12.9.pom
[INFO]                                                                         
[INFO] ------------------------------------------------------------------------
[INFO] Building OpenNMS Core API 1.12.9
[INFO] ------------------------------------------------------------------------
[INFO] 
[INFO] --- maven-resources-plugin:2.5:resources (default-resources) @ org.opennms.core.api ---
[debug] execute contextualize
[INFO] Using 'UTF-8' encoding to copy filtered resources.
[INFO] skip non existing resourceDirectory /data/ubuntu14/opennmszh/core/api/src/main/resources
[INFO] 
[INFO] --- maven-compiler-plugin:3.1:compile (default-compile) @ org.opennms.core.api ---
[INFO] Nothing to compile - all classes are up to date
[INFO] 
[INFO] --- maven-resources-plugin:2.5:testResources (default-testResources) @ org.opennms.core.api ---
[debug] execute contextualize
[INFO] Using 'UTF-8' encoding to copy filtered resources.
[INFO] skip non existing resourceDirectory /data/ubuntu14/opennmszh/core/api/src/test/resources
[INFO] 
[INFO] --- maven-compiler-plugin:3.1:testCompile (default-testCompile) @ org.opennms.core.api ---
[INFO] No sources to compile
[INFO] 
[INFO] --- maven-surefire-plugin:2.9:test (default-test) @ org.opennms.core.api ---
[INFO] Tests are skipped.
[INFO] 
[INFO] --- maven-bundle-plugin:2.3.7:bundle (default-bundle) @ org.opennms.core.api ---
[INFO] 
[INFO] >>> maven-source-plugin:2.2.1:jar (default) @ org.opennms.core.api >>>
[INFO] 
[INFO] <<< maven-source-plugin:2.2.1:jar (default) @ org.opennms.core.api <<<
[INFO] 
[INFO] --- maven-source-plugin:2.2.1:jar (default) @ org.opennms.core.api ---
[INFO] 
[INFO] --- maven-install-plugin:2.5.2:install (default-install) @ org.opennms.core.api ---
[INFO] Installing /data/ubuntu14/opennmszh/core/api/target/org.opennms.core.api-1.12.9.jar to /root/.m2/repository/org/opennms/core/org.opennms.core.api/1.12.9/org.opennms.core.api-1.12.9.jar
[INFO] Installing /data/ubuntu14/opennmszh/core/api/pom.xml to /root/.m2/repository/org/opennms/core/org.opennms.core.api/1.12.9/org.opennms.core.api-1.12.9.pom
[INFO] Installing /data/ubuntu14/opennmszh/core/api/target/org.opennms.core.api-1.12.9-sources.jar to /root/.m2/repository/org/opennms/core/org.opennms.core.api/1.12.9/org.opennms.core.api-1.12.9-sources.jar
[INFO] 
[INFO] --- maven-bundle-plugin:2.3.7:install (default-install) @ org.opennms.core.api ---
[INFO] Local OBR update disabled (enable with -DobrRepository)
[INFO]                                                                         
[INFO] ------------------------------------------------------------------------
[INFO] Building OpenNMS Core Build Tools 1.12.9
[INFO] ------------------------------------------------------------------------
[INFO] 
[INFO] >>> maven-source-plugin:2.2.1:jar (default) @ org.opennms.core.build >>>
[INFO] 
[INFO] <<< maven-source-plugin:2.2.1:jar (default) @ org.opennms.core.build <<<
[INFO] 
[INFO] --- maven-source-plugin:2.2.1:jar (default) @ org.opennms.core.build ---
[INFO] 
[INFO] --- maven-install-plugin:2.3.1:install (default-install) @ org.opennms.core.build ---
[INFO] Installing /data/ubuntu14/opennmszh/core/build/pom.xml to /root/.m2/repository/org/opennms/core/org.opennms.core.build/1.12.9/org.opennms.core.build-1.12.9.pom
[INFO]                                                                         
[INFO] ------------------------------------------------------------------------
[INFO] Building OpenNMS Build Keystore 1.12.9
[INFO] ------------------------------------------------------------------------
[INFO] 
[INFO] --- gmaven-plugin:1.0:execute (generate-key) @ org.opennms.core.build.keystore ---
[INFO] 
[INFO] --- maven-resources-plugin:2.5:resources (default-resources) @ org.opennms.core.build.keystore ---
[debug] execute contextualize
[INFO] Using 'UTF-8' encoding to copy filtered resources.
[INFO] Copying 1 resource
[INFO] 
[INFO] --- maven-compiler-plugin:3.1:compile (default-compile) @ org.opennms.core.build.keystore ---
[INFO] No sources to compile
[INFO] 
[INFO] --- maven-resources-plugin:2.5:testResources (default-testResources) @ org.opennms.core.build.keystore ---
[debug] execute contextualize
[INFO] Using 'UTF-8' encoding to copy filtered resources.
[INFO] skip non existing resourceDirectory /data/ubuntu14/opennmszh/core/build/keystore/src/test/resources
[INFO] 
[INFO] --- maven-compiler-plugin:3.1:testCompile (default-testCompile) @ org.opennms.core.build.keystore ---
[INFO] No sources to compile
[INFO] 
[INFO] --- maven-surefire-plugin:2.9:test (default-test) @ org.opennms.core.build.keystore ---
[INFO] Tests are skipped.
[INFO] 
[INFO] --- maven-jar-plugin:2.3.1:jar (default-jar) @ org.opennms.core.build.keystore ---
[INFO] 
[INFO] >>> maven-source-plugin:2.2.1:jar (default) @ org.opennms.core.build.keystore >>>
[INFO] 
[INFO] <<< maven-source-plugin:2.2.1:jar (default) @ org.opennms.core.build.keystore <<<
[INFO] 
[INFO] --- maven-source-plugin:2.2.1:jar (default) @ org.opennms.core.build.keystore ---
[INFO] 
[INFO] --- maven-install-plugin:2.3.1:install (default-install) @ org.opennms.core.build.keystore ---
[INFO] Installing /data/ubuntu14/opennmszh/core/build/keystore/target/org.opennms.core.build.keystore-1.12.9.jar to /root/.m2/repository/org/opennms/core/build/org.opennms.core.build.keystore/1.12.9/org.opennms.core.build.keystore-1.12.9.jar
[INFO] Installing /data/ubuntu14/opennmszh/core/build/keystore/pom.xml to /root/.m2/repository/org/opennms/core/build/org.opennms.core.build.keystore/1.12.9/org.opennms.core.build.keystore-1.12.9.pom
[INFO] Installing /data/ubuntu14/opennmszh/core/build/keystore/target/org.opennms.core.build.keystore-1.12.9-sources.jar to /root/.m2/repository/org/opennms/core/build/org.opennms.core.build.keystore/1.12.9/org.opennms.core.build.keystore-1.12.9-sources.jar
[INFO]                                                                         
[INFO] ------------------------------------------------------------------------
[INFO] Building OpenNMS Core Library (XML) 1.12.9
[INFO] ------------------------------------------------------------------------
[INFO] 
[INFO] --- maven-resources-plugin:2.5:resources (default-resources) @ org.opennms.core.xml ---
[debug] execute contextualize
[INFO] Using 'UTF-8' encoding to copy filtered resources.
[INFO] skip non existing resourceDirectory /data/ubuntu14/opennmszh/core/xml/src/main/resources
[INFO] 
[INFO] --- maven-compiler-plugin:3.1:compile (default-compile) @ org.opennms.core.xml ---
[INFO] Nothing to compile - all classes are up to date
[INFO] 
[INFO] --- maven-resources-plugin:2.5:testResources (default-testResources) @ org.opennms.core.xml ---
[debug] execute contextualize
[INFO] Using 'UTF-8' encoding to copy filtered resources.
[INFO] skip non existing resourceDirectory /data/ubuntu14/opennmszh/core/xml/src/test/resources
[INFO] 
[INFO] --- maven-compiler-plugin:3.1:testCompile (default-testCompile) @ org.opennms.core.xml ---
[INFO] No sources to compile
[INFO] 
[INFO] --- maven-surefire-plugin:2.9:test (default-test) @ org.opennms.core.xml ---
[INFO] Tests are skipped.
[INFO] 
[INFO] --- maven-bundle-plugin:2.3.7:bundle (default-bundle) @ org.opennms.core.xml ---
[INFO] 
[INFO] >>> maven-source-plugin:2.2.1:jar (default) @ org.opennms.core.xml >>>
[INFO] 
[INFO] <<< maven-source-plugin:2.2.1:jar (default) @ org.opennms.core.xml <<<
[INFO] 
[INFO] --- maven-source-plugin:2.2.1:jar (default) @ org.opennms.core.xml ---
[INFO] 
[INFO] --- maven-install-plugin:2.5.2:install (default-install) @ org.opennms.core.xml ---
[INFO] Installing /data/ubuntu14/opennmszh/core/xml/target/org.opennms.core.xml-1.12.9.jar to /root/.m2/repository/org/opennms/core/org.opennms.core.xml/1.12.9/org.opennms.core.xml-1.12.9.jar
[INFO] Installing /data/ubuntu14/opennmszh/core/xml/pom.xml to /root/.m2/repository/org/opennms/core/org.opennms.core.xml/1.12.9/org.opennms.core.xml-1.12.9.pom
[INFO] Installing /data/ubuntu14/opennmszh/core/xml/target/org.opennms.core.xml-1.12.9-sources.jar to /root/.m2/repository/org/opennms/core/org.opennms.core.xml/1.12.9/org.opennms.core.xml-1.12.9-sources.jar
[INFO] 
[INFO] --- maven-bundle-plugin:2.3.7:install (default-install) @ org.opennms.core.xml ---
[INFO] Local OBR update disabled (enable with -DobrRepository)
[INFO]                                                                         
[INFO] ------------------------------------------------------------------------
[INFO] Building OpenNMS Core Test APIs 1.12.9
[INFO] ------------------------------------------------------------------------
[INFO] 
[INFO] >>> maven-source-plugin:2.2.1:jar (default) @ org.opennms.core.test-api >>>
[INFO] 
[INFO] <<< maven-source-plugin:2.2.1:jar (default) @ org.opennms.core.test-api <<<
[INFO] 
[INFO] --- maven-source-plugin:2.2.1:jar (default) @ org.opennms.core.test-api ---
[INFO] 
[INFO] --- maven-install-plugin:2.3.1:install (default-install) @ org.opennms.core.test-api ---
[INFO] Installing /data/ubuntu14/opennmszh/core/test-api/pom.xml to /root/.m2/repository/org/opennms/core/org.opennms.core.test-api/1.12.9/org.opennms.core.test-api-1.12.9.pom
[INFO]                                                                         
[INFO] ------------------------------------------------------------------------
[INFO] Building OpenNMS Core Test API (Libraries) 1.12.9
[INFO] ------------------------------------------------------------------------
[INFO] 
[INFO] --- maven-resources-plugin:2.5:resources (default-resources) @ org.opennms.core.test-api.lib ---
[debug] execute contextualize
[INFO] Using 'UTF-8' encoding to copy filtered resources.
[INFO] skip non existing resourceDirectory /data/ubuntu14/opennmszh/core/test-api/lib/src/main/resources
[INFO] 
[INFO] --- maven-compiler-plugin:3.1:compile (default-compile) @ org.opennms.core.test-api.lib ---
[INFO] Nothing to compile - all classes are up to date
[INFO] 
[INFO] --- maven-resources-plugin:2.5:testResources (default-testResources) @ org.opennms.core.test-api.lib ---
[debug] execute contextualize
[INFO] Using 'UTF-8' encoding to copy filtered resources.
[INFO] skip non existing resourceDirectory /data/ubuntu14/opennmszh/core/test-api/lib/src/test/resources
[INFO] 
[INFO] --- maven-compiler-plugin:3.1:testCompile (default-testCompile) @ org.opennms.core.test-api.lib ---
[INFO] Nothing to compile - all classes are up to date
[INFO] 
[INFO] --- maven-surefire-plugin:2.9:test (default-test) @ org.opennms.core.test-api.lib ---
[INFO] Tests are skipped.
[INFO] 
[INFO] --- maven-bundle-plugin:2.3.7:bundle (default-bundle) @ org.opennms.core.test-api.lib ---
[INFO] 
[INFO] >>> maven-source-plugin:2.2.1:jar (default) @ org.opennms.core.test-api.lib >>>
[INFO] 
[INFO] <<< maven-source-plugin:2.2.1:jar (default) @ org.opennms.core.test-api.lib <<<
[INFO] 
[INFO] --- maven-source-plugin:2.2.1:jar (default) @ org.opennms.core.test-api.lib ---
[INFO] 
[INFO] --- maven-install-plugin:2.5.2:install (default-install) @ org.opennms.core.test-api.lib ---
[INFO] Installing /data/ubuntu14/opennmszh/core/test-api/lib/target/org.opennms.core.test-api.lib-1.12.9.jar to /root/.m2/repository/org/opennms/core/test-api/org.opennms.core.test-api.lib/1.12.9/org.opennms.core.test-api.lib-1.12.9.jar
[INFO] Installing /data/ubuntu14/opennmszh/core/test-api/lib/pom.xml to /root/.m2/repository/org/opennms/core/test-api/org.opennms.core.test-api.lib/1.12.9/org.opennms.core.test-api.lib-1.12.9.pom
[INFO] Installing /data/ubuntu14/opennmszh/core/test-api/lib/target/org.opennms.core.test-api.lib-1.12.9-sources.jar to /root/.m2/repository/org/opennms/core/test-api/org.opennms.core.test-api.lib/1.12.9/org.opennms.core.test-api.lib-1.12.9-sources.jar
[INFO] 
[INFO] --- maven-bundle-plugin:2.3.7:install (default-install) @ org.opennms.core.test-api.lib ---
[INFO] Local OBR update disabled (enable with -DobrRepository)
[INFO]                                                                         
[INFO] ------------------------------------------------------------------------
[INFO] Building OpenNMS Core Database Access API 1.12.9
[INFO] ------------------------------------------------------------------------
[INFO] 
[INFO] --- castor-maven-plugin:1.0:generate (default) @ org.opennms.core.db ---
[INFO] Nothing to process - all xsds are up to date
[INFO] 
[INFO] --- build-helper-maven-plugin:1.7:add-source (add-source) @ org.opennms.core.db ---
[INFO] Source directory: /data/ubuntu14/opennmszh/core/db/target/generated-sources/castor added.
[INFO] 
[INFO] --- maven-resources-plugin:2.5:resources (default-resources) @ org.opennms.core.db ---
[debug] execute contextualize
[INFO] Using 'UTF-8' encoding to copy filtered resources.
[INFO] skip non existing resourceDirectory /data/ubuntu14/opennmszh/core/db/src/main/resources
[INFO] 
[INFO] --- maven-compiler-plugin:3.1:compile (default-compile) @ org.opennms.core.db ---
[INFO] Nothing to compile - all classes are up to date
[INFO] 
[INFO] --- maven-resources-plugin:2.5:testResources (default-testResources) @ org.opennms.core.db ---
[debug] execute contextualize
[INFO] Using 'UTF-8' encoding to copy filtered resources.
[INFO] Copying 1 resource
[INFO] 
[INFO] --- maven-compiler-plugin:3.1:testCompile (default-testCompile) @ org.opennms.core.db ---
[INFO] Nothing to compile - all classes are up to date
[INFO] 
[INFO] --- maven-surefire-plugin:2.9:test (default-test) @ org.opennms.core.db ---
[INFO] Tests are skipped.
[INFO] 
[INFO] --- maven-bundle-plugin:2.3.7:bundle (default-bundle) @ org.opennms.core.db ---
[INFO] 
[INFO] >>> maven-source-plugin:2.2.1:jar (default) @ org.opennms.core.db >>>
[INFO] 
[INFO] --- castor-maven-plugin:1.0:generate (default) @ org.opennms.core.db ---
[INFO] Nothing to process - all xsds are up to date
[INFO] 
[INFO] --- build-helper-maven-plugin:1.7:add-source (add-source) @ org.opennms.core.db ---
[INFO] Source directory: /data/ubuntu14/opennmszh/core/db/target/generated-sources/castor added.
[INFO] 
[INFO] <<< maven-source-plugin:2.2.1:jar (default) @ org.opennms.core.db <<<
[INFO] 
[INFO] --- maven-source-plugin:2.2.1:jar (default) @ org.opennms.core.db ---
[INFO] 
[INFO] --- maven-assembly-plugin:2.4:single (default) @ org.opennms.core.db ---
[INFO] Reading assembly descriptor: src/assembly/xsds.xml
[INFO] Building jar: /data/ubuntu14/opennmszh/core/db/target/org.opennms.core.db-1.12.9-xsds.jar
[INFO] 
[INFO] --- maven-install-plugin:2.5.2:install (default-install) @ org.opennms.core.db ---
[INFO] Installing /data/ubuntu14/opennmszh/core/db/target/org.opennms.core.db-1.12.9.jar to /root/.m2/repository/org/opennms/core/org.opennms.core.db/1.12.9/org.opennms.core.db-1.12.9.jar
[INFO] Installing /data/ubuntu14/opennmszh/core/db/pom.xml to /root/.m2/repository/org/opennms/core/org.opennms.core.db/1.12.9/org.opennms.core.db-1.12.9.pom
[INFO] Installing /data/ubuntu14/opennmszh/core/db/target/org.opennms.core.db-1.12.9-sources.jar to /root/.m2/repository/org/opennms/core/org.opennms.core.db/1.12.9/org.opennms.core.db-1.12.9-sources.jar
[INFO] Installing /data/ubuntu14/opennmszh/core/db/target/org.opennms.core.db-1.12.9-xsds.jar to /root/.m2/repository/org/opennms/core/org.opennms.core.db/1.12.9/org.opennms.core.db-1.12.9-xsds.jar
[INFO] 
[INFO] --- maven-bundle-plugin:2.3.7:install (default-install) @ org.opennms.core.db ---
[INFO] Local OBR update disabled (enable with -DobrRepository)
[INFO]                                                                         
[INFO] ------------------------------------------------------------------------
[INFO] Building OpenNMS Test Components 1.12.9
[INFO] ------------------------------------------------------------------------
[INFO] 
[INFO] --- maven-resources-plugin:2.5:resources (default-resources) @ opennms-test ---
[debug] execute contextualize
[INFO] Using 'UTF-8' encoding to copy filtered resources.
[INFO] skip non existing resourceDirectory /data/ubuntu14/opennmszh/opennms-test/src/main/resources
[INFO] 
[INFO] --- maven-compiler-plugin:3.1:compile (default-compile) @ opennms-test ---
[INFO] Nothing to compile - all classes are up to date
[INFO] 
[INFO] --- maven-resources-plugin:2.5:testResources (default-testResources) @ opennms-test ---
[debug] execute contextualize
[INFO] Using 'UTF-8' encoding to copy filtered resources.
[INFO] skip non existing resourceDirectory /data/ubuntu14/opennmszh/opennms-test/src/test/resources
[INFO] 
[INFO] --- maven-compiler-plugin:3.1:testCompile (default-testCompile) @ opennms-test ---
[INFO] Nothing to compile - all classes are up to date
[INFO] 
[INFO] --- maven-surefire-plugin:2.9:test (default-test) @ opennms-test ---
[INFO] Tests are skipped.
[INFO] 
[INFO] --- maven-jar-plugin:2.3.1:jar (default-jar) @ opennms-test ---
[INFO] 
[INFO] >>> maven-source-plugin:2.2.1:jar (default) @ opennms-test >>>
[INFO] 
[INFO] <<< maven-source-plugin:2.2.1:jar (default) @ opennms-test <<<
[INFO] 
[INFO] --- maven-source-plugin:2.2.1:jar (default) @ opennms-test ---
[INFO] 
[INFO] --- maven-install-plugin:2.3.1:install (default-install) @ opennms-test ---
[INFO] Installing /data/ubuntu14/opennmszh/opennms-test/target/opennms-test-1.12.9.jar to /root/.m2/repository/org/opennms/opennms-test/1.12.9/opennms-test-1.12.9.jar
[INFO] Installing /data/ubuntu14/opennmszh/opennms-test/pom.xml to /root/.m2/repository/org/opennms/opennms-test/1.12.9/opennms-test-1.12.9.pom
[INFO] Installing /data/ubuntu14/opennmszh/opennms-test/target/opennms-test-1.12.9-sources.jar to /root/.m2/repository/org/opennms/opennms-test/1.12.9/opennms-test-1.12.9-sources.jar
[INFO]                                                                         
[INFO] ------------------------------------------------------------------------
[INFO] Building OpenNMS Core Test API (XML) 1.12.9
[INFO] ------------------------------------------------------------------------
[INFO] 
[INFO] --- maven-resources-plugin:2.5:resources (default-resources) @ org.opennms.core.test-api.xml ---
[debug] execute contextualize
[INFO] Using 'UTF-8' encoding to copy filtered resources.
[INFO] skip non existing resourceDirectory /data/ubuntu14/opennmszh/core/test-api/xml/src/main/resources
[INFO] 
[INFO] --- maven-compiler-plugin:3.1:compile (default-compile) @ org.opennms.core.test-api.xml ---
[INFO] Nothing to compile - all classes are up to date
[INFO] 
[INFO] --- maven-resources-plugin:2.5:testResources (default-testResources) @ org.opennms.core.test-api.xml ---
[debug] execute contextualize
[INFO] Using 'UTF-8' encoding to copy filtered resources.
[INFO] skip non existing resourceDirectory /data/ubuntu14/opennmszh/core/test-api/xml/src/test/resources
[INFO] 
[INFO] --- maven-compiler-plugin:3.1:testCompile (default-testCompile) @ org.opennms.core.test-api.xml ---
[INFO] No sources to compile
[INFO] 
[INFO] --- maven-surefire-plugin:2.9:test (default-test) @ org.opennms.core.test-api.xml ---
[INFO] Tests are skipped.
[INFO] 
[INFO] --- maven-bundle-plugin:2.3.7:bundle (default-bundle) @ org.opennms.core.test-api.xml ---
[INFO] 
[INFO] >>> maven-source-plugin:2.2.1:jar (default) @ org.opennms.core.test-api.xml >>>
[INFO] 
[INFO] <<< maven-source-plugin:2.2.1:jar (default) @ org.opennms.core.test-api.xml <<<
[INFO] 
[INFO] --- maven-source-plugin:2.2.1:jar (default) @ org.opennms.core.test-api.xml ---
[INFO] 
[INFO] --- maven-install-plugin:2.5.2:install (default-install) @ org.opennms.core.test-api.xml ---
[INFO] Installing /data/ubuntu14/opennmszh/core/test-api/xml/target/org.opennms.core.test-api.xml-1.12.9.jar to /root/.m2/repository/org/opennms/core/test-api/org.opennms.core.test-api.xml/1.12.9/org.opennms.core.test-api.xml-1.12.9.jar
[INFO] Installing /data/ubuntu14/opennmszh/core/test-api/xml/pom.xml to /root/.m2/repository/org/opennms/core/test-api/org.opennms.core.test-api.xml/1.12.9/org.opennms.core.test-api.xml-1.12.9.pom
[INFO] Installing /data/ubuntu14/opennmszh/core/test-api/xml/target/org.opennms.core.test-api.xml-1.12.9-sources.jar to /root/.m2/repository/org/opennms/core/test-api/org.opennms.core.test-api.xml/1.12.9/org.opennms.core.test-api.xml-1.12.9-sources.jar
[INFO] 
[INFO] --- maven-bundle-plugin:2.3.7:install (default-install) @ org.opennms.core.test-api.xml ---
[INFO] Local OBR update disabled (enable with -DobrRepository)
[INFO]                                                                         
[INFO] ------------------------------------------------------------------------
[INFO] Building OpenNMS Data Model Components 1.12.9
[INFO] ------------------------------------------------------------------------
[INFO] 
[INFO] --- build-helper-maven-plugin:1.7:add-source (add-source) @ opennms-model ---
[INFO] Source directory: /data/ubuntu14/opennmszh/opennms-model/target/generated-sources/castor added.
[INFO] 
[INFO] --- maven-resources-plugin:2.5:resources (default-resources) @ opennms-model ---
[debug] execute contextualize
[INFO] Using 'UTF-8' encoding to copy filtered resources.
[INFO] skip non existing resourceDirectory /data/ubuntu14/opennmszh/opennms-model/src/main/resources
[INFO] 
[INFO] --- maven-compiler-plugin:3.1:compile (default-compile) @ opennms-model ---
[INFO] Nothing to compile - all classes are up to date
[INFO] 
[INFO] --- maven-resources-plugin:2.5:testResources (default-testResources) @ opennms-model ---
[debug] execute contextualize
[INFO] Using 'UTF-8' encoding to copy filtered resources.
[INFO] skip non existing resourceDirectory /data/ubuntu14/opennmszh/opennms-model/src/test/resources
[INFO] 
[INFO] --- maven-compiler-plugin:3.1:testCompile (default-testCompile) @ opennms-model ---
[INFO] Nothing to compile - all classes are up to date
[INFO] 
[INFO] --- maven-surefire-plugin:2.9:test (default-test) @ opennms-model ---
[INFO] Tests are skipped.
[INFO] 
[INFO] --- maven-jar-plugin:2.3.1:jar (default-jar) @ opennms-model ---
[INFO] 
[INFO] >>> maven-source-plugin:2.2.1:jar (default) @ opennms-model >>>
[INFO] 
[INFO] --- build-helper-maven-plugin:1.7:add-source (add-source) @ opennms-model ---
[INFO] Source directory: /data/ubuntu14/opennmszh/opennms-model/target/generated-sources/castor added.
[INFO] 
[INFO] <<< maven-source-plugin:2.2.1:jar (default) @ opennms-model <<<
[INFO] 
[INFO] --- maven-source-plugin:2.2.1:jar (default) @ opennms-model ---
[INFO] 
[INFO] --- maven-assembly-plugin:2.4:single (default) @ opennms-model ---
[INFO] Reading assembly descriptor: src/assembly/xsds.xml
[INFO] Building jar: /data/ubuntu14/opennmszh/opennms-model/target/opennms-model-1.12.9-xsds.jar
[INFO] 
[INFO] --- maven-install-plugin:2.3.1:install (default-install) @ opennms-model ---
[INFO] Installing /data/ubuntu14/opennmszh/opennms-model/target/opennms-model-1.12.9.jar to /root/.m2/repository/org/opennms/opennms-model/1.12.9/opennms-model-1.12.9.jar
[INFO] Installing /data/ubuntu14/opennmszh/opennms-model/pom.xml to /root/.m2/repository/org/opennms/opennms-model/1.12.9/opennms-model-1.12.9.pom
[INFO] Installing /data/ubuntu14/opennmszh/opennms-model/target/opennms-model-1.12.9-sources.jar to /root/.m2/repository/org/opennms/opennms-model/1.12.9/opennms-model-1.12.9-sources.jar
[INFO] Installing /data/ubuntu14/opennmszh/opennms-model/target/opennms-model-1.12.9-xsds.jar to /root/.m2/repository/org/opennms/opennms-model/1.12.9/opennms-model-1.12.9-xsds.jar
[INFO]                                                                         
[INFO] ------------------------------------------------------------------------
[INFO] Building OpenNMS Criteria Tools 1.12.9
[INFO] ------------------------------------------------------------------------
[INFO] 
[INFO] --- maven-resources-plugin:2.5:resources (default-resources) @ org.opennms.core.criteria ---
[debug] execute contextualize
[INFO] Using 'UTF-8' encoding to copy filtered resources.
[INFO] skip non existing resourceDirectory /data/ubuntu14/opennmszh/core/criteria/src/main/resources
[INFO] 
[INFO] --- maven-compiler-plugin:3.1:compile (default-compile) @ org.opennms.core.criteria ---
[INFO] Nothing to compile - all classes are up to date
[INFO] 
[INFO] --- maven-resources-plugin:2.5:testResources (default-testResources) @ org.opennms.core.criteria ---
[debug] execute contextualize
[INFO] Using 'UTF-8' encoding to copy filtered resources.
[INFO] skip non existing resourceDirectory /data/ubuntu14/opennmszh/core/criteria/src/test/resources
[INFO] 
[INFO] --- maven-compiler-plugin:3.1:testCompile (default-testCompile) @ org.opennms.core.criteria ---
[INFO] Nothing to compile - all classes are up to date
[INFO] 
[INFO] --- maven-surefire-plugin:2.9:test (default-test) @ org.opennms.core.criteria ---
[INFO] Tests are skipped.
[INFO] 
[INFO] --- maven-bundle-plugin:2.3.7:bundle (default-bundle) @ org.opennms.core.criteria ---
[INFO] 
[INFO] >>> maven-source-plugin:2.2.1:jar (default) @ org.opennms.core.criteria >>>
[INFO] 
[INFO] <<< maven-source-plugin:2.2.1:jar (default) @ org.opennms.core.criteria <<<
[INFO] 
[INFO] --- maven-source-plugin:2.2.1:jar (default) @ org.opennms.core.criteria ---
[INFO] 
[INFO] --- maven-install-plugin:2.5.2:install (default-install) @ org.opennms.core.criteria ---
[INFO] Installing /data/ubuntu14/opennmszh/core/criteria/target/org.opennms.core.criteria-1.12.9.jar to /root/.m2/repository/org/opennms/core/org.opennms.core.criteria/1.12.9/org.opennms.core.criteria-1.12.9.jar
[INFO] Installing /data/ubuntu14/opennmszh/core/criteria/pom.xml to /root/.m2/repository/org/opennms/core/org.opennms.core.criteria/1.12.9/org.opennms.core.criteria-1.12.9.pom
[INFO] Installing /data/ubuntu14/opennmszh/core/criteria/target/org.opennms.core.criteria-1.12.9-sources.jar to /root/.m2/repository/org/opennms/core/org.opennms.core.criteria/1.12.9/org.opennms.core.criteria-1.12.9-sources.jar
[INFO] 
[INFO] --- maven-bundle-plugin:2.3.7:install (default-install) @ org.opennms.core.criteria ---
[INFO] Local OBR update disabled (enable with -DobrRepository)
[INFO]                                                                         
[INFO] ------------------------------------------------------------------------
[INFO] Building OpenNMS ICMP Library 1.12.9
[INFO] ------------------------------------------------------------------------
[INFO] 
[INFO] >>> maven-source-plugin:2.2.1:jar (default) @ opennms-icmp >>>
[INFO] 
[INFO] <<< maven-source-plugin:2.2.1:jar (default) @ opennms-icmp <<<
[INFO] 
[INFO] --- maven-source-plugin:2.2.1:jar (default) @ opennms-icmp ---
[INFO] 
[INFO] --- maven-install-plugin:2.3.1:install (default-install) @ opennms-icmp ---
[INFO] Installing /data/ubuntu14/opennmszh/opennms-icmp/pom.xml to /root/.m2/repository/org/opennms/opennms-icmp/1.12.9/opennms-icmp-1.12.9.pom
[INFO]                                                                         
[INFO] ------------------------------------------------------------------------
[INFO] Building OpenNMS ICMP Pinger - API 1.12.9
[INFO] ------------------------------------------------------------------------
[INFO] 
[INFO] --- maven-resources-plugin:2.5:resources (default-resources) @ opennms-icmp-api ---
[debug] execute contextualize
[INFO] Using 'UTF-8' encoding to copy filtered resources.
[INFO] skip non existing resourceDirectory /data/ubuntu14/opennmszh/opennms-icmp/opennms-icmp-api/src/main/resources
[INFO] 
[INFO] --- maven-compiler-plugin:3.1:compile (default-compile) @ opennms-icmp-api ---
[INFO] Nothing to compile - all classes are up to date
[INFO] 
[INFO] --- maven-resources-plugin:2.5:testResources (default-testResources) @ opennms-icmp-api ---
[debug] execute contextualize
[INFO] Using 'UTF-8' encoding to copy filtered resources.
[INFO] skip non existing resourceDirectory /data/ubuntu14/opennmszh/opennms-icmp/opennms-icmp-api/src/test/resources
[INFO] 
[INFO] --- maven-compiler-plugin:3.1:testCompile (default-testCompile) @ opennms-icmp-api ---
[INFO] No sources to compile
[INFO] 
[INFO] --- maven-surefire-plugin:2.9:test (default-test) @ opennms-icmp-api ---
[INFO] Tests are skipped.
[INFO] 
[INFO] --- maven-bundle-plugin:2.3.7:bundle (default-bundle) @ opennms-icmp-api ---
[INFO] 
[INFO] >>> maven-source-plugin:2.2.1:jar (default) @ opennms-icmp-api >>>
[INFO] 
[INFO] <<< maven-source-plugin:2.2.1:jar (default) @ opennms-icmp-api <<<
[INFO] 
[INFO] --- maven-source-plugin:2.2.1:jar (default) @ opennms-icmp-api ---
[INFO] 
[INFO] --- maven-install-plugin:2.5.2:install (default-install) @ opennms-icmp-api ---
[INFO] Installing /data/ubuntu14/opennmszh/opennms-icmp/opennms-icmp-api/target/opennms-icmp-api-1.12.9.jar to /root/.m2/repository/org/opennms/opennms-icmp-api/1.12.9/opennms-icmp-api-1.12.9.jar
[INFO] Installing /data/ubuntu14/opennmszh/opennms-icmp/opennms-icmp-api/pom.xml to /root/.m2/repository/org/opennms/opennms-icmp-api/1.12.9/opennms-icmp-api-1.12.9.pom
[INFO] Installing /data/ubuntu14/opennmszh/opennms-icmp/opennms-icmp-api/target/opennms-icmp-api-1.12.9-sources.jar to /root/.m2/repository/org/opennms/opennms-icmp-api/1.12.9/opennms-icmp-api-1.12.9-sources.jar
[INFO] 
[INFO] --- maven-bundle-plugin:2.3.7:install (default-install) @ opennms-icmp-api ---
[INFO] Local OBR update disabled (enable with -DobrRepository)
[INFO]                                                                         
[INFO] ------------------------------------------------------------------------
[INFO] Building OpenNMS Configuration Model 1.12.9
[INFO] ------------------------------------------------------------------------
[INFO] 
[INFO] --- castor-maven-plugin:1.0:generate (default) @ opennms-config-model ---
[INFO] Nothing to process - all xsds are up to date
[INFO] 
[INFO] --- build-helper-maven-plugin:1.7:add-source (add-source) @ opennms-config-model ---
[INFO] Source directory: /data/ubuntu14/opennmszh/opennms-config-model/target/generated-sources/castor added.
[INFO] 
[INFO] --- maven-resources-plugin:2.5:resources (default-resources) @ opennms-config-model ---
[debug] execute contextualize
[INFO] Using 'UTF-8' encoding to copy filtered resources.
[INFO] Copying 5 resources
[INFO] 
[INFO] --- maven-compiler-plugin:3.1:compile (default-compile) @ opennms-config-model ---
[INFO] Nothing to compile - all classes are up to date
[INFO] 
[INFO] --- maven-resources-plugin:2.5:testResources (default-testResources) @ opennms-config-model ---
[debug] execute contextualize
[INFO] Using 'UTF-8' encoding to copy filtered resources.
[INFO] skip non existing resourceDirectory /data/ubuntu14/opennmszh/opennms-config-model/src/test/resources
[INFO] 
[INFO] --- maven-compiler-plugin:3.1:testCompile (default-testCompile) @ opennms-config-model ---
[INFO] Nothing to compile - all classes are up to date
[INFO] 
[INFO] --- maven-surefire-plugin:2.9:test (default-test) @ opennms-config-model ---
[INFO] Tests are skipped.
[INFO] 
[INFO] --- maven-bundle-plugin:2.3.7:bundle (default-bundle) @ opennms-config-model ---
[INFO] 
[INFO] >>> maven-source-plugin:2.2.1:jar (default) @ opennms-config-model >>>
[INFO] 
[INFO] --- castor-maven-plugin:1.0:generate (default) @ opennms-config-model ---
[INFO] Nothing to process - all xsds are up to date
[INFO] 
[INFO] --- build-helper-maven-plugin:1.7:add-source (add-source) @ opennms-config-model ---
[INFO] Source directory: /data/ubuntu14/opennmszh/opennms-config-model/target/generated-sources/castor added.
[INFO] 
[INFO] <<< maven-source-plugin:2.2.1:jar (default) @ opennms-config-model <<<
[INFO] 
[INFO] --- maven-source-plugin:2.2.1:jar (default) @ opennms-config-model ---
[INFO] 
[INFO] --- maven-assembly-plugin:2.4:single (default) @ opennms-config-model ---
[INFO] Reading assembly descriptor: src/assembly/xsds.xml
[INFO] Building jar: /data/ubuntu14/opennmszh/opennms-config-model/target/opennms-config-model-1.12.9-xsds.jar
[INFO] 
[INFO] --- maven-install-plugin:2.5.2:install (default-install) @ opennms-config-model ---
[INFO] Installing /data/ubuntu14/opennmszh/opennms-config-model/target/opennms-config-model-1.12.9.jar to /root/.m2/repository/org/opennms/opennms-config-model/1.12.9/opennms-config-model-1.12.9.jar
[INFO] Installing /data/ubuntu14/opennmszh/opennms-config-model/pom.xml to /root/.m2/repository/org/opennms/opennms-config-model/1.12.9/opennms-config-model-1.12.9.pom
[INFO] Installing /data/ubuntu14/opennmszh/opennms-config-model/target/opennms-config-model-1.12.9-sources.jar to /root/.m2/repository/org/opennms/opennms-config-model/1.12.9/opennms-config-model-1.12.9-sources.jar
[INFO] Installing /data/ubuntu14/opennmszh/opennms-config-model/target/opennms-config-model-1.12.9-xsds.jar to /root/.m2/repository/org/opennms/opennms-config-model/1.12.9/opennms-config-model-1.12.9-xsds.jar
[INFO] 
[INFO] --- maven-bundle-plugin:2.3.7:install (default-install) @ opennms-config-model ---
[INFO] Local OBR update disabled (enable with -DobrRepository)
[INFO]                                                                         
[INFO] ------------------------------------------------------------------------
[INFO] Building OpenNMS Features 1.12.9
[INFO] ------------------------------------------------------------------------
[INFO] 
[INFO] >>> maven-source-plugin:2.2.1:jar (default) @ org.opennms.features >>>
[INFO] 
[INFO] <<< maven-source-plugin:2.2.1:jar (default) @ org.opennms.features <<<
[INFO] 
[INFO] --- maven-source-plugin:2.2.1:jar (default) @ org.opennms.features ---
[INFO] 
[INFO] --- maven-install-plugin:2.3.1:install (default-install) @ org.opennms.features ---
[INFO] Installing /data/ubuntu14/opennmszh/features/pom.xml to /root/.m2/repository/org/opennms/org.opennms.features/1.12.9/org.opennms.features-1.12.9.pom
[INFO]                                                                         
[INFO] ------------------------------------------------------------------------
[INFO] Building OpenNMS Poller 1.12.9
[INFO] ------------------------------------------------------------------------
[INFO] 
[INFO] >>> maven-source-plugin:2.2.1:jar (default) @ org.opennms.features.poller >>>
[INFO] 
[INFO] <<< maven-source-plugin:2.2.1:jar (default) @ org.opennms.features.poller <<<
[INFO] 
[INFO] --- maven-source-plugin:2.2.1:jar (default) @ org.opennms.features.poller ---
[INFO] 
[INFO] --- maven-install-plugin:2.3.1:install (default-install) @ org.opennms.features.poller ---
[INFO] Installing /data/ubuntu14/opennmszh/features/poller/pom.xml to /root/.m2/repository/org/opennms/features/org.opennms.features.poller/1.12.9/org.opennms.features.poller-1.12.9.pom
[INFO]                                                                         
[INFO] ------------------------------------------------------------------------
[INFO] Building OpenNMS Poller API 1.12.9
[INFO] ------------------------------------------------------------------------
[INFO] 
[INFO] --- maven-resources-plugin:2.5:resources (default-resources) @ org.opennms.features.poller.api ---
[debug] execute contextualize
[INFO] Using 'UTF-8' encoding to copy filtered resources.
[INFO] skip non existing resourceDirectory /data/ubuntu14/opennmszh/features/poller/api/src/main/resources
[INFO] 
[INFO] --- maven-compiler-plugin:3.1:compile (default-compile) @ org.opennms.features.poller.api ---
[INFO] Nothing to compile - all classes are up to date
[INFO] 
[INFO] --- maven-resources-plugin:2.5:testResources (default-testResources) @ org.opennms.features.poller.api ---
[debug] execute contextualize
[INFO] Using 'UTF-8' encoding to copy filtered resources.
[INFO] skip non existing resourceDirectory /data/ubuntu14/opennmszh/features/poller/api/src/test/resources
[INFO] 
[INFO] --- maven-compiler-plugin:3.1:testCompile (default-testCompile) @ org.opennms.features.poller.api ---
[INFO] No sources to compile
[INFO] 
[INFO] --- maven-surefire-plugin:2.9:test (default-test) @ org.opennms.features.poller.api ---
[INFO] Tests are skipped.
[INFO] 
[INFO] --- maven-bundle-plugin:2.3.7:bundle (default-bundle) @ org.opennms.features.poller.api ---
[INFO] 
[INFO] >>> maven-source-plugin:2.2.1:jar (default) @ org.opennms.features.poller.api >>>
[INFO] 
[INFO] <<< maven-source-plugin:2.2.1:jar (default) @ org.opennms.features.poller.api <<<
[INFO] 
[INFO] --- maven-source-plugin:2.2.1:jar (default) @ org.opennms.features.poller.api ---
[INFO] 
[INFO] --- maven-install-plugin:2.5.2:install (default-install) @ org.opennms.features.poller.api ---
[INFO] Installing /data/ubuntu14/opennmszh/features/poller/api/target/org.opennms.features.poller.api-1.12.9.jar to /root/.m2/repository/org/opennms/features/poller/org.opennms.features.poller.api/1.12.9/org.opennms.features.poller.api-1.12.9.jar
[INFO] Installing /data/ubuntu14/opennmszh/features/poller/api/pom.xml to /root/.m2/repository/org/opennms/features/poller/org.opennms.features.poller.api/1.12.9/org.opennms.features.poller.api-1.12.9.pom
[INFO] Installing /data/ubuntu14/opennmszh/features/poller/api/target/org.opennms.features.poller.api-1.12.9-sources.jar to /root/.m2/repository/org/opennms/features/poller/org.opennms.features.poller.api/1.12.9/org.opennms.features.poller.api-1.12.9-sources.jar
[INFO] 
[INFO] --- maven-bundle-plugin:2.3.7:install (default-install) @ org.opennms.features.poller.api ---
[INFO] Local OBR update disabled (enable with -DobrRepository)
[INFO]                                                                         
[INFO] ------------------------------------------------------------------------
[INFO] Building OpenNMS Mock Elements 1.12.9
[INFO] ------------------------------------------------------------------------
[INFO] 
[INFO] --- maven-resources-plugin:2.5:resources (default-resources) @ org.opennms.tests.mock-elements ---
[debug] execute contextualize
[INFO] Using 'UTF-8' encoding to copy filtered resources.
[INFO] skip non existing resourceDirectory /data/ubuntu14/opennmszh/tests/mock-elements/src/main/resources
[INFO] 
[INFO] --- maven-compiler-plugin:3.1:compile (default-compile) @ org.opennms.tests.mock-elements ---
[INFO] Nothing to compile - all classes are up to date
[INFO] 
[INFO] --- maven-resources-plugin:2.5:testResources (default-testResources) @ org.opennms.tests.mock-elements ---
[debug] execute contextualize
[INFO] Using 'UTF-8' encoding to copy filtered resources.
[INFO] skip non existing resourceDirectory /data/ubuntu14/opennmszh/tests/mock-elements/src/test/resources
[INFO] 
[INFO] --- maven-compiler-plugin:3.1:testCompile (default-testCompile) @ org.opennms.tests.mock-elements ---
[INFO] No sources to compile
[INFO] 
[INFO] --- maven-surefire-plugin:2.9:test (default-test) @ org.opennms.tests.mock-elements ---
[INFO] Tests are skipped.
[INFO] 
[INFO] --- maven-bundle-plugin:2.3.7:bundle (default-bundle) @ org.opennms.tests.mock-elements ---
[INFO] 
[INFO] >>> maven-source-plugin:2.2.1:jar (default) @ org.opennms.tests.mock-elements >>>
[INFO] 
[INFO] <<< maven-source-plugin:2.2.1:jar (default) @ org.opennms.tests.mock-elements <<<
[INFO] 
[INFO] --- maven-source-plugin:2.2.1:jar (default) @ org.opennms.tests.mock-elements ---
[INFO] 
[INFO] --- maven-install-plugin:2.5.2:install (default-install) @ org.opennms.tests.mock-elements ---
[INFO] Installing /data/ubuntu14/opennmszh/tests/mock-elements/target/org.opennms.tests.mock-elements-1.12.9.jar to /root/.m2/repository/org/opennms/tests/org.opennms.tests.mock-elements/1.12.9/org.opennms.tests.mock-elements-1.12.9.jar
[INFO] Installing /data/ubuntu14/opennmszh/tests/mock-elements/pom.xml to /root/.m2/repository/org/opennms/tests/org.opennms.tests.mock-elements/1.12.9/org.opennms.tests.mock-elements-1.12.9.pom
[INFO] Installing /data/ubuntu14/opennmszh/tests/mock-elements/target/org.opennms.tests.mock-elements-1.12.9-sources.jar to /root/.m2/repository/org/opennms/tests/org.opennms.tests.mock-elements/1.12.9/org.opennms.tests.mock-elements-1.12.9-sources.jar
[INFO] 
[INFO] --- maven-bundle-plugin:2.3.7:install (default-install) @ org.opennms.tests.mock-elements ---
[INFO] Local OBR update disabled (enable with -DobrRepository)
[INFO]                                                                         
[INFO] ------------------------------------------------------------------------
[INFO] Building OpenNMS Core Database Installer 1.12.9
[INFO] ------------------------------------------------------------------------
[INFO] 
[INFO] --- maven-resources-plugin:2.5:resources (default-resources) @ org.opennms.core.db.install ---
[debug] execute contextualize
[INFO] Using 'UTF-8' encoding to copy filtered resources.
[INFO] Copying 1 resource
[INFO] 
[INFO] --- maven-compiler-plugin:3.1:compile (default-compile) @ org.opennms.core.db.install ---
[INFO] Nothing to compile - all classes are up to date
[INFO] 
[INFO] --- maven-resources-plugin:2.5:testResources (default-testResources) @ org.opennms.core.db.install ---
[debug] execute contextualize
[INFO] Using 'UTF-8' encoding to copy filtered resources.
[INFO] skip non existing resourceDirectory /data/ubuntu14/opennmszh/core/db-install/src/test/resources
[INFO] 
[INFO] --- maven-compiler-plugin:3.1:testCompile (default-testCompile) @ org.opennms.core.db.install ---
[INFO] No sources to compile
[INFO] 
[INFO] --- maven-surefire-plugin:2.9:test (default-test) @ org.opennms.core.db.install ---
[INFO] Tests are skipped.
[INFO] 
[INFO] --- maven-bundle-plugin:2.3.7:bundle (default-bundle) @ org.opennms.core.db.install ---
[INFO] 
[INFO] >>> maven-source-plugin:2.2.1:jar (default) @ org.opennms.core.db.install >>>
[INFO] 
[INFO] <<< maven-source-plugin:2.2.1:jar (default) @ org.opennms.core.db.install <<<
[INFO] 
[INFO] --- maven-source-plugin:2.2.1:jar (default) @ org.opennms.core.db.install ---
[INFO] 
[INFO] --- maven-install-plugin:2.5.2:install (default-install) @ org.opennms.core.db.install ---
[INFO] Installing /data/ubuntu14/opennmszh/core/db-install/target/org.opennms.core.db.install-1.12.9.jar to /root/.m2/repository/org/opennms/core/org.opennms.core.db.install/1.12.9/org.opennms.core.db.install-1.12.9.jar
[INFO] Installing /data/ubuntu14/opennmszh/core/db-install/pom.xml to /root/.m2/repository/org/opennms/core/org.opennms.core.db.install/1.12.9/org.opennms.core.db.install-1.12.9.pom
[INFO] Installing /data/ubuntu14/opennmszh/core/db-install/target/org.opennms.core.db.install-1.12.9-sources.jar to /root/.m2/repository/org/opennms/core/org.opennms.core.db.install/1.12.9/org.opennms.core.db.install-1.12.9-sources.jar
[INFO] 
[INFO] --- maven-bundle-plugin:2.3.7:install (default-install) @ org.opennms.core.db.install ---
[INFO] Local OBR update disabled (enable with -DobrRepository)
[INFO]                                                                         
[INFO] ------------------------------------------------------------------------
[INFO] Building OpenNMS Core Schema 1.12.9
[INFO] ------------------------------------------------------------------------
[INFO] 
[INFO] --- maven-resources-plugin:2.5:resources (default-resources) @ org.opennms.core.schema ---
[debug] execute contextualize
[INFO] Using 'UTF-8' encoding to copy filtered resources.
[INFO] Copying 1 resource
[INFO] 
[INFO] --- maven-compiler-plugin:3.1:compile (default-compile) @ org.opennms.core.schema ---
[INFO] Nothing to compile - all classes are up to date
[INFO] 
[INFO] --- maven-resources-plugin:2.5:testResources (default-testResources) @ org.opennms.core.schema ---
[debug] execute contextualize
[INFO] Using 'UTF-8' encoding to copy filtered resources.
[INFO] Copying 101 resources
[INFO] skip non existing resourceDirectory /data/ubuntu14/opennmszh/core/schema/src/test/resources
[INFO] 
[INFO] --- maven-compiler-plugin:3.1:testCompile (default-testCompile) @ org.opennms.core.schema ---
[INFO] Nothing to compile - all classes are up to date
[INFO] 
[INFO] --- maven-surefire-plugin:2.9:test (default-test) @ org.opennms.core.schema ---
[INFO] Tests are skipped.
[INFO] 
[INFO] --- maven-jar-plugin:2.3.1:jar (default-jar) @ org.opennms.core.schema ---
[INFO] 
[INFO] >>> maven-source-plugin:2.2.1:jar (default) @ org.opennms.core.schema >>>
[INFO] 
[INFO] <<< maven-source-plugin:2.2.1:jar (default) @ org.opennms.core.schema <<<
[INFO] 
[INFO] --- maven-source-plugin:2.2.1:jar (default) @ org.opennms.core.schema ---
[INFO] 
[INFO] --- maven-assembly-plugin:2.4:single (default) @ org.opennms.core.schema ---
[INFO] Reading assembly descriptor: src/assembly/liquibase.xml
[INFO] Building jar: /data/ubuntu14/opennmszh/core/schema/target/org.opennms.core.schema-1.12.9-liquibase.jar
[INFO] 
[INFO] --- maven-install-plugin:2.3.1:install (default-install) @ org.opennms.core.schema ---
[INFO] Installing /data/ubuntu14/opennmszh/core/schema/target/org.opennms.core.schema-1.12.9.jar to /root/.m2/repository/org/opennms/core/org.opennms.core.schema/1.12.9/org.opennms.core.schema-1.12.9.jar
[INFO] Installing /data/ubuntu14/opennmszh/core/schema/pom.xml to /root/.m2/repository/org/opennms/core/org.opennms.core.schema/1.12.9/org.opennms.core.schema-1.12.9.pom
[INFO] Installing /data/ubuntu14/opennmszh/core/schema/target/org.opennms.core.schema-1.12.9-sources.jar to /root/.m2/repository/org/opennms/core/org.opennms.core.schema/1.12.9/org.opennms.core.schema-1.12.9-sources.jar
[INFO] Installing /data/ubuntu14/opennmszh/core/schema/target/org.opennms.core.schema-1.12.9-liquibase.jar to /root/.m2/repository/org/opennms/core/org.opennms.core.schema/1.12.9/org.opennms.core.schema-1.12.9-liquibase.jar
[INFO]                                                                         
[INFO] ------------------------------------------------------------------------
[INFO] Building OpenNMS Core Test API (HTTP) 1.12.9
[INFO] ------------------------------------------------------------------------
[INFO] 
[INFO] --- maven-resources-plugin:2.5:resources (default-resources) @ org.opennms.core.test-api.http ---
[debug] execute contextualize
[INFO] Using 'UTF-8' encoding to copy filtered resources.
[INFO] Copying 1 resource
[INFO] 
[INFO] --- maven-compiler-plugin:3.1:compile (default-compile) @ org.opennms.core.test-api.http ---
[INFO] Nothing to compile - all classes are up to date
[INFO] 
[INFO] --- maven-resources-plugin:2.5:testResources (default-testResources) @ org.opennms.core.test-api.http ---
[debug] execute contextualize
[INFO] Using 'UTF-8' encoding to copy filtered resources.
[INFO] Copying 4 resources
[INFO] 
[INFO] --- maven-compiler-plugin:3.1:testCompile (default-testCompile) @ org.opennms.core.test-api.http ---
[INFO] Nothing to compile - all classes are up to date
[INFO] 
[INFO] --- maven-surefire-plugin:2.9:test (default-test) @ org.opennms.core.test-api.http ---
[INFO] Tests are skipped.
[INFO] 
[INFO] --- maven-bundle-plugin:2.3.7:bundle (default-bundle) @ org.opennms.core.test-api.http ---
[INFO] 
[INFO] >>> maven-source-plugin:2.2.1:jar (default) @ org.opennms.core.test-api.http >>>
[INFO] 
[INFO] <<< maven-source-plugin:2.2.1:jar (default) @ org.opennms.core.test-api.http <<<
[INFO] 
[INFO] --- maven-source-plugin:2.2.1:jar (default) @ org.opennms.core.test-api.http ---
[INFO] 
[INFO] --- maven-install-plugin:2.5.2:install (default-install) @ org.opennms.core.test-api.http ---
[INFO] Installing /data/ubuntu14/opennmszh/core/test-api/http/target/org.opennms.core.test-api.http-1.12.9.jar to /root/.m2/repository/org/opennms/core/test-api/org.opennms.core.test-api.http/1.12.9/org.opennms.core.test-api.http-1.12.9.jar
[INFO] Installing /data/ubuntu14/opennmszh/core/test-api/http/pom.xml to /root/.m2/repository/org/opennms/core/test-api/org.opennms.core.test-api.http/1.12.9/org.opennms.core.test-api.http-1.12.9.pom
[INFO] Installing /data/ubuntu14/opennmszh/core/test-api/http/target/org.opennms.core.test-api.http-1.12.9-sources.jar to /root/.m2/repository/org/opennms/core/test-api/org.opennms.core.test-api.http/1.12.9/org.opennms.core.test-api.http-1.12.9-sources.jar
[INFO] 
[INFO] --- maven-bundle-plugin:2.3.7:install (default-install) @ org.opennms.core.test-api.http ---
[INFO] Local OBR update disabled (enable with -DobrRepository)
[INFO]                                                                         
[INFO] ------------------------------------------------------------------------
[INFO] Building OpenNMS Core Test API (Schema) 1.12.9
[INFO] ------------------------------------------------------------------------
[INFO] 
[INFO] >>> maven-source-plugin:2.2.1:jar (default) @ org.opennms.core.test-api.schema >>>
[INFO] 
[INFO] <<< maven-source-plugin:2.2.1:jar (default) @ org.opennms.core.test-api.schema <<<
[INFO] 
[INFO] --- maven-source-plugin:2.2.1:jar (default) @ org.opennms.core.test-api.schema ---
[INFO] 
[INFO] --- maven-install-plugin:2.3.1:install (default-install) @ org.opennms.core.test-api.schema ---
[INFO] Installing /data/ubuntu14/opennmszh/core/test-api/schema/pom.xml to /root/.m2/repository/org/opennms/core/test-api/org.opennms.core.test-api.schema/1.12.9/org.opennms.core.test-api.schema-1.12.9.pom
[INFO]                                                                         
[INFO] ------------------------------------------------------------------------
[INFO] Building OpenNMS Core Test API (Test Schema A) 1.12.9
[INFO] ------------------------------------------------------------------------
[INFO] 
[INFO] --- maven-resources-plugin:2.5:resources (default-resources) @ org.opennms.core.test-api.schema.a ---
[debug] execute contextualize
[INFO] Using 'UTF-8' encoding to copy filtered resources.
[INFO] Copying 1 resource
[INFO] 
[INFO] --- maven-compiler-plugin:3.1:compile (default-compile) @ org.opennms.core.test-api.schema.a ---
[INFO] No sources to compile
[INFO] 
[INFO] --- maven-resources-plugin:2.5:testResources (default-testResources) @ org.opennms.core.test-api.schema.a ---
[debug] execute contextualize
[INFO] Using 'UTF-8' encoding to copy filtered resources.
[INFO] skip non existing resourceDirectory /data/ubuntu14/opennmszh/core/test-api/schema/a/src/test/resources
[INFO] 
[INFO] --- maven-compiler-plugin:3.1:testCompile (default-testCompile) @ org.opennms.core.test-api.schema.a ---
[INFO] No sources to compile
[INFO] 
[INFO] --- maven-surefire-plugin:2.9:test (default-test) @ org.opennms.core.test-api.schema.a ---
[INFO] Tests are skipped.
[INFO] 
[INFO] --- maven-jar-plugin:2.3.1:jar (default-jar) @ org.opennms.core.test-api.schema.a ---
[INFO] 
[INFO] >>> maven-source-plugin:2.2.1:jar (default) @ org.opennms.core.test-api.schema.a >>>
[INFO] 
[INFO] <<< maven-source-plugin:2.2.1:jar (default) @ org.opennms.core.test-api.schema.a <<<
[INFO] 
[INFO] --- maven-source-plugin:2.2.1:jar (default) @ org.opennms.core.test-api.schema.a ---
[INFO] 
[INFO] --- maven-install-plugin:2.3.1:install (default-install) @ org.opennms.core.test-api.schema.a ---
[INFO] Installing /data/ubuntu14/opennmszh/core/test-api/schema/a/target/org.opennms.core.test-api.schema.a-1.12.9.jar to /root/.m2/repository/org/opennms/core/test-api/schema/org.opennms.core.test-api.schema.a/1.12.9/org.opennms.core.test-api.schema.a-1.12.9.jar
[INFO] Installing /data/ubuntu14/opennmszh/core/test-api/schema/a/pom.xml to /root/.m2/repository/org/opennms/core/test-api/schema/org.opennms.core.test-api.schema.a/1.12.9/org.opennms.core.test-api.schema.a-1.12.9.pom
[INFO] Installing /data/ubuntu14/opennmszh/core/test-api/schema/a/target/org.opennms.core.test-api.schema.a-1.12.9-sources.jar to /root/.m2/repository/org/opennms/core/test-api/schema/org.opennms.core.test-api.schema.a/1.12.9/org.opennms.core.test-api.schema.a-1.12.9-sources.jar
[INFO]                                                                         
[INFO] ------------------------------------------------------------------------
[INFO] Building OpenNMS Core Test API (Test Schema B) 1.12.9
[INFO] ------------------------------------------------------------------------
[INFO] 
[INFO] --- maven-resources-plugin:2.5:resources (default-resources) @ org.opennms.core.test-api.schema.b ---
[debug] execute contextualize
[INFO] Using 'UTF-8' encoding to copy filtered resources.
[INFO] Copying 1 resource
[INFO] 
[INFO] --- maven-compiler-plugin:3.1:compile (default-compile) @ org.opennms.core.test-api.schema.b ---
[INFO] No sources to compile
[INFO] 
[INFO] --- maven-resources-plugin:2.5:testResources (default-testResources) @ org.opennms.core.test-api.schema.b ---
[debug] execute contextualize
[INFO] Using 'UTF-8' encoding to copy filtered resources.
[INFO] skip non existing resourceDirectory /data/ubuntu14/opennmszh/core/test-api/schema/b/src/test/resources
[INFO] 
[INFO] --- maven-compiler-plugin:3.1:testCompile (default-testCompile) @ org.opennms.core.test-api.schema.b ---
[INFO] No sources to compile
[INFO] 
[INFO] --- maven-surefire-plugin:2.9:test (default-test) @ org.opennms.core.test-api.schema.b ---
[INFO] Tests are skipped.
[INFO] 
[INFO] --- maven-jar-plugin:2.3.1:jar (default-jar) @ org.opennms.core.test-api.schema.b ---
[INFO] 
[INFO] >>> maven-source-plugin:2.2.1:jar (default) @ org.opennms.core.test-api.schema.b >>>
[INFO] 
[INFO] <<< maven-source-plugin:2.2.1:jar (default) @ org.opennms.core.test-api.schema.b <<<
[INFO] 
[INFO] --- maven-source-plugin:2.2.1:jar (default) @ org.opennms.core.test-api.schema.b ---
[INFO] 
[INFO] --- maven-install-plugin:2.3.1:install (default-install) @ org.opennms.core.test-api.schema.b ---
[INFO] Installing /data/ubuntu14/opennmszh/core/test-api/schema/b/target/org.opennms.core.test-api.schema.b-1.12.9.jar to /root/.m2/repository/org/opennms/core/test-api/schema/org.opennms.core.test-api.schema.b/1.12.9/org.opennms.core.test-api.schema.b-1.12.9.jar
[INFO] Installing /data/ubuntu14/opennmszh/core/test-api/schema/b/pom.xml to /root/.m2/repository/org/opennms/core/test-api/schema/org.opennms.core.test-api.schema.b/1.12.9/org.opennms.core.test-api.schema.b-1.12.9.pom
[INFO] Installing /data/ubuntu14/opennmszh/core/test-api/schema/b/target/org.opennms.core.test-api.schema.b-1.12.9-sources.jar to /root/.m2/repository/org/opennms/core/test-api/schema/org.opennms.core.test-api.schema.b/1.12.9/org.opennms.core.test-api.schema.b-1.12.9-sources.jar
[INFO]                                                                         
[INFO] ------------------------------------------------------------------------
[INFO] Building OpenNMS RRD Module 1.12.9
[INFO] ------------------------------------------------------------------------
[INFO] 
[INFO] >>> maven-source-plugin:2.2.1:jar (default) @ opennms-rrd >>>
[INFO] 
[INFO] <<< maven-source-plugin:2.2.1:jar (default) @ opennms-rrd <<<
[INFO] 
[INFO] --- maven-source-plugin:2.2.1:jar (default) @ opennms-rrd ---
[INFO] 
[INFO] --- maven-install-plugin:2.3.1:install (default-install) @ opennms-rrd ---
[INFO] Installing /data/ubuntu14/opennmszh/opennms-rrd/pom.xml to /root/.m2/repository/org/opennms/opennms-rrd/1.12.9/opennms-rrd-1.12.9.pom
[INFO]                                                                         
[INFO] ------------------------------------------------------------------------
[INFO] Building OpenNMS RRD Interface 1.12.9
[INFO] ------------------------------------------------------------------------
[INFO] 
[INFO] --- maven-resources-plugin:2.5:resources (default-resources) @ opennms-rrd-api ---
[debug] execute contextualize
[INFO] Using 'UTF-8' encoding to copy filtered resources.
[INFO] Copying 1 resource
[INFO] 
[INFO] --- maven-compiler-plugin:3.1:compile (default-compile) @ opennms-rrd-api ---
[INFO] Nothing to compile - all classes are up to date
[INFO] 
[INFO] --- maven-resources-plugin:2.5:testResources (default-testResources) @ opennms-rrd-api ---
[debug] execute contextualize
[INFO] Using 'UTF-8' encoding to copy filtered resources.
[INFO] skip non existing resourceDirectory /data/ubuntu14/opennmszh/opennms-rrd/opennms-rrd-api/src/test/resources
[INFO] 
[INFO] --- maven-compiler-plugin:3.1:testCompile (default-testCompile) @ opennms-rrd-api ---
[INFO] No sources to compile
[INFO] 
[INFO] --- maven-surefire-plugin:2.9:test (default-test) @ opennms-rrd-api ---
[INFO] Tests are skipped.
[INFO] 
[INFO] --- maven-bundle-plugin:2.3.7:bundle (default-bundle) @ opennms-rrd-api ---
[INFO] 
[INFO] >>> maven-source-plugin:2.2.1:jar (default) @ opennms-rrd-api >>>
[INFO] 
[INFO] <<< maven-source-plugin:2.2.1:jar (default) @ opennms-rrd-api <<<
[INFO] 
[INFO] --- maven-source-plugin:2.2.1:jar (default) @ opennms-rrd-api ---
[INFO] 
[INFO] --- maven-install-plugin:2.5.2:install (default-install) @ opennms-rrd-api ---
[INFO] Installing /data/ubuntu14/opennmszh/opennms-rrd/opennms-rrd-api/target/opennms-rrd-api-1.12.9.jar to /root/.m2/repository/org/opennms/opennms-rrd-api/1.12.9/opennms-rrd-api-1.12.9.jar
[INFO] Installing /data/ubuntu14/opennmszh/opennms-rrd/opennms-rrd-api/pom.xml to /root/.m2/repository/org/opennms/opennms-rrd-api/1.12.9/opennms-rrd-api-1.12.9.pom
[INFO] Installing /data/ubuntu14/opennmszh/opennms-rrd/opennms-rrd-api/target/opennms-rrd-api-1.12.9-sources.jar to /root/.m2/repository/org/opennms/opennms-rrd-api/1.12.9/opennms-rrd-api-1.12.9-sources.jar
[INFO] 
[INFO] --- maven-bundle-plugin:2.3.7:install (default-install) @ opennms-rrd-api ---
[INFO] Local OBR update disabled (enable with -DobrRepository)
[INFO]                                                                         
[INFO] ------------------------------------------------------------------------
[INFO] Building OpenNMS JRobin RRD Implementation 1.12.9
[INFO] ------------------------------------------------------------------------
[INFO] 
[INFO] --- maven-resources-plugin:2.5:resources (default-resources) @ opennms-rrd-jrobin ---
[debug] execute contextualize
[INFO] Using 'UTF-8' encoding to copy filtered resources.
[INFO] skip non existing resourceDirectory /data/ubuntu14/opennmszh/opennms-rrd/opennms-rrd-jrobin/src/main/resources
[INFO] 
[INFO] --- maven-compiler-plugin:3.1:compile (default-compile) @ opennms-rrd-jrobin ---
[INFO] Nothing to compile - all classes are up to date
[INFO] 
[INFO] --- maven-resources-plugin:2.5:testResources (default-testResources) @ opennms-rrd-jrobin ---
[debug] execute contextualize
[INFO] Using 'UTF-8' encoding to copy filtered resources.
[INFO] skip non existing resourceDirectory /data/ubuntu14/opennmszh/opennms-rrd/opennms-rrd-jrobin/src/test/resources
[INFO] 
[INFO] --- maven-compiler-plugin:3.1:testCompile (default-testCompile) @ opennms-rrd-jrobin ---
[INFO] Nothing to compile - all classes are up to date
[INFO] 
[INFO] --- maven-surefire-plugin:2.9:test (default-test) @ opennms-rrd-jrobin ---
[INFO] Tests are skipped.
[INFO] 
[INFO] --- maven-bundle-plugin:2.3.7:bundle (default-bundle) @ opennms-rrd-jrobin ---
[INFO] 
[INFO] >>> maven-source-plugin:2.2.1:jar (default) @ opennms-rrd-jrobin >>>
[INFO] 
[INFO] <<< maven-source-plugin:2.2.1:jar (default) @ opennms-rrd-jrobin <<<
[INFO] 
[INFO] --- maven-source-plugin:2.2.1:jar (default) @ opennms-rrd-jrobin ---
[INFO] 
[INFO] --- maven-install-plugin:2.5.2:install (default-install) @ opennms-rrd-jrobin ---
[INFO] Installing /data/ubuntu14/opennmszh/opennms-rrd/opennms-rrd-jrobin/target/opennms-rrd-jrobin-1.12.9.jar to /root/.m2/repository/org/opennms/opennms-rrd-jrobin/1.12.9/opennms-rrd-jrobin-1.12.9.jar
[INFO] Installing /data/ubuntu14/opennmszh/opennms-rrd/opennms-rrd-jrobin/pom.xml to /root/.m2/repository/org/opennms/opennms-rrd-jrobin/1.12.9/opennms-rrd-jrobin-1.12.9.pom
[INFO] Installing /data/ubuntu14/opennmszh/opennms-rrd/opennms-rrd-jrobin/target/opennms-rrd-jrobin-1.12.9-sources.jar to /root/.m2/repository/org/opennms/opennms-rrd-jrobin/1.12.9/opennms-rrd-jrobin-1.12.9-sources.jar
[INFO] 
[INFO] --- maven-bundle-plugin:2.3.7:install (default-install) @ opennms-rrd-jrobin ---
[INFO] Local OBR update disabled (enable with -DobrRepository)
[INFO]                                                                         
[INFO] ------------------------------------------------------------------------
[INFO] Building OpenNMS Core Test API (Database) 1.12.9
[INFO] ------------------------------------------------------------------------
[INFO] 
[INFO] --- maven-resources-plugin:2.5:resources (default-resources) @ org.opennms.core.test-api.db ---
[debug] execute contextualize
[INFO] Using 'UTF-8' encoding to copy filtered resources.
[INFO] Copying 1 resource
[INFO] 
[INFO] --- maven-compiler-plugin:3.1:compile (default-compile) @ org.opennms.core.test-api.db ---
[INFO] Nothing to compile - all classes are up to date
[INFO] 
[INFO] --- maven-resources-plugin:2.5:testResources (default-testResources) @ org.opennms.core.test-api.db ---
[debug] execute contextualize
[INFO] Using 'UTF-8' encoding to copy filtered resources.
[INFO] Copying 2 resources
[INFO] 
[INFO] --- maven-compiler-plugin:3.1:testCompile (default-testCompile) @ org.opennms.core.test-api.db ---
[INFO] Nothing to compile - all classes are up to date
[INFO] 
[INFO] --- maven-surefire-plugin:2.9:test (default-test) @ org.opennms.core.test-api.db ---
[INFO] Tests are skipped.
[INFO] 
[INFO] --- maven-bundle-plugin:2.3.7:bundle (default-bundle) @ org.opennms.core.test-api.db ---
[INFO] 
[INFO] >>> maven-source-plugin:2.2.1:jar (default) @ org.opennms.core.test-api.db >>>
[INFO] 
[INFO] <<< maven-source-plugin:2.2.1:jar (default) @ org.opennms.core.test-api.db <<<
[INFO] 
[INFO] --- maven-source-plugin:2.2.1:jar (default) @ org.opennms.core.test-api.db ---
[INFO] 
[INFO] --- maven-install-plugin:2.5.2:install (default-install) @ org.opennms.core.test-api.db ---
[INFO] Installing /data/ubuntu14/opennmszh/core/test-api/db/target/org.opennms.core.test-api.db-1.12.9.jar to /root/.m2/repository/org/opennms/core/test-api/org.opennms.core.test-api.db/1.12.9/org.opennms.core.test-api.db-1.12.9.jar
[INFO] Installing /data/ubuntu14/opennmszh/core/test-api/db/pom.xml to /root/.m2/repository/org/opennms/core/test-api/org.opennms.core.test-api.db/1.12.9/org.opennms.core.test-api.db-1.12.9.pom
[INFO] Installing /data/ubuntu14/opennmszh/core/test-api/db/target/org.opennms.core.test-api.db-1.12.9-sources.jar to /root/.m2/repository/org/opennms/core/test-api/org.opennms.core.test-api.db/1.12.9/org.opennms.core.test-api.db-1.12.9-sources.jar
[INFO] 
[INFO] --- maven-bundle-plugin:2.3.7:install (default-install) @ org.opennms.core.test-api.db ---
[INFO] Local OBR update disabled (enable with -DobrRepository)
[INFO]                                                                         
[INFO] ------------------------------------------------------------------------
[INFO] Building OpenNMS Configuration 1.12.9
[INFO] ------------------------------------------------------------------------
[INFO] 
[INFO] --- maven-resources-plugin:2.5:resources (default-resources) @ opennms-config ---
[debug] execute contextualize
[INFO] Using 'UTF-8' encoding to copy filtered resources.
[INFO] skip non existing resourceDirectory /data/ubuntu14/opennmszh/opennms-config/src/main/resources
[INFO] 
[INFO] --- maven-compiler-plugin:3.1:compile (default-compile) @ opennms-config ---
[INFO] Nothing to compile - all classes are up to date
[INFO] 
[INFO] --- maven-resources-plugin:2.5:testResources (default-testResources) @ opennms-config ---
[debug] execute contextualize
[INFO] Using 'UTF-8' encoding to copy filtered resources.
[INFO] Copying 382 resources
[INFO] 
[INFO] --- maven-compiler-plugin:3.1:testCompile (default-testCompile) @ opennms-config ---
[INFO] Nothing to compile - all classes are up to date
[INFO] 
[INFO] --- maven-surefire-plugin:2.9:test (default-test) @ opennms-config ---
[INFO] Tests are skipped.
[INFO] 
[INFO] --- maven-jar-plugin:2.3.1:jar (default-jar) @ opennms-config ---
[INFO] 
[INFO] >>> maven-source-plugin:2.2.1:jar (default) @ opennms-config >>>
[INFO] 
[INFO] <<< maven-source-plugin:2.2.1:jar (default) @ opennms-config <<<
[INFO] 
[INFO] --- maven-source-plugin:2.2.1:jar (default) @ opennms-config ---
[INFO] 
[INFO] --- maven-install-plugin:2.3.1:install (default-install) @ opennms-config ---
[INFO] Installing /data/ubuntu14/opennmszh/opennms-config/target/opennms-config-1.12.9.jar to /root/.m2/repository/org/opennms/opennms-config/1.12.9/opennms-config-1.12.9.jar
[INFO] Installing /data/ubuntu14/opennmszh/opennms-config/pom.xml to /root/.m2/repository/org/opennms/opennms-config/1.12.9/opennms-config-1.12.9.pom
[INFO] Installing /data/ubuntu14/opennmszh/opennms-config/target/opennms-config-1.12.9-sources.jar to /root/.m2/repository/org/opennms/opennms-config/1.12.9/opennms-config-1.12.9-sources.jar
[INFO]                                                                         
[INFO] ------------------------------------------------------------------------
[INFO] Building OpenNMS Daemon 1.12.9
[INFO] ------------------------------------------------------------------------
[INFO] 
[INFO] --- maven-resources-plugin:2.5:resources (default-resources) @ org.opennms.core.daemon ---
[debug] execute contextualize
[INFO] Using 'UTF-8' encoding to copy filtered resources.
[INFO] Copying 3 resources
[INFO] 
[INFO] --- maven-compiler-plugin:3.1:compile (default-compile) @ org.opennms.core.daemon ---
[INFO] Nothing to compile - all classes are up to date
[INFO] 
[INFO] --- maven-resources-plugin:2.5:testResources (default-testResources) @ org.opennms.core.daemon ---
[debug] execute contextualize
[INFO] Using 'UTF-8' encoding to copy filtered resources.
[INFO] skip non existing resourceDirectory /data/ubuntu14/opennmszh/core/daemon/src/test/resources
[INFO] 
[INFO] --- maven-compiler-plugin:3.1:testCompile (default-testCompile) @ org.opennms.core.daemon ---
[INFO] Nothing to compile - all classes are up to date
[INFO] 
[INFO] --- maven-surefire-plugin:2.9:test (default-test) @ org.opennms.core.daemon ---
[INFO] Tests are skipped.
[INFO] 
[INFO] --- maven-bundle-plugin:2.3.7:bundle (default-bundle) @ org.opennms.core.daemon ---
[INFO] 
[INFO] >>> maven-source-plugin:2.2.1:jar (default) @ org.opennms.core.daemon >>>
[INFO] 
[INFO] <<< maven-source-plugin:2.2.1:jar (default) @ org.opennms.core.daemon <<<
[INFO] 
[INFO] --- maven-source-plugin:2.2.1:jar (default) @ org.opennms.core.daemon ---
[INFO] 
[INFO] --- maven-install-plugin:2.5.2:install (default-install) @ org.opennms.core.daemon ---
[INFO] Installing /data/ubuntu14/opennmszh/core/daemon/target/org.opennms.core.daemon-1.12.9.jar to /root/.m2/repository/org/opennms/core/org.opennms.core.daemon/1.12.9/org.opennms.core.daemon-1.12.9.jar
[INFO] Installing /data/ubuntu14/opennmszh/core/daemon/pom.xml to /root/.m2/repository/org/opennms/core/org.opennms.core.daemon/1.12.9/org.opennms.core.daemon-1.12.9.pom
[INFO] Installing /data/ubuntu14/opennmszh/core/daemon/target/org.opennms.core.daemon-1.12.9-sources.jar to /root/.m2/repository/org/opennms/core/org.opennms.core.daemon/1.12.9/org.opennms.core.daemon-1.12.9-sources.jar
[INFO] 
[INFO] --- maven-bundle-plugin:2.3.7:install (default-install) @ org.opennms.core.daemon ---
[INFO] Local OBR update disabled (enable with -DobrRepository)
[INFO]                                                                         
[INFO] ------------------------------------------------------------------------
[INFO] Building OpenNMS Core Documentation 1.12.9
[INFO] ------------------------------------------------------------------------
[INFO] 
[INFO] --- maven-resources-plugin:2.5:resources (default-resources) @ org.opennms.core.doc ---
[debug] execute contextualize
[INFO] Using 'UTF-8' encoding to copy filtered resources.
[INFO] skip non existing resourceDirectory /data/ubuntu14/opennmszh/core/doc/src/main/resources
[INFO] 
[INFO] --- maven-compiler-plugin:3.1:compile (default-compile) @ org.opennms.core.doc ---
[INFO] No sources to compile
[INFO] 
[INFO] --- maven-resources-plugin:2.5:testResources (default-testResources) @ org.opennms.core.doc ---
[debug] execute contextualize
[INFO] Using 'UTF-8' encoding to copy filtered resources.
[INFO] skip non existing resourceDirectory /data/ubuntu14/opennmszh/core/doc/src/test/resources
[INFO] 
[INFO] --- maven-compiler-plugin:3.1:testCompile (default-testCompile) @ org.opennms.core.doc ---
[INFO] No sources to compile
[INFO] 
[INFO] --- maven-surefire-plugin:2.9:test (default-test) @ org.opennms.core.doc ---
[INFO] Tests are skipped.
[INFO] 
[INFO] --- maven-jar-plugin:2.3.1:jar (default-jar) @ org.opennms.core.doc ---
[WARNING] JAR will be empty - no content was marked for inclusion!
[INFO] 
[INFO] >>> maven-source-plugin:2.2.1:jar (default) @ org.opennms.core.doc >>>
[INFO] 
[INFO] <<< maven-source-plugin:2.2.1:jar (default) @ org.opennms.core.doc <<<
[INFO] 
[INFO] --- maven-source-plugin:2.2.1:jar (default) @ org.opennms.core.doc ---
[INFO] No sources in project. Archive not created.
[INFO] 
[INFO] --- maven-install-plugin:2.3.1:install (default-install) @ org.opennms.core.doc ---
[INFO] Installing /data/ubuntu14/opennmszh/core/doc/target/org.opennms.core.doc-1.12.9.jar to /root/.m2/repository/org/opennms/core/org.opennms.core.doc/1.12.9/org.opennms.core.doc-1.12.9.jar
[INFO] Installing /data/ubuntu14/opennmszh/core/doc/pom.xml to /root/.m2/repository/org/opennms/core/org.opennms.core.doc/1.12.9/org.opennms.core.doc-1.12.9.pom
[INFO]                                                                         
[INFO] ------------------------------------------------------------------------
[INFO] Building org.opennms.core.icmp-jna 1.12.9
[INFO] ------------------------------------------------------------------------
[INFO] 
[INFO] --- maven-resources-plugin:2.5:resources (default-resources) @ org.opennms.core.icmp-jna ---
[debug] execute contextualize
[INFO] Using 'UTF-8' encoding to copy filtered resources.
[INFO] skip non existing resourceDirectory /data/ubuntu14/opennmszh/core/icmp-jna/src/main/resources
[INFO] 
[INFO] --- maven-compiler-plugin:3.1:compile (default-compile) @ org.opennms.core.icmp-jna ---
[INFO] Nothing to compile - all classes are up to date
[INFO] 
[INFO] --- maven-resources-plugin:2.5:testResources (default-testResources) @ org.opennms.core.icmp-jna ---
[debug] execute contextualize
[INFO] Using 'UTF-8' encoding to copy filtered resources.
[INFO] skip non existing resourceDirectory /data/ubuntu14/opennmszh/core/icmp-jna/src/test/resources
[INFO] 
[INFO] --- maven-compiler-plugin:3.1:testCompile (default-testCompile) @ org.opennms.core.icmp-jna ---
[INFO] Nothing to compile - all classes are up to date
[INFO] 
[INFO] --- maven-surefire-plugin:2.9:test (default-test) @ org.opennms.core.icmp-jna ---
[INFO] Tests are skipped.
[INFO] 
[INFO] --- maven-bundle-plugin:2.3.7:bundle (default-bundle) @ org.opennms.core.icmp-jna ---
[INFO] 
[INFO] >>> maven-source-plugin:2.2.1:jar (default) @ org.opennms.core.icmp-jna >>>
[INFO] 
[INFO] <<< maven-source-plugin:2.2.1:jar (default) @ org.opennms.core.icmp-jna <<<
[INFO] 
[INFO] --- maven-source-plugin:2.2.1:jar (default) @ org.opennms.core.icmp-jna ---
[INFO] 
[INFO] --- maven-install-plugin:2.5.2:install (default-install) @ org.opennms.core.icmp-jna ---
[INFO] Installing /data/ubuntu14/opennmszh/core/icmp-jna/target/org.opennms.core.icmp-jna-1.12.9.jar to /root/.m2/repository/org/opennms/core/org.opennms.core.icmp-jna/1.12.9/org.opennms.core.icmp-jna-1.12.9.jar
[INFO] Installing /data/ubuntu14/opennmszh/core/icmp-jna/pom.xml to /root/.m2/repository/org/opennms/core/org.opennms.core.icmp-jna/1.12.9/org.opennms.core.icmp-jna-1.12.9.pom
[INFO] Installing /data/ubuntu14/opennmszh/core/icmp-jna/target/org.opennms.core.icmp-jna-1.12.9-sources.jar to /root/.m2/repository/org/opennms/core/org.opennms.core.icmp-jna/1.12.9/org.opennms.core.icmp-jna-1.12.9-sources.jar
[INFO] 
[INFO] --- maven-bundle-plugin:2.3.7:install (default-install) @ org.opennms.core.icmp-jna ---
[INFO] Local OBR update disabled (enable with -DobrRepository)
[INFO]                                                                         
[INFO] ------------------------------------------------------------------------
[INFO] Building OpenNMS Core Runtime 1.12.9
[INFO] ------------------------------------------------------------------------
[INFO] 
[INFO] --- buildnumber-maven-plugin:1.0:create (default) @ org.opennms.core.runtime ---
[INFO] Checking for local modifications: skipped.
[INFO] Updating project files from SCM: skipped.
[INFO] Executing: /bin/sh -c cd /data/ubuntu14/opennmszh && git show
[INFO] Working directory: /data/ubuntu14/opennmszh
[INFO] Storing buildNumber: 14d9051c0babbaebd3a8ee4f5dce3f291a899116 at timestamp: 1469705604311
[INFO] Executing: /bin/sh -c cd /data/ubuntu14/opennmszh && git show
[INFO] Working directory: /data/ubuntu14/opennmszh
[INFO] Storing buildScmBranch: UNKNOWN
[INFO] 
[INFO] --- maven-resources-plugin:2.5:resources (default-resources) @ org.opennms.core.runtime ---
[debug] execute contextualize
[INFO] Using 'UTF-8' encoding to copy filtered resources.
[INFO] skip non existing resourceDirectory /data/ubuntu14/opennmszh/core/runtime/src/main/resources
[INFO] Copying 1 resource
[INFO] 
[INFO] --- maven-compiler-plugin:3.1:compile (default-compile) @ org.opennms.core.runtime ---
[INFO] No sources to compile
[INFO] 
[INFO] --- maven-resources-plugin:2.5:testResources (default-testResources) @ org.opennms.core.runtime ---
[debug] execute contextualize
[INFO] Using 'UTF-8' encoding to copy filtered resources.
[INFO] skip non existing resourceDirectory /data/ubuntu14/opennmszh/core/runtime/src/test/resources
[INFO] 
[INFO] --- maven-compiler-plugin:3.1:testCompile (default-testCompile) @ org.opennms.core.runtime ---
[INFO] No sources to compile
[INFO] 
[INFO] --- maven-surefire-plugin:2.9:test (default-test) @ org.opennms.core.runtime ---
[INFO] Tests are skipped.
[INFO] 
[INFO] --- maven-jar-plugin:2.3.1:jar (default-jar) @ org.opennms.core.runtime ---
[INFO] Building jar: /data/ubuntu14/opennmszh/core/runtime/target/org.opennms.core.runtime-1.12.9.jar
[INFO] 
[INFO] >>> maven-source-plugin:2.2.1:jar (default) @ org.opennms.core.runtime >>>
[INFO] 
[INFO] --- buildnumber-maven-plugin:1.0:create (default) @ org.opennms.core.runtime ---
[INFO] 
[INFO] <<< maven-source-plugin:2.2.1:jar (default) @ org.opennms.core.runtime <<<
[INFO] 
[INFO] --- maven-source-plugin:2.2.1:jar (default) @ org.opennms.core.runtime ---
[INFO] 
[INFO] --- maven-install-plugin:2.3.1:install (default-install) @ org.opennms.core.runtime ---
[INFO] Installing /data/ubuntu14/opennmszh/core/runtime/target/org.opennms.core.runtime-1.12.9.jar to /root/.m2/repository/org/opennms/core/org.opennms.core.runtime/1.12.9/org.opennms.core.runtime-1.12.9.jar
[INFO] Installing /data/ubuntu14/opennmszh/core/runtime/pom.xml to /root/.m2/repository/org/opennms/core/org.opennms.core.runtime/1.12.9/org.opennms.core.runtime-1.12.9.pom
[INFO] Installing /data/ubuntu14/opennmszh/core/runtime/target/org.opennms.core.runtime-1.12.9-sources.jar to /root/.m2/repository/org/opennms/core/org.opennms.core.runtime/1.12.9/org.opennms.core.runtime-1.12.9-sources.jar
[INFO]                                                                         
[INFO] ------------------------------------------------------------------------
[INFO] Building OpenNMS Core Test API (SNMP) 1.12.9
[INFO] ------------------------------------------------------------------------
[INFO] 
[INFO] --- maven-resources-plugin:2.5:resources (default-resources) @ org.opennms.core.test-api.snmp ---
[debug] execute contextualize
[INFO] Using 'UTF-8' encoding to copy filtered resources.
[INFO] Copying 1 resource
[INFO] 
[INFO] --- maven-compiler-plugin:3.1:compile (default-compile) @ org.opennms.core.test-api.snmp ---
[INFO] Nothing to compile - all classes are up to date
[INFO] 
[INFO] --- maven-resources-plugin:2.5:testResources (default-testResources) @ org.opennms.core.test-api.snmp ---
[debug] execute contextualize
[INFO] Using 'UTF-8' encoding to copy filtered resources.
[INFO] Copying 2 resources
[INFO] 
[INFO] --- maven-compiler-plugin:3.1:testCompile (default-testCompile) @ org.opennms.core.test-api.snmp ---
[INFO] No sources to compile
[INFO] 
[INFO] --- maven-surefire-plugin:2.9:test (default-test) @ org.opennms.core.test-api.snmp ---
[INFO] Tests are skipped.
[INFO] 
[INFO] --- maven-bundle-plugin:2.3.7:bundle (default-bundle) @ org.opennms.core.test-api.snmp ---
[INFO] 
[INFO] >>> maven-source-plugin:2.2.1:jar (default) @ org.opennms.core.test-api.snmp >>>
[INFO] 
[INFO] <<< maven-source-plugin:2.2.1:jar (default) @ org.opennms.core.test-api.snmp <<<
[INFO] 
[INFO] --- maven-source-plugin:2.2.1:jar (default) @ org.opennms.core.test-api.snmp ---
[INFO] 
[INFO] --- maven-install-plugin:2.5.2:install (default-install) @ org.opennms.core.test-api.snmp ---
[INFO] Installing /data/ubuntu14/opennmszh/core/test-api/snmp/target/org.opennms.core.test-api.snmp-1.12.9.jar to /root/.m2/repository/org/opennms/core/test-api/org.opennms.core.test-api.snmp/1.12.9/org.opennms.core.test-api.snmp-1.12.9.jar
[INFO] Installing /data/ubuntu14/opennmszh/core/test-api/snmp/pom.xml to /root/.m2/repository/org/opennms/core/test-api/org.opennms.core.test-api.snmp/1.12.9/org.opennms.core.test-api.snmp-1.12.9.pom
[INFO] Installing /data/ubuntu14/opennmszh/core/test-api/snmp/target/org.opennms.core.test-api.snmp-1.12.9-sources.jar to /root/.m2/repository/org/opennms/core/test-api/org.opennms.core.test-api.snmp/1.12.9/org.opennms.core.test-api.snmp-1.12.9-sources.jar
[INFO] 
[INFO] --- maven-bundle-plugin:2.3.7:install (default-install) @ org.opennms.core.test-api.snmp ---
[INFO] Local OBR update disabled (enable with -DobrRepository)
[INFO]                                                                         
[INFO] ------------------------------------------------------------------------
[INFO] Building OpenNMS Core Test API (Services) 1.12.9
[INFO] ------------------------------------------------------------------------
[INFO] 
[INFO] --- maven-resources-plugin:2.5:resources (default-resources) @ org.opennms.core.test-api.services ---
[debug] execute contextualize
[INFO] Using 'UTF-8' encoding to copy filtered resources.
[INFO] Copying 11 resources
[INFO] 
[INFO] --- maven-compiler-plugin:3.1:compile (default-compile) @ org.opennms.core.test-api.services ---
[INFO] Nothing to compile - all classes are up to date
[INFO] 
[INFO] --- maven-resources-plugin:2.5:testResources (default-testResources) @ org.opennms.core.test-api.services ---
[debug] execute contextualize
[INFO] Using 'UTF-8' encoding to copy filtered resources.
[INFO] Copying 2 resources
[INFO] 
[INFO] --- maven-compiler-plugin:3.1:testCompile (default-testCompile) @ org.opennms.core.test-api.services ---
[INFO] Nothing to compile - all classes are up to date
[INFO] 
[INFO] --- maven-surefire-plugin:2.9:test (default-test) @ org.opennms.core.test-api.services ---
[INFO] Tests are skipped.
[INFO] 
[INFO] --- maven-bundle-plugin:2.3.7:bundle (default-bundle) @ org.opennms.core.test-api.services ---
[INFO] 
[INFO] >>> maven-source-plugin:2.2.1:jar (default) @ org.opennms.core.test-api.services >>>
[INFO] 
[INFO] <<< maven-source-plugin:2.2.1:jar (default) @ org.opennms.core.test-api.services <<<
[INFO] 
[INFO] --- maven-source-plugin:2.2.1:jar (default) @ org.opennms.core.test-api.services ---
[INFO] 
[INFO] --- maven-install-plugin:2.5.2:install (default-install) @ org.opennms.core.test-api.services ---
[INFO] Installing /data/ubuntu14/opennmszh/core/test-api/services/target/org.opennms.core.test-api.services-1.12.9.jar to /root/.m2/repository/org/opennms/core/test-api/org.opennms.core.test-api.services/1.12.9/org.opennms.core.test-api.services-1.12.9.jar
[INFO] Installing /data/ubuntu14/opennmszh/core/test-api/services/pom.xml to /root/.m2/repository/org/opennms/core/test-api/org.opennms.core.test-api.services/1.12.9/org.opennms.core.test-api.services-1.12.9.pom
[INFO] Installing /data/ubuntu14/opennmszh/core/test-api/services/target/org.opennms.core.test-api.services-1.12.9-sources.jar to /root/.m2/repository/org/opennms/core/test-api/org.opennms.core.test-api.services/1.12.9/org.opennms.core.test-api.services-1.12.9-sources.jar
[INFO] 
[INFO] --- maven-bundle-plugin:2.3.7:install (default-install) @ org.opennms.core.test-api.services ---
[INFO] Local OBR update disabled (enable with -DobrRepository)
[INFO]                                                                         
[INFO] ------------------------------------------------------------------------
[INFO] Building OpenNMS Service Registry 1.12.9
[INFO] ------------------------------------------------------------------------
[INFO] 
[INFO] --- maven-resources-plugin:2.5:resources (default-resources) @ org.opennms.core.soa ---
[debug] execute contextualize
[INFO] Using 'UTF-8' encoding to copy filtered resources.
[INFO] Copying 5 resources
[INFO] 
[INFO] --- maven-compiler-plugin:3.1:compile (default-compile) @ org.opennms.core.soa ---
[INFO] Nothing to compile - all classes are up to date
[INFO] 
[INFO] --- maven-resources-plugin:2.5:testResources (default-testResources) @ org.opennms.core.soa ---
[debug] execute contextualize
[INFO] Using 'UTF-8' encoding to copy filtered resources.
[INFO] Copying 4 resources
[INFO] 
[INFO] --- maven-compiler-plugin:3.1:testCompile (default-testCompile) @ org.opennms.core.soa ---
[INFO] Nothing to compile - all classes are up to date
[INFO] 
[INFO] --- maven-surefire-plugin:2.9:test (default-test) @ org.opennms.core.soa ---
[INFO] Tests are skipped.
[INFO] 
[INFO] --- maven-bundle-plugin:2.3.7:bundle (default-bundle) @ org.opennms.core.soa ---
[INFO] 
[INFO] >>> maven-source-plugin:2.2.1:jar (default) @ org.opennms.core.soa >>>
[INFO] 
[INFO] <<< maven-source-plugin:2.2.1:jar (default) @ org.opennms.core.soa <<<
[INFO] 
[INFO] --- maven-source-plugin:2.2.1:jar (default) @ org.opennms.core.soa ---
[INFO] 
[INFO] --- maven-assembly-plugin:2.4:single (default) @ org.opennms.core.soa ---
[INFO] Reading assembly descriptor: src/assembly/xsds.xml
[INFO] Building jar: /data/ubuntu14/opennmszh/core/soa/target/org.opennms.core.soa-1.12.9-xsds.jar
[INFO] 
[INFO] --- maven-install-plugin:2.5.2:install (default-install) @ org.opennms.core.soa ---
[INFO] Installing /data/ubuntu14/opennmszh/core/soa/target/org.opennms.core.soa-1.12.9.jar to /root/.m2/repository/org/opennms/core/org.opennms.core.soa/1.12.9/org.opennms.core.soa-1.12.9.jar
[INFO] Installing /data/ubuntu14/opennmszh/core/soa/pom.xml to /root/.m2/repository/org/opennms/core/org.opennms.core.soa/1.12.9/org.opennms.core.soa-1.12.9.pom
[INFO] Installing /data/ubuntu14/opennmszh/core/soa/target/org.opennms.core.soa-1.12.9-sources.jar to /root/.m2/repository/org/opennms/core/org.opennms.core.soa/1.12.9/org.opennms.core.soa-1.12.9-sources.jar
[INFO] Installing /data/ubuntu14/opennmszh/core/soa/target/org.opennms.core.soa-1.12.9-xsds.jar to /root/.m2/repository/org/opennms/core/org.opennms.core.soa/1.12.9/org.opennms.core.soa-1.12.9-xsds.jar
[INFO] 
[INFO] --- maven-bundle-plugin:2.3.7:install (default-install) @ org.opennms.core.soa ---
[INFO] Local OBR update disabled (enable with -DobrRepository)
[INFO]                                                                         
[INFO] ------------------------------------------------------------------------
[INFO] Building OpenNMS Persistence Layer 1.12.9
[INFO] ------------------------------------------------------------------------
[INFO] 
[INFO] --- maven-resources-plugin:2.5:resources (default-resources) @ opennms-dao ---
[debug] execute contextualize
[INFO] Using 'UTF-8' encoding to copy filtered resources.
[INFO] Copying 5 resources
[INFO] 
[INFO] --- maven-compiler-plugin:3.1:compile (default-compile) @ opennms-dao ---
[INFO] Nothing to compile - all classes are up to date
[INFO] 
[INFO] --- maven-resources-plugin:2.5:testResources (default-testResources) @ opennms-dao ---
[debug] execute contextualize
[INFO] Using 'UTF-8' encoding to copy filtered resources.
[INFO] Copying 25 resources
[INFO] 
[INFO] --- maven-compiler-plugin:3.1:testCompile (default-testCompile) @ opennms-dao ---
[INFO] Nothing to compile - all classes are up to date
[INFO] 
[INFO] --- maven-surefire-plugin:2.9:test (default-test) @ opennms-dao ---
[INFO] Tests are skipped.
[INFO] 
[INFO] --- maven-jar-plugin:2.3.1:jar (default-jar) @ opennms-dao ---
[INFO] 
[INFO] >>> maven-source-plugin:2.2.1:jar (default) @ opennms-dao >>>
[INFO] 
[INFO] <<< maven-source-plugin:2.2.1:jar (default) @ opennms-dao <<<
[INFO] 
[INFO] --- maven-source-plugin:2.2.1:jar (default) @ opennms-dao ---
[INFO] 
[INFO] --- maven-jar-plugin:2.3.1:test-jar (default) @ opennms-dao ---
[INFO] 
[INFO] --- maven-install-plugin:2.3.1:install (default-install) @ opennms-dao ---
[INFO] Installing /data/ubuntu14/opennmszh/opennms-dao/target/opennms-dao-1.12.9.jar to /root/.m2/repository/org/opennms/opennms-dao/1.12.9/opennms-dao-1.12.9.jar
[INFO] Installing /data/ubuntu14/opennmszh/opennms-dao/pom.xml to /root/.m2/repository/org/opennms/opennms-dao/1.12.9/opennms-dao-1.12.9.pom
[INFO] Installing /data/ubuntu14/opennmszh/opennms-dao/target/opennms-dao-1.12.9-sources.jar to /root/.m2/repository/org/opennms/opennms-dao/1.12.9/opennms-dao-1.12.9-sources.jar
[INFO] Installing /data/ubuntu14/opennmszh/opennms-dao/target/opennms-dao-1.12.9-tests.jar to /root/.m2/repository/org/opennms/opennms-dao/1.12.9/opennms-dao-1.12.9-tests.jar
[INFO]                                                                         
[INFO] ------------------------------------------------------------------------
[INFO] Building OpenNMS Snmp Integration Tests 1.12.9
[INFO] ------------------------------------------------------------------------
[INFO] 
[INFO] --- maven-resources-plugin:2.5:resources (default-resources) @ org.opennms.core.snmp.integration-tests ---
[debug] execute contextualize
[INFO] Using 'UTF-8' encoding to copy filtered resources.
[INFO] skip non existing resourceDirectory /data/ubuntu14/opennmszh/core/snmp/integration-tests/src/main/resources
[INFO] 
[INFO] --- maven-compiler-plugin:3.1:compile (default-compile) @ org.opennms.core.snmp.integration-tests ---
[INFO] No sources to compile
[INFO] 
[INFO] --- maven-resources-plugin:2.5:testResources (default-testResources) @ org.opennms.core.snmp.integration-tests ---
[debug] execute contextualize
[INFO] Using 'UTF-8' encoding to copy filtered resources.
[INFO] Copying 5 resources
[INFO] 
[INFO] --- maven-compiler-plugin:3.1:testCompile (default-testCompile) @ org.opennms.core.snmp.integration-tests ---
[INFO] Nothing to compile - all classes are up to date
[INFO] 
[INFO] --- maven-surefire-plugin:2.9:test (default-test) @ org.opennms.core.snmp.integration-tests ---
[INFO] Tests are skipped.
[INFO] 
[INFO] --- maven-jar-plugin:2.3.1:jar (default-jar) @ org.opennms.core.snmp.integration-tests ---
[WARNING] JAR will be empty - no content was marked for inclusion!
[INFO] 
[INFO] >>> maven-source-plugin:2.2.1:jar (default) @ org.opennms.core.snmp.integration-tests >>>
[INFO] 
[INFO] <<< maven-source-plugin:2.2.1:jar (default) @ org.opennms.core.snmp.integration-tests <<<
[INFO] 
[INFO] --- maven-source-plugin:2.2.1:jar (default) @ org.opennms.core.snmp.integration-tests ---
[INFO] No sources in project. Archive not created.
[INFO] 
[INFO] --- maven-jar-plugin:2.3.1:test-jar (default) @ org.opennms.core.snmp.integration-tests ---
[INFO] 
[INFO] --- maven-install-plugin:2.3.1:install (default-install) @ org.opennms.core.snmp.integration-tests ---
[INFO] Installing /data/ubuntu14/opennmszh/core/snmp/integration-tests/target/org.opennms.core.snmp.integration-tests-1.12.9.jar to /root/.m2/repository/org/opennms/core/snmp/org.opennms.core.snmp.integration-tests/1.12.9/org.opennms.core.snmp.integration-tests-1.12.9.jar
[INFO] Installing /data/ubuntu14/opennmszh/core/snmp/integration-tests/pom.xml to /root/.m2/repository/org/opennms/core/snmp/org.opennms.core.snmp.integration-tests/1.12.9/org.opennms.core.snmp.integration-tests-1.12.9.pom
[INFO] Installing /data/ubuntu14/opennmszh/core/snmp/integration-tests/target/org.opennms.core.snmp.integration-tests-1.12.9-tests.jar to /root/.m2/repository/org/opennms/core/snmp/org.opennms.core.snmp.integration-tests/1.12.9/org.opennms.core.snmp.integration-tests-1.12.9-tests.jar
[INFO]                                                                         
[INFO] ------------------------------------------------------------------------
[INFO] Building OpenNMS Tasks 1.12.9
[INFO] ------------------------------------------------------------------------
[INFO] 
[INFO] --- maven-resources-plugin:2.5:resources (default-resources) @ org.opennms.core.tasks ---
[debug] execute contextualize
[INFO] Using 'UTF-8' encoding to copy filtered resources.
[INFO] skip non existing resourceDirectory /data/ubuntu14/opennmszh/core/tasks/src/main/resources
[INFO] 
[INFO] --- maven-compiler-plugin:3.1:compile (default-compile) @ org.opennms.core.tasks ---
[INFO] Nothing to compile - all classes are up to date
[INFO] 
[INFO] --- maven-resources-plugin:2.5:testResources (default-testResources) @ org.opennms.core.tasks ---
[debug] execute contextualize
[INFO] Using 'UTF-8' encoding to copy filtered resources.
[INFO] skip non existing resourceDirectory /data/ubuntu14/opennmszh/core/tasks/src/test/resources
[INFO] 
[INFO] --- maven-compiler-plugin:3.1:testCompile (default-testCompile) @ org.opennms.core.tasks ---
[INFO] Nothing to compile - all classes are up to date
[INFO] 
[INFO] --- maven-surefire-plugin:2.9:test (default-test) @ org.opennms.core.tasks ---
[INFO] Tests are skipped.
[INFO] 
[INFO] --- maven-bundle-plugin:2.3.7:bundle (default-bundle) @ org.opennms.core.tasks ---
[INFO] 
[INFO] >>> maven-source-plugin:2.2.1:jar (default) @ org.opennms.core.tasks >>>
[INFO] 
[INFO] <<< maven-source-plugin:2.2.1:jar (default) @ org.opennms.core.tasks <<<
[INFO] 
[INFO] --- maven-source-plugin:2.2.1:jar (default) @ org.opennms.core.tasks ---
[INFO] 
[INFO] --- maven-install-plugin:2.5.2:install (default-install) @ org.opennms.core.tasks ---
[INFO] Installing /data/ubuntu14/opennmszh/core/tasks/target/org.opennms.core.tasks-1.12.9.jar to /root/.m2/repository/org/opennms/core/org.opennms.core.tasks/1.12.9/org.opennms.core.tasks-1.12.9.jar
[INFO] Installing /data/ubuntu14/opennmszh/core/tasks/pom.xml to /root/.m2/repository/org/opennms/core/org.opennms.core.tasks/1.12.9/org.opennms.core.tasks-1.12.9.pom
[INFO] Installing /data/ubuntu14/opennmszh/core/tasks/target/org.opennms.core.tasks-1.12.9-sources.jar to /root/.m2/repository/org/opennms/core/org.opennms.core.tasks/1.12.9/org.opennms.core.tasks-1.12.9-sources.jar
[INFO] 
[INFO] --- maven-bundle-plugin:2.3.7:install (default-install) @ org.opennms.core.tasks ---
[INFO] Local OBR update disabled (enable with -DobrRepository)
[INFO]                                                                         
[INFO] ------------------------------------------------------------------------
[INFO] Building OpenNMS Core Test API (DNS) 1.12.9
[INFO] ------------------------------------------------------------------------
[INFO] 
[INFO] --- maven-resources-plugin:2.5:resources (default-resources) @ org.opennms.core.test-api.dns ---
[debug] execute contextualize
[INFO] Using 'UTF-8' encoding to copy filtered resources.
[INFO] skip non existing resourceDirectory /data/ubuntu14/opennmszh/core/test-api/dns/src/main/resources
[INFO] 
[INFO] --- maven-compiler-plugin:3.1:compile (default-compile) @ org.opennms.core.test-api.dns ---
[INFO] Nothing to compile - all classes are up to date
[INFO] 
[INFO] --- maven-resources-plugin:2.5:testResources (default-testResources) @ org.opennms.core.test-api.dns ---
[debug] execute contextualize
[INFO] Using 'UTF-8' encoding to copy filtered resources.
[INFO] skip non existing resourceDirectory /data/ubuntu14/opennmszh/core/test-api/dns/src/test/resources
[INFO] 
[INFO] --- maven-compiler-plugin:3.1:testCompile (default-testCompile) @ org.opennms.core.test-api.dns ---
[INFO] No sources to compile
[INFO] 
[INFO] --- maven-surefire-plugin:2.9:test (default-test) @ org.opennms.core.test-api.dns ---
[INFO] Tests are skipped.
[INFO] 
[INFO] --- maven-bundle-plugin:2.3.7:bundle (default-bundle) @ org.opennms.core.test-api.dns ---
[INFO] 
[INFO] >>> maven-source-plugin:2.2.1:jar (default) @ org.opennms.core.test-api.dns >>>
[INFO] 
[INFO] <<< maven-source-plugin:2.2.1:jar (default) @ org.opennms.core.test-api.dns <<<
[INFO] 
[INFO] --- maven-source-plugin:2.2.1:jar (default) @ org.opennms.core.test-api.dns ---
[INFO] 
[INFO] --- maven-install-plugin:2.5.2:install (default-install) @ org.opennms.core.test-api.dns ---
[INFO] Installing /data/ubuntu14/opennmszh/core/test-api/dns/target/org.opennms.core.test-api.dns-1.12.9.jar to /root/.m2/repository/org/opennms/core/test-api/org.opennms.core.test-api.dns/1.12.9/org.opennms.core.test-api.dns-1.12.9.jar
[INFO] Installing /data/ubuntu14/opennmszh/core/test-api/dns/pom.xml to /root/.m2/repository/org/opennms/core/test-api/org.opennms.core.test-api.dns/1.12.9/org.opennms.core.test-api.dns-1.12.9.pom
[INFO] Installing /data/ubuntu14/opennmszh/core/test-api/dns/target/org.opennms.core.test-api.dns-1.12.9-sources.jar to /root/.m2/repository/org/opennms/core/test-api/org.opennms.core.test-api.dns/1.12.9/org.opennms.core.test-api.dns-1.12.9-sources.jar
[INFO] 
[INFO] --- maven-bundle-plugin:2.3.7:install (default-install) @ org.opennms.core.test-api.dns ---
[INFO] Local OBR update disabled (enable with -DobrRepository)
[INFO]                                                                         
[INFO] ------------------------------------------------------------------------
[INFO] Building OpenNMS RRD PRM (object-relational mapping) 1.12.9
[INFO] ------------------------------------------------------------------------
[INFO] 
[INFO] --- maven-resources-plugin:2.5:resources (default-resources) @ opennms-rrd-model ---
[debug] execute contextualize
[INFO] Using 'UTF-8' encoding to copy filtered resources.
[INFO] skip non existing resourceDirectory /data/ubuntu14/opennmszh/opennms-rrd/opennms-rrd-model/src/main/resources
[INFO] 
[INFO] --- maven-compiler-plugin:3.1:compile (default-compile) @ opennms-rrd-model ---
[INFO] Nothing to compile - all classes are up to date
[INFO] 
[INFO] --- maven-resources-plugin:2.5:testResources (default-testResources) @ opennms-rrd-model ---
[debug] execute contextualize
[INFO] Using 'UTF-8' encoding to copy filtered resources.
[INFO] Copying 11 resources
[INFO] 
[INFO] --- maven-compiler-plugin:3.1:testCompile (default-testCompile) @ opennms-rrd-model ---
[INFO] Nothing to compile - all classes are up to date
[INFO] 
[INFO] --- maven-surefire-plugin:2.9:test (default-test) @ opennms-rrd-model ---
[INFO] Tests are skipped.
[INFO] 
[INFO] --- maven-bundle-plugin:2.3.7:bundle (default-bundle) @ opennms-rrd-model ---
[INFO] 
[INFO] >>> maven-source-plugin:2.2.1:jar (default) @ opennms-rrd-model >>>
[INFO] 
[INFO] <<< maven-source-plugin:2.2.1:jar (default) @ opennms-rrd-model <<<
[INFO] 
[INFO] --- maven-source-plugin:2.2.1:jar (default) @ opennms-rrd-model ---
[INFO] 
[INFO] --- maven-install-plugin:2.5.2:install (default-install) @ opennms-rrd-model ---
[INFO] Installing /data/ubuntu14/opennmszh/opennms-rrd/opennms-rrd-model/target/opennms-rrd-model-1.12.9.jar to /root/.m2/repository/org/opennms/opennms-rrd-model/1.12.9/opennms-rrd-model-1.12.9.jar
[INFO] Installing /data/ubuntu14/opennmszh/opennms-rrd/opennms-rrd-model/pom.xml to /root/.m2/repository/org/opennms/opennms-rrd-model/1.12.9/opennms-rrd-model-1.12.9.pom
[INFO] Installing /data/ubuntu14/opennmszh/opennms-rrd/opennms-rrd-model/target/opennms-rrd-model-1.12.9-sources.jar to /root/.m2/repository/org/opennms/opennms-rrd-model/1.12.9/opennms-rrd-model-1.12.9-sources.jar
[INFO] 
[INFO] --- maven-bundle-plugin:2.3.7:install (default-install) @ opennms-rrd-model ---
[INFO] Local OBR update disabled (enable with -DobrRepository)
[INFO]                                                                         
[INFO] ------------------------------------------------------------------------
[INFO] Building OpenNMS Provisioning 1.12.9
[INFO] ------------------------------------------------------------------------
[INFO] 
[INFO] >>> maven-source-plugin:2.2.1:jar (default) @ opennms-provision >>>
[INFO] 
[INFO] <<< maven-source-plugin:2.2.1:jar (default) @ opennms-provision <<<
[INFO] 
[INFO] --- maven-source-plugin:2.2.1:jar (default) @ opennms-provision ---
[INFO] 
[INFO] --- maven-install-plugin:2.3.1:install (default-install) @ opennms-provision ---
[INFO] Installing /data/ubuntu14/opennmszh/opennms-provision/pom.xml to /root/.m2/repository/org/opennms/opennms-provision/1.12.9/opennms-provision-1.12.9.pom
[INFO]                                                                         
[INFO] ------------------------------------------------------------------------
[INFO] Building OpenNMS Provisioning API 1.12.9
[INFO] ------------------------------------------------------------------------
[INFO] 
[INFO] --- maven-resources-plugin:2.5:resources (default-resources) @ opennms-provision-api ---
[debug] execute contextualize
[INFO] Using 'UTF-8' encoding to copy filtered resources.
[INFO] skip non existing resourceDirectory /data/ubuntu14/opennmszh/opennms-provision/opennms-provision-api/src/main/resources
[INFO] 
[INFO] --- maven-compiler-plugin:3.1:compile (default-compile) @ opennms-provision-api ---
[INFO] Nothing to compile - all classes are up to date
[INFO] 
[INFO] --- maven-resources-plugin:2.5:testResources (default-testResources) @ opennms-provision-api ---
[debug] execute contextualize
[INFO] Using 'UTF-8' encoding to copy filtered resources.
[INFO] skip non existing resourceDirectory /data/ubuntu14/opennmszh/opennms-provision/opennms-provision-api/src/test/resources
[INFO] 
[INFO] --- maven-compiler-plugin:3.1:testCompile (default-testCompile) @ opennms-provision-api ---
[INFO] No sources to compile
[INFO] 
[INFO] --- maven-surefire-plugin:2.9:test (default-test) @ opennms-provision-api ---
[INFO] Tests are skipped.
[INFO] 
[INFO] --- maven-bundle-plugin:2.3.7:bundle (default-bundle) @ opennms-provision-api ---
[INFO] 
[INFO] >>> maven-source-plugin:2.2.1:jar (default) @ opennms-provision-api >>>
[INFO] 
[INFO] <<< maven-source-plugin:2.2.1:jar (default) @ opennms-provision-api <<<
[INFO] 
[INFO] --- maven-source-plugin:2.2.1:jar (default) @ opennms-provision-api ---
[INFO] 
[INFO] --- maven-install-plugin:2.5.2:install (default-install) @ opennms-provision-api ---
[INFO] Installing /data/ubuntu14/opennmszh/opennms-provision/opennms-provision-api/target/opennms-provision-api-1.12.9.jar to /root/.m2/repository/org/opennms/opennms-provision-api/1.12.9/opennms-provision-api-1.12.9.jar
[INFO] Installing /data/ubuntu14/opennmszh/opennms-provision/opennms-provision-api/pom.xml to /root/.m2/repository/org/opennms/opennms-provision-api/1.12.9/opennms-provision-api-1.12.9.pom
[INFO] Installing /data/ubuntu14/opennmszh/opennms-provision/opennms-provision-api/target/opennms-provision-api-1.12.9-sources.jar to /root/.m2/repository/org/opennms/opennms-provision-api/1.12.9/opennms-provision-api-1.12.9-sources.jar
[INFO] 
[INFO] --- maven-bundle-plugin:2.3.7:install (default-install) @ opennms-provision-api ---
[INFO] Local OBR update disabled (enable with -DobrRepository)
[INFO]                                                                         
[INFO] ------------------------------------------------------------------------
[INFO] Building OpenNMS JavaMail Library 1.12.9
[INFO] ------------------------------------------------------------------------
[INFO] 
[INFO] >>> maven-source-plugin:2.2.1:jar (default) @ opennms-javamail >>>
[INFO] 
[INFO] <<< maven-source-plugin:2.2.1:jar (default) @ opennms-javamail <<<
[INFO] 
[INFO] --- maven-source-plugin:2.2.1:jar (default) @ opennms-javamail ---
[INFO] 
[INFO] --- maven-install-plugin:2.3.1:install (default-install) @ opennms-javamail ---
[INFO] Installing /data/ubuntu14/opennmszh/opennms-javamail/pom.xml to /root/.m2/repository/org/opennms/opennms-javamail/1.12.9/opennms-javamail-1.12.9.pom
[INFO]                                                                         
[INFO] ------------------------------------------------------------------------
[INFO] Building OpenNMS JavaMail Interface 1.12.9
[INFO] ------------------------------------------------------------------------
[INFO] 
[INFO] --- maven-resources-plugin:2.5:resources (default-resources) @ opennms-javamail-api ---
[debug] execute contextualize
[INFO] Using 'UTF-8' encoding to copy filtered resources.
[INFO] skip non existing resourceDirectory /data/ubuntu14/opennmszh/opennms-javamail/opennms-javamail-api/src/main/resources
[INFO] 
[INFO] --- maven-compiler-plugin:3.1:compile (default-compile) @ opennms-javamail-api ---
[INFO] Nothing to compile - all classes are up to date
[INFO] 
[INFO] --- maven-resources-plugin:2.5:testResources (default-testResources) @ opennms-javamail-api ---
[debug] execute contextualize
[INFO] Using 'UTF-8' encoding to copy filtered resources.
[INFO] Copying 1 resource
[INFO] 
[INFO] --- maven-compiler-plugin:3.1:testCompile (default-testCompile) @ opennms-javamail-api ---
[INFO] Nothing to compile - all classes are up to date
[INFO] 
[INFO] --- maven-surefire-plugin:2.9:test (default-test) @ opennms-javamail-api ---
[INFO] Tests are skipped.
[INFO] 
[INFO] --- maven-jar-plugin:2.3.1:jar (default-jar) @ opennms-javamail-api ---
[INFO] 
[INFO] >>> maven-source-plugin:2.2.1:jar (default) @ opennms-javamail-api >>>
[INFO] 
[INFO] <<< maven-source-plugin:2.2.1:jar (default) @ opennms-javamail-api <<<
[INFO] 
[INFO] --- maven-source-plugin:2.2.1:jar (default) @ opennms-javamail-api ---
[INFO] 
[INFO] --- maven-install-plugin:2.3.1:install (default-install) @ opennms-javamail-api ---
[INFO] Installing /data/ubuntu14/opennmszh/opennms-javamail/opennms-javamail-api/target/opennms-javamail-api-1.12.9.jar to /root/.m2/repository/org/opennms/opennms-javamail-api/1.12.9/opennms-javamail-api-1.12.9.jar
[INFO] Installing /data/ubuntu14/opennmszh/opennms-javamail/opennms-javamail-api/pom.xml to /root/.m2/repository/org/opennms/opennms-javamail-api/1.12.9/opennms-javamail-api-1.12.9.pom
[INFO] Installing /data/ubuntu14/opennmszh/opennms-javamail/opennms-javamail-api/target/opennms-javamail-api-1.12.9-sources.jar to /root/.m2/repository/org/opennms/opennms-javamail-api/1.12.9/opennms-javamail-api-1.12.9-sources.jar
[INFO]                                                                         
[INFO] ------------------------------------------------------------------------
[INFO] Building OpenNMS Phonebook 1.12.9
[INFO] ------------------------------------------------------------------------
[INFO] 
[INFO] --- maven-resources-plugin:2.5:resources (default-resources) @ org.opennms.features.phonebook ---
[debug] execute contextualize
[INFO] Using 'UTF-8' encoding to copy filtered resources.
[INFO] skip non existing resourceDirectory /data/ubuntu14/opennmszh/features/phonebook/src/main/resources
[INFO] 
[INFO] --- maven-compiler-plugin:3.1:compile (default-compile) @ org.opennms.features.phonebook ---
[INFO] Nothing to compile - all classes are up to date
[INFO] 
[INFO] --- maven-resources-plugin:2.5:testResources (default-testResources) @ org.opennms.features.phonebook ---
[debug] execute contextualize
[INFO] Using 'UTF-8' encoding to copy filtered resources.
[INFO] Copying 1 resource
[INFO] 
[INFO] --- maven-compiler-plugin:3.1:testCompile (default-testCompile) @ org.opennms.features.phonebook ---
[INFO] Nothing to compile - all classes are up to date
[INFO] 
[INFO] --- maven-surefire-plugin:2.9:test (default-test) @ org.opennms.features.phonebook ---
[INFO] Tests are skipped.
[INFO] 
[INFO] --- maven-bundle-plugin:2.3.7:bundle (default-bundle) @ org.opennms.features.phonebook ---
[INFO] 
[INFO] >>> maven-source-plugin:2.2.1:jar (default) @ org.opennms.features.phonebook >>>
[INFO] 
[INFO] <<< maven-source-plugin:2.2.1:jar (default) @ org.opennms.features.phonebook <<<
[INFO] 
[INFO] --- maven-source-plugin:2.2.1:jar (default) @ org.opennms.features.phonebook ---
[INFO] 
[INFO] --- maven-install-plugin:2.5.2:install (default-install) @ org.opennms.features.phonebook ---
[INFO] Installing /data/ubuntu14/opennmszh/features/phonebook/target/org.opennms.features.phonebook-1.12.9.jar to /root/.m2/repository/org/opennms/features/org.opennms.features.phonebook/1.12.9/org.opennms.features.phonebook-1.12.9.jar
[INFO] Installing /data/ubuntu14/opennmszh/features/phonebook/pom.xml to /root/.m2/repository/org/opennms/features/org.opennms.features.phonebook/1.12.9/org.opennms.features.phonebook-1.12.9.pom
[INFO] Installing /data/ubuntu14/opennmszh/features/phonebook/target/org.opennms.features.phonebook-1.12.9-sources.jar to /root/.m2/repository/org/opennms/features/org.opennms.features.phonebook/1.12.9/org.opennms.features.phonebook-1.12.9-sources.jar
[INFO] 
[INFO] --- maven-bundle-plugin:2.3.7:install (default-install) @ org.opennms.features.phonebook ---
[INFO] Local OBR update disabled (enable with -DobrRepository)
[INFO]                                                                         
[INFO] ------------------------------------------------------------------------
[INFO] Building OpenNMS Ticketing 1.12.9
[INFO] ------------------------------------------------------------------------
[INFO] 
[INFO] >>> maven-source-plugin:2.2.1:jar (default) @ org.opennms.features.ticketing >>>
[INFO] 
[INFO] <<< maven-source-plugin:2.2.1:jar (default) @ org.opennms.features.ticketing <<<
[INFO] 
[INFO] --- maven-source-plugin:2.2.1:jar (default) @ org.opennms.features.ticketing ---
[INFO] 
[INFO] --- maven-install-plugin:2.3.1:install (default-install) @ org.opennms.features.ticketing ---
[INFO] Installing /data/ubuntu14/opennmszh/features/ticketing/pom.xml to /root/.m2/repository/org/opennms/features/org.opennms.features.ticketing/1.12.9/org.opennms.features.ticketing-1.12.9.pom
[INFO]                                                                         
[INFO] ------------------------------------------------------------------------
[INFO] Building OpenNMS Ticketing API 1.12.9
[INFO] ------------------------------------------------------------------------
[INFO] 
[INFO] --- maven-resources-plugin:2.5:resources (default-resources) @ org.opennms.features.ticketing.api ---
[debug] execute contextualize
[INFO] Using 'UTF-8' encoding to copy filtered resources.
[INFO] skip non existing resourceDirectory /data/ubuntu14/opennmszh/features/ticketing/api/src/main/resources
[INFO] 
[INFO] --- maven-compiler-plugin:3.1:compile (default-compile) @ org.opennms.features.ticketing.api ---
[INFO] Nothing to compile - all classes are up to date
[INFO] 
[INFO] --- maven-resources-plugin:2.5:testResources (default-testResources) @ org.opennms.features.ticketing.api ---
[debug] execute contextualize
[INFO] Using 'UTF-8' encoding to copy filtered resources.
[INFO] skip non existing resourceDirectory /data/ubuntu14/opennmszh/features/ticketing/api/src/test/resources
[INFO] 
[INFO] --- maven-compiler-plugin:3.1:testCompile (default-testCompile) @ org.opennms.features.ticketing.api ---
[INFO] No sources to compile
[INFO] 
[INFO] --- maven-surefire-plugin:2.9:test (default-test) @ org.opennms.features.ticketing.api ---
[INFO] Tests are skipped.
[INFO] 
[INFO] --- maven-jar-plugin:2.3.1:jar (default-jar) @ org.opennms.features.ticketing.api ---
[INFO] 
[INFO] >>> maven-source-plugin:2.2.1:jar (default) @ org.opennms.features.ticketing.api >>>
[INFO] 
[INFO] <<< maven-source-plugin:2.2.1:jar (default) @ org.opennms.features.ticketing.api <<<
[INFO] 
[INFO] --- maven-source-plugin:2.2.1:jar (default) @ org.opennms.features.ticketing.api ---
[INFO] 
[INFO] --- maven-install-plugin:2.3.1:install (default-install) @ org.opennms.features.ticketing.api ---
[INFO] Installing /data/ubuntu14/opennmszh/features/ticketing/api/target/org.opennms.features.ticketing.api-1.12.9.jar to /root/.m2/repository/org/opennms/features/ticketing/org.opennms.features.ticketing.api/1.12.9/org.opennms.features.ticketing.api-1.12.9.jar
[INFO] Installing /data/ubuntu14/opennmszh/features/ticketing/api/pom.xml to /root/.m2/repository/org/opennms/features/ticketing/org.opennms.features.ticketing.api/1.12.9/org.opennms.features.ticketing.api-1.12.9.pom
[INFO] Installing /data/ubuntu14/opennmszh/features/ticketing/api/target/org.opennms.features.ticketing.api-1.12.9-sources.jar to /root/.m2/repository/org/opennms/features/ticketing/org.opennms.features.ticketing.api/1.12.9/org.opennms.features.ticketing.api-1.12.9-sources.jar
[INFO]                                                                         
[INFO] ------------------------------------------------------------------------
[INFO] Building OpenNMS ICMP Pinger - JNA implementation 1.12.9
[INFO] ------------------------------------------------------------------------
[INFO] 
[INFO] --- maven-resources-plugin:2.5:resources (default-resources) @ opennms-icmp-jna ---
[debug] execute contextualize
[INFO] Using 'UTF-8' encoding to copy filtered resources.
[INFO] skip non existing resourceDirectory /data/ubuntu14/opennmszh/opennms-icmp/opennms-icmp-jna/src/main/resources
[INFO] 
[INFO] --- maven-compiler-plugin:3.1:compile (default-compile) @ opennms-icmp-jna ---
[INFO] Nothing to compile - all classes are up to date
[INFO] 
[INFO] --- maven-resources-plugin:2.5:testResources (default-testResources) @ opennms-icmp-jna ---
[debug] execute contextualize
[INFO] Using 'UTF-8' encoding to copy filtered resources.
[INFO] Copying 1 resource
[INFO] 
[INFO] --- maven-compiler-plugin:3.1:testCompile (default-testCompile) @ opennms-icmp-jna ---
[INFO] Nothing to compile - all classes are up to date
[INFO] 
[INFO] --- maven-surefire-plugin:2.9:test (default-test) @ opennms-icmp-jna ---
[INFO] Tests are skipped.
[INFO] 
[INFO] --- maven-bundle-plugin:2.3.7:bundle (default-bundle) @ opennms-icmp-jna ---
[INFO] 
[INFO] >>> maven-source-plugin:2.2.1:jar (default) @ opennms-icmp-jna >>>
[INFO] 
[INFO] <<< maven-source-plugin:2.2.1:jar (default) @ opennms-icmp-jna <<<
[INFO] 
[INFO] --- maven-source-plugin:2.2.1:jar (default) @ opennms-icmp-jna ---
[INFO] 
[INFO] --- maven-install-plugin:2.5.2:install (default-install) @ opennms-icmp-jna ---
[INFO] Installing /data/ubuntu14/opennmszh/opennms-icmp/opennms-icmp-jna/target/opennms-icmp-jna-1.12.9.jar to /root/.m2/repository/org/opennms/opennms-icmp-jna/1.12.9/opennms-icmp-jna-1.12.9.jar
[INFO] Installing /data/ubuntu14/opennmszh/opennms-icmp/opennms-icmp-jna/pom.xml to /root/.m2/repository/org/opennms/opennms-icmp-jna/1.12.9/opennms-icmp-jna-1.12.9.pom
[INFO] Installing /data/ubuntu14/opennmszh/opennms-icmp/opennms-icmp-jna/target/opennms-icmp-jna-1.12.9-sources.jar to /root/.m2/repository/org/opennms/opennms-icmp-jna/1.12.9/opennms-icmp-jna-1.12.9-sources.jar
[INFO] 
[INFO] --- maven-bundle-plugin:2.3.7:install (default-install) @ opennms-icmp-jna ---
[INFO] Local OBR update disabled (enable with -DobrRepository)
[INFO]                                                                         
[INFO] ------------------------------------------------------------------------
[INFO] Building OpenNMS Services 1.12.9
[INFO] ------------------------------------------------------------------------
Downloading: http://maven.opennms.org/content/groups/twitter4j.org-release/net/homeip/yusuke/twitter4j/maven-metadata.xml
[WARNING] Could not transfer metadata net.homeip.yusuke:twitter4j/maven-metadata.xml from/to twitter4j.org (http://maven.opennms.org/content/groups/twitter4j.org-release): Connection reset
[INFO] 
[INFO] --- maven-resources-plugin:2.5:resources (default-resources) @ opennms-services ---
[debug] execute contextualize
[INFO] Using 'UTF-8' encoding to copy filtered resources.
[INFO] Copying 26 resources
[INFO] 
[INFO] --- maven-compiler-plugin:3.1:compile (default-compile) @ opennms-services ---
[INFO] Nothing to compile - all classes are up to date
[INFO] 
[INFO] --- maven-resources-plugin:2.5:testResources (default-testResources) @ opennms-services ---
[debug] execute contextualize
[INFO] Using 'UTF-8' encoding to copy filtered resources.
[INFO] Copying 171 resources
[INFO] 
[INFO] --- maven-compiler-plugin:3.1:testCompile (default-testCompile) @ opennms-services ---
[INFO] Nothing to compile - all classes are up to date
[INFO] 
[INFO] --- maven-dependency-plugin:2.4:copy (default) @ opennms-services ---
[INFO] Configured Artifact: org.opennms.dependencies:jaxb-dependencies:?:pom
[INFO] org.opennms.dependencies:jaxb-dependencies:1.12.9:pom already exists in /data/ubuntu14/opennmszh/opennms-services/target/endorsed
[INFO] 
[INFO] --- maven-surefire-plugin:2.9:test (default-test) @ opennms-services ---
[INFO] Tests are skipped.
[INFO] 
[INFO] --- maven-jar-plugin:2.3.1:jar (default-jar) @ opennms-services ---
[INFO] 
[INFO] >>> maven-source-plugin:2.2.1:jar (default) @ opennms-services >>>
[INFO] 
[INFO] <<< maven-source-plugin:2.2.1:jar (default) @ opennms-services <<<
[INFO] 
[INFO] --- maven-source-plugin:2.2.1:jar (default) @ opennms-services ---
[INFO] 
[INFO] --- maven-install-plugin:2.3.1:install (default-install) @ opennms-services ---
[INFO] Installing /data/ubuntu14/opennmszh/opennms-services/target/opennms-services-1.12.9.jar to /root/.m2/repository/org/opennms/opennms-services/1.12.9/opennms-services-1.12.9.jar
[INFO] Installing /data/ubuntu14/opennmszh/opennms-services/pom.xml to /root/.m2/repository/org/opennms/opennms-services/1.12.9/opennms-services-1.12.9.pom
[INFO] Installing /data/ubuntu14/opennmszh/opennms-services/target/opennms-services-1.12.9-sources.jar to /root/.m2/repository/org/opennms/opennms-services/1.12.9/opennms-services-1.12.9-sources.jar
[INFO]                                                                         
[INFO] ------------------------------------------------------------------------
[INFO] Building OpenNMS Provision Persistence 1.12.9
[INFO] ------------------------------------------------------------------------
[WARNING] Failure to transfer net.homeip.yusuke:twitter4j/maven-metadata.xml from http://maven.opennms.org/content/groups/twitter4j.org-release was cached in the local repository, resolution will not be reattempted until the update interval of twitter4j.org has elapsed or updates are forced. Original error: Could not transfer metadata net.homeip.yusuke:twitter4j/maven-metadata.xml from/to twitter4j.org (http://maven.opennms.org/content/groups/twitter4j.org-release): Connection reset
[INFO] 
[INFO] --- maven-jaxb-schemagen-plugin:1.2:generate (default) @ opennms-provision-persistence ---
[INFO] jaxb-schemagen classpath addition: /root/.m2/repository/javax/xml/bind/jaxb-api/2.0/jaxb-api-2.0.jar
[INFO] jaxb-schemagen classpath addition: /root/.m2/repository/commons-beanutils/commons-beanutils-core/1.8.3/commons-beanutils-core-1.8.3.jar
[INFO] jaxb-schemagen classpath addition: /root/.m2/repository/commons-logging/commons-logging/1.1.1/commons-logging-1.1.1.jar
[INFO] jaxb-schemagen classpath addition: /data/ubuntu14/opennmszh/dependencies/jaxb/pom.xml
[INFO] jaxb-schemagen classpath addition: /root/.m2/repository/org/apache/servicemix/specs/org.apache.servicemix.specs.jaxb-api-2.2/2.2.0/org.apache.servicemix.specs.jaxb-api-2.2-2.2.0.jar
[INFO] jaxb-schemagen classpath addition: /root/.m2/repository/org/apache/servicemix/specs/org.apache.servicemix.specs.stax-api-1.0/2.2.0/org.apache.servicemix.specs.stax-api-1.0-2.2.0.jar
[INFO] jaxb-schemagen classpath addition: /root/.m2/repository/org/apache/geronimo/specs/geronimo-activation_1.1_spec/1.0.2/geronimo-activation_1.1_spec-1.0.2.jar
[INFO] jaxb-schemagen classpath addition: /root/.m2/repository/javax/xml/stream/stax-api/1.0-2/stax-api-1.0-2.jar
[INFO] jaxb-schemagen classpath addition: /root/.m2/repository/org/apache/servicemix/bundles/org.apache.servicemix.bundles.jaxb-impl/2.2.6_1/org.apache.servicemix.bundles.jaxb-impl-2.2.6_1.jar
[INFO] jaxb-schemagen classpath addition: /root/.m2/repository/javax/servlet/servlet-api/2.5/servlet-api-2.5.jar
[INFO] jaxb-schemagen classpath addition: /root/.m2/repository/joda-time/joda-time/2.1/joda-time-2.1.jar
[INFO] jaxb-schemagen classpath addition: /data/ubuntu14/opennmszh/opennms-dao/target/opennms-dao-1.12.9.jar
[INFO] jaxb-schemagen classpath addition: /data/ubuntu14/opennmszh/dependencies/castor/pom.xml
[INFO] jaxb-schemagen classpath addition: /root/.m2/repository/org/codehaus/castor/castor/1.1.2.1/castor-1.1.2.1.jar
[INFO] jaxb-schemagen classpath addition: /data/ubuntu14/opennmszh/dependencies/dbpool/pom.xml
[INFO] jaxb-schemagen classpath addition: /root/.m2/repository/net/snaq/dbpool/5.0/dbpool-5.0.jar
[INFO] jaxb-schemagen classpath addition: /data/ubuntu14/opennmszh/opennms-config/target/opennms-config-1.12.9.jar
[INFO] jaxb-schemagen classpath addition: /data/ubuntu14/opennmszh/dependencies/jdbc-pool/pom.xml
[INFO] jaxb-schemagen classpath addition: /root/.m2/repository/org/apache/tomcat/jdbc-pool/1.1.0.1/jdbc-pool-1.1.0.1.jar
[INFO] jaxb-schemagen classpath addition: /root/.m2/repository/org/apache/tomcat/juli/6.0.29/juli-6.0.29.jar
[INFO] jaxb-schemagen classpath addition: /data/ubuntu14/opennmszh/opennms-config-model/target/opennms-config-model-1.12.9.jar
[INFO] jaxb-schemagen classpath addition: /data/ubuntu14/opennmszh/core/soa/target/org.opennms.core.soa-1.12.9.jar
[INFO] jaxb-schemagen classpath addition: /data/ubuntu14/opennmszh/dependencies/hibernate/pom.xml
[INFO] jaxb-schemagen classpath addition: /root/.m2/repository/org/hibernate/ejb3-persistence/1.0.2.GA/ejb3-persistence-1.0.2.GA.jar
[INFO] jaxb-schemagen classpath addition: /root/.m2/repository/org/hibernate/hibernate-annotations/3.4.0.GA/hibernate-annotations-3.4.0.GA.jar
[INFO] jaxb-schemagen classpath addition: /root/.m2/repository/dom4j/dom4j/1.6.1/dom4j-1.6.1.jar
[INFO] jaxb-schemagen classpath addition: /root/.m2/repository/org/hibernate/hibernate-commons-annotations/3.1.0.GA/hibernate-commons-annotations-3.1.0.GA.jar
[INFO] jaxb-schemagen classpath addition: /root/.m2/repository/org/hibernate/hibernate-core/3.3.1.GA/hibernate-core-3.3.1.GA.jar
[INFO] jaxb-schemagen classpath addition: /root/.m2/repository/antlr/antlr/2.7.6/antlr-2.7.6.jar
[INFO] jaxb-schemagen classpath addition: /root/.m2/repository/javax/transaction/jta/1.1/jta-1.1.jar
[INFO] jaxb-schemagen classpath addition: /root/.m2/repository/org/hibernate/hibernate-entitymanager/3.4.0.GA/hibernate-entitymanager-3.4.0.GA.jar
[INFO] jaxb-schemagen classpath addition: /root/.m2/repository/javassist/javassist/3.4.GA/javassist-3.4.GA.jar
[INFO] jaxb-schemagen classpath addition: /root/.m2/repository/org/slf4j/slf4j-api/1.7.2/slf4j-api-1.7.2.jar
[INFO] jaxb-schemagen classpath addition: /root/.m2/repository/org/slf4j/slf4j-log4j12/1.7.2/slf4j-log4j12-1.7.2.jar
[INFO] jaxb-schemagen classpath addition: /data/ubuntu14/opennmszh/core/criteria/target/org.opennms.core.criteria-1.12.9.jar
[INFO] jaxb-schemagen classpath addition: /data/ubuntu14/opennmszh/opennms-rrd/opennms-rrd-api/target/opennms-rrd-api-1.12.9.jar
[INFO] jaxb-schemagen classpath addition: /data/ubuntu14/opennmszh/opennms-util/target/opennms-util-1.12.9.jar
[INFO] jaxb-schemagen classpath addition: /root/.m2/repository/xalan/serializer/2.7.1/serializer-2.7.1.jar
[INFO] jaxb-schemagen classpath addition: /root/.m2/repository/poi/poi/2.5.1-final-20040804/poi-2.5.1-final-20040804.jar
[INFO] jaxb-schemagen classpath addition: /root/.m2/repository/commons-net/commons-net/3.0.1/commons-net-3.0.1.jar
[INFO] jaxb-schemagen classpath addition: /root/.m2/repository/commons-dbcp/commons-dbcp/1.2/commons-dbcp-1.2.jar
[INFO] jaxb-schemagen classpath addition: /root/.m2/repository/commons-collections/commons-collections/3.2.1/commons-collections-3.2.1.jar
[INFO] jaxb-schemagen classpath addition: /root/.m2/repository/commons-pool/commons-pool/1.6/commons-pool-1.6.jar
[INFO] jaxb-schemagen classpath addition: /root/.m2/repository/commons-io/commons-io/2.4/commons-io-2.4.jar
[INFO] jaxb-schemagen classpath addition: /root/.m2/repository/commons-lang/commons-lang/2.6/commons-lang-2.6.jar
[INFO] jaxb-schemagen classpath addition: /root/.m2/repository/c3p0/c3p0/0.9.1.2/c3p0-0.9.1.2.jar
[INFO] jaxb-schemagen classpath addition: /root/.m2/repository/javax/persistence/persistence-api/1.0/persistence-api-1.0.jar
[INFO] jaxb-schemagen classpath addition: /root/.m2/repository/oro/oro/2.0.8/oro-2.0.8.jar
[INFO] jaxb-schemagen classpath addition: /root/.m2/repository/postgresql/postgresql/9.1-901.jdbc4/postgresql-9.1-901.jdbc4.jar
[INFO] jaxb-schemagen classpath addition: /data/ubuntu14/opennmszh/dependencies/dnsjava/pom.xml
[INFO] jaxb-schemagen classpath addition: /root/.m2/repository/dnsjava/dnsjava/2.1.1/dnsjava-2.1.1.jar
[INFO] jaxb-schemagen classpath addition: /data/ubuntu14/opennmszh/opennms-model/target/opennms-model-1.12.9.jar
[INFO] jaxb-schemagen classpath addition: /data/ubuntu14/opennmszh/dependencies/snmp/pom.xml
[INFO] jaxb-schemagen classpath addition: /data/ubuntu14/opennmszh/core/snmp/api/target/org.opennms.core.snmp.api-1.12.9.jar
[INFO] jaxb-schemagen classpath addition: /data/ubuntu14/opennmszh/core/snmp/impl-joesnmp/target/org.opennms.core.snmp.implementations.joesnmp-1.12.9.jar
[INFO] jaxb-schemagen classpath addition: /data/ubuntu14/opennmszh/core/snmp/joesnmp/target/org.opennms.core.snmp.joesnmp-1.12.9.jar
[INFO] jaxb-schemagen classpath addition: /data/ubuntu14/opennmszh/core/snmp/impl-snmp4j/target/org.opennms.core.snmp.implementations.snmp4j-1.12.9.jar
[INFO] jaxb-schemagen classpath addition: /root/.m2/repository/org/snmp4j/snmp4j/1.11.1/snmp4j-1.11.1.jar
[INFO] jaxb-schemagen classpath addition: /data/ubuntu14/opennmszh/dependencies/spring-security/pom.xml
[INFO] jaxb-schemagen classpath addition: /root/.m2/repository/org/springframework/security/spring-security-ldap/3.1.0.RELEASE/spring-security-ldap-3.1.0.RELEASE.jar
[INFO] jaxb-schemagen classpath addition: /root/.m2/repository/org/springframework/ldap/spring-ldap-core/1.3.1.RELEASE/spring-ldap-core-1.3.1.RELEASE.jar
[INFO] jaxb-schemagen classpath addition: /root/.m2/repository/org/springframework/security/spring-security-config/3.1.0.RELEASE/spring-security-config-3.1.0.RELEASE.jar
[INFO] jaxb-schemagen classpath addition: /root/.m2/repository/org/springframework/security/spring-security-core/3.1.0.RELEASE/spring-security-core-3.1.0.RELEASE.jar
[INFO] jaxb-schemagen classpath addition: /root/.m2/repository/org/springframework/security/spring-security-crypto/3.1.0.RELEASE/spring-security-crypto-3.1.0.RELEASE.jar
[INFO] jaxb-schemagen classpath addition: /root/.m2/repository/org/springframework/security/spring-security-remoting/3.1.0.RELEASE/spring-security-remoting-3.1.0.RELEASE.jar
[INFO] jaxb-schemagen classpath addition: /root/.m2/repository/org/springframework/security/spring-security-acl/3.1.0.RELEASE/spring-security-acl-3.1.0.RELEASE.jar
[INFO] jaxb-schemagen classpath addition: /root/.m2/repository/org/springframework/security/spring-security-taglibs/3.1.0.RELEASE/spring-security-taglibs-3.1.0.RELEASE.jar
[INFO] jaxb-schemagen classpath addition: /root/.m2/repository/org/springframework/security/spring-security-web/3.1.0.RELEASE/spring-security-web-3.1.0.RELEASE.jar
[INFO] jaxb-schemagen classpath addition: /root/.m2/repository/commons-codec/commons-codec/1.7/commons-codec-1.7.jar
[INFO] jaxb-schemagen classpath addition: /data/ubuntu14/opennmszh/core/api/target/org.opennms.core.api-1.12.9.jar
[INFO] jaxb-schemagen classpath addition: /data/ubuntu14/opennmszh/core/db/target/org.opennms.core.db-1.12.9.jar
[INFO] jaxb-schemagen classpath addition: /data/ubuntu14/opennmszh/core/lib/target/org.opennms.core.lib-1.12.9.jar
[INFO] jaxb-schemagen classpath addition: /root/.m2/repository/log4j/log4j/1.2.16/log4j-1.2.16.jar
[INFO] jaxb-schemagen classpath addition: /data/ubuntu14/opennmszh/opennms-provision/opennms-provision-api/target/opennms-provision-api-1.12.9.jar
[INFO] jaxb-schemagen classpath addition: /data/ubuntu14/opennmszh/dependencies/mina/pom.xml
[INFO] jaxb-schemagen classpath addition: /root/.m2/repository/org/apache/mina/mina-core/2.0.7/mina-core-2.0.7.jar
[INFO] jaxb-schemagen classpath addition: /data/ubuntu14/opennmszh/dependencies/netty/pom.xml
[INFO] jaxb-schemagen classpath addition: /root/.m2/repository/io/netty/netty/3.4.0.Final/netty-3.4.0.Final.jar
[INFO] jaxb-schemagen classpath addition: /data/ubuntu14/opennmszh/core/xml/target/org.opennms.core.xml-1.12.9.jar
[INFO] jaxb-schemagen classpath addition: /data/ubuntu14/opennmszh/dependencies/jersey/pom.xml
[INFO] jaxb-schemagen classpath addition: /root/.m2/repository/com/sun/jersey/jersey-client/1.10/jersey-client-1.10.jar
[INFO] jaxb-schemagen classpath addition: /root/.m2/repository/com/sun/jersey/jersey-core/1.10/jersey-core-1.10.jar
[INFO] jaxb-schemagen classpath addition: /root/.m2/repository/com/sun/jersey/jersey-server/1.10/jersey-server-1.10.jar
[INFO] jaxb-schemagen classpath addition: /root/.m2/repository/asm/asm/3.1/asm-3.1.jar
[INFO] jaxb-schemagen classpath addition: /root/.m2/repository/com/sun/jersey/jersey-atom/1.10/jersey-atom-1.10.jar
[INFO] jaxb-schemagen classpath addition: /root/.m2/repository/com/sun/jersey/jersey-json/1.10/jersey-json-1.10.jar
[INFO] jaxb-schemagen classpath addition: /root/.m2/repository/org/codehaus/jettison/jettison/1.1/jettison-1.1.jar
[INFO] jaxb-schemagen classpath addition: /root/.m2/repository/stax/stax-api/1.0.1/stax-api-1.0.1.jar
[INFO] jaxb-schemagen classpath addition: /root/.m2/repository/org/codehaus/jackson/jackson-core-asl/1.8.3/jackson-core-asl-1.8.3.jar
[INFO] jaxb-schemagen classpath addition: /root/.m2/repository/org/codehaus/jackson/jackson-mapper-asl/1.8.3/jackson-mapper-asl-1.8.3.jar
[INFO] jaxb-schemagen classpath addition: /root/.m2/repository/org/codehaus/jackson/jackson-jaxrs/1.8.3/jackson-jaxrs-1.8.3.jar
[INFO] jaxb-schemagen classpath addition: /root/.m2/repository/org/codehaus/jackson/jackson-xc/1.8.3/jackson-xc-1.8.3.jar
[INFO] jaxb-schemagen classpath addition: /root/.m2/repository/com/sun/jersey/contribs/jersey-spring/1.10/jersey-spring-1.10.jar
[INFO] jaxb-schemagen classpath addition: /root/.m2/repository/com/sun/jersey/jersey-servlet/1.10/jersey-servlet-1.10.jar
[INFO] jaxb-schemagen classpath addition: /root/.m2/repository/com/sun/jersey/contribs/jersey-apache-client/1.10/jersey-apache-client-1.10.jar
[INFO] jaxb-schemagen classpath addition: /root/.m2/repository/commons-httpclient/commons-httpclient/3.1/commons-httpclient-3.1.jar
[INFO] jaxb-schemagen classpath addition: /root/.m2/repository/com/sun/jersey/contribs/jersey-multipart/1.10/jersey-multipart-1.10.jar
[INFO] jaxb-schemagen classpath addition: /root/.m2/repository/org/jvnet/mimepull/1.6/mimepull-1.6.jar
[INFO] jaxb-schemagen classpath addition: /root/.m2/repository/com/sun/jersey/contribs/jersey-oauth/oauth-client/1.10/oauth-client-1.10.jar
[INFO] jaxb-schemagen classpath addition: /root/.m2/repository/com/sun/jersey/contribs/jersey-oauth/oauth-signature/1.10/oauth-signature-1.10.jar
[INFO] jaxb-schemagen classpath addition: /root/.m2/repository/javax/ws/rs/jsr311-api/1.0/jsr311-api-1.0.jar
[INFO] jaxb-schemagen classpath addition: /data/ubuntu14/opennmszh/dependencies/spring/pom.xml
[INFO] jaxb-schemagen classpath addition: /root/.m2/repository/org/springframework/spring-instrument/3.0.7.RELEASE/spring-instrument-3.0.7.RELEASE.jar
[INFO] jaxb-schemagen classpath addition: /root/.m2/repository/org/springframework/spring-aop/3.0.7.RELEASE/spring-aop-3.0.7.RELEASE.jar
[INFO] jaxb-schemagen classpath addition: /root/.m2/repository/aopalliance/aopalliance/1.0/aopalliance-1.0.jar
[INFO] jaxb-schemagen classpath addition: /root/.m2/repository/org/springframework/spring-asm/3.0.7.RELEASE/spring-asm-3.0.7.RELEASE.jar
[INFO] jaxb-schemagen classpath addition: /root/.m2/repository/org/springframework/spring-aspects/3.0.7.RELEASE/spring-aspects-3.0.7.RELEASE.jar
[INFO] jaxb-schemagen classpath addition: /root/.m2/repository/org/springframework/spring-test/3.0.7.RELEASE/spring-test-3.0.7.RELEASE.jar
[INFO] jaxb-schemagen classpath addition: /root/.m2/repository/org/springframework/spring-beans/3.0.7.RELEASE/spring-beans-3.0.7.RELEASE.jar
[INFO] jaxb-schemagen classpath addition: /root/.m2/repository/org/springframework/spring-context/3.0.7.RELEASE/spring-context-3.0.7.RELEASE.jar
[INFO] jaxb-schemagen classpath addition: /root/.m2/repository/org/springframework/spring-expression/3.0.7.RELEASE/spring-expression-3.0.7.RELEASE.jar
[INFO] jaxb-schemagen classpath addition: /root/.m2/repository/org/springframework/spring-context-support/3.0.7.RELEASE/spring-context-support-3.0.7.RELEASE.jar
[INFO] jaxb-schemagen classpath addition: /root/.m2/repository/org/springframework/spring-core/3.0.7.RELEASE/spring-core-3.0.7.RELEASE.jar
[INFO] jaxb-schemagen classpath addition: /root/.m2/repository/org/springframework/spring-oxm/3.0.7.RELEASE/spring-oxm-3.0.7.RELEASE.jar
[INFO] jaxb-schemagen classpath addition: /root/.m2/repository/org/springframework/spring-jdbc/3.0.7.RELEASE/spring-jdbc-3.0.7.RELEASE.jar
[INFO] jaxb-schemagen classpath addition: /root/.m2/repository/org/springframework/spring-jms/3.0.7.RELEASE/spring-jms-3.0.7.RELEASE.jar
[INFO] jaxb-schemagen classpath addition: /root/.m2/repository/org/springframework/spring-orm/3.0.7.RELEASE/spring-orm-3.0.7.RELEASE.jar
[INFO] jaxb-schemagen classpath addition: /root/.m2/repository/org/springframework/spring-tx/3.0.7.RELEASE/spring-tx-3.0.7.RELEASE.jar
[INFO] jaxb-schemagen classpath addition: /root/.m2/repository/org/aspectj/aspectjrt/1.6.8/aspectjrt-1.6.8.jar
[INFO] jaxb-schemagen classpath addition: /root/.m2/repository/org/aspectj/aspectjweaver/1.6.8/aspectjweaver-1.6.8.jar
[INFO] jaxb-schemagen classpath addition: /root/.m2/repository/javax/annotation/jsr250-api/1.0/jsr250-api-1.0.jar
[INFO] jaxb-schemagen classpath addition: /root/.m2/repository/cglib/cglib-nodep/2.2.2/cglib-nodep-2.2.2.jar
[INFO] jaxb-schemagen classpath addition: /data/ubuntu14/opennmszh/dependencies/spring-web/pom.xml
[INFO] jaxb-schemagen classpath addition: /root/.m2/repository/org/springframework/spring-web/3.0.7.RELEASE/spring-web-3.0.7.RELEASE.jar
[INFO] jaxb-schemagen classpath addition: /root/.m2/repository/org/springframework/spring-webmvc/3.0.7.RELEASE/spring-webmvc-3.0.7.RELEASE.jar
[INFO] jaxb-schemagen classpath addition: /root/.m2/repository/org/springframework/spring-struts/3.0.7.RELEASE/spring-struts-3.0.7.RELEASE.jar
[INFO] jaxb-schemagen classpath addition: /root/.m2/repository/struts/struts/1.2.9/struts-1.2.9.jar
[INFO] jaxb-schemagen classpath addition: /root/.m2/repository/commons-fileupload/commons-fileupload/1.0/commons-fileupload-1.0.jar
[INFO] jaxb-schemagen classpath addition: /root/.m2/repository/org/springframework/webflow/spring-binding/2.3.0.RELEASE/spring-binding-2.3.0.RELEASE.jar
[INFO] jaxb-schemagen classpath addition: /root/.m2/repository/org/springframework/webflow/spring-js/2.3.0.RELEASE/spring-js-2.3.0.RELEASE.jar
[INFO] jaxb-schemagen classpath addition: /root/.m2/repository/org/springframework/webflow/spring-js-resources/2.3.0.RELEASE/spring-js-resources-2.3.0.RELEASE.jar
[INFO] jaxb-schemagen classpath addition: /root/.m2/repository/org/springframework/webflow/spring-webflow/2.3.0.RELEASE/spring-webflow-2.3.0.RELEASE.jar
[INFO] jaxb-schemagen classpath addition: /root/.m2/repository/commons-beanutils/commons-beanutils/1.8.3/commons-beanutils-1.8.3.jar
[INFO] jaxb-schemagen classpath addition: /root/.m2/repository/commons-validator/commons-validator/1.3.1/commons-validator-1.3.1.jar
[INFO] jaxb-schemagen classpath addition: /root/.m2/repository/commons-digester/commons-digester/2.1/commons-digester-2.1.jar
[INFO] jaxb-schemagen classpath addition: /root/.m2/repository/xalan/xalan/2.7.1/xalan-2.7.1.jar
[INFO] jaxb-schemagen classpath addition: /root/.m2/repository/xml-apis/xml-apis/1.4.01/xml-apis-1.4.01.jar
[INFO] jaxb-schemagen classpath addition: /data/ubuntu14/opennmszh/opennms-services/target/opennms-services-1.12.9.jar
[INFO] jaxb-schemagen classpath addition: /data/ubuntu14/opennmszh/core/daemon/target/org.opennms.core.daemon-1.12.9.jar
[INFO] jaxb-schemagen classpath addition: /data/ubuntu14/opennmszh/opennms-icmp/opennms-icmp-api/target/opennms-icmp-api-1.12.9.jar
[INFO] jaxb-schemagen classpath addition: /data/ubuntu14/opennmszh/dependencies/tracker/pom.xml
[INFO] jaxb-schemagen classpath addition: /root/.m2/repository/org/opennms/lib/org.opennms.lib.tracker/0.6/org.opennms.lib.tracker-0.6.jar
[INFO] jaxb-schemagen classpath addition: /data/ubuntu14/opennmszh/opennms-javamail/opennms-javamail-api/target/opennms-javamail-api-1.12.9.jar
[INFO] jaxb-schemagen classpath addition: /data/ubuntu14/opennmszh/dependencies/jasypt/pom.xml
[INFO] jaxb-schemagen classpath addition: /root/.m2/repository/org/jasypt/jasypt/1.9.0/jasypt-1.9.0.jar
[INFO] jaxb-schemagen classpath addition: /data/ubuntu14/opennmszh/features/phonebook/target/org.opennms.features.phonebook-1.12.9.jar
[INFO] jaxb-schemagen classpath addition: /data/ubuntu14/opennmszh/features/poller/api/target/org.opennms.features.poller.api-1.12.9.jar
[INFO] jaxb-schemagen classpath addition: /data/ubuntu14/opennmszh/features/ticketing/api/target/org.opennms.features.ticketing.api-1.12.9.jar
[INFO] jaxb-schemagen classpath addition: /root/.m2/repository/com/jcraft/jsch/0.1.42/jsch-0.1.42.jar
[INFO] jaxb-schemagen classpath addition: /root/.m2/repository/org/apache/httpcomponents/httpcore/4.2.4/httpcore-4.2.4.jar
[INFO] jaxb-schemagen classpath addition: /root/.m2/repository/org/apache/httpcomponents/httpclient/4.2.5/httpclient-4.2.5.jar
[INFO] jaxb-schemagen classpath addition: /root/.m2/repository/jivesoftware/smack/3.0.4/smack-3.0.4.jar
[INFO] jaxb-schemagen classpath addition: /root/.m2/repository/jivesoftware/smackx/3.0.4/smackx-3.0.4.jar
[INFO] jaxb-schemagen classpath addition: /root/.m2/repository/commons-cli/commons-cli/1.2/commons-cli-1.2.jar
[INFO] jaxb-schemagen classpath addition: /root/.m2/repository/jakarta-regexp/jakarta-regexp/1.4/jakarta-regexp-1.4.jar
[INFO] jaxb-schemagen classpath addition: /root/.m2/repository/xerces/xercesImpl/2.9.1/xercesImpl-2.9.1.jar
[INFO] jaxb-schemagen classpath addition: /root/.m2/repository/xmlrpc/xmlrpc/2.0.1/xmlrpc-2.0.1.jar
[INFO] jaxb-schemagen classpath addition: /root/.m2/repository/mx4j/mx4j-tools/3.0.1/mx4j-tools-3.0.1.jar
[INFO] jaxb-schemagen classpath addition: /root/.m2/repository/bsf/bsf/2.4.0/bsf-2.4.0.jar
[INFO] jaxb-schemagen classpath addition: /root/.m2/repository/bsh/bsh/1.3.0/bsh-1.3.0.jar
[INFO] jaxb-schemagen classpath addition: /root/.m2/repository/com/caucho/hessian/3.1.5/hessian-3.1.5.jar
[INFO] jaxb-schemagen classpath addition: /root/.m2/repository/javax/mail/mail/1.4.5/mail-1.4.5.jar
[INFO] jaxb-schemagen classpath addition: /root/.m2/repository/javax/activation/activation/1.1.1/activation-1.1.1.jar
[INFO] jaxb-schemagen classpath addition: /data/ubuntu14/opennmszh/dependencies/jfreechart/pom.xml
[INFO] jaxb-schemagen classpath addition: /root/.m2/repository/jfree/jfreechart/1.0.13/jfreechart-1.0.13.jar
[INFO] jaxb-schemagen classpath addition: /root/.m2/repository/jfree/jcommon/1.0.16/jcommon-1.0.16.jar
[INFO] jaxb-schemagen classpath addition: /root/.m2/repository/com/novell/ldap/jldap/4.3/jldap-4.3.jar
[INFO] jaxb-schemagen classpath addition: /data/ubuntu14/opennmszh/dependencies/asterisk/pom.xml
[INFO] jaxb-schemagen classpath addition: /root/.m2/repository/org/asteriskjava/asterisk-java/1.0.0-preview-20090427/asterisk-java-1.0.0-preview-20090427.jar
[INFO] jaxb-schemagen classpath addition: /data/ubuntu14/opennmszh/dependencies/jcifs/pom.xml
[INFO] jaxb-schemagen classpath addition: /root/.m2/repository/org/samba/jcifs/jcifs/1.3.14/jcifs-1.3.14.jar
[INFO] jaxb-schemagen classpath addition: /root/.m2/repository/org/apache/commons/commons-jexl/2.1.1/commons-jexl-2.1.1.jar
[INFO] jaxb-schemagen classpath addition: /data/ubuntu14/opennmszh/dependencies/quartz/pom.xml
[INFO] jaxb-schemagen classpath addition: /root/.m2/repository/org/opensymphony/quartz/quartz/1.6.5/quartz-1.6.5.jar
[INFO] jaxb-schemagen classpath addition: /data/ubuntu14/opennmszh/dependencies/rancid/pom.xml
[INFO] jaxb-schemagen classpath addition: /root/.m2/repository/org/opennms/rancid-api/1.0.2/rancid-api-1.0.2.jar
[INFO] jaxb-schemagen classpath addition: /root/.m2/repository/org/restlet/org.restlet/1.1.10/org.restlet-1.1.10.jar
[INFO] jaxb-schemagen classpath addition: /root/.m2/repository/com/noelios/restlet/com.noelios.restlet/1.1.10/com.noelios.restlet-1.1.10.jar
[INFO] jaxb-schemagen classpath addition: /root/.m2/repository/com/noelios/restlet/com.noelios.restlet.ext.simple/1.1.10/com.noelios.restlet.ext.simple-1.1.10.jar
[INFO] jaxb-schemagen classpath addition: /root/.m2/repository/org/simpleframework/org.simpleframework/3.1.3/org.simpleframework-3.1.3.jar
[INFO] jaxb-schemagen classpath addition: /data/ubuntu14/opennmszh/dependencies/twitter4j/pom.xml
[INFO] jaxb-schemagen classpath addition: /root/.m2/repository/net/homeip/yusuke/twitter4j/2.0.10/twitter4j-2.0.10.jar
[INFO] org/opennms/netmgt/provision/persist/foreignsource/DetectorCollection.java added as org/opennms/netmgt/provision/persist/foreignsource/DetectorCollection.class doesn't exist.
[INFO] org/opennms/netmgt/provision/persist/foreignsource/DetectorWrapper.java added as org/opennms/netmgt/provision/persist/foreignsource/DetectorWrapper.class doesn't exist.
[INFO] org/opennms/netmgt/provision/persist/foreignsource/ForeignSource.java added as org/opennms/netmgt/provision/persist/foreignsource/ForeignSource.class doesn't exist.
[INFO] org/opennms/netmgt/provision/persist/foreignsource/ForeignSourceCollection.java added as org/opennms/netmgt/provision/persist/foreignsource/ForeignSourceCollection.class doesn't exist.
[INFO] org/opennms/netmgt/provision/persist/foreignsource/ParameterList.java added as org/opennms/netmgt/provision/persist/foreignsource/ParameterList.class doesn't exist.
[INFO] org/opennms/netmgt/provision/persist/foreignsource/PluginConfig.java added as org/opennms/netmgt/provision/persist/foreignsource/PluginConfig.class doesn't exist.
[INFO] org/opennms/netmgt/provision/persist/foreignsource/PluginParameter.java added as org/opennms/netmgt/provision/persist/foreignsource/PluginParameter.class doesn't exist.
[INFO] org/opennms/netmgt/provision/persist/foreignsource/PolicyCollection.java added as org/opennms/netmgt/provision/persist/foreignsource/PolicyCollection.class doesn't exist.
[INFO] org/opennms/netmgt/provision/persist/foreignsource/PolicyWrapper.java added as org/opennms/netmgt/provision/persist/foreignsource/PolicyWrapper.class doesn't exist.
[INFO] org/opennms/netmgt/provision/persist/foreignsource/package-info.java added as org/opennms/netmgt/provision/persist/foreignsource/package-info.class doesn't exist.
[INFO] Generating schema from 10 source files
[INFO] Compilation arguments:
'-d'
'/data/ubuntu14/opennmszh/opennms-provision/opennms-provision-persistence/target/xsds'
'-classpath'
'/data/ubuntu14/opennmszh/opennms-provision/opennms-provision-persistence/target/xsds:/root/.m2/repository/javax/xml/bind/jaxb-api/2.0/jaxb-api-2.0.jar:/root/.m2/repository/commons-beanutils/commons-beanutils-core/1.8.3/commons-beanutils-core-1.8.3.jar:/root/.m2/repository/commons-logging/commons-logging/1.1.1/commons-logging-1.1.1.jar:/data/ubuntu14/opennmszh/dependencies/jaxb/pom.xml:/root/.m2/repository/org/apache/servicemix/specs/org.apache.servicemix.specs.jaxb-api-2.2/2.2.0/org.apache.servicemix.specs.jaxb-api-2.2-2.2.0.jar:/root/.m2/repository/org/apache/servicemix/specs/org.apache.servicemix.specs.stax-api-1.0/2.2.0/org.apache.servicemix.specs.stax-api-1.0-2.2.0.jar:/root/.m2/repository/org/apache/geronimo/specs/geronimo-activation_1.1_spec/1.0.2/geronimo-activation_1.1_spec-1.0.2.jar:/root/.m2/repository/javax/xml/stream/stax-api/1.0-2/stax-api-1.0-2.jar:/root/.m2/repository/org/apache/servicemix/bundles/org.apache.servicemix.bundles.jaxb-impl/2.2.6_1/org.apache.servicemix.bundles.jaxb-impl-2.2.6_1.jar:/root/.m2/repository/javax/servlet/servlet-api/2.5/servlet-api-2.5.jar:/root/.m2/repository/joda-time/joda-time/2.1/joda-time-2.1.jar:/data/ubuntu14/opennmszh/opennms-dao/target/opennms-dao-1.12.9.jar:/data/ubuntu14/opennmszh/dependencies/castor/pom.xml:/root/.m2/repository/org/codehaus/castor/castor/1.1.2.1/castor-1.1.2.1.jar:/data/ubuntu14/opennmszh/dependencies/dbpool/pom.xml:/root/.m2/repository/net/snaq/dbpool/5.0/dbpool-5.0.jar:/data/ubuntu14/opennmszh/opennms-config/target/opennms-config-1.12.9.jar:/data/ubuntu14/opennmszh/dependencies/jdbc-pool/pom.xml:/root/.m2/repository/org/apache/tomcat/jdbc-pool/1.1.0.1/jdbc-pool-1.1.0.1.jar:/root/.m2/repository/org/apache/tomcat/juli/6.0.29/juli-6.0.29.jar:/data/ubuntu14/opennmszh/opennms-config-model/target/opennms-config-model-1.12.9.jar:/data/ubuntu14/opennmszh/core/soa/target/org.opennms.core.soa-1.12.9.jar:/data/ubuntu14/opennmszh/dependencies/hibernate/pom.xml:/root/.m2/repository/org/hibernate/ejb3-persistence/1.0.2.GA/ejb3-persistence-1.0.2.GA.jar:/root/.m2/repository/org/hibernate/hibernate-annotations/3.4.0.GA/hibernate-annotations-3.4.0.GA.jar:/root/.m2/repository/dom4j/dom4j/1.6.1/dom4j-1.6.1.jar:/root/.m2/repository/org/hibernate/hibernate-commons-annotations/3.1.0.GA/hibernate-commons-annotations-3.1.0.GA.jar:/root/.m2/repository/org/hibernate/hibernate-core/3.3.1.GA/hibernate-core-3.3.1.GA.jar:/root/.m2/repository/antlr/antlr/2.7.6/antlr-2.7.6.jar:/root/.m2/repository/javax/transaction/jta/1.1/jta-1.1.jar:/root/.m2/repository/org/hibernate/hibernate-entitymanager/3.4.0.GA/hibernate-entitymanager-3.4.0.GA.jar:/root/.m2/repository/javassist/javassist/3.4.GA/javassist-3.4.GA.jar:/root/.m2/repository/org/slf4j/slf4j-api/1.7.2/slf4j-api-1.7.2.jar:/root/.m2/repository/org/slf4j/slf4j-log4j12/1.7.2/slf4j-log4j12-1.7.2.jar:/data/ubuntu14/opennmszh/core/criteria/target/org.opennms.core.criteria-1.12.9.jar:/data/ubuntu14/opennmszh/opennms-rrd/opennms-rrd-api/target/opennms-rrd-api-1.12.9.jar:/data/ubuntu14/opennmszh/opennms-util/target/opennms-util-1.12.9.jar:/root/.m2/repository/xalan/serializer/2.7.1/serializer-2.7.1.jar:/root/.m2/repository/poi/poi/2.5.1-final-20040804/poi-2.5.1-final-20040804.jar:/root/.m2/repository/commons-net/commons-net/3.0.1/commons-net-3.0.1.jar:/root/.m2/repository/commons-dbcp/commons-dbcp/1.2/commons-dbcp-1.2.jar:/root/.m2/repository/commons-collections/commons-collections/3.2.1/commons-collections-3.2.1.jar:/root/.m2/repository/commons-pool/commons-pool/1.6/commons-pool-1.6.jar:/root/.m2/repository/commons-io/commons-io/2.4/commons-io-2.4.jar:/root/.m2/repository/commons-lang/commons-lang/2.6/commons-lang-2.6.jar:/root/.m2/repository/c3p0/c3p0/0.9.1.2/c3p0-0.9.1.2.jar:/root/.m2/repository/javax/persistence/persistence-api/1.0/persistence-api-1.0.jar:/root/.m2/repository/oro/oro/2.0.8/oro-2.0.8.jar:/root/.m2/repository/postgresql/postgresql/9.1-901.jdbc4/postgresql-9.1-901.jdbc4.jar:/data/ubuntu14/opennmszh/dependencies/dnsjava/pom.xml:/root/.m2/repository/dnsjava/dnsjava/2.1.1/dnsjava-2.1.1.jar:/data/ubuntu14/opennmszh/opennms-model/target/opennms-model-1.12.9.jar:/data/ubuntu14/opennmszh/dependencies/snmp/pom.xml:/data/ubuntu14/opennmszh/core/snmp/api/target/org.opennms.core.snmp.api-1.12.9.jar:/data/ubuntu14/opennmszh/core/snmp/impl-joesnmp/target/org.opennms.core.snmp.implementations.joesnmp-1.12.9.jar:/data/ubuntu14/opennmszh/core/snmp/joesnmp/target/org.opennms.core.snmp.joesnmp-1.12.9.jar:/data/ubuntu14/opennmszh/core/snmp/impl-snmp4j/target/org.opennms.core.snmp.implementations.snmp4j-1.12.9.jar:/root/.m2/repository/org/snmp4j/snmp4j/1.11.1/snmp4j-1.11.1.jar:/data/ubuntu14/opennmszh/dependencies/spring-security/pom.xml:/root/.m2/repository/org/springframework/security/spring-security-ldap/3.1.0.RELEASE/spring-security-ldap-3.1.0.RELEASE.jar:/root/.m2/repository/org/springframework/ldap/spring-ldap-core/1.3.1.RELEASE/spring-ldap-core-1.3.1.RELEASE.jar:/root/.m2/repository/org/springframework/security/spring-security-config/3.1.0.RELEASE/spring-security-config-3.1.0.RELEASE.jar:/root/.m2/repository/org/springframework/security/spring-security-core/3.1.0.RELEASE/spring-security-core-3.1.0.RELEASE.jar:/root/.m2/repository/org/springframework/security/spring-security-crypto/3.1.0.RELEASE/spring-security-crypto-3.1.0.RELEASE.jar:/root/.m2/repository/org/springframework/security/spring-security-remoting/3.1.0.RELEASE/spring-security-remoting-3.1.0.RELEASE.jar:/root/.m2/repository/org/springframework/security/spring-security-acl/3.1.0.RELEASE/spring-security-acl-3.1.0.RELEASE.jar:/root/.m2/repository/org/springframework/security/spring-security-taglibs/3.1.0.RELEASE/spring-security-taglibs-3.1.0.RELEASE.jar:/root/.m2/repository/org/springframework/security/spring-security-web/3.1.0.RELEASE/spring-security-web-3.1.0.RELEASE.jar:/root/.m2/repository/commons-codec/commons-codec/1.7/commons-codec-1.7.jar:/data/ubuntu14/opennmszh/core/api/target/org.opennms.core.api-1.12.9.jar:/data/ubuntu14/opennmszh/core/db/target/org.opennms.core.db-1.12.9.jar:/data/ubuntu14/opennmszh/core/lib/target/org.opennms.core.lib-1.12.9.jar:/root/.m2/repository/log4j/log4j/1.2.16/log4j-1.2.16.jar:/data/ubuntu14/opennmszh/opennms-provision/opennms-provision-api/target/opennms-provision-api-1.12.9.jar:/data/ubuntu14/opennmszh/dependencies/mina/pom.xml:/root/.m2/repository/org/apache/mina/mina-core/2.0.7/mina-core-2.0.7.jar:/data/ubuntu14/opennmszh/dependencies/netty/pom.xml:/root/.m2/repository/io/netty/netty/3.4.0.Final/netty-3.4.0.Final.jar:/data/ubuntu14/opennmszh/core/xml/target/org.opennms.core.xml-1.12.9.jar:/data/ubuntu14/opennmszh/dependencies/jersey/pom.xml:/root/.m2/repository/com/sun/jersey/jersey-client/1.10/jersey-client-1.10.jar:/root/.m2/repository/com/sun/jersey/jersey-core/1.10/jersey-core-1.10.jar:/root/.m2/repository/com/sun/jersey/jersey-server/1.10/jersey-server-1.10.jar:/root/.m2/repository/asm/asm/3.1/asm-3.1.jar:/root/.m2/repository/com/sun/jersey/jersey-atom/1.10/jersey-atom-1.10.jar:/root/.m2/repository/com/sun/jersey/jersey-json/1.10/jersey-json-1.10.jar:/root/.m2/repository/org/codehaus/jettison/jettison/1.1/jettison-1.1.jar:/root/.m2/repository/stax/stax-api/1.0.1/stax-api-1.0.1.jar:/root/.m2/repository/org/codehaus/jackson/jackson-core-asl/1.8.3/jackson-core-asl-1.8.3.jar:/root/.m2/repository/org/codehaus/jackson/jackson-mapper-asl/1.8.3/jackson-mapper-asl-1.8.3.jar:/root/.m2/repository/org/codehaus/jackson/jackson-jaxrs/1.8.3/jackson-jaxrs-1.8.3.jar:/root/.m2/repository/org/codehaus/jackson/jackson-xc/1.8.3/jackson-xc-1.8.3.jar:/root/.m2/repository/com/sun/jersey/contribs/jersey-spring/1.10/jersey-spring-1.10.jar:/root/.m2/repository/com/sun/jersey/jersey-servlet/1.10/jersey-servlet-1.10.jar:/root/.m2/repository/com/sun/jersey/contribs/jersey-apache-client/1.10/jersey-apache-client-1.10.jar:/root/.m2/repository/commons-httpclient/commons-httpclient/3.1/commons-httpclient-3.1.jar:/root/.m2/repository/com/sun/jersey/contribs/jersey-multipart/1.10/jersey-multipart-1.10.jar:/root/.m2/repository/org/jvnet/mimepull/1.6/mimepull-1.6.jar:/root/.m2/repository/com/sun/jersey/contribs/jersey-oauth/oauth-client/1.10/oauth-client-1.10.jar:/root/.m2/repository/com/sun/jersey/contribs/jersey-oauth/oauth-signature/1.10/oauth-signature-1.10.jar:/root/.m2/repository/javax/ws/rs/jsr311-api/1.0/jsr311-api-1.0.jar:/data/ubuntu14/opennmszh/dependencies/spring/pom.xml:/root/.m2/repository/org/springframework/spring-instrument/3.0.7.RELEASE/spring-instrument-3.0.7.RELEASE.jar:/root/.m2/repository/org/springframework/spring-aop/3.0.7.RELEASE/spring-aop-3.0.7.RELEASE.jar:/root/.m2/repository/aopalliance/aopalliance/1.0/aopalliance-1.0.jar:/root/.m2/repository/org/springframework/spring-asm/3.0.7.RELEASE/spring-asm-3.0.7.RELEASE.jar:/root/.m2/repository/org/springframework/spring-aspects/3.0.7.RELEASE/spring-aspects-3.0.7.RELEASE.jar:/root/.m2/repository/org/springframework/spring-test/3.0.7.RELEASE/spring-test-3.0.7.RELEASE.jar:/root/.m2/repository/org/springframework/spring-beans/3.0.7.RELEASE/spring-beans-3.0.7.RELEASE.jar:/root/.m2/repository/org/springframework/spring-context/3.0.7.RELEASE/spring-context-3.0.7.RELEASE.jar:/root/.m2/repository/org/springframework/spring-expression/3.0.7.RELEASE/spring-expression-3.0.7.RELEASE.jar:/root/.m2/repository/org/springframework/spring-context-support/3.0.7.RELEASE/spring-context-support-3.0.7.RELEASE.jar:/root/.m2/repository/org/springframework/spring-core/3.0.7.RELEASE/spring-core-3.0.7.RELEASE.jar:/root/.m2/repository/org/springframework/spring-oxm/3.0.7.RELEASE/spring-oxm-3.0.7.RELEASE.jar:/root/.m2/repository/org/springframework/spring-jdbc/3.0.7.RELEASE/spring-jdbc-3.0.7.RELEASE.jar:/root/.m2/repository/org/springframework/spring-jms/3.0.7.RELEASE/spring-jms-3.0.7.RELEASE.jar:/root/.m2/repository/org/springframework/spring-orm/3.0.7.RELEASE/spring-orm-3.0.7.RELEASE.jar:/root/.m2/repository/org/springframework/spring-tx/3.0.7.RELEASE/spring-tx-3.0.7.RELEASE.jar:/root/.m2/repository/org/aspectj/aspectjrt/1.6.8/aspectjrt-1.6.8.jar:/root/.m2/repository/org/aspectj/aspectjweaver/1.6.8/aspectjweaver-1.6.8.jar:/root/.m2/repository/javax/annotation/jsr250-api/1.0/jsr250-api-1.0.jar:/root/.m2/repository/cglib/cglib-nodep/2.2.2/cglib-nodep-2.2.2.jar:/data/ubuntu14/opennmszh/dependencies/spring-web/pom.xml:/root/.m2/repository/org/springframework/spring-web/3.0.7.RELEASE/spring-web-3.0.7.RELEASE.jar:/root/.m2/repository/org/springframework/spring-webmvc/3.0.7.RELEASE/spring-webmvc-3.0.7.RELEASE.jar:/root/.m2/repository/org/springframework/spring-struts/3.0.7.RELEASE/spring-struts-3.0.7.RELEASE.jar:/root/.m2/repository/struts/struts/1.2.9/struts-1.2.9.jar:/root/.m2/repository/commons-fileupload/commons-fileupload/1.0/commons-fileupload-1.0.jar:/root/.m2/repository/org/springframework/webflow/spring-binding/2.3.0.RELEASE/spring-binding-2.3.0.RELEASE.jar:/root/.m2/repository/org/springframework/webflow/spring-js/2.3.0.RELEASE/spring-js-2.3.0.RELEASE.jar:/root/.m2/repository/org/springframework/webflow/spring-js-resources/2.3.0.RELEASE/spring-js-resources-2.3.0.RELEASE.jar:/root/.m2/repository/org/springframework/webflow/spring-webflow/2.3.0.RELEASE/spring-webflow-2.3.0.RELEASE.jar:/root/.m2/repository/commons-beanutils/commons-beanutils/1.8.3/commons-beanutils-1.8.3.jar:/root/.m2/repository/commons-validator/commons-validator/1.3.1/commons-validator-1.3.1.jar:/root/.m2/repository/commons-digester/commons-digester/2.1/commons-digester-2.1.jar:/root/.m2/repository/xalan/xalan/2.7.1/xalan-2.7.1.jar:/root/.m2/repository/xml-apis/xml-apis/1.4.01/xml-apis-1.4.01.jar:/data/ubuntu14/opennmszh/opennms-services/target/opennms-services-1.12.9.jar:/data/ubuntu14/opennmszh/core/daemon/target/org.opennms.core.daemon-1.12.9.jar:/data/ubuntu14/opennmszh/opennms-icmp/opennms-icmp-api/target/opennms-icmp-api-1.12.9.jar:/data/ubuntu14/opennmszh/dependencies/tracker/pom.xml:/root/.m2/repository/org/opennms/lib/org.opennms.lib.tracker/0.6/org.opennms.lib.tracker-0.6.jar:/data/ubuntu14/opennmszh/opennms-javamail/opennms-javamail-api/target/opennms-javamail-api-1.12.9.jar:/data/ubuntu14/opennmszh/dependencies/jasypt/pom.xml:/root/.m2/repository/org/jasypt/jasypt/1.9.0/jasypt-1.9.0.jar:/data/ubuntu14/opennmszh/features/phonebook/target/org.opennms.features.phonebook-1.12.9.jar:/data/ubuntu14/opennmszh/features/poller/api/target/org.opennms.features.poller.api-1.12.9.jar:/data/ubuntu14/opennmszh/features/ticketing/api/target/org.opennms.features.ticketing.api-1.12.9.jar:/root/.m2/repository/com/jcraft/jsch/0.1.42/jsch-0.1.42.jar:/root/.m2/repository/org/apache/httpcomponents/httpcore/4.2.4/httpcore-4.2.4.jar:/root/.m2/repository/org/apache/httpcomponents/httpclient/4.2.5/httpclient-4.2.5.jar:/root/.m2/repository/jivesoftware/smack/3.0.4/smack-3.0.4.jar:/root/.m2/repository/jivesoftware/smackx/3.0.4/smackx-3.0.4.jar:/root/.m2/repository/commons-cli/commons-cli/1.2/commons-cli-1.2.jar:/root/.m2/repository/jakarta-regexp/jakarta-regexp/1.4/jakarta-regexp-1.4.jar:/root/.m2/repository/xerces/xercesImpl/2.9.1/xercesImpl-2.9.1.jar:/root/.m2/repository/xmlrpc/xmlrpc/2.0.1/xmlrpc-2.0.1.jar:/root/.m2/repository/mx4j/mx4j-tools/3.0.1/mx4j-tools-3.0.1.jar:/root/.m2/repository/bsf/bsf/2.4.0/bsf-2.4.0.jar:/root/.m2/repository/bsh/bsh/1.3.0/bsh-1.3.0.jar:/root/.m2/repository/com/caucho/hessian/3.1.5/hessian-3.1.5.jar:/root/.m2/repository/javax/mail/mail/1.4.5/mail-1.4.5.jar:/root/.m2/repository/javax/activation/activation/1.1.1/activation-1.1.1.jar:/data/ubuntu14/opennmszh/dependencies/jfreechart/pom.xml:/root/.m2/repository/jfree/jfreechart/1.0.13/jfreechart-1.0.13.jar:/root/.m2/repository/jfree/jcommon/1.0.16/jcommon-1.0.16.jar:/root/.m2/repository/com/novell/ldap/jldap/4.3/jldap-4.3.jar:/data/ubuntu14/opennmszh/dependencies/asterisk/pom.xml:/root/.m2/repository/org/asteriskjava/asterisk-java/1.0.0-preview-20090427/asterisk-java-1.0.0-preview-20090427.jar:/data/ubuntu14/opennmszh/dependencies/jcifs/pom.xml:/root/.m2/repository/org/samba/jcifs/jcifs/1.3.14/jcifs-1.3.14.jar:/root/.m2/repository/org/apache/commons/commons-jexl/2.1.1/commons-jexl-2.1.1.jar:/data/ubuntu14/opennmszh/dependencies/quartz/pom.xml:/root/.m2/repository/org/opensymphony/quartz/quartz/1.6.5/quartz-1.6.5.jar:/data/ubuntu14/opennmszh/dependencies/rancid/pom.xml:/root/.m2/repository/org/opennms/rancid-api/1.0.2/rancid-api-1.0.2.jar:/root/.m2/repository/org/restlet/org.restlet/1.1.10/org.restlet-1.1.10.jar:/root/.m2/repository/com/noelios/restlet/com.noelios.restlet/1.1.10/com.noelios.restlet-1.1.10.jar:/root/.m2/repository/com/noelios/restlet/com.noelios.restlet.ext.simple/1.1.10/com.noelios.restlet.ext.simple-1.1.10.jar:/root/.m2/repository/org/simpleframework/org.simpleframework/3.1.3/org.simpleframework-3.1.3.jar:/data/ubuntu14/opennmszh/dependencies/twitter4j/pom.xml:/root/.m2/repository/net/homeip/yusuke/twitter4j/2.0.10/twitter4j-2.0.10.jar:/data/ubuntu14/opennmszh/maven/boot/plexus-classworlds-2.4.jar'
'-sourcepath'
'/data/ubuntu14/opennmszh/opennms-provision/opennms-provision-persistence/src/main/java'
'-g:none'
'-nocompile'

The ' characters around the executable and arguments are
not part of the command.

[INFO] Files to be compiled:
    /data/ubuntu14/opennmszh/opennms-provision/opennms-provision-persistence/src/main/java/org/opennms/netmgt/provision/persist/foreignsource/DetectorCollection.java
    /data/ubuntu14/opennmszh/opennms-provision/opennms-provision-persistence/src/main/java/org/opennms/netmgt/provision/persist/foreignsource/DetectorWrapper.java
    /data/ubuntu14/opennmszh/opennms-provision/opennms-provision-persistence/src/main/java/org/opennms/netmgt/provision/persist/foreignsource/ForeignSource.java
    /data/ubuntu14/opennmszh/opennms-provision/opennms-provision-persistence/src/main/java/org/opennms/netmgt/provision/persist/foreignsource/ForeignSourceCollection.java
    /data/ubuntu14/opennmszh/opennms-provision/opennms-provision-persistence/src/main/java/org/opennms/netmgt/provision/persist/foreignsource/ParameterList.java
    /data/ubuntu14/opennmszh/opennms-provision/opennms-provision-persistence/src/main/java/org/opennms/netmgt/provision/persist/foreignsource/PluginConfig.java
    /data/ubuntu14/opennmszh/opennms-provision/opennms-provision-persistence/src/main/java/org/opennms/netmgt/provision/persist/foreignsource/PluginParameter.java
    /data/ubuntu14/opennmszh/opennms-provision/opennms-provision-persistence/src/main/java/org/opennms/netmgt/provision/persist/foreignsource/PolicyCollection.java
    /data/ubuntu14/opennmszh/opennms-provision/opennms-provision-persistence/src/main/java/org/opennms/netmgt/provision/persist/foreignsource/PolicyWrapper.java
    /data/ubuntu14/opennmszh/opennms-provision/opennms-provision-persistence/src/main/java/org/opennms/netmgt/provision/persist/foreignsource/package-info.java

[INFO] 
[INFO] --- maven-resources-plugin:2.5:resources (default-resources) @ opennms-provision-persistence ---
[debug] execute contextualize
[INFO] Using 'UTF-8' encoding to copy filtered resources.
[INFO] Copying 3 resources
[INFO] 
[INFO] --- maven-compiler-plugin:3.1:compile (default-compile) @ opennms-provision-persistence ---
[INFO] Nothing to compile - all classes are up to date
[INFO] 
[INFO] --- maven-resources-plugin:2.5:testResources (default-testResources) @ opennms-provision-persistence ---
[debug] execute contextualize
[INFO] Using 'UTF-8' encoding to copy filtered resources.
[INFO] Copying 18 resources
[INFO] 
[INFO] --- maven-compiler-plugin:3.1:testCompile (default-testCompile) @ opennms-provision-persistence ---
[INFO] Nothing to compile - all classes are up to date
[INFO] 
[INFO] --- maven-surefire-plugin:2.9:test (default-test) @ opennms-provision-persistence ---
[INFO] Tests are skipped.
[INFO] 
[INFO] --- maven-jar-plugin:2.3.1:jar (default-jar) @ opennms-provision-persistence ---
[INFO] 
[INFO] >>> maven-source-plugin:2.2.1:jar (default) @ opennms-provision-persistence >>>
[INFO] 
[INFO] <<< maven-source-plugin:2.2.1:jar (default) @ opennms-provision-persistence <<<
[INFO] 
[INFO] --- maven-source-plugin:2.2.1:jar (default) @ opennms-provision-persistence ---
[INFO] Building jar: /data/ubuntu14/opennmszh/opennms-provision/opennms-provision-persistence/target/opennms-provision-persistence-1.12.9-sources.jar
[INFO] 
[INFO] --- maven-jar-plugin:2.3.1:test-jar (default) @ opennms-provision-persistence ---
[INFO] 
[INFO] --- maven-assembly-plugin:2.4:single (default) @ opennms-provision-persistence ---
[INFO] Reading assembly descriptor: src/assembly/xsds.xml
[INFO] Building jar: /data/ubuntu14/opennmszh/opennms-provision/opennms-provision-persistence/target/opennms-provision-persistence-1.12.9-xsds.jar
[INFO] 
[INFO] --- maven-install-plugin:2.3.1:install (default-install) @ opennms-provision-persistence ---
[INFO] Installing /data/ubuntu14/opennmszh/opennms-provision/opennms-provision-persistence/target/opennms-provision-persistence-1.12.9.jar to /root/.m2/repository/org/opennms/opennms-provision-persistence/1.12.9/opennms-provision-persistence-1.12.9.jar
[INFO] Installing /data/ubuntu14/opennmszh/opennms-provision/opennms-provision-persistence/pom.xml to /root/.m2/repository/org/opennms/opennms-provision-persistence/1.12.9/opennms-provision-persistence-1.12.9.pom
[INFO] Installing /data/ubuntu14/opennmszh/opennms-provision/opennms-provision-persistence/target/opennms-provision-persistence-1.12.9-sources.jar to /root/.m2/repository/org/opennms/opennms-provision-persistence/1.12.9/opennms-provision-persistence-1.12.9-sources.jar
[INFO] Installing /data/ubuntu14/opennmszh/opennms-provision/opennms-provision-persistence/target/opennms-provision-persistence-1.12.9-tests.jar to /root/.m2/repository/org/opennms/opennms-provision-persistence/1.12.9/opennms-provision-persistence-1.12.9-tests.jar
[INFO] Installing /data/ubuntu14/opennmszh/opennms-provision/opennms-provision-persistence/target/opennms-provision-persistence-1.12.9-xsds.jar to /root/.m2/repository/org/opennms/opennms-provision-persistence/1.12.9/opennms-provision-persistence-1.12.9-xsds.jar
[INFO]                                                                         
[INFO] ------------------------------------------------------------------------
[INFO] Building OpenNMS Core Upgrade Library 1.12.9
[INFO] ------------------------------------------------------------------------
[WARNING] Failure to transfer net.homeip.yusuke:twitter4j/maven-metadata.xml from http://maven.opennms.org/content/groups/twitter4j.org-release was cached in the local repository, resolution will not be reattempted until the update interval of twitter4j.org has elapsed or updates are forced. Original error: Could not transfer metadata net.homeip.yusuke:twitter4j/maven-metadata.xml from/to twitter4j.org (http://maven.opennms.org/content/groups/twitter4j.org-release): Connection reset
[INFO] 
[INFO] --- maven-resources-plugin:2.5:resources (default-resources) @ org.opennms.core.upgrade ---
[debug] execute contextualize
[INFO] Using 'UTF-8' encoding to copy filtered resources.
[INFO] skip non existing resourceDirectory /data/ubuntu14/opennmszh/core/upgrade/src/main/resources
[INFO] 
[INFO] --- maven-compiler-plugin:3.1:compile (default-compile) @ org.opennms.core.upgrade ---
[INFO] Nothing to compile - all classes are up to date
[INFO] 
[INFO] --- maven-resources-plugin:2.5:testResources (default-testResources) @ org.opennms.core.upgrade ---
[debug] execute contextualize
[INFO] Using 'UTF-8' encoding to copy filtered resources.
[INFO] Copying 26 resources
[INFO] 
[INFO] --- maven-compiler-plugin:3.1:testCompile (default-testCompile) @ org.opennms.core.upgrade ---
[INFO] Nothing to compile - all classes are up to date
[INFO] 
[INFO] --- maven-surefire-plugin:2.9:test (default-test) @ org.opennms.core.upgrade ---
[INFO] Tests are skipped.
[INFO] 
[INFO] --- maven-jar-plugin:2.3.1:jar (default-jar) @ org.opennms.core.upgrade ---
[INFO] 
[INFO] >>> maven-source-plugin:2.2.1:jar (default) @ org.opennms.core.upgrade >>>
[INFO] 
[INFO] <<< maven-source-plugin:2.2.1:jar (default) @ org.opennms.core.upgrade <<<
[INFO] 
[INFO] --- maven-source-plugin:2.2.1:jar (default) @ org.opennms.core.upgrade ---
[INFO] 
[INFO] --- maven-install-plugin:2.3.1:install (default-install) @ org.opennms.core.upgrade ---
[INFO] Installing /data/ubuntu14/opennmszh/core/upgrade/target/org.opennms.core.upgrade-1.12.9.jar to /root/.m2/repository/org/opennms/core/org.opennms.core.upgrade/1.12.9/org.opennms.core.upgrade-1.12.9.jar
[INFO] Installing /data/ubuntu14/opennmszh/core/upgrade/pom.xml to /root/.m2/repository/org/opennms/core/org.opennms.core.upgrade/1.12.9/org.opennms.core.upgrade-1.12.9.pom
[INFO] Installing /data/ubuntu14/opennmszh/core/upgrade/target/org.opennms.core.upgrade-1.12.9-sources.jar to /root/.m2/repository/org/opennms/core/org.opennms.core.upgrade/1.12.9/org.opennms.core.upgrade-1.12.9-sources.jar
[INFO]                                                                         
[INFO] ------------------------------------------------------------------------
[INFO] Building OpenNMS OSGi Container 1.12.9
[INFO] ------------------------------------------------------------------------
[INFO] 
[INFO] >>> maven-source-plugin:2.2.1:jar (default) @ container >>>
[INFO] 
[INFO] <<< maven-source-plugin:2.2.1:jar (default) @ container <<<
[INFO] 
[INFO] --- maven-source-plugin:2.2.1:jar (default) @ container ---
[INFO] 
[INFO] --- maven-install-plugin:2.3.1:install (default-install) @ container ---
[INFO] Installing /data/ubuntu14/opennmszh/container/pom.xml to /root/.m2/repository/org/opennms/container/1.12.9/container-1.12.9.pom
[INFO]                                                                         
[INFO] ------------------------------------------------------------------------
[INFO] Building OpenNMS OSGi Container - Branding 1.12.9
[INFO] ------------------------------------------------------------------------
[INFO] 
[INFO] --- maven-resources-plugin:2.5:resources (default-resources) @ branding ---
[debug] execute contextualize
[INFO] Using 'UTF-8' encoding to copy filtered resources.
[INFO] Copying 1 resource
[INFO] 
[INFO] --- maven-compiler-plugin:3.1:compile (default-compile) @ branding ---
[INFO] No sources to compile
[INFO] 
[INFO] --- maven-resources-plugin:2.5:testResources (default-testResources) @ branding ---
[debug] execute contextualize
[INFO] Using 'UTF-8' encoding to copy filtered resources.
[INFO] skip non existing resourceDirectory /data/ubuntu14/opennmszh/container/branding/src/test/resources
[INFO] 
[INFO] --- maven-compiler-plugin:3.1:testCompile (default-testCompile) @ branding ---
[INFO] No sources to compile
[INFO] 
[INFO] --- maven-surefire-plugin:2.9:test (default-test) @ branding ---
[INFO] Tests are skipped.
[INFO] 
[INFO] --- maven-bundle-plugin:2.3.7:bundle (default-bundle) @ branding ---
[INFO] 
[INFO] >>> maven-source-plugin:2.2.1:jar (default) @ branding >>>
[INFO] 
[INFO] <<< maven-source-plugin:2.2.1:jar (default) @ branding <<<
[INFO] 
[INFO] --- maven-source-plugin:2.2.1:jar (default) @ branding ---
[INFO] 
[INFO] --- maven-install-plugin:2.5.2:install (default-install) @ branding ---
[INFO] Installing /data/ubuntu14/opennmszh/container/branding/target/branding-1.12.9.jar to /root/.m2/repository/org/opennms/container/branding/1.12.9/branding-1.12.9.jar
[INFO] Installing /data/ubuntu14/opennmszh/container/branding/pom.xml to /root/.m2/repository/org/opennms/container/branding/1.12.9/branding-1.12.9.pom
[INFO] Installing /data/ubuntu14/opennmszh/container/branding/target/branding-1.12.9-sources.jar to /root/.m2/repository/org/opennms/container/branding/1.12.9/branding-1.12.9-sources.jar
[INFO] 
[INFO] --- maven-bundle-plugin:2.3.7:install (default-install) @ branding ---
[INFO] Local OBR update disabled (enable with -DobrRepository)
[INFO]                                                                         
[INFO] ------------------------------------------------------------------------
[INFO] Building All OpenNMS OSGi Features 1.12.9
[INFO] ------------------------------------------------------------------------
[INFO] 
[INFO] --- maven-resources-plugin:2.5:copy-resources (copy-filtered-resources) @ all ---
[debug] execute contextualize
[INFO] Using 'UTF-8' encoding to copy filtered resources.
[INFO] Copying 1 resource
[INFO] 
[INFO] >>> maven-source-plugin:2.2.1:jar (default) @ all >>>
[INFO] 
[INFO] <<< maven-source-plugin:2.2.1:jar (default) @ all <<<
[INFO] 
[INFO] --- maven-source-plugin:2.2.1:jar (default) @ all ---
[INFO] 
[INFO] --- build-helper-maven-plugin:1.7:attach-artifact (attach-artifacts) @ all ---
[INFO] 
[INFO] --- maven-install-plugin:2.3.1:install (default-install) @ all ---
[INFO] Installing /data/ubuntu14/opennmszh/container/features/pom.xml to /root/.m2/repository/org/opennms/osgi/all/1.12.9/all-1.12.9.pom
[INFO] Installing /data/ubuntu14/opennmszh/container/features/target/resources/features/features.xml to /root/.m2/repository/org/opennms/osgi/all/1.12.9/all-1.12.9-features.xml
[INFO]                                                                         
[INFO] ------------------------------------------------------------------------
[INFO] Building OpenNMS OSGi Container - Standalone 1.12.9
[INFO] ------------------------------------------------------------------------
[INFO] 
[INFO] --- maven-resources-plugin:2.5:resources (filter) @ standalone ---
[debug] execute contextualize
[INFO] Using 'UTF-8' encoding to copy filtered resources.
[INFO] Copying 3 resources
[INFO] 
[INFO] >>> features-maven-plugin:2.3.1:add-features-to-repo (add-features-to-repo) @ standalone >>>
[INFO] 
[INFO] --- maven-resources-plugin:2.5:resources (filter) @ standalone ---
[debug] execute contextualize
[INFO] Using 'UTF-8' encoding to copy filtered resources.
[INFO] Copying 3 resources
[INFO] 
[INFO] --- maven-dependency-plugin:2.4:copy (copy) @ standalone ---
[INFO] Configured Artifact: org.opennms.container:branding:1.12.9:jar
[INFO] Copying branding-1.12.9.jar to /data/ubuntu14/opennmszh/container/standalone/target/dependencies/opennms-branding.jar
[INFO] 
[INFO] --- maven-dependency-plugin:2.4:unpack (unpack) @ standalone ---
[INFO] Configured Artifact: org.apache.karaf:apache-karaf:?:tar.gz
> isMarkerOlder:
  artifact1 = /root/.m2/repository/org/apache/karaf/apache-karaf/2.3.1/apache-karaf-2.3.1.tar.gz
  marker    = /data/ubuntu14/opennmszh/container/standalone/target/dependency-maven-plugin-markers/org.apache.karaf-apache-karaf-tar.gz-2.3.1.marker
    artifact1 lastModified: 1453221383000
    marker lastModified: 1453221383000
< false = marker older than artifact?
[INFO] apache-karaf-2.3.1.tar.gz already unpacked.
[INFO] 
[INFO] <<< features-maven-plugin:2.3.1:add-features-to-repo (add-features-to-repo) @ standalone <<<
[INFO] 
[INFO] --- features-maven-plugin:2.3.1:add-features-to-repo (add-features-to-repo) @ standalone ---
[INFO] Copying bundle: org.apache.karaf.assemblies.features:standard:xml:features:2.3.1
[INFO] Copying bundle: org.apache.karaf.assemblies.features:enterprise:xml:features:2.3.1
[INFO] Copying bundle: org.apache.karaf.assemblies.features:enterprise:xml:features:2.3.1
[INFO] Copying bundle: org.apache.karaf.assemblies.features:standard:xml:features:2.3.1
[INFO] Copying bundle: org.apache.karaf.assemblies.features:standard:xml:features:2.3.1
[INFO] Adding contents of transitive feature: http/2.3.1
[INFO] Adding contents of transitive feature: jetty/7.6.8.v20121106
[INFO] Adding contents of transitive feature: http-whiteboard/2.3.1
[INFO] Base repo: file:///root/.m2/repository/
[INFO] Copying bundle: org.ops4j.pax.web:pax-web-spi:jar:1.1.12
[INFO] Copying bundle: org.eclipse.jetty:jetty-servlets:jar:7.6.8.v20121106
[INFO] Copying bundle: org.eclipse.jetty:jetty-server:jar:7.6.8.v20121106
[INFO] Copying bundle: org.eclipse.jetty:jetty-xml:jar:7.6.8.v20121106
[INFO] Copying bundle: org.apache.servicemix.specs:org.apache.servicemix.specs.activation-api-1.1:jar:2.2.0
[INFO] Copying bundle: org.ops4j.pax.web:pax-web-jetty:jar:1.1.12
[INFO] Copying bundle: org.eclipse.jetty:jetty-plus:jar:7.6.8.v20121106
[INFO] Copying bundle: org.ops4j.pax.web:pax-web-extender-whiteboard:jar:1.1.12
[INFO] Copying bundle: org.eclipse.jetty:jetty-http:jar:7.6.8.v20121106
[INFO] Copying bundle: org.apache.geronimo.specs:geronimo-jta_1.1_spec:jar:1.1.1
[INFO] Copying bundle: org.apache.geronimo.specs:geronimo-servlet_2.5_spec:jar:1.2
[INFO] Copying bundle: org.ops4j.pax.web:pax-web-runtime:jar:1.1.12
[INFO] Copying bundle: org.eclipse.jetty:jetty-continuation:jar:7.6.8.v20121106
[INFO] Copying bundle: org.eclipse.jetty:jetty-websocket:jar:7.6.8.v20121106
[INFO] Copying bundle: org.eclipse.jetty:jetty-jndi:jar:7.6.8.v20121106
[INFO] Copying bundle: javax.mail:mail:jar:1.4.5
[INFO] Copying bundle: org.eclipse.jetty:jetty-util:jar:7.6.8.v20121106
[INFO] Copying bundle: org.eclipse.jetty:jetty-security:jar:7.6.8.v20121106
[INFO] Copying bundle: org.eclipse.jetty:jetty-client:jar:7.6.8.v20121106
[INFO] Copying bundle: org.eclipse.jetty:jetty-io:jar:7.6.8.v20121106
[INFO] Copying bundle: org.ops4j.pax.web:pax-web-api:jar:1.1.12
[INFO] Copying bundle: org.eclipse.jetty:jetty-jmx:jar:7.6.8.v20121106
[INFO] Copying bundle: org.eclipse.jetty:jetty-servlet:jar:7.6.8.v20121106
[INFO] Copying bundle: org.apache.karaf:apache-karaf:xml:jettyconfig:2.3.1
[INFO] Copying bundle: org.eclipse.jetty:jetty-webapp:jar:7.6.8.v20121106
[INFO] 
[INFO] --- maven-dependency-plugin:2.4:copy (copy) @ standalone ---
[INFO] Configured Artifact: org.opennms.container:branding:1.12.9:jar
[INFO] org.opennms.container:branding:1.12.9:jar already exists in /data/ubuntu14/opennmszh/container/standalone/target/dependencies
[INFO] 
[INFO] --- maven-dependency-plugin:2.4:unpack (unpack) @ standalone ---
[INFO] Configured Artifact: org.apache.karaf:apache-karaf:?:tar.gz
> isMarkerOlder:
  artifact1 = /root/.m2/repository/org/apache/karaf/apache-karaf/2.3.1/apache-karaf-2.3.1.tar.gz
  marker    = /data/ubuntu14/opennmszh/container/standalone/target/dependency-maven-plugin-markers/org.apache.karaf-apache-karaf-tar.gz-2.3.1.marker
    artifact1 lastModified: 1453221383000
    marker lastModified: 1453221383000
< false = marker older than artifact?
[INFO] apache-karaf-2.3.1.tar.gz already unpacked.
[INFO] 
[INFO] >>> maven-source-plugin:2.2.1:jar (default) @ standalone >>>
[INFO] 
[INFO] <<< maven-source-plugin:2.2.1:jar (default) @ standalone <<<
[INFO] 
[INFO] --- maven-source-plugin:2.2.1:jar (default) @ standalone ---
[INFO] 
[INFO] --- maven-assembly-plugin:2.4:single (bin) @ standalone ---
[INFO] Reading assembly descriptor: src/assembly/bin.xml
[INFO] Building tar: /data/ubuntu14/opennmszh/container/standalone/target/standalone-1.12.9.tar.gz
[INFO] 
[INFO] --- maven-install-plugin:2.3.1:install (default-install) @ standalone ---
[INFO] Installing /data/ubuntu14/opennmszh/container/standalone/pom.xml to /root/.m2/repository/org/opennms/container/standalone/1.12.9/standalone-1.12.9.pom
[INFO] Installing /data/ubuntu14/opennmszh/container/standalone/target/standalone-1.12.9.tar.gz to /root/.m2/repository/org/opennms/container/standalone/1.12.9/standalone-1.12.9.tar.gz
[INFO]                                                                         
[INFO] ------------------------------------------------------------------------
[INFO] Building OpenNMS OSGi Container - Embedded Karaf 1.12.9
[INFO] ------------------------------------------------------------------------
[INFO] 
[INFO] --- maven-resources-plugin:2.5:copy-resources (filter-features-xml) @ karaf ---
[debug] execute contextualize
[INFO] Using 'UTF-8' encoding to copy filtered resources.
[INFO] Copying 9 resources
[INFO] 
[INFO] --- maven-assembly-plugin:2.4:single (karaf) @ karaf ---
[INFO] Reading assembly descriptor: src/assembly/karaf.xml
[INFO] Building tar: /data/ubuntu14/opennmszh/container/karaf/target/karaf-1.12.9.tar.gz
[INFO] 
[INFO] >>> maven-source-plugin:2.2.1:jar (default) @ karaf >>>
[INFO] 
[INFO] <<< maven-source-plugin:2.2.1:jar (default) @ karaf <<<
[INFO] 
[INFO] --- maven-source-plugin:2.2.1:jar (default) @ karaf ---
[INFO] 
[INFO] --- build-helper-maven-plugin:1.7:attach-artifact (attach-artifacts) @ karaf ---
[INFO] 
[INFO] --- maven-install-plugin:2.3.1:install (default-install) @ karaf ---
[INFO] Installing /data/ubuntu14/opennmszh/container/karaf/pom.xml to /root/.m2/repository/org/opennms/container/karaf/1.12.9/karaf-1.12.9.pom
[INFO] Installing /data/ubuntu14/opennmszh/container/karaf/target/karaf-1.12.9.tar.gz to /root/.m2/repository/org/opennms/container/karaf/1.12.9/karaf-1.12.9.tar.gz
[INFO] Installing /data/ubuntu14/opennmszh/container/karaf/target/filtered-resources/features/features.xml to /root/.m2/repository/org/opennms/container/karaf/1.12.9/karaf-1.12.9-features.xml
[INFO]                                                                         
[INFO] ------------------------------------------------------------------------
[INFO] Building OpenNMS OSGi Container - Web Servlet 1.12.9
[INFO] ------------------------------------------------------------------------
[INFO] 
[INFO] --- maven-resources-plugin:2.5:resources (default-resources) @ org.opennms.container.servlet ---
[debug] execute contextualize
[INFO] Using 'UTF-8' encoding to copy filtered resources.
[INFO] skip non existing resourceDirectory /data/ubuntu14/opennmszh/container/servlet/src/main/resources
[INFO] 
[INFO] --- maven-compiler-plugin:3.1:compile (default-compile) @ org.opennms.container.servlet ---
[INFO] Nothing to compile - all classes are up to date
[INFO] 
[INFO] --- maven-resources-plugin:2.5:testResources (default-testResources) @ org.opennms.container.servlet ---
[debug] execute contextualize
[INFO] Using 'UTF-8' encoding to copy filtered resources.
[INFO] skip non existing resourceDirectory /data/ubuntu14/opennmszh/container/servlet/src/test/resources
[INFO] 
[INFO] --- maven-compiler-plugin:3.1:testCompile (default-testCompile) @ org.opennms.container.servlet ---
[INFO] No sources to compile
[INFO] 
[INFO] --- maven-surefire-plugin:2.9:test (default-test) @ org.opennms.container.servlet ---
[INFO] Tests are skipped.
[INFO] 
[INFO] --- maven-war-plugin:2.4:war (default-war) @ org.opennms.container.servlet ---
[INFO] Packaging webapp
[INFO] Assembling webapp [org.opennms.container.servlet] in [/data/ubuntu14/opennmszh/container/servlet/target/org.opennms.container.servlet-1.12.9]
[INFO] Processing war project
[INFO] Copying webapp resources [/data/ubuntu14/opennmszh/container/servlet/src/main/webapp]
[INFO] Building jar: /data/ubuntu14/opennmszh/container/servlet/target/org.opennms.container.servlet-1.12.9/WEB-INF/lib/org.opennms.container.servlet-1.12.9.jar
[INFO] Webapp assembled in [191 msecs]
[INFO] Building war: /data/ubuntu14/opennmszh/container/servlet/target/org.opennms.container.servlet-1.12.9.war
[INFO] 
[INFO] >>> maven-source-plugin:2.2.1:jar (default) @ org.opennms.container.servlet >>>
[INFO] 
[INFO] <<< maven-source-plugin:2.2.1:jar (default) @ org.opennms.container.servlet <<<
[INFO] 
[INFO] --- maven-source-plugin:2.2.1:jar (default) @ org.opennms.container.servlet ---
[INFO] 
[INFO] --- maven-install-plugin:2.3.1:install (default-install) @ org.opennms.container.servlet ---
[INFO] Installing /data/ubuntu14/opennmszh/container/servlet/target/org.opennms.container.servlet-1.12.9.war to /root/.m2/repository/org/opennms/container/org.opennms.container.servlet/1.12.9/org.opennms.container.servlet-1.12.9.war
[INFO] Installing /data/ubuntu14/opennmszh/container/servlet/pom.xml to /root/.m2/repository/org/opennms/container/org.opennms.container.servlet/1.12.9/org.opennms.container.servlet-1.12.9.pom
[INFO] Installing /data/ubuntu14/opennmszh/container/servlet/target/org.opennms.container.servlet-1.12.9-sources.jar to /root/.m2/repository/org/opennms/container/org.opennms.container.servlet/1.12.9/org.opennms.container.servlet-1.12.9-sources.jar
[INFO]                                                                         
[INFO] ------------------------------------------------------------------------
[INFO] Building OpenNMS OSGi Container - Web Servlet OSGi Bridge 1.12.9
[INFO] ------------------------------------------------------------------------
[INFO] 
[INFO] --- maven-resources-plugin:2.5:resources (default-resources) @ bridge ---
[debug] execute contextualize
[INFO] Using 'UTF-8' encoding to copy filtered resources.
[INFO] skip non existing resourceDirectory /data/ubuntu14/opennmszh/container/bridge/src/main/resources
[INFO] 
[INFO] --- maven-compiler-plugin:3.1:compile (default-compile) @ bridge ---
[INFO] Nothing to compile - all classes are up to date
[INFO] 
[INFO] --- maven-resources-plugin:2.5:testResources (default-testResources) @ bridge ---
[debug] execute contextualize
[INFO] Using 'UTF-8' encoding to copy filtered resources.
[INFO] skip non existing resourceDirectory /data/ubuntu14/opennmszh/container/bridge/src/test/resources
[INFO] 
[INFO] --- maven-compiler-plugin:3.1:testCompile (default-testCompile) @ bridge ---
[INFO] Nothing to compile - all classes are up to date
[INFO] 
[INFO] --- maven-surefire-plugin:2.9:test (default-test) @ bridge ---
[INFO] Tests are skipped.
[INFO] 
[INFO] --- maven-bundle-plugin:2.3.7:bundle (default-bundle) @ bridge ---
[INFO] 
[INFO] >>> maven-source-plugin:2.2.1:jar (default) @ bridge >>>
[INFO] 
[INFO] <<< maven-source-plugin:2.2.1:jar (default) @ bridge <<<
[INFO] 
[INFO] --- maven-source-plugin:2.2.1:jar (default) @ bridge ---
[INFO] 
[INFO] --- maven-install-plugin:2.5.2:install (default-install) @ bridge ---
[INFO] Installing /data/ubuntu14/opennmszh/container/bridge/target/bridge-1.12.9.jar to /root/.m2/repository/org/opennms/container/bridge/1.12.9/bridge-1.12.9.jar
[INFO] Installing /data/ubuntu14/opennmszh/container/bridge/pom.xml to /root/.m2/repository/org/opennms/container/bridge/1.12.9/bridge-1.12.9.pom
[INFO] Installing /data/ubuntu14/opennmszh/container/bridge/target/bridge-1.12.9-sources.jar to /root/.m2/repository/org/opennms/container/bridge/1.12.9/bridge-1.12.9-sources.jar
[INFO] 
[INFO] --- maven-bundle-plugin:2.3.7:install (default-install) @ bridge ---
[INFO] Local OBR update disabled (enable with -DobrRepository)
[INFO]                                                                         
[INFO] ------------------------------------------------------------------------
[INFO] Building OpenNMS ACL Webapp 1.12.9
[INFO] ------------------------------------------------------------------------
[INFO] 
[INFO] --- maven-resources-plugin:2.5:resources (default-resources) @ org.opennms.features.acl ---
[debug] execute contextualize
[INFO] Using 'UTF-8' encoding to copy filtered resources.
[INFO] Copying 8 resources
[INFO] 
[INFO] --- maven-compiler-plugin:3.1:compile (default-compile) @ org.opennms.features.acl ---
[INFO] Nothing to compile - all classes are up to date
[INFO] 
[INFO] --- maven-resources-plugin:2.5:testResources (default-testResources) @ org.opennms.features.acl ---
[debug] execute contextualize
[INFO] Using 'UTF-8' encoding to copy filtered resources.
[INFO] Copying 10 resources
[INFO] 
[INFO] --- maven-compiler-plugin:3.1:testCompile (default-testCompile) @ org.opennms.features.acl ---
[INFO] Nothing to compile - all classes are up to date
[INFO] 
[INFO] --- maven-surefire-plugin:2.9:test (default-test) @ org.opennms.features.acl ---
[INFO] Tests are skipped.
[INFO] 
[INFO] --- maven-war-plugin:2.4:war (default-war) @ org.opennms.features.acl ---
[INFO] Packaging webapp
[INFO] Assembling webapp [org.opennms.features.acl] in [/data/ubuntu14/opennmszh/features/acl/target/org.opennms.features.acl-1.12.9]
[INFO] Processing war project
[INFO] Copying webapp resources [/data/ubuntu14/opennmszh/features/acl/src/main/webapp]
[INFO] Building jar: /data/ubuntu14/opennmszh/features/acl/target/org.opennms.features.acl-1.12.9/WEB-INF/lib/org.opennms.features.acl-1.12.9.jar
[INFO] Webapp assembled in [506 msecs]
[INFO] Building war: /data/ubuntu14/opennmszh/features/acl/target/org.opennms.features.acl-1.12.9.war
[INFO] 
[INFO] >>> maven-source-plugin:2.2.1:jar (default) @ org.opennms.features.acl >>>
[INFO] 
[INFO] <<< maven-source-plugin:2.2.1:jar (default) @ org.opennms.features.acl <<<
[INFO] 
[INFO] --- maven-source-plugin:2.2.1:jar (default) @ org.opennms.features.acl ---
[INFO] 
[INFO] --- maven-install-plugin:2.3.1:install (default-install) @ org.opennms.features.acl ---
[INFO] Installing /data/ubuntu14/opennmszh/features/acl/target/org.opennms.features.acl-1.12.9.war to /root/.m2/repository/org/opennms/features/org.opennms.features.acl/1.12.9/org.opennms.features.acl-1.12.9.war
[INFO] Installing /data/ubuntu14/opennmszh/features/acl/pom.xml to /root/.m2/repository/org/opennms/features/org.opennms.features.acl/1.12.9/org.opennms.features.acl-1.12.9.pom
[INFO] Installing /data/ubuntu14/opennmszh/features/acl/target/org.opennms.features.acl-1.12.9-sources.jar to /root/.m2/repository/org/opennms/features/org.opennms.features.acl/1.12.9/org.opennms.features.acl-1.12.9-sources.jar
[INFO] 
[INFO] --- maven-war-plugin:2.4:war (default) @ org.opennms.features.acl ---
[INFO] Packaging webapp
[INFO] Assembling webapp [org.opennms.features.acl] in [/data/ubuntu14/opennmszh/features/acl/target/org.opennms.features.acl-1.12.9]
[INFO] Processing war project
[INFO] Copying webapp resources [/data/ubuntu14/opennmszh/features/acl/src/main/webapp]
[INFO] Building jar: /data/ubuntu14/opennmszh/features/acl/target/org.opennms.features.acl-1.12.9/WEB-INF/lib/org.opennms.features.acl-1.12.9.jar
[INFO] Webapp assembled in [325 msecs]
[INFO] Building war: /data/ubuntu14/opennmszh/features/acl/target/org.opennms.features.acl-1.12.9.war
[INFO]                                                                         
[INFO] ------------------------------------------------------------------------
[INFO] Building OpenNMS Instrumentation Log Reader 1.12.9
[INFO] ------------------------------------------------------------------------
[INFO] 
[INFO] --- maven-resources-plugin:2.5:resources (default-resources) @ org.opennms.features.instrumentationLogReader ---
[debug] execute contextualize
[INFO] Using 'UTF-8' encoding to copy filtered resources.
[INFO] skip non existing resourceDirectory /data/ubuntu14/opennmszh/features/instrumentationLogReader/src/main/resources
[INFO] 
[INFO] --- maven-compiler-plugin:3.1:compile (default-compile) @ org.opennms.features.instrumentationLogReader ---
[INFO] Nothing to compile - all classes are up to date
[INFO] 
[INFO] --- maven-resources-plugin:2.5:testResources (default-testResources) @ org.opennms.features.instrumentationLogReader ---
[debug] execute contextualize
[INFO] Using 'UTF-8' encoding to copy filtered resources.
[INFO] skip non existing resourceDirectory /data/ubuntu14/opennmszh/features/instrumentationLogReader/src/test/resources
[INFO] 
[INFO] --- maven-compiler-plugin:3.1:testCompile (default-testCompile) @ org.opennms.features.instrumentationLogReader ---
[INFO] Nothing to compile - all classes are up to date
[INFO] 
[INFO] --- maven-surefire-plugin:2.9:test (default-test) @ org.opennms.features.instrumentationLogReader ---
[INFO] Tests are skipped.
[INFO] 
[INFO] --- maven-bundle-plugin:2.3.7:bundle (default-bundle) @ org.opennms.features.instrumentationLogReader ---
[INFO] 
[INFO] >>> maven-source-plugin:2.2.1:jar (default) @ org.opennms.features.instrumentationLogReader >>>
[INFO] 
[INFO] <<< maven-source-plugin:2.2.1:jar (default) @ org.opennms.features.instrumentationLogReader <<<
[INFO] 
[INFO] --- maven-source-plugin:2.2.1:jar (default) @ org.opennms.features.instrumentationLogReader ---
[INFO] 
[INFO] --- maven-install-plugin:2.5.2:install (default-install) @ org.opennms.features.instrumentationLogReader ---
[INFO] Installing /data/ubuntu14/opennmszh/features/instrumentationLogReader/target/org.opennms.features.instrumentationLogReader-1.12.9.jar to /root/.m2/repository/org/opennms/features/org.opennms.features.instrumentationLogReader/1.12.9/org.opennms.features.instrumentationLogReader-1.12.9.jar
[INFO] Installing /data/ubuntu14/opennmszh/features/instrumentationLogReader/pom.xml to /root/.m2/repository/org/opennms/features/org.opennms.features.instrumentationLogReader/1.12.9/org.opennms.features.instrumentationLogReader-1.12.9.pom
[INFO] Installing /data/ubuntu14/opennmszh/features/instrumentationLogReader/target/org.opennms.features.instrumentationLogReader-1.12.9-sources.jar to /root/.m2/repository/org/opennms/features/org.opennms.features.instrumentationLogReader/1.12.9/org.opennms.features.instrumentationLogReader-1.12.9-sources.jar
[INFO] 
[INFO] --- maven-bundle-plugin:2.3.7:install (default-install) @ org.opennms.features.instrumentationLogReader ---
[INFO] Local OBR update disabled (enable with -DobrRepository)
[INFO]                                                                         
[INFO] ------------------------------------------------------------------------
[INFO] Building OpenNMS JDBC Collector 1.12.9
[INFO] ------------------------------------------------------------------------
[WARNING] Failure to transfer net.homeip.yusuke:twitter4j/maven-metadata.xml from http://maven.opennms.org/content/groups/twitter4j.org-release was cached in the local repository, resolution will not be reattempted until the update interval of twitter4j.org has elapsed or updates are forced. Original error: Could not transfer metadata net.homeip.yusuke:twitter4j/maven-metadata.xml from/to twitter4j.org (http://maven.opennms.org/content/groups/twitter4j.org-release): Connection reset
[INFO] 
[INFO] --- maven-jaxb-schemagen-plugin:1.2:generate (default) @ org.opennms.features.jdbc-collector ---
[INFO] jaxb-schemagen classpath addition: /root/.m2/repository/javax/xml/bind/jaxb-api/2.0/jaxb-api-2.0.jar
[INFO] jaxb-schemagen classpath addition: /data/ubuntu14/opennmszh/dependencies/jaxb/pom.xml
[INFO] jaxb-schemagen classpath addition: /root/.m2/repository/org/apache/servicemix/specs/org.apache.servicemix.specs.jaxb-api-2.2/2.2.0/org.apache.servicemix.specs.jaxb-api-2.2-2.2.0.jar
[INFO] jaxb-schemagen classpath addition: /root/.m2/repository/org/apache/servicemix/specs/org.apache.servicemix.specs.stax-api-1.0/2.2.0/org.apache.servicemix.specs.stax-api-1.0-2.2.0.jar
[INFO] jaxb-schemagen classpath addition: /root/.m2/repository/org/apache/geronimo/specs/geronimo-activation_1.1_spec/1.0.2/geronimo-activation_1.1_spec-1.0.2.jar
[INFO] jaxb-schemagen classpath addition: /root/.m2/repository/javax/xml/stream/stax-api/1.0-2/stax-api-1.0-2.jar
[INFO] jaxb-schemagen classpath addition: /root/.m2/repository/org/apache/servicemix/bundles/org.apache.servicemix.bundles.jaxb-impl/2.2.6_1/org.apache.servicemix.bundles.jaxb-impl-2.2.6_1.jar
[INFO] jaxb-schemagen classpath addition: /data/ubuntu14/opennmszh/opennms-model/target/opennms-model-1.12.9.jar
[INFO] jaxb-schemagen classpath addition: /data/ubuntu14/opennmszh/dependencies/castor/pom.xml
[INFO] jaxb-schemagen classpath addition: /root/.m2/repository/org/codehaus/castor/castor/1.1.2.1/castor-1.1.2.1.jar
[INFO] jaxb-schemagen classpath addition: /data/ubuntu14/opennmszh/dependencies/hibernate/pom.xml
[INFO] jaxb-schemagen classpath addition: /root/.m2/repository/org/hibernate/ejb3-persistence/1.0.2.GA/ejb3-persistence-1.0.2.GA.jar
[INFO] jaxb-schemagen classpath addition: /root/.m2/repository/org/hibernate/hibernate-annotations/3.4.0.GA/hibernate-annotations-3.4.0.GA.jar
[INFO] jaxb-schemagen classpath addition: /root/.m2/repository/dom4j/dom4j/1.6.1/dom4j-1.6.1.jar
[INFO] jaxb-schemagen classpath addition: /root/.m2/repository/org/hibernate/hibernate-commons-annotations/3.1.0.GA/hibernate-commons-annotations-3.1.0.GA.jar
[INFO] jaxb-schemagen classpath addition: /root/.m2/repository/org/hibernate/hibernate-core/3.3.1.GA/hibernate-core-3.3.1.GA.jar
[INFO] jaxb-schemagen classpath addition: /root/.m2/repository/antlr/antlr/2.7.6/antlr-2.7.6.jar
[INFO] jaxb-schemagen classpath addition: /root/.m2/repository/commons-collections/commons-collections/3.2.1/commons-collections-3.2.1.jar
[INFO] jaxb-schemagen classpath addition: /root/.m2/repository/javax/transaction/jta/1.1/jta-1.1.jar
[INFO] jaxb-schemagen classpath addition: /root/.m2/repository/org/hibernate/hibernate-entitymanager/3.4.0.GA/hibernate-entitymanager-3.4.0.GA.jar
[INFO] jaxb-schemagen classpath addition: /root/.m2/repository/javassist/javassist/3.4.GA/javassist-3.4.GA.jar
[INFO] jaxb-schemagen classpath addition: /root/.m2/repository/org/slf4j/slf4j-api/1.7.2/slf4j-api-1.7.2.jar
[INFO] jaxb-schemagen classpath addition: /root/.m2/repository/org/slf4j/slf4j-log4j12/1.7.2/slf4j-log4j12-1.7.2.jar
[INFO] jaxb-schemagen classpath addition: /data/ubuntu14/opennmszh/dependencies/snmp/pom.xml
[INFO] jaxb-schemagen classpath addition: /data/ubuntu14/opennmszh/core/snmp/api/target/org.opennms.core.snmp.api-1.12.9.jar
[INFO] jaxb-schemagen classpath addition: /data/ubuntu14/opennmszh/core/snmp/impl-joesnmp/target/org.opennms.core.snmp.implementations.joesnmp-1.12.9.jar
[INFO] jaxb-schemagen classpath addition: /data/ubuntu14/opennmszh/core/snmp/joesnmp/target/org.opennms.core.snmp.joesnmp-1.12.9.jar
[INFO] jaxb-schemagen classpath addition: /data/ubuntu14/opennmszh/core/snmp/impl-snmp4j/target/org.opennms.core.snmp.implementations.snmp4j-1.12.9.jar
[INFO] jaxb-schemagen classpath addition: /root/.m2/repository/org/snmp4j/snmp4j/1.11.1/snmp4j-1.11.1.jar
[INFO] jaxb-schemagen classpath addition: /data/ubuntu14/opennmszh/dependencies/spring-security/pom.xml
[INFO] jaxb-schemagen classpath addition: /root/.m2/repository/org/springframework/security/spring-security-ldap/3.1.0.RELEASE/spring-security-ldap-3.1.0.RELEASE.jar
[INFO] jaxb-schemagen classpath addition: /root/.m2/repository/org/springframework/ldap/spring-ldap-core/1.3.1.RELEASE/spring-ldap-core-1.3.1.RELEASE.jar
[INFO] jaxb-schemagen classpath addition: /root/.m2/repository/org/springframework/security/spring-security-config/3.1.0.RELEASE/spring-security-config-3.1.0.RELEASE.jar
[INFO] jaxb-schemagen classpath addition: /root/.m2/repository/aopalliance/aopalliance/1.0/aopalliance-1.0.jar
[INFO] jaxb-schemagen classpath addition: /root/.m2/repository/org/springframework/security/spring-security-core/3.1.0.RELEASE/spring-security-core-3.1.0.RELEASE.jar
[INFO] jaxb-schemagen classpath addition: /root/.m2/repository/org/springframework/security/spring-security-crypto/3.1.0.RELEASE/spring-security-crypto-3.1.0.RELEASE.jar
[INFO] jaxb-schemagen classpath addition: /root/.m2/repository/org/springframework/security/spring-security-remoting/3.1.0.RELEASE/spring-security-remoting-3.1.0.RELEASE.jar
[INFO] jaxb-schemagen classpath addition: /root/.m2/repository/org/springframework/security/spring-security-acl/3.1.0.RELEASE/spring-security-acl-3.1.0.RELEASE.jar
[INFO] jaxb-schemagen classpath addition: /root/.m2/repository/org/springframework/security/spring-security-taglibs/3.1.0.RELEASE/spring-security-taglibs-3.1.0.RELEASE.jar
[INFO] jaxb-schemagen classpath addition: /root/.m2/repository/org/springframework/security/spring-security-web/3.1.0.RELEASE/spring-security-web-3.1.0.RELEASE.jar
[INFO] jaxb-schemagen classpath addition: /root/.m2/repository/commons-codec/commons-codec/1.7/commons-codec-1.7.jar
[INFO] jaxb-schemagen classpath addition: /root/.m2/repository/oro/oro/2.0.8/oro-2.0.8.jar
[INFO] jaxb-schemagen classpath addition: /data/ubuntu14/opennmszh/opennms-util/target/opennms-util-1.12.9.jar
[INFO] jaxb-schemagen classpath addition: /root/.m2/repository/xalan/serializer/2.7.1/serializer-2.7.1.jar
[INFO] jaxb-schemagen classpath addition: /root/.m2/repository/poi/poi/2.5.1-final-20040804/poi-2.5.1-final-20040804.jar
[INFO] jaxb-schemagen classpath addition: /root/.m2/repository/commons-net/commons-net/3.0.1/commons-net-3.0.1.jar
[INFO] jaxb-schemagen classpath addition: /data/ubuntu14/opennmszh/core/api/target/org.opennms.core.api-1.12.9.jar
[INFO] jaxb-schemagen classpath addition: /root/.m2/repository/javax/persistence/persistence-api/1.0/persistence-api-1.0.jar
[INFO] jaxb-schemagen classpath addition: /data/ubuntu14/opennmszh/core/db/target/org.opennms.core.db-1.12.9.jar
[INFO] jaxb-schemagen classpath addition: /data/ubuntu14/opennmszh/core/lib/target/org.opennms.core.lib-1.12.9.jar
[INFO] jaxb-schemagen classpath addition: /root/.m2/repository/log4j/log4j/1.2.16/log4j-1.2.16.jar
[INFO] jaxb-schemagen classpath addition: /data/ubuntu14/opennmszh/core/xml/target/org.opennms.core.xml-1.12.9.jar
[INFO] jaxb-schemagen classpath addition: /data/ubuntu14/opennmszh/opennms-services/target/opennms-services-1.12.9.jar
[INFO] jaxb-schemagen classpath addition: /data/ubuntu14/opennmszh/opennms-config/target/opennms-config-1.12.9.jar
[INFO] jaxb-schemagen classpath addition: /data/ubuntu14/opennmszh/dependencies/dbpool/pom.xml
[INFO] jaxb-schemagen classpath addition: /root/.m2/repository/net/snaq/dbpool/5.0/dbpool-5.0.jar
[INFO] jaxb-schemagen classpath addition: /data/ubuntu14/opennmszh/dependencies/jdbc-pool/pom.xml
[INFO] jaxb-schemagen classpath addition: /root/.m2/repository/org/apache/tomcat/jdbc-pool/1.1.0.1/jdbc-pool-1.1.0.1.jar
[INFO] jaxb-schemagen classpath addition: /root/.m2/repository/org/apache/tomcat/juli/6.0.29/juli-6.0.29.jar
[INFO] jaxb-schemagen classpath addition: /data/ubuntu14/opennmszh/opennms-config-model/target/opennms-config-model-1.12.9.jar
[INFO] jaxb-schemagen classpath addition: /data/ubuntu14/opennmszh/opennms-dao/target/opennms-dao-1.12.9.jar
[INFO] jaxb-schemagen classpath addition: /data/ubuntu14/opennmszh/core/soa/target/org.opennms.core.soa-1.12.9.jar
[INFO] jaxb-schemagen classpath addition: /data/ubuntu14/opennmszh/core/criteria/target/org.opennms.core.criteria-1.12.9.jar
[INFO] jaxb-schemagen classpath addition: /root/.m2/repository/commons-dbcp/commons-dbcp/1.2/commons-dbcp-1.2.jar
[INFO] jaxb-schemagen classpath addition: /root/.m2/repository/commons-pool/commons-pool/1.6/commons-pool-1.6.jar
[INFO] jaxb-schemagen classpath addition: /root/.m2/repository/c3p0/c3p0/0.9.1.2/c3p0-0.9.1.2.jar
[INFO] jaxb-schemagen classpath addition: /root/.m2/repository/postgresql/postgresql/9.1-901.jdbc4/postgresql-9.1-901.jdbc4.jar
[INFO] jaxb-schemagen classpath addition: /data/ubuntu14/opennmszh/core/daemon/target/org.opennms.core.daemon-1.12.9.jar
[INFO] jaxb-schemagen classpath addition: /data/ubuntu14/opennmszh/opennms-icmp/opennms-icmp-api/target/opennms-icmp-api-1.12.9.jar
[INFO] jaxb-schemagen classpath addition: /data/ubuntu14/opennmszh/dependencies/tracker/pom.xml
[INFO] jaxb-schemagen classpath addition: /root/.m2/repository/org/opennms/lib/org.opennms.lib.tracker/0.6/org.opennms.lib.tracker-0.6.jar
[INFO] jaxb-schemagen classpath addition: /data/ubuntu14/opennmszh/opennms-javamail/opennms-javamail-api/target/opennms-javamail-api-1.12.9.jar
[INFO] jaxb-schemagen classpath addition: /data/ubuntu14/opennmszh/dependencies/jasypt/pom.xml
[INFO] jaxb-schemagen classpath addition: /root/.m2/repository/org/jasypt/jasypt/1.9.0/jasypt-1.9.0.jar
[INFO] jaxb-schemagen classpath addition: /data/ubuntu14/opennmszh/dependencies/spring/pom.xml
[INFO] jaxb-schemagen classpath addition: /root/.m2/repository/org/springframework/spring-instrument/3.0.7.RELEASE/spring-instrument-3.0.7.RELEASE.jar
[INFO] jaxb-schemagen classpath addition: /root/.m2/repository/org/springframework/spring-aop/3.0.7.RELEASE/spring-aop-3.0.7.RELEASE.jar
[INFO] jaxb-schemagen classpath addition: /root/.m2/repository/org/springframework/spring-asm/3.0.7.RELEASE/spring-asm-3.0.7.RELEASE.jar
[INFO] jaxb-schemagen classpath addition: /root/.m2/repository/org/springframework/spring-aspects/3.0.7.RELEASE/spring-aspects-3.0.7.RELEASE.jar
[INFO] jaxb-schemagen classpath addition: /root/.m2/repository/org/springframework/spring-beans/3.0.7.RELEASE/spring-beans-3.0.7.RELEASE.jar
[INFO] jaxb-schemagen classpath addition: /root/.m2/repository/org/springframework/spring-context/3.0.7.RELEASE/spring-context-3.0.7.RELEASE.jar
[INFO] jaxb-schemagen classpath addition: /root/.m2/repository/org/springframework/spring-expression/3.0.7.RELEASE/spring-expression-3.0.7.RELEASE.jar
[INFO] jaxb-schemagen classpath addition: /root/.m2/repository/org/springframework/spring-context-support/3.0.7.RELEASE/spring-context-support-3.0.7.RELEASE.jar
[INFO] jaxb-schemagen classpath addition: /root/.m2/repository/org/springframework/spring-core/3.0.7.RELEASE/spring-core-3.0.7.RELEASE.jar
[INFO] jaxb-schemagen classpath addition: /root/.m2/repository/org/springframework/spring-oxm/3.0.7.RELEASE/spring-oxm-3.0.7.RELEASE.jar
[INFO] jaxb-schemagen classpath addition: /root/.m2/repository/org/springframework/spring-jdbc/3.0.7.RELEASE/spring-jdbc-3.0.7.RELEASE.jar
[INFO] jaxb-schemagen classpath addition: /root/.m2/repository/org/springframework/spring-jms/3.0.7.RELEASE/spring-jms-3.0.7.RELEASE.jar
[INFO] jaxb-schemagen classpath addition: /root/.m2/repository/org/springframework/spring-orm/3.0.7.RELEASE/spring-orm-3.0.7.RELEASE.jar
[INFO] jaxb-schemagen classpath addition: /root/.m2/repository/org/springframework/spring-tx/3.0.7.RELEASE/spring-tx-3.0.7.RELEASE.jar
[INFO] jaxb-schemagen classpath addition: /root/.m2/repository/org/aspectj/aspectjrt/1.6.8/aspectjrt-1.6.8.jar
[INFO] jaxb-schemagen classpath addition: /root/.m2/repository/org/aspectj/aspectjweaver/1.6.8/aspectjweaver-1.6.8.jar
[INFO] jaxb-schemagen classpath addition: /root/.m2/repository/javax/annotation/jsr250-api/1.0/jsr250-api-1.0.jar
[INFO] jaxb-schemagen classpath addition: /data/ubuntu14/opennmszh/dependencies/spring-web/pom.xml
[INFO] jaxb-schemagen classpath addition: /root/.m2/repository/org/springframework/spring-web/3.0.7.RELEASE/spring-web-3.0.7.RELEASE.jar
[INFO] jaxb-schemagen classpath addition: /root/.m2/repository/org/springframework/spring-webmvc/3.0.7.RELEASE/spring-webmvc-3.0.7.RELEASE.jar
[INFO] jaxb-schemagen classpath addition: /root/.m2/repository/org/springframework/spring-struts/3.0.7.RELEASE/spring-struts-3.0.7.RELEASE.jar
[INFO] jaxb-schemagen classpath addition: /root/.m2/repository/struts/struts/1.2.9/struts-1.2.9.jar
[INFO] jaxb-schemagen classpath addition: /root/.m2/repository/commons-fileupload/commons-fileupload/1.0/commons-fileupload-1.0.jar
[INFO] jaxb-schemagen classpath addition: /root/.m2/repository/org/springframework/webflow/spring-binding/2.3.0.RELEASE/spring-binding-2.3.0.RELEASE.jar
[INFO] jaxb-schemagen classpath addition: /root/.m2/repository/org/springframework/webflow/spring-js/2.3.0.RELEASE/spring-js-2.3.0.RELEASE.jar
[INFO] jaxb-schemagen classpath addition: /root/.m2/repository/org/springframework/webflow/spring-js-resources/2.3.0.RELEASE/spring-js-resources-2.3.0.RELEASE.jar
[INFO] jaxb-schemagen classpath addition: /root/.m2/repository/org/springframework/webflow/spring-webflow/2.3.0.RELEASE/spring-webflow-2.3.0.RELEASE.jar
[INFO] jaxb-schemagen classpath addition: /root/.m2/repository/commons-beanutils/commons-beanutils/1.8.3/commons-beanutils-1.8.3.jar
[INFO] jaxb-schemagen classpath addition: /root/.m2/repository/commons-validator/commons-validator/1.3.1/commons-validator-1.3.1.jar
[INFO] jaxb-schemagen classpath addition: /root/.m2/repository/commons-digester/commons-digester/2.1/commons-digester-2.1.jar
[INFO] jaxb-schemagen classpath addition: /root/.m2/repository/xalan/xalan/2.7.1/xalan-2.7.1.jar
[INFO] jaxb-schemagen classpath addition: /data/ubuntu14/opennmszh/opennms-rrd/opennms-rrd-api/target/opennms-rrd-api-1.12.9.jar
[INFO] jaxb-schemagen classpath addition: /data/ubuntu14/opennmszh/features/phonebook/target/org.opennms.features.phonebook-1.12.9.jar
[INFO] jaxb-schemagen classpath addition: /data/ubuntu14/opennmszh/features/poller/api/target/org.opennms.features.poller.api-1.12.9.jar
[INFO] jaxb-schemagen classpath addition: /data/ubuntu14/opennmszh/features/ticketing/api/target/org.opennms.features.ticketing.api-1.12.9.jar
[INFO] jaxb-schemagen classpath addition: /root/.m2/repository/com/jcraft/jsch/0.1.42/jsch-0.1.42.jar
[INFO] jaxb-schemagen classpath addition: /root/.m2/repository/org/apache/httpcomponents/httpcore/4.2.4/httpcore-4.2.4.jar
[INFO] jaxb-schemagen classpath addition: /root/.m2/repository/org/apache/httpcomponents/httpclient/4.2.5/httpclient-4.2.5.jar
[INFO] jaxb-schemagen classpath addition: /root/.m2/repository/commons-logging/commons-logging/1.1.1/commons-logging-1.1.1.jar
[INFO] jaxb-schemagen classpath addition: /root/.m2/repository/commons-io/commons-io/2.4/commons-io-2.4.jar
[INFO] jaxb-schemagen classpath addition: /root/.m2/repository/commons-lang/commons-lang/2.6/commons-lang-2.6.jar
[INFO] jaxb-schemagen classpath addition: /root/.m2/repository/jivesoftware/smack/3.0.4/smack-3.0.4.jar
[INFO] jaxb-schemagen classpath addition: /root/.m2/repository/jivesoftware/smackx/3.0.4/smackx-3.0.4.jar
[INFO] jaxb-schemagen classpath addition: /root/.m2/repository/commons-cli/commons-cli/1.2/commons-cli-1.2.jar
[INFO] jaxb-schemagen classpath addition: /root/.m2/repository/jakarta-regexp/jakarta-regexp/1.4/jakarta-regexp-1.4.jar
[INFO] jaxb-schemagen classpath addition: /root/.m2/repository/xerces/xercesImpl/2.9.1/xercesImpl-2.9.1.jar
[INFO] jaxb-schemagen classpath addition: /root/.m2/repository/xml-apis/xml-apis/1.4.01/xml-apis-1.4.01.jar
[INFO] jaxb-schemagen classpath addition: /root/.m2/repository/xmlrpc/xmlrpc/2.0.1/xmlrpc-2.0.1.jar
[INFO] jaxb-schemagen classpath addition: /root/.m2/repository/javax/servlet/servlet-api/2.5/servlet-api-2.5.jar
[INFO] jaxb-schemagen classpath addition: /root/.m2/repository/mx4j/mx4j-tools/3.0.1/mx4j-tools-3.0.1.jar
[INFO] jaxb-schemagen classpath addition: /root/.m2/repository/bsf/bsf/2.4.0/bsf-2.4.0.jar
[INFO] jaxb-schemagen classpath addition: /root/.m2/repository/bsh/bsh/1.3.0/bsh-1.3.0.jar
[INFO] jaxb-schemagen classpath addition: /root/.m2/repository/com/caucho/hessian/3.1.5/hessian-3.1.5.jar
[INFO] jaxb-schemagen classpath addition: /root/.m2/repository/javax/mail/mail/1.4.5/mail-1.4.5.jar
[INFO] jaxb-schemagen classpath addition: /root/.m2/repository/javax/activation/activation/1.1.1/activation-1.1.1.jar
[INFO] jaxb-schemagen classpath addition: /data/ubuntu14/opennmszh/dependencies/jfreechart/pom.xml
[INFO] jaxb-schemagen classpath addition: /root/.m2/repository/jfree/jfreechart/1.0.13/jfreechart-1.0.13.jar
[INFO] jaxb-schemagen classpath addition: /root/.m2/repository/jfree/jcommon/1.0.16/jcommon-1.0.16.jar
[INFO] jaxb-schemagen classpath addition: /root/.m2/repository/com/novell/ldap/jldap/4.3/jldap-4.3.jar
[INFO] jaxb-schemagen classpath addition: /data/ubuntu14/opennmszh/dependencies/asterisk/pom.xml
[INFO] jaxb-schemagen classpath addition: /root/.m2/repository/org/asteriskjava/asterisk-java/1.0.0-preview-20090427/asterisk-java-1.0.0-preview-20090427.jar
[INFO] jaxb-schemagen classpath addition: /data/ubuntu14/opennmszh/dependencies/jcifs/pom.xml
[INFO] jaxb-schemagen classpath addition: /root/.m2/repository/org/samba/jcifs/jcifs/1.3.14/jcifs-1.3.14.jar
[INFO] jaxb-schemagen classpath addition: /root/.m2/repository/org/apache/commons/commons-jexl/2.1.1/commons-jexl-2.1.1.jar
[INFO] jaxb-schemagen classpath addition: /data/ubuntu14/opennmszh/dependencies/quartz/pom.xml
[INFO] jaxb-schemagen classpath addition: /root/.m2/repository/org/opensymphony/quartz/quartz/1.6.5/quartz-1.6.5.jar
[INFO] jaxb-schemagen classpath addition: /data/ubuntu14/opennmszh/dependencies/rancid/pom.xml
[INFO] jaxb-schemagen classpath addition: /root/.m2/repository/org/opennms/rancid-api/1.0.2/rancid-api-1.0.2.jar
[INFO] jaxb-schemagen classpath addition: /root/.m2/repository/org/restlet/org.restlet/1.1.10/org.restlet-1.1.10.jar
[INFO] jaxb-schemagen classpath addition: /root/.m2/repository/com/noelios/restlet/com.noelios.restlet/1.1.10/com.noelios.restlet-1.1.10.jar
[INFO] jaxb-schemagen classpath addition: /root/.m2/repository/com/noelios/restlet/com.noelios.restlet.ext.simple/1.1.10/com.noelios.restlet.ext.simple-1.1.10.jar
[INFO] jaxb-schemagen classpath addition: /root/.m2/repository/org/simpleframework/org.simpleframework/3.1.3/org.simpleframework-3.1.3.jar
[INFO] jaxb-schemagen classpath addition: /data/ubuntu14/opennmszh/dependencies/twitter4j/pom.xml
[INFO] jaxb-schemagen classpath addition: /root/.m2/repository/net/homeip/yusuke/twitter4j/2.0.10/twitter4j-2.0.10.jar
[INFO] jaxb-schemagen classpath addition: /data/ubuntu14/opennmszh/dependencies/dnsjava/pom.xml
[INFO] jaxb-schemagen classpath addition: /root/.m2/repository/dnsjava/dnsjava/2.1.1/dnsjava-2.1.1.jar
[INFO] jaxb-schemagen classpath addition: /root/.m2/repository/cglib/cglib-nodep/2.2.2/cglib-nodep-2.2.2.jar
[INFO] jaxb-schemagen classpath addition: /root/.m2/repository/org/springframework/spring-test/3.0.7.RELEASE/spring-test-3.0.7.RELEASE.jar
[INFO] org/opennms/netmgt/config/jdbc/JdbcColumn.java added as org/opennms/netmgt/config/jdbc/JdbcColumn.class doesn't exist.
[INFO] org/opennms/netmgt/config/jdbc/JdbcDataCollection.java added as org/opennms/netmgt/config/jdbc/JdbcDataCollection.class doesn't exist.
[INFO] org/opennms/netmgt/config/jdbc/JdbcDataCollectionConfig.java added as org/opennms/netmgt/config/jdbc/JdbcDataCollectionConfig.class doesn't exist.
[INFO] org/opennms/netmgt/config/jdbc/JdbcDataCollectionConfigFactory.java added as org/opennms/netmgt/config/jdbc/JdbcDataCollectionConfigFactory.class doesn't exist.
[INFO] org/opennms/netmgt/config/jdbc/JdbcQuery.java added as org/opennms/netmgt/config/jdbc/JdbcQuery.class doesn't exist.
[INFO] org/opennms/netmgt/config/jdbc/JdbcRrd.java added as org/opennms/netmgt/config/jdbc/JdbcRrd.class doesn't exist.
[INFO] org/opennms/netmgt/config/jdbc/JdbcStatement.java added as org/opennms/netmgt/config/jdbc/JdbcStatement.class doesn't exist.
[INFO] org/opennms/netmgt/config/jdbc/package-info.java added as org/opennms/netmgt/config/jdbc/package-info.class doesn't exist.
[INFO] Generating schema from 8 source files
[INFO] Compilation arguments:
'-d'
'/data/ubuntu14/opennmszh/features/jdbc-collector/target/xsds'
'-classpath'
'/data/ubuntu14/opennmszh/features/jdbc-collector/target/xsds:/root/.m2/repository/javax/xml/bind/jaxb-api/2.0/jaxb-api-2.0.jar:/data/ubuntu14/opennmszh/dependencies/jaxb/pom.xml:/root/.m2/repository/org/apache/servicemix/specs/org.apache.servicemix.specs.jaxb-api-2.2/2.2.0/org.apache.servicemix.specs.jaxb-api-2.2-2.2.0.jar:/root/.m2/repository/org/apache/servicemix/specs/org.apache.servicemix.specs.stax-api-1.0/2.2.0/org.apache.servicemix.specs.stax-api-1.0-2.2.0.jar:/root/.m2/repository/org/apache/geronimo/specs/geronimo-activation_1.1_spec/1.0.2/geronimo-activation_1.1_spec-1.0.2.jar:/root/.m2/repository/javax/xml/stream/stax-api/1.0-2/stax-api-1.0-2.jar:/root/.m2/repository/org/apache/servicemix/bundles/org.apache.servicemix.bundles.jaxb-impl/2.2.6_1/org.apache.servicemix.bundles.jaxb-impl-2.2.6_1.jar:/data/ubuntu14/opennmszh/opennms-model/target/opennms-model-1.12.9.jar:/data/ubuntu14/opennmszh/dependencies/castor/pom.xml:/root/.m2/repository/org/codehaus/castor/castor/1.1.2.1/castor-1.1.2.1.jar:/data/ubuntu14/opennmszh/dependencies/hibernate/pom.xml:/root/.m2/repository/org/hibernate/ejb3-persistence/1.0.2.GA/ejb3-persistence-1.0.2.GA.jar:/root/.m2/repository/org/hibernate/hibernate-annotations/3.4.0.GA/hibernate-annotations-3.4.0.GA.jar:/root/.m2/repository/dom4j/dom4j/1.6.1/dom4j-1.6.1.jar:/root/.m2/repository/org/hibernate/hibernate-commons-annotations/3.1.0.GA/hibernate-commons-annotations-3.1.0.GA.jar:/root/.m2/repository/org/hibernate/hibernate-core/3.3.1.GA/hibernate-core-3.3.1.GA.jar:/root/.m2/repository/antlr/antlr/2.7.6/antlr-2.7.6.jar:/root/.m2/repository/commons-collections/commons-collections/3.2.1/commons-collections-3.2.1.jar:/root/.m2/repository/javax/transaction/jta/1.1/jta-1.1.jar:/root/.m2/repository/org/hibernate/hibernate-entitymanager/3.4.0.GA/hibernate-entitymanager-3.4.0.GA.jar:/root/.m2/repository/javassist/javassist/3.4.GA/javassist-3.4.GA.jar:/root/.m2/repository/org/slf4j/slf4j-api/1.7.2/slf4j-api-1.7.2.jar:/root/.m2/repository/org/slf4j/slf4j-log4j12/1.7.2/slf4j-log4j12-1.7.2.jar:/data/ubuntu14/opennmszh/dependencies/snmp/pom.xml:/data/ubuntu14/opennmszh/core/snmp/api/target/org.opennms.core.snmp.api-1.12.9.jar:/data/ubuntu14/opennmszh/core/snmp/impl-joesnmp/target/org.opennms.core.snmp.implementations.joesnmp-1.12.9.jar:/data/ubuntu14/opennmszh/core/snmp/joesnmp/target/org.opennms.core.snmp.joesnmp-1.12.9.jar:/data/ubuntu14/opennmszh/core/snmp/impl-snmp4j/target/org.opennms.core.snmp.implementations.snmp4j-1.12.9.jar:/root/.m2/repository/org/snmp4j/snmp4j/1.11.1/snmp4j-1.11.1.jar:/data/ubuntu14/opennmszh/dependencies/spring-security/pom.xml:/root/.m2/repository/org/springframework/security/spring-security-ldap/3.1.0.RELEASE/spring-security-ldap-3.1.0.RELEASE.jar:/root/.m2/repository/org/springframework/ldap/spring-ldap-core/1.3.1.RELEASE/spring-ldap-core-1.3.1.RELEASE.jar:/root/.m2/repository/org/springframework/security/spring-security-config/3.1.0.RELEASE/spring-security-config-3.1.0.RELEASE.jar:/root/.m2/repository/aopalliance/aopalliance/1.0/aopalliance-1.0.jar:/root/.m2/repository/org/springframework/security/spring-security-core/3.1.0.RELEASE/spring-security-core-3.1.0.RELEASE.jar:/root/.m2/repository/org/springframework/security/spring-security-crypto/3.1.0.RELEASE/spring-security-crypto-3.1.0.RELEASE.jar:/root/.m2/repository/org/springframework/security/spring-security-remoting/3.1.0.RELEASE/spring-security-remoting-3.1.0.RELEASE.jar:/root/.m2/repository/org/springframework/security/spring-security-acl/3.1.0.RELEASE/spring-security-acl-3.1.0.RELEASE.jar:/root/.m2/repository/org/springframework/security/spring-security-taglibs/3.1.0.RELEASE/spring-security-taglibs-3.1.0.RELEASE.jar:/root/.m2/repository/org/springframework/security/spring-security-web/3.1.0.RELEASE/spring-security-web-3.1.0.RELEASE.jar:/root/.m2/repository/commons-codec/commons-codec/1.7/commons-codec-1.7.jar:/root/.m2/repository/oro/oro/2.0.8/oro-2.0.8.jar:/data/ubuntu14/opennmszh/opennms-util/target/opennms-util-1.12.9.jar:/root/.m2/repository/xalan/serializer/2.7.1/serializer-2.7.1.jar:/root/.m2/repository/poi/poi/2.5.1-final-20040804/poi-2.5.1-final-20040804.jar:/root/.m2/repository/commons-net/commons-net/3.0.1/commons-net-3.0.1.jar:/data/ubuntu14/opennmszh/core/api/target/org.opennms.core.api-1.12.9.jar:/root/.m2/repository/javax/persistence/persistence-api/1.0/persistence-api-1.0.jar:/data/ubuntu14/opennmszh/core/db/target/org.opennms.core.db-1.12.9.jar:/data/ubuntu14/opennmszh/core/lib/target/org.opennms.core.lib-1.12.9.jar:/root/.m2/repository/log4j/log4j/1.2.16/log4j-1.2.16.jar:/data/ubuntu14/opennmszh/core/xml/target/org.opennms.core.xml-1.12.9.jar:/data/ubuntu14/opennmszh/opennms-services/target/opennms-services-1.12.9.jar:/data/ubuntu14/opennmszh/opennms-config/target/opennms-config-1.12.9.jar:/data/ubuntu14/opennmszh/dependencies/dbpool/pom.xml:/root/.m2/repository/net/snaq/dbpool/5.0/dbpool-5.0.jar:/data/ubuntu14/opennmszh/dependencies/jdbc-pool/pom.xml:/root/.m2/repository/org/apache/tomcat/jdbc-pool/1.1.0.1/jdbc-pool-1.1.0.1.jar:/root/.m2/repository/org/apache/tomcat/juli/6.0.29/juli-6.0.29.jar:/data/ubuntu14/opennmszh/opennms-config-model/target/opennms-config-model-1.12.9.jar:/data/ubuntu14/opennmszh/opennms-dao/target/opennms-dao-1.12.9.jar:/data/ubuntu14/opennmszh/core/soa/target/org.opennms.core.soa-1.12.9.jar:/data/ubuntu14/opennmszh/core/criteria/target/org.opennms.core.criteria-1.12.9.jar:/root/.m2/repository/commons-dbcp/commons-dbcp/1.2/commons-dbcp-1.2.jar:/root/.m2/repository/commons-pool/commons-pool/1.6/commons-pool-1.6.jar:/root/.m2/repository/c3p0/c3p0/0.9.1.2/c3p0-0.9.1.2.jar:/root/.m2/repository/postgresql/postgresql/9.1-901.jdbc4/postgresql-9.1-901.jdbc4.jar:/data/ubuntu14/opennmszh/core/daemon/target/org.opennms.core.daemon-1.12.9.jar:/data/ubuntu14/opennmszh/opennms-icmp/opennms-icmp-api/target/opennms-icmp-api-1.12.9.jar:/data/ubuntu14/opennmszh/dependencies/tracker/pom.xml:/root/.m2/repository/org/opennms/lib/org.opennms.lib.tracker/0.6/org.opennms.lib.tracker-0.6.jar:/data/ubuntu14/opennmszh/opennms-javamail/opennms-javamail-api/target/opennms-javamail-api-1.12.9.jar:/data/ubuntu14/opennmszh/dependencies/jasypt/pom.xml:/root/.m2/repository/org/jasypt/jasypt/1.9.0/jasypt-1.9.0.jar:/data/ubuntu14/opennmszh/dependencies/spring/pom.xml:/root/.m2/repository/org/springframework/spring-instrument/3.0.7.RELEASE/spring-instrument-3.0.7.RELEASE.jar:/root/.m2/repository/org/springframework/spring-aop/3.0.7.RELEASE/spring-aop-3.0.7.RELEASE.jar:/root/.m2/repository/org/springframework/spring-asm/3.0.7.RELEASE/spring-asm-3.0.7.RELEASE.jar:/root/.m2/repository/org/springframework/spring-aspects/3.0.7.RELEASE/spring-aspects-3.0.7.RELEASE.jar:/root/.m2/repository/org/springframework/spring-beans/3.0.7.RELEASE/spring-beans-3.0.7.RELEASE.jar:/root/.m2/repository/org/springframework/spring-context/3.0.7.RELEASE/spring-context-3.0.7.RELEASE.jar:/root/.m2/repository/org/springframework/spring-expression/3.0.7.RELEASE/spring-expression-3.0.7.RELEASE.jar:/root/.m2/repository/org/springframework/spring-context-support/3.0.7.RELEASE/spring-context-support-3.0.7.RELEASE.jar:/root/.m2/repository/org/springframework/spring-core/3.0.7.RELEASE/spring-core-3.0.7.RELEASE.jar:/root/.m2/repository/org/springframework/spring-oxm/3.0.7.RELEASE/spring-oxm-3.0.7.RELEASE.jar:/root/.m2/repository/org/springframework/spring-jdbc/3.0.7.RELEASE/spring-jdbc-3.0.7.RELEASE.jar:/root/.m2/repository/org/springframework/spring-jms/3.0.7.RELEASE/spring-jms-3.0.7.RELEASE.jar:/root/.m2/repository/org/springframework/spring-orm/3.0.7.RELEASE/spring-orm-3.0.7.RELEASE.jar:/root/.m2/repository/org/springframework/spring-tx/3.0.7.RELEASE/spring-tx-3.0.7.RELEASE.jar:/root/.m2/repository/org/aspectj/aspectjrt/1.6.8/aspectjrt-1.6.8.jar:/root/.m2/repository/org/aspectj/aspectjweaver/1.6.8/aspectjweaver-1.6.8.jar:/root/.m2/repository/javax/annotation/jsr250-api/1.0/jsr250-api-1.0.jar:/data/ubuntu14/opennmszh/dependencies/spring-web/pom.xml:/root/.m2/repository/org/springframework/spring-web/3.0.7.RELEASE/spring-web-3.0.7.RELEASE.jar:/root/.m2/repository/org/springframework/spring-webmvc/3.0.7.RELEASE/spring-webmvc-3.0.7.RELEASE.jar:/root/.m2/repository/org/springframework/spring-struts/3.0.7.RELEASE/spring-struts-3.0.7.RELEASE.jar:/root/.m2/repository/struts/struts/1.2.9/struts-1.2.9.jar:/root/.m2/repository/commons-fileupload/commons-fileupload/1.0/commons-fileupload-1.0.jar:/root/.m2/repository/org/springframework/webflow/spring-binding/2.3.0.RELEASE/spring-binding-2.3.0.RELEASE.jar:/root/.m2/repository/org/springframework/webflow/spring-js/2.3.0.RELEASE/spring-js-2.3.0.RELEASE.jar:/root/.m2/repository/org/springframework/webflow/spring-js-resources/2.3.0.RELEASE/spring-js-resources-2.3.0.RELEASE.jar:/root/.m2/repository/org/springframework/webflow/spring-webflow/2.3.0.RELEASE/spring-webflow-2.3.0.RELEASE.jar:/root/.m2/repository/commons-beanutils/commons-beanutils/1.8.3/commons-beanutils-1.8.3.jar:/root/.m2/repository/commons-validator/commons-validator/1.3.1/commons-validator-1.3.1.jar:/root/.m2/repository/commons-digester/commons-digester/2.1/commons-digester-2.1.jar:/root/.m2/repository/xalan/xalan/2.7.1/xalan-2.7.1.jar:/data/ubuntu14/opennmszh/opennms-rrd/opennms-rrd-api/target/opennms-rrd-api-1.12.9.jar:/data/ubuntu14/opennmszh/features/phonebook/target/org.opennms.features.phonebook-1.12.9.jar:/data/ubuntu14/opennmszh/features/poller/api/target/org.opennms.features.poller.api-1.12.9.jar:/data/ubuntu14/opennmszh/features/ticketing/api/target/org.opennms.features.ticketing.api-1.12.9.jar:/root/.m2/repository/com/jcraft/jsch/0.1.42/jsch-0.1.42.jar:/root/.m2/repository/org/apache/httpcomponents/httpcore/4.2.4/httpcore-4.2.4.jar:/root/.m2/repository/org/apache/httpcomponents/httpclient/4.2.5/httpclient-4.2.5.jar:/root/.m2/repository/commons-logging/commons-logging/1.1.1/commons-logging-1.1.1.jar:/root/.m2/repository/commons-io/commons-io/2.4/commons-io-2.4.jar:/root/.m2/repository/commons-lang/commons-lang/2.6/commons-lang-2.6.jar:/root/.m2/repository/jivesoftware/smack/3.0.4/smack-3.0.4.jar:/root/.m2/repository/jivesoftware/smackx/3.0.4/smackx-3.0.4.jar:/root/.m2/repository/commons-cli/commons-cli/1.2/commons-cli-1.2.jar:/root/.m2/repository/jakarta-regexp/jakarta-regexp/1.4/jakarta-regexp-1.4.jar:/root/.m2/repository/xerces/xercesImpl/2.9.1/xercesImpl-2.9.1.jar:/root/.m2/repository/xml-apis/xml-apis/1.4.01/xml-apis-1.4.01.jar:/root/.m2/repository/xmlrpc/xmlrpc/2.0.1/xmlrpc-2.0.1.jar:/root/.m2/repository/javax/servlet/servlet-api/2.5/servlet-api-2.5.jar:/root/.m2/repository/mx4j/mx4j-tools/3.0.1/mx4j-tools-3.0.1.jar:/root/.m2/repository/bsf/bsf/2.4.0/bsf-2.4.0.jar:/root/.m2/repository/bsh/bsh/1.3.0/bsh-1.3.0.jar:/root/.m2/repository/com/caucho/hessian/3.1.5/hessian-3.1.5.jar:/root/.m2/repository/javax/mail/mail/1.4.5/mail-1.4.5.jar:/root/.m2/repository/javax/activation/activation/1.1.1/activation-1.1.1.jar:/data/ubuntu14/opennmszh/dependencies/jfreechart/pom.xml:/root/.m2/repository/jfree/jfreechart/1.0.13/jfreechart-1.0.13.jar:/root/.m2/repository/jfree/jcommon/1.0.16/jcommon-1.0.16.jar:/root/.m2/repository/com/novell/ldap/jldap/4.3/jldap-4.3.jar:/data/ubuntu14/opennmszh/dependencies/asterisk/pom.xml:/root/.m2/repository/org/asteriskjava/asterisk-java/1.0.0-preview-20090427/asterisk-java-1.0.0-preview-20090427.jar:/data/ubuntu14/opennmszh/dependencies/jcifs/pom.xml:/root/.m2/repository/org/samba/jcifs/jcifs/1.3.14/jcifs-1.3.14.jar:/root/.m2/repository/org/apache/commons/commons-jexl/2.1.1/commons-jexl-2.1.1.jar:/data/ubuntu14/opennmszh/dependencies/quartz/pom.xml:/root/.m2/repository/org/opensymphony/quartz/quartz/1.6.5/quartz-1.6.5.jar:/data/ubuntu14/opennmszh/dependencies/rancid/pom.xml:/root/.m2/repository/org/opennms/rancid-api/1.0.2/rancid-api-1.0.2.jar:/root/.m2/repository/org/restlet/org.restlet/1.1.10/org.restlet-1.1.10.jar:/root/.m2/repository/com/noelios/restlet/com.noelios.restlet/1.1.10/com.noelios.restlet-1.1.10.jar:/root/.m2/repository/com/noelios/restlet/com.noelios.restlet.ext.simple/1.1.10/com.noelios.restlet.ext.simple-1.1.10.jar:/root/.m2/repository/org/simpleframework/org.simpleframework/3.1.3/org.simpleframework-3.1.3.jar:/data/ubuntu14/opennmszh/dependencies/twitter4j/pom.xml:/root/.m2/repository/net/homeip/yusuke/twitter4j/2.0.10/twitter4j-2.0.10.jar:/data/ubuntu14/opennmszh/dependencies/dnsjava/pom.xml:/root/.m2/repository/dnsjava/dnsjava/2.1.1/dnsjava-2.1.1.jar:/root/.m2/repository/cglib/cglib-nodep/2.2.2/cglib-nodep-2.2.2.jar:/root/.m2/repository/org/springframework/spring-test/3.0.7.RELEASE/spring-test-3.0.7.RELEASE.jar:/data/ubuntu14/opennmszh/maven/boot/plexus-classworlds-2.4.jar'
'-sourcepath'
'/data/ubuntu14/opennmszh/features/jdbc-collector/src/main/java'
'-g:none'
'-nocompile'

The ' characters around the executable and arguments are
not part of the command.

[INFO] Files to be compiled:
    /data/ubuntu14/opennmszh/features/jdbc-collector/src/main/java/org/opennms/netmgt/config/jdbc/JdbcColumn.java
    /data/ubuntu14/opennmszh/features/jdbc-collector/src/main/java/org/opennms/netmgt/config/jdbc/JdbcDataCollection.java
    /data/ubuntu14/opennmszh/features/jdbc-collector/src/main/java/org/opennms/netmgt/config/jdbc/JdbcDataCollectionConfig.java
    /data/ubuntu14/opennmszh/features/jdbc-collector/src/main/java/org/opennms/netmgt/config/jdbc/JdbcDataCollectionConfigFactory.java
    /data/ubuntu14/opennmszh/features/jdbc-collector/src/main/java/org/opennms/netmgt/config/jdbc/JdbcQuery.java
    /data/ubuntu14/opennmszh/features/jdbc-collector/src/main/java/org/opennms/netmgt/config/jdbc/JdbcRrd.java
    /data/ubuntu14/opennmszh/features/jdbc-collector/src/main/java/org/opennms/netmgt/config/jdbc/JdbcStatement.java
    /data/ubuntu14/opennmszh/features/jdbc-collector/src/main/java/org/opennms/netmgt/config/jdbc/package-info.java

[INFO] 
[INFO] --- maven-resources-plugin:2.5:resources (default-resources) @ org.opennms.features.jdbc-collector ---
[debug] execute contextualize
[INFO] Using 'UTF-8' encoding to copy filtered resources.
[INFO] Copying 1 resource
[INFO] 
[INFO] --- maven-compiler-plugin:3.1:compile (default-compile) @ org.opennms.features.jdbc-collector ---
[INFO] Nothing to compile - all classes are up to date
[INFO] 
[INFO] --- maven-resources-plugin:2.5:testResources (default-testResources) @ org.opennms.features.jdbc-collector ---
[debug] execute contextualize
[INFO] Using 'UTF-8' encoding to copy filtered resources.
[INFO] Copying 1 resource
[INFO] 
[INFO] --- maven-compiler-plugin:3.1:testCompile (default-testCompile) @ org.opennms.features.jdbc-collector ---
[INFO] Nothing to compile - all classes are up to date
[INFO] 
[INFO] --- maven-surefire-plugin:2.9:test (default-test) @ org.opennms.features.jdbc-collector ---
[INFO] Tests are skipped.
[INFO] 
[INFO] --- maven-jar-plugin:2.3.1:jar (default-jar) @ org.opennms.features.jdbc-collector ---
[INFO] 
[INFO] >>> maven-source-plugin:2.2.1:jar (default) @ org.opennms.features.jdbc-collector >>>
[INFO] 
[INFO] <<< maven-source-plugin:2.2.1:jar (default) @ org.opennms.features.jdbc-collector <<<
[INFO] 
[INFO] --- maven-source-plugin:2.2.1:jar (default) @ org.opennms.features.jdbc-collector ---
[INFO] Building jar: /data/ubuntu14/opennmszh/features/jdbc-collector/target/org.opennms.features.jdbc-collector-1.12.9-sources.jar
[INFO] 
[INFO] --- maven-jar-plugin:2.3.1:test-jar (default) @ org.opennms.features.jdbc-collector ---
[INFO] 
[INFO] --- maven-assembly-plugin:2.4:single (default) @ org.opennms.features.jdbc-collector ---
[INFO] Reading assembly descriptor: src/assembly/xsds.xml
[INFO] Building jar: /data/ubuntu14/opennmszh/features/jdbc-collector/target/org.opennms.features.jdbc-collector-1.12.9-xsds.jar
[INFO] 
[INFO] --- maven-install-plugin:2.3.1:install (default-install) @ org.opennms.features.jdbc-collector ---
[INFO] Installing /data/ubuntu14/opennmszh/features/jdbc-collector/target/org.opennms.features.jdbc-collector-1.12.9.jar to /root/.m2/repository/org/opennms/features/org.opennms.features.jdbc-collector/1.12.9/org.opennms.features.jdbc-collector-1.12.9.jar
[INFO] Installing /data/ubuntu14/opennmszh/features/jdbc-collector/pom.xml to /root/.m2/repository/org/opennms/features/org.opennms.features.jdbc-collector/1.12.9/org.opennms.features.jdbc-collector-1.12.9.pom
[INFO] Installing /data/ubuntu14/opennmszh/features/jdbc-collector/target/org.opennms.features.jdbc-collector-1.12.9-sources.jar to /root/.m2/repository/org/opennms/features/org.opennms.features.jdbc-collector/1.12.9/org.opennms.features.jdbc-collector-1.12.9-sources.jar
[INFO] Installing /data/ubuntu14/opennmszh/features/jdbc-collector/target/org.opennms.features.jdbc-collector-1.12.9-tests.jar to /root/.m2/repository/org/opennms/features/org.opennms.features.jdbc-collector/1.12.9/org.opennms.features.jdbc-collector-1.12.9-tests.jar
[INFO] Installing /data/ubuntu14/opennmszh/features/jdbc-collector/target/org.opennms.features.jdbc-collector-1.12.9-xsds.jar to /root/.m2/repository/org/opennms/features/org.opennms.features.jdbc-collector/1.12.9/org.opennms.features.jdbc-collector-1.12.9-xsds.jar
[INFO]                                                                         
[INFO] ------------------------------------------------------------------------
[INFO] Building OpenNMS Juniper TCA Collector 1.12.9
[INFO] ------------------------------------------------------------------------
[WARNING] Failure to transfer net.homeip.yusuke:twitter4j/maven-metadata.xml from http://maven.opennms.org/content/groups/twitter4j.org-release was cached in the local repository, resolution will not be reattempted until the update interval of twitter4j.org has elapsed or updates are forced. Original error: Could not transfer metadata net.homeip.yusuke:twitter4j/maven-metadata.xml from/to twitter4j.org (http://maven.opennms.org/content/groups/twitter4j.org-release): Connection reset
[INFO] 
[INFO] --- maven-jaxb-schemagen-plugin:1.2:generate (default) @ org.opennms.features.juniper-tca-collector ---
[INFO] jaxb-schemagen classpath addition: /root/.m2/repository/javax/xml/bind/jaxb-api/2.0/jaxb-api-2.0.jar
[INFO] jaxb-schemagen classpath addition: /data/ubuntu14/opennmszh/opennms-model/target/opennms-model-1.12.9.jar
[INFO] jaxb-schemagen classpath addition: /data/ubuntu14/opennmszh/dependencies/castor/pom.xml
[INFO] jaxb-schemagen classpath addition: /root/.m2/repository/org/codehaus/castor/castor/1.1.2.1/castor-1.1.2.1.jar
[INFO] jaxb-schemagen classpath addition: /data/ubuntu14/opennmszh/dependencies/hibernate/pom.xml
[INFO] jaxb-schemagen classpath addition: /root/.m2/repository/org/hibernate/ejb3-persistence/1.0.2.GA/ejb3-persistence-1.0.2.GA.jar
[INFO] jaxb-schemagen classpath addition: /root/.m2/repository/org/hibernate/hibernate-annotations/3.4.0.GA/hibernate-annotations-3.4.0.GA.jar
[INFO] jaxb-schemagen classpath addition: /root/.m2/repository/dom4j/dom4j/1.6.1/dom4j-1.6.1.jar
[INFO] jaxb-schemagen classpath addition: /root/.m2/repository/org/hibernate/hibernate-commons-annotations/3.1.0.GA/hibernate-commons-annotations-3.1.0.GA.jar
[INFO] jaxb-schemagen classpath addition: /root/.m2/repository/org/hibernate/hibernate-core/3.3.1.GA/hibernate-core-3.3.1.GA.jar
[INFO] jaxb-schemagen classpath addition: /root/.m2/repository/antlr/antlr/2.7.6/antlr-2.7.6.jar
[INFO] jaxb-schemagen classpath addition: /root/.m2/repository/commons-collections/commons-collections/3.2.1/commons-collections-3.2.1.jar
[INFO] jaxb-schemagen classpath addition: /root/.m2/repository/javax/transaction/jta/1.1/jta-1.1.jar
[INFO] jaxb-schemagen classpath addition: /root/.m2/repository/org/hibernate/hibernate-entitymanager/3.4.0.GA/hibernate-entitymanager-3.4.0.GA.jar
[INFO] jaxb-schemagen classpath addition: /root/.m2/repository/javassist/javassist/3.4.GA/javassist-3.4.GA.jar
[INFO] jaxb-schemagen classpath addition: /root/.m2/repository/org/slf4j/slf4j-api/1.7.2/slf4j-api-1.7.2.jar
[INFO] jaxb-schemagen classpath addition: /root/.m2/repository/org/slf4j/slf4j-log4j12/1.7.2/slf4j-log4j12-1.7.2.jar
[INFO] jaxb-schemagen classpath addition: /data/ubuntu14/opennmszh/dependencies/jaxb/pom.xml
[INFO] jaxb-schemagen classpath addition: /root/.m2/repository/org/apache/servicemix/specs/org.apache.servicemix.specs.jaxb-api-2.2/2.2.0/org.apache.servicemix.specs.jaxb-api-2.2-2.2.0.jar
[INFO] jaxb-schemagen classpath addition: /root/.m2/repository/org/apache/servicemix/specs/org.apache.servicemix.specs.stax-api-1.0/2.2.0/org.apache.servicemix.specs.stax-api-1.0-2.2.0.jar
[INFO] jaxb-schemagen classpath addition: /root/.m2/repository/org/apache/geronimo/specs/geronimo-activation_1.1_spec/1.0.2/geronimo-activation_1.1_spec-1.0.2.jar
[INFO] jaxb-schemagen classpath addition: /root/.m2/repository/javax/xml/stream/stax-api/1.0-2/stax-api-1.0-2.jar
[INFO] jaxb-schemagen classpath addition: /root/.m2/repository/org/apache/servicemix/bundles/org.apache.servicemix.bundles.jaxb-impl/2.2.6_1/org.apache.servicemix.bundles.jaxb-impl-2.2.6_1.jar
[INFO] jaxb-schemagen classpath addition: /data/ubuntu14/opennmszh/dependencies/snmp/pom.xml
[INFO] jaxb-schemagen classpath addition: /data/ubuntu14/opennmszh/core/snmp/api/target/org.opennms.core.snmp.api-1.12.9.jar
[INFO] jaxb-schemagen classpath addition: /data/ubuntu14/opennmszh/core/snmp/impl-joesnmp/target/org.opennms.core.snmp.implementations.joesnmp-1.12.9.jar
[INFO] jaxb-schemagen classpath addition: /data/ubuntu14/opennmszh/core/snmp/joesnmp/target/org.opennms.core.snmp.joesnmp-1.12.9.jar
[INFO] jaxb-schemagen classpath addition: /data/ubuntu14/opennmszh/core/snmp/impl-snmp4j/target/org.opennms.core.snmp.implementations.snmp4j-1.12.9.jar
[INFO] jaxb-schemagen classpath addition: /root/.m2/repository/org/snmp4j/snmp4j/1.11.1/snmp4j-1.11.1.jar
[INFO] jaxb-schemagen classpath addition: /data/ubuntu14/opennmszh/dependencies/spring-security/pom.xml
[INFO] jaxb-schemagen classpath addition: /root/.m2/repository/org/springframework/security/spring-security-ldap/3.1.0.RELEASE/spring-security-ldap-3.1.0.RELEASE.jar
[INFO] jaxb-schemagen classpath addition: /root/.m2/repository/org/springframework/ldap/spring-ldap-core/1.3.1.RELEASE/spring-ldap-core-1.3.1.RELEASE.jar
[INFO] jaxb-schemagen classpath addition: /root/.m2/repository/org/springframework/security/spring-security-config/3.1.0.RELEASE/spring-security-config-3.1.0.RELEASE.jar
[INFO] jaxb-schemagen classpath addition: /root/.m2/repository/aopalliance/aopalliance/1.0/aopalliance-1.0.jar
[INFO] jaxb-schemagen classpath addition: /root/.m2/repository/org/springframework/security/spring-security-core/3.1.0.RELEASE/spring-security-core-3.1.0.RELEASE.jar
[INFO] jaxb-schemagen classpath addition: /root/.m2/repository/org/springframework/security/spring-security-crypto/3.1.0.RELEASE/spring-security-crypto-3.1.0.RELEASE.jar
[INFO] jaxb-schemagen classpath addition: /root/.m2/repository/org/springframework/security/spring-security-remoting/3.1.0.RELEASE/spring-security-remoting-3.1.0.RELEASE.jar
[INFO] jaxb-schemagen classpath addition: /root/.m2/repository/org/springframework/security/spring-security-acl/3.1.0.RELEASE/spring-security-acl-3.1.0.RELEASE.jar
[INFO] jaxb-schemagen classpath addition: /root/.m2/repository/org/springframework/security/spring-security-taglibs/3.1.0.RELEASE/spring-security-taglibs-3.1.0.RELEASE.jar
[INFO] jaxb-schemagen classpath addition: /root/.m2/repository/org/springframework/security/spring-security-web/3.1.0.RELEASE/spring-security-web-3.1.0.RELEASE.jar
[INFO] jaxb-schemagen classpath addition: /root/.m2/repository/commons-codec/commons-codec/1.7/commons-codec-1.7.jar
[INFO] jaxb-schemagen classpath addition: /root/.m2/repository/oro/oro/2.0.8/oro-2.0.8.jar
[INFO] jaxb-schemagen classpath addition: /data/ubuntu14/opennmszh/opennms-util/target/opennms-util-1.12.9.jar
[INFO] jaxb-schemagen classpath addition: /root/.m2/repository/xalan/serializer/2.7.1/serializer-2.7.1.jar
[INFO] jaxb-schemagen classpath addition: /root/.m2/repository/poi/poi/2.5.1-final-20040804/poi-2.5.1-final-20040804.jar
[INFO] jaxb-schemagen classpath addition: /root/.m2/repository/commons-net/commons-net/3.0.1/commons-net-3.0.1.jar
[INFO] jaxb-schemagen classpath addition: /data/ubuntu14/opennmszh/core/api/target/org.opennms.core.api-1.12.9.jar
[INFO] jaxb-schemagen classpath addition: /root/.m2/repository/javax/persistence/persistence-api/1.0/persistence-api-1.0.jar
[INFO] jaxb-schemagen classpath addition: /data/ubuntu14/opennmszh/core/db/target/org.opennms.core.db-1.12.9.jar
[INFO] jaxb-schemagen classpath addition: /data/ubuntu14/opennmszh/core/lib/target/org.opennms.core.lib-1.12.9.jar
[INFO] jaxb-schemagen classpath addition: /root/.m2/repository/log4j/log4j/1.2.16/log4j-1.2.16.jar
[INFO] jaxb-schemagen classpath addition: /data/ubuntu14/opennmszh/core/xml/target/org.opennms.core.xml-1.12.9.jar
[INFO] jaxb-schemagen classpath addition: /data/ubuntu14/opennmszh/opennms-services/target/opennms-services-1.12.9.jar
[INFO] jaxb-schemagen classpath addition: /data/ubuntu14/opennmszh/opennms-config/target/opennms-config-1.12.9.jar
[INFO] jaxb-schemagen classpath addition: /data/ubuntu14/opennmszh/dependencies/dbpool/pom.xml
[INFO] jaxb-schemagen classpath addition: /root/.m2/repository/net/snaq/dbpool/5.0/dbpool-5.0.jar
[INFO] jaxb-schemagen classpath addition: /data/ubuntu14/opennmszh/dependencies/jdbc-pool/pom.xml
[INFO] jaxb-schemagen classpath addition: /root/.m2/repository/org/apache/tomcat/jdbc-pool/1.1.0.1/jdbc-pool-1.1.0.1.jar
[INFO] jaxb-schemagen classpath addition: /root/.m2/repository/org/apache/tomcat/juli/6.0.29/juli-6.0.29.jar
[INFO] jaxb-schemagen classpath addition: /data/ubuntu14/opennmszh/opennms-config-model/target/opennms-config-model-1.12.9.jar
[INFO] jaxb-schemagen classpath addition: /data/ubuntu14/opennmszh/opennms-dao/target/opennms-dao-1.12.9.jar
[INFO] jaxb-schemagen classpath addition: /data/ubuntu14/opennmszh/core/soa/target/org.opennms.core.soa-1.12.9.jar
[INFO] jaxb-schemagen classpath addition: /data/ubuntu14/opennmszh/core/criteria/target/org.opennms.core.criteria-1.12.9.jar
[INFO] jaxb-schemagen classpath addition: /root/.m2/repository/commons-dbcp/commons-dbcp/1.2/commons-dbcp-1.2.jar
[INFO] jaxb-schemagen classpath addition: /root/.m2/repository/commons-pool/commons-pool/1.6/commons-pool-1.6.jar
[INFO] jaxb-schemagen classpath addition: /root/.m2/repository/c3p0/c3p0/0.9.1.2/c3p0-0.9.1.2.jar
[INFO] jaxb-schemagen classpath addition: /root/.m2/repository/postgresql/postgresql/9.1-901.jdbc4/postgresql-9.1-901.jdbc4.jar
[INFO] jaxb-schemagen classpath addition: /data/ubuntu14/opennmszh/core/daemon/target/org.opennms.core.daemon-1.12.9.jar
[INFO] jaxb-schemagen classpath addition: /data/ubuntu14/opennmszh/opennms-icmp/opennms-icmp-api/target/opennms-icmp-api-1.12.9.jar
[INFO] jaxb-schemagen classpath addition: /data/ubuntu14/opennmszh/dependencies/tracker/pom.xml
[INFO] jaxb-schemagen classpath addition: /root/.m2/repository/org/opennms/lib/org.opennms.lib.tracker/0.6/org.opennms.lib.tracker-0.6.jar
[INFO] jaxb-schemagen classpath addition: /data/ubuntu14/opennmszh/opennms-javamail/opennms-javamail-api/target/opennms-javamail-api-1.12.9.jar
[INFO] jaxb-schemagen classpath addition: /data/ubuntu14/opennmszh/dependencies/jasypt/pom.xml
[INFO] jaxb-schemagen classpath addition: /root/.m2/repository/org/jasypt/jasypt/1.9.0/jasypt-1.9.0.jar
[INFO] jaxb-schemagen classpath addition: /data/ubuntu14/opennmszh/dependencies/spring/pom.xml
[INFO] jaxb-schemagen classpath addition: /root/.m2/repository/org/springframework/spring-instrument/3.0.7.RELEASE/spring-instrument-3.0.7.RELEASE.jar
[INFO] jaxb-schemagen classpath addition: /root/.m2/repository/org/springframework/spring-aop/3.0.7.RELEASE/spring-aop-3.0.7.RELEASE.jar
[INFO] jaxb-schemagen classpath addition: /root/.m2/repository/org/springframework/spring-asm/3.0.7.RELEASE/spring-asm-3.0.7.RELEASE.jar
[INFO] jaxb-schemagen classpath addition: /root/.m2/repository/org/springframework/spring-aspects/3.0.7.RELEASE/spring-aspects-3.0.7.RELEASE.jar
[INFO] jaxb-schemagen classpath addition: /root/.m2/repository/org/springframework/spring-beans/3.0.7.RELEASE/spring-beans-3.0.7.RELEASE.jar
[INFO] jaxb-schemagen classpath addition: /root/.m2/repository/org/springframework/spring-context/3.0.7.RELEASE/spring-context-3.0.7.RELEASE.jar
[INFO] jaxb-schemagen classpath addition: /root/.m2/repository/org/springframework/spring-expression/3.0.7.RELEASE/spring-expression-3.0.7.RELEASE.jar
[INFO] jaxb-schemagen classpath addition: /root/.m2/repository/org/springframework/spring-context-support/3.0.7.RELEASE/spring-context-support-3.0.7.RELEASE.jar
[INFO] jaxb-schemagen classpath addition: /root/.m2/repository/org/springframework/spring-core/3.0.7.RELEASE/spring-core-3.0.7.RELEASE.jar
[INFO] jaxb-schemagen classpath addition: /root/.m2/repository/org/springframework/spring-oxm/3.0.7.RELEASE/spring-oxm-3.0.7.RELEASE.jar
[INFO] jaxb-schemagen classpath addition: /root/.m2/repository/org/springframework/spring-jdbc/3.0.7.RELEASE/spring-jdbc-3.0.7.RELEASE.jar
[INFO] jaxb-schemagen classpath addition: /root/.m2/repository/org/springframework/spring-jms/3.0.7.RELEASE/spring-jms-3.0.7.RELEASE.jar
[INFO] jaxb-schemagen classpath addition: /root/.m2/repository/org/springframework/spring-orm/3.0.7.RELEASE/spring-orm-3.0.7.RELEASE.jar
[INFO] jaxb-schemagen classpath addition: /root/.m2/repository/org/springframework/spring-tx/3.0.7.RELEASE/spring-tx-3.0.7.RELEASE.jar
[INFO] jaxb-schemagen classpath addition: /root/.m2/repository/org/aspectj/aspectjrt/1.6.8/aspectjrt-1.6.8.jar
[INFO] jaxb-schemagen classpath addition: /root/.m2/repository/org/aspectj/aspectjweaver/1.6.8/aspectjweaver-1.6.8.jar
[INFO] jaxb-schemagen classpath addition: /root/.m2/repository/javax/annotation/jsr250-api/1.0/jsr250-api-1.0.jar
[INFO] jaxb-schemagen classpath addition: /data/ubuntu14/opennmszh/dependencies/spring-web/pom.xml
[INFO] jaxb-schemagen classpath addition: /root/.m2/repository/org/springframework/spring-web/3.0.7.RELEASE/spring-web-3.0.7.RELEASE.jar
[INFO] jaxb-schemagen classpath addition: /root/.m2/repository/org/springframework/spring-webmvc/3.0.7.RELEASE/spring-webmvc-3.0.7.RELEASE.jar
[INFO] jaxb-schemagen classpath addition: /root/.m2/repository/org/springframework/spring-struts/3.0.7.RELEASE/spring-struts-3.0.7.RELEASE.jar
[INFO] jaxb-schemagen classpath addition: /root/.m2/repository/struts/struts/1.2.9/struts-1.2.9.jar
[INFO] jaxb-schemagen classpath addition: /root/.m2/repository/commons-fileupload/commons-fileupload/1.0/commons-fileupload-1.0.jar
[INFO] jaxb-schemagen classpath addition: /root/.m2/repository/org/springframework/webflow/spring-binding/2.3.0.RELEASE/spring-binding-2.3.0.RELEASE.jar
[INFO] jaxb-schemagen classpath addition: /root/.m2/repository/org/springframework/webflow/spring-js/2.3.0.RELEASE/spring-js-2.3.0.RELEASE.jar
[INFO] jaxb-schemagen classpath addition: /root/.m2/repository/org/springframework/webflow/spring-js-resources/2.3.0.RELEASE/spring-js-resources-2.3.0.RELEASE.jar
[INFO] jaxb-schemagen classpath addition: /root/.m2/repository/org/springframework/webflow/spring-webflow/2.3.0.RELEASE/spring-webflow-2.3.0.RELEASE.jar
[INFO] jaxb-schemagen classpath addition: /root/.m2/repository/commons-beanutils/commons-beanutils/1.8.3/commons-beanutils-1.8.3.jar
[INFO] jaxb-schemagen classpath addition: /root/.m2/repository/commons-validator/commons-validator/1.3.1/commons-validator-1.3.1.jar
[INFO] jaxb-schemagen classpath addition: /root/.m2/repository/commons-digester/commons-digester/2.1/commons-digester-2.1.jar
[INFO] jaxb-schemagen classpath addition: /root/.m2/repository/xalan/xalan/2.7.1/xalan-2.7.1.jar
[INFO] jaxb-schemagen classpath addition: /data/ubuntu14/opennmszh/opennms-rrd/opennms-rrd-api/target/opennms-rrd-api-1.12.9.jar
[INFO] jaxb-schemagen classpath addition: /data/ubuntu14/opennmszh/features/phonebook/target/org.opennms.features.phonebook-1.12.9.jar
[INFO] jaxb-schemagen classpath addition: /data/ubuntu14/opennmszh/features/poller/api/target/org.opennms.features.poller.api-1.12.9.jar
[INFO] jaxb-schemagen classpath addition: /data/ubuntu14/opennmszh/features/ticketing/api/target/org.opennms.features.ticketing.api-1.12.9.jar
[INFO] jaxb-schemagen classpath addition: /root/.m2/repository/com/jcraft/jsch/0.1.42/jsch-0.1.42.jar
[INFO] jaxb-schemagen classpath addition: /root/.m2/repository/org/apache/httpcomponents/httpcore/4.2.4/httpcore-4.2.4.jar
[INFO] jaxb-schemagen classpath addition: /root/.m2/repository/org/apache/httpcomponents/httpclient/4.2.5/httpclient-4.2.5.jar
[INFO] jaxb-schemagen classpath addition: /root/.m2/repository/commons-logging/commons-logging/1.1.1/commons-logging-1.1.1.jar
[INFO] jaxb-schemagen classpath addition: /root/.m2/repository/commons-io/commons-io/2.4/commons-io-2.4.jar
[INFO] jaxb-schemagen classpath addition: /root/.m2/repository/commons-lang/commons-lang/2.6/commons-lang-2.6.jar
[INFO] jaxb-schemagen classpath addition: /root/.m2/repository/jivesoftware/smack/3.0.4/smack-3.0.4.jar
[INFO] jaxb-schemagen classpath addition: /root/.m2/repository/jivesoftware/smackx/3.0.4/smackx-3.0.4.jar
[INFO] jaxb-schemagen classpath addition: /root/.m2/repository/commons-cli/commons-cli/1.2/commons-cli-1.2.jar
[INFO] jaxb-schemagen classpath addition: /root/.m2/repository/jakarta-regexp/jakarta-regexp/1.4/jakarta-regexp-1.4.jar
[INFO] jaxb-schemagen classpath addition: /root/.m2/repository/xerces/xercesImpl/2.9.1/xercesImpl-2.9.1.jar
[INFO] jaxb-schemagen classpath addition: /root/.m2/repository/xml-apis/xml-apis/1.4.01/xml-apis-1.4.01.jar
[INFO] jaxb-schemagen classpath addition: /root/.m2/repository/xmlrpc/xmlrpc/2.0.1/xmlrpc-2.0.1.jar
[INFO] jaxb-schemagen classpath addition: /root/.m2/repository/javax/servlet/servlet-api/2.5/servlet-api-2.5.jar
[INFO] jaxb-schemagen classpath addition: /root/.m2/repository/mx4j/mx4j-tools/3.0.1/mx4j-tools-3.0.1.jar
[INFO] jaxb-schemagen classpath addition: /root/.m2/repository/bsf/bsf/2.4.0/bsf-2.4.0.jar
[INFO] jaxb-schemagen classpath addition: /root/.m2/repository/bsh/bsh/1.3.0/bsh-1.3.0.jar
[INFO] jaxb-schemagen classpath addition: /root/.m2/repository/com/caucho/hessian/3.1.5/hessian-3.1.5.jar
[INFO] jaxb-schemagen classpath addition: /root/.m2/repository/javax/mail/mail/1.4.5/mail-1.4.5.jar
[INFO] jaxb-schemagen classpath addition: /root/.m2/repository/javax/activation/activation/1.1.1/activation-1.1.1.jar
[INFO] jaxb-schemagen classpath addition: /data/ubuntu14/opennmszh/dependencies/jfreechart/pom.xml
[INFO] jaxb-schemagen classpath addition: /root/.m2/repository/jfree/jfreechart/1.0.13/jfreechart-1.0.13.jar
[INFO] jaxb-schemagen classpath addition: /root/.m2/repository/jfree/jcommon/1.0.16/jcommon-1.0.16.jar
[INFO] jaxb-schemagen classpath addition: /root/.m2/repository/com/novell/ldap/jldap/4.3/jldap-4.3.jar
[INFO] jaxb-schemagen classpath addition: /data/ubuntu14/opennmszh/dependencies/asterisk/pom.xml
[INFO] jaxb-schemagen classpath addition: /root/.m2/repository/org/asteriskjava/asterisk-java/1.0.0-preview-20090427/asterisk-java-1.0.0-preview-20090427.jar
[INFO] jaxb-schemagen classpath addition: /data/ubuntu14/opennmszh/dependencies/jcifs/pom.xml
[INFO] jaxb-schemagen classpath addition: /root/.m2/repository/org/samba/jcifs/jcifs/1.3.14/jcifs-1.3.14.jar
[INFO] jaxb-schemagen classpath addition: /root/.m2/repository/org/apache/commons/commons-jexl/2.1.1/commons-jexl-2.1.1.jar
[INFO] jaxb-schemagen classpath addition: /data/ubuntu14/opennmszh/dependencies/quartz/pom.xml
[INFO] jaxb-schemagen classpath addition: /root/.m2/repository/org/opensymphony/quartz/quartz/1.6.5/quartz-1.6.5.jar
[INFO] jaxb-schemagen classpath addition: /data/ubuntu14/opennmszh/dependencies/rancid/pom.xml
[INFO] jaxb-schemagen classpath addition: /root/.m2/repository/org/opennms/rancid-api/1.0.2/rancid-api-1.0.2.jar
[INFO] jaxb-schemagen classpath addition: /root/.m2/repository/org/restlet/org.restlet/1.1.10/org.restlet-1.1.10.jar
[INFO] jaxb-schemagen classpath addition: /root/.m2/repository/com/noelios/restlet/com.noelios.restlet/1.1.10/com.noelios.restlet-1.1.10.jar
[INFO] jaxb-schemagen classpath addition: /root/.m2/repository/com/noelios/restlet/com.noelios.restlet.ext.simple/1.1.10/com.noelios.restlet.ext.simple-1.1.10.jar
[INFO] jaxb-schemagen classpath addition: /root/.m2/repository/org/simpleframework/org.simpleframework/3.1.3/org.simpleframework-3.1.3.jar
[INFO] jaxb-schemagen classpath addition: /data/ubuntu14/opennmszh/dependencies/twitter4j/pom.xml
[INFO] jaxb-schemagen classpath addition: /root/.m2/repository/net/homeip/yusuke/twitter4j/2.0.10/twitter4j-2.0.10.jar
[INFO] jaxb-schemagen classpath addition: /data/ubuntu14/opennmszh/dependencies/dnsjava/pom.xml
[INFO] jaxb-schemagen classpath addition: /root/.m2/repository/dnsjava/dnsjava/2.1.1/dnsjava-2.1.1.jar
[INFO] jaxb-schemagen classpath addition: /root/.m2/repository/org/springframework/spring-test/3.0.7.RELEASE/spring-test-3.0.7.RELEASE.jar
[INFO] jaxb-schemagen classpath addition: /root/.m2/repository/cglib/cglib-nodep/2.2.2/cglib-nodep-2.2.2.jar
[INFO] org/opennms/netmgt/collectd/tca/config/TcaDataCollection.java added as org/opennms/netmgt/collectd/tca/config/TcaDataCollection.class doesn't exist.
[INFO] org/opennms/netmgt/collectd/tca/config/TcaDataCollectionConfig.java added as org/opennms/netmgt/collectd/tca/config/TcaDataCollectionConfig.class doesn't exist.
[INFO] org/opennms/netmgt/collectd/tca/config/TcaRrd.java added as org/opennms/netmgt/collectd/tca/config/TcaRrd.class doesn't exist.
[INFO] org/opennms/netmgt/collectd/tca/config/package-info.java added as org/opennms/netmgt/collectd/tca/config/package-info.class doesn't exist.
[INFO] Generating schema from 4 source files
[INFO] Compilation arguments:
'-d'
'/data/ubuntu14/opennmszh/features/juniper-tca-collector/target/xsds'
'-classpath'
'/data/ubuntu14/opennmszh/features/juniper-tca-collector/target/xsds:/root/.m2/repository/javax/xml/bind/jaxb-api/2.0/jaxb-api-2.0.jar:/data/ubuntu14/opennmszh/opennms-model/target/opennms-model-1.12.9.jar:/data/ubuntu14/opennmszh/dependencies/castor/pom.xml:/root/.m2/repository/org/codehaus/castor/castor/1.1.2.1/castor-1.1.2.1.jar:/data/ubuntu14/opennmszh/dependencies/hibernate/pom.xml:/root/.m2/repository/org/hibernate/ejb3-persistence/1.0.2.GA/ejb3-persistence-1.0.2.GA.jar:/root/.m2/repository/org/hibernate/hibernate-annotations/3.4.0.GA/hibernate-annotations-3.4.0.GA.jar:/root/.m2/repository/dom4j/dom4j/1.6.1/dom4j-1.6.1.jar:/root/.m2/repository/org/hibernate/hibernate-commons-annotations/3.1.0.GA/hibernate-commons-annotations-3.1.0.GA.jar:/root/.m2/repository/org/hibernate/hibernate-core/3.3.1.GA/hibernate-core-3.3.1.GA.jar:/root/.m2/repository/antlr/antlr/2.7.6/antlr-2.7.6.jar:/root/.m2/repository/commons-collections/commons-collections/3.2.1/commons-collections-3.2.1.jar:/root/.m2/repository/javax/transaction/jta/1.1/jta-1.1.jar:/root/.m2/repository/org/hibernate/hibernate-entitymanager/3.4.0.GA/hibernate-entitymanager-3.4.0.GA.jar:/root/.m2/repository/javassist/javassist/3.4.GA/javassist-3.4.GA.jar:/root/.m2/repository/org/slf4j/slf4j-api/1.7.2/slf4j-api-1.7.2.jar:/root/.m2/repository/org/slf4j/slf4j-log4j12/1.7.2/slf4j-log4j12-1.7.2.jar:/data/ubuntu14/opennmszh/dependencies/jaxb/pom.xml:/root/.m2/repository/org/apache/servicemix/specs/org.apache.servicemix.specs.jaxb-api-2.2/2.2.0/org.apache.servicemix.specs.jaxb-api-2.2-2.2.0.jar:/root/.m2/repository/org/apache/servicemix/specs/org.apache.servicemix.specs.stax-api-1.0/2.2.0/org.apache.servicemix.specs.stax-api-1.0-2.2.0.jar:/root/.m2/repository/org/apache/geronimo/specs/geronimo-activation_1.1_spec/1.0.2/geronimo-activation_1.1_spec-1.0.2.jar:/root/.m2/repository/javax/xml/stream/stax-api/1.0-2/stax-api-1.0-2.jar:/root/.m2/repository/org/apache/servicemix/bundles/org.apache.servicemix.bundles.jaxb-impl/2.2.6_1/org.apache.servicemix.bundles.jaxb-impl-2.2.6_1.jar:/data/ubuntu14/opennmszh/dependencies/snmp/pom.xml:/data/ubuntu14/opennmszh/core/snmp/api/target/org.opennms.core.snmp.api-1.12.9.jar:/data/ubuntu14/opennmszh/core/snmp/impl-joesnmp/target/org.opennms.core.snmp.implementations.joesnmp-1.12.9.jar:/data/ubuntu14/opennmszh/core/snmp/joesnmp/target/org.opennms.core.snmp.joesnmp-1.12.9.jar:/data/ubuntu14/opennmszh/core/snmp/impl-snmp4j/target/org.opennms.core.snmp.implementations.snmp4j-1.12.9.jar:/root/.m2/repository/org/snmp4j/snmp4j/1.11.1/snmp4j-1.11.1.jar:/data/ubuntu14/opennmszh/dependencies/spring-security/pom.xml:/root/.m2/repository/org/springframework/security/spring-security-ldap/3.1.0.RELEASE/spring-security-ldap-3.1.0.RELEASE.jar:/root/.m2/repository/org/springframework/ldap/spring-ldap-core/1.3.1.RELEASE/spring-ldap-core-1.3.1.RELEASE.jar:/root/.m2/repository/org/springframework/security/spring-security-config/3.1.0.RELEASE/spring-security-config-3.1.0.RELEASE.jar:/root/.m2/repository/aopalliance/aopalliance/1.0/aopalliance-1.0.jar:/root/.m2/repository/org/springframework/security/spring-security-core/3.1.0.RELEASE/spring-security-core-3.1.0.RELEASE.jar:/root/.m2/repository/org/springframework/security/spring-security-crypto/3.1.0.RELEASE/spring-security-crypto-3.1.0.RELEASE.jar:/root/.m2/repository/org/springframework/security/spring-security-remoting/3.1.0.RELEASE/spring-security-remoting-3.1.0.RELEASE.jar:/root/.m2/repository/org/springframework/security/spring-security-acl/3.1.0.RELEASE/spring-security-acl-3.1.0.RELEASE.jar:/root/.m2/repository/org/springframework/security/spring-security-taglibs/3.1.0.RELEASE/spring-security-taglibs-3.1.0.RELEASE.jar:/root/.m2/repository/org/springframework/security/spring-security-web/3.1.0.RELEASE/spring-security-web-3.1.0.RELEASE.jar:/root/.m2/repository/commons-codec/commons-codec/1.7/commons-codec-1.7.jar:/root/.m2/repository/oro/oro/2.0.8/oro-2.0.8.jar:/data/ubuntu14/opennmszh/opennms-util/target/opennms-util-1.12.9.jar:/root/.m2/repository/xalan/serializer/2.7.1/serializer-2.7.1.jar:/root/.m2/repository/poi/poi/2.5.1-final-20040804/poi-2.5.1-final-20040804.jar:/root/.m2/repository/commons-net/commons-net/3.0.1/commons-net-3.0.1.jar:/data/ubuntu14/opennmszh/core/api/target/org.opennms.core.api-1.12.9.jar:/root/.m2/repository/javax/persistence/persistence-api/1.0/persistence-api-1.0.jar:/data/ubuntu14/opennmszh/core/db/target/org.opennms.core.db-1.12.9.jar:/data/ubuntu14/opennmszh/core/lib/target/org.opennms.core.lib-1.12.9.jar:/root/.m2/repository/log4j/log4j/1.2.16/log4j-1.2.16.jar:/data/ubuntu14/opennmszh/core/xml/target/org.opennms.core.xml-1.12.9.jar:/data/ubuntu14/opennmszh/opennms-services/target/opennms-services-1.12.9.jar:/data/ubuntu14/opennmszh/opennms-config/target/opennms-config-1.12.9.jar:/data/ubuntu14/opennmszh/dependencies/dbpool/pom.xml:/root/.m2/repository/net/snaq/dbpool/5.0/dbpool-5.0.jar:/data/ubuntu14/opennmszh/dependencies/jdbc-pool/pom.xml:/root/.m2/repository/org/apache/tomcat/jdbc-pool/1.1.0.1/jdbc-pool-1.1.0.1.jar:/root/.m2/repository/org/apache/tomcat/juli/6.0.29/juli-6.0.29.jar:/data/ubuntu14/opennmszh/opennms-config-model/target/opennms-config-model-1.12.9.jar:/data/ubuntu14/opennmszh/opennms-dao/target/opennms-dao-1.12.9.jar:/data/ubuntu14/opennmszh/core/soa/target/org.opennms.core.soa-1.12.9.jar:/data/ubuntu14/opennmszh/core/criteria/target/org.opennms.core.criteria-1.12.9.jar:/root/.m2/repository/commons-dbcp/commons-dbcp/1.2/commons-dbcp-1.2.jar:/root/.m2/repository/commons-pool/commons-pool/1.6/commons-pool-1.6.jar:/root/.m2/repository/c3p0/c3p0/0.9.1.2/c3p0-0.9.1.2.jar:/root/.m2/repository/postgresql/postgresql/9.1-901.jdbc4/postgresql-9.1-901.jdbc4.jar:/data/ubuntu14/opennmszh/core/daemon/target/org.opennms.core.daemon-1.12.9.jar:/data/ubuntu14/opennmszh/opennms-icmp/opennms-icmp-api/target/opennms-icmp-api-1.12.9.jar:/data/ubuntu14/opennmszh/dependencies/tracker/pom.xml:/root/.m2/repository/org/opennms/lib/org.opennms.lib.tracker/0.6/org.opennms.lib.tracker-0.6.jar:/data/ubuntu14/opennmszh/opennms-javamail/opennms-javamail-api/target/opennms-javamail-api-1.12.9.jar:/data/ubuntu14/opennmszh/dependencies/jasypt/pom.xml:/root/.m2/repository/org/jasypt/jasypt/1.9.0/jasypt-1.9.0.jar:/data/ubuntu14/opennmszh/dependencies/spring/pom.xml:/root/.m2/repository/org/springframework/spring-instrument/3.0.7.RELEASE/spring-instrument-3.0.7.RELEASE.jar:/root/.m2/repository/org/springframework/spring-aop/3.0.7.RELEASE/spring-aop-3.0.7.RELEASE.jar:/root/.m2/repository/org/springframework/spring-asm/3.0.7.RELEASE/spring-asm-3.0.7.RELEASE.jar:/root/.m2/repository/org/springframework/spring-aspects/3.0.7.RELEASE/spring-aspects-3.0.7.RELEASE.jar:/root/.m2/repository/org/springframework/spring-beans/3.0.7.RELEASE/spring-beans-3.0.7.RELEASE.jar:/root/.m2/repository/org/springframework/spring-context/3.0.7.RELEASE/spring-context-3.0.7.RELEASE.jar:/root/.m2/repository/org/springframework/spring-expression/3.0.7.RELEASE/spring-expression-3.0.7.RELEASE.jar:/root/.m2/repository/org/springframework/spring-context-support/3.0.7.RELEASE/spring-context-support-3.0.7.RELEASE.jar:/root/.m2/repository/org/springframework/spring-core/3.0.7.RELEASE/spring-core-3.0.7.RELEASE.jar:/root/.m2/repository/org/springframework/spring-oxm/3.0.7.RELEASE/spring-oxm-3.0.7.RELEASE.jar:/root/.m2/repository/org/springframework/spring-jdbc/3.0.7.RELEASE/spring-jdbc-3.0.7.RELEASE.jar:/root/.m2/repository/org/springframework/spring-jms/3.0.7.RELEASE/spring-jms-3.0.7.RELEASE.jar:/root/.m2/repository/org/springframework/spring-orm/3.0.7.RELEASE/spring-orm-3.0.7.RELEASE.jar:/root/.m2/repository/org/springframework/spring-tx/3.0.7.RELEASE/spring-tx-3.0.7.RELEASE.jar:/root/.m2/repository/org/aspectj/aspectjrt/1.6.8/aspectjrt-1.6.8.jar:/root/.m2/repository/org/aspectj/aspectjweaver/1.6.8/aspectjweaver-1.6.8.jar:/root/.m2/repository/javax/annotation/jsr250-api/1.0/jsr250-api-1.0.jar:/data/ubuntu14/opennmszh/dependencies/spring-web/pom.xml:/root/.m2/repository/org/springframework/spring-web/3.0.7.RELEASE/spring-web-3.0.7.RELEASE.jar:/root/.m2/repository/org/springframework/spring-webmvc/3.0.7.RELEASE/spring-webmvc-3.0.7.RELEASE.jar:/root/.m2/repository/org/springframework/spring-struts/3.0.7.RELEASE/spring-struts-3.0.7.RELEASE.jar:/root/.m2/repository/struts/struts/1.2.9/struts-1.2.9.jar:/root/.m2/repository/commons-fileupload/commons-fileupload/1.0/commons-fileupload-1.0.jar:/root/.m2/repository/org/springframework/webflow/spring-binding/2.3.0.RELEASE/spring-binding-2.3.0.RELEASE.jar:/root/.m2/repository/org/springframework/webflow/spring-js/2.3.0.RELEASE/spring-js-2.3.0.RELEASE.jar:/root/.m2/repository/org/springframework/webflow/spring-js-resources/2.3.0.RELEASE/spring-js-resources-2.3.0.RELEASE.jar:/root/.m2/repository/org/springframework/webflow/spring-webflow/2.3.0.RELEASE/spring-webflow-2.3.0.RELEASE.jar:/root/.m2/repository/commons-beanutils/commons-beanutils/1.8.3/commons-beanutils-1.8.3.jar:/root/.m2/repository/commons-validator/commons-validator/1.3.1/commons-validator-1.3.1.jar:/root/.m2/repository/commons-digester/commons-digester/2.1/commons-digester-2.1.jar:/root/.m2/repository/xalan/xalan/2.7.1/xalan-2.7.1.jar:/data/ubuntu14/opennmszh/opennms-rrd/opennms-rrd-api/target/opennms-rrd-api-1.12.9.jar:/data/ubuntu14/opennmszh/features/phonebook/target/org.opennms.features.phonebook-1.12.9.jar:/data/ubuntu14/opennmszh/features/poller/api/target/org.opennms.features.poller.api-1.12.9.jar:/data/ubuntu14/opennmszh/features/ticketing/api/target/org.opennms.features.ticketing.api-1.12.9.jar:/root/.m2/repository/com/jcraft/jsch/0.1.42/jsch-0.1.42.jar:/root/.m2/repository/org/apache/httpcomponents/httpcore/4.2.4/httpcore-4.2.4.jar:/root/.m2/repository/org/apache/httpcomponents/httpclient/4.2.5/httpclient-4.2.5.jar:/root/.m2/repository/commons-logging/commons-logging/1.1.1/commons-logging-1.1.1.jar:/root/.m2/repository/commons-io/commons-io/2.4/commons-io-2.4.jar:/root/.m2/repository/commons-lang/commons-lang/2.6/commons-lang-2.6.jar:/root/.m2/repository/jivesoftware/smack/3.0.4/smack-3.0.4.jar:/root/.m2/repository/jivesoftware/smackx/3.0.4/smackx-3.0.4.jar:/root/.m2/repository/commons-cli/commons-cli/1.2/commons-cli-1.2.jar:/root/.m2/repository/jakarta-regexp/jakarta-regexp/1.4/jakarta-regexp-1.4.jar:/root/.m2/repository/xerces/xercesImpl/2.9.1/xercesImpl-2.9.1.jar:/root/.m2/repository/xml-apis/xml-apis/1.4.01/xml-apis-1.4.01.jar:/root/.m2/repository/xmlrpc/xmlrpc/2.0.1/xmlrpc-2.0.1.jar:/root/.m2/repository/javax/servlet/servlet-api/2.5/servlet-api-2.5.jar:/root/.m2/repository/mx4j/mx4j-tools/3.0.1/mx4j-tools-3.0.1.jar:/root/.m2/repository/bsf/bsf/2.4.0/bsf-2.4.0.jar:/root/.m2/repository/bsh/bsh/1.3.0/bsh-1.3.0.jar:/root/.m2/repository/com/caucho/hessian/3.1.5/hessian-3.1.5.jar:/root/.m2/repository/javax/mail/mail/1.4.5/mail-1.4.5.jar:/root/.m2/repository/javax/activation/activation/1.1.1/activation-1.1.1.jar:/data/ubuntu14/opennmszh/dependencies/jfreechart/pom.xml:/root/.m2/repository/jfree/jfreechart/1.0.13/jfreechart-1.0.13.jar:/root/.m2/repository/jfree/jcommon/1.0.16/jcommon-1.0.16.jar:/root/.m2/repository/com/novell/ldap/jldap/4.3/jldap-4.3.jar:/data/ubuntu14/opennmszh/dependencies/asterisk/pom.xml:/root/.m2/repository/org/asteriskjava/asterisk-java/1.0.0-preview-20090427/asterisk-java-1.0.0-preview-20090427.jar:/data/ubuntu14/opennmszh/dependencies/jcifs/pom.xml:/root/.m2/repository/org/samba/jcifs/jcifs/1.3.14/jcifs-1.3.14.jar:/root/.m2/repository/org/apache/commons/commons-jexl/2.1.1/commons-jexl-2.1.1.jar:/data/ubuntu14/opennmszh/dependencies/quartz/pom.xml:/root/.m2/repository/org/opensymphony/quartz/quartz/1.6.5/quartz-1.6.5.jar:/data/ubuntu14/opennmszh/dependencies/rancid/pom.xml:/root/.m2/repository/org/opennms/rancid-api/1.0.2/rancid-api-1.0.2.jar:/root/.m2/repository/org/restlet/org.restlet/1.1.10/org.restlet-1.1.10.jar:/root/.m2/repository/com/noelios/restlet/com.noelios.restlet/1.1.10/com.noelios.restlet-1.1.10.jar:/root/.m2/repository/com/noelios/restlet/com.noelios.restlet.ext.simple/1.1.10/com.noelios.restlet.ext.simple-1.1.10.jar:/root/.m2/repository/org/simpleframework/org.simpleframework/3.1.3/org.simpleframework-3.1.3.jar:/data/ubuntu14/opennmszh/dependencies/twitter4j/pom.xml:/root/.m2/repository/net/homeip/yusuke/twitter4j/2.0.10/twitter4j-2.0.10.jar:/data/ubuntu14/opennmszh/dependencies/dnsjava/pom.xml:/root/.m2/repository/dnsjava/dnsjava/2.1.1/dnsjava-2.1.1.jar:/root/.m2/repository/org/springframework/spring-test/3.0.7.RELEASE/spring-test-3.0.7.RELEASE.jar:/root/.m2/repository/cglib/cglib-nodep/2.2.2/cglib-nodep-2.2.2.jar:/data/ubuntu14/opennmszh/maven/boot/plexus-classworlds-2.4.jar'
'-sourcepath'
'/data/ubuntu14/opennmszh/features/juniper-tca-collector/src/main/java'
'-g:none'
'-nocompile'

The ' characters around the executable and arguments are
not part of the command.

[INFO] Files to be compiled:
    /data/ubuntu14/opennmszh/features/juniper-tca-collector/src/main/java/org/opennms/netmgt/collectd/tca/config/TcaDataCollection.java
    /data/ubuntu14/opennmszh/features/juniper-tca-collector/src/main/java/org/opennms/netmgt/collectd/tca/config/TcaDataCollectionConfig.java
    /data/ubuntu14/opennmszh/features/juniper-tca-collector/src/main/java/org/opennms/netmgt/collectd/tca/config/TcaRrd.java
    /data/ubuntu14/opennmszh/features/juniper-tca-collector/src/main/java/org/opennms/netmgt/collectd/tca/config/package-info.java

[INFO] 
[INFO] --- maven-resources-plugin:2.5:resources (default-resources) @ org.opennms.features.juniper-tca-collector ---
[debug] execute contextualize
[INFO] Using 'UTF-8' encoding to copy filtered resources.
[INFO] Copying 1 resource
[INFO] 
[INFO] --- maven-compiler-plugin:3.1:compile (default-compile) @ org.opennms.features.juniper-tca-collector ---
[INFO] Nothing to compile - all classes are up to date
[INFO] 
[INFO] --- maven-resources-plugin:2.5:testResources (default-testResources) @ org.opennms.features.juniper-tca-collector ---
[debug] execute contextualize
[INFO] Using 'UTF-8' encoding to copy filtered resources.
[INFO] Copying 3 resources
[INFO] 
[INFO] --- maven-compiler-plugin:3.1:testCompile (default-testCompile) @ org.opennms.features.juniper-tca-collector ---
[INFO] Nothing to compile - all classes are up to date
[INFO] 
[INFO] --- maven-surefire-plugin:2.9:test (default-test) @ org.opennms.features.juniper-tca-collector ---
[INFO] Tests are skipped.
[INFO] 
[INFO] --- maven-jar-plugin:2.3.1:jar (default-jar) @ org.opennms.features.juniper-tca-collector ---
[INFO] 
[INFO] >>> maven-source-plugin:2.2.1:jar (default) @ org.opennms.features.juniper-tca-collector >>>
[INFO] 
[INFO] <<< maven-source-plugin:2.2.1:jar (default) @ org.opennms.features.juniper-tca-collector <<<
[INFO] 
[INFO] --- maven-source-plugin:2.2.1:jar (default) @ org.opennms.features.juniper-tca-collector ---
[INFO] Building jar: /data/ubuntu14/opennmszh/features/juniper-tca-collector/target/org.opennms.features.juniper-tca-collector-1.12.9-sources.jar
[INFO] 
[INFO] --- maven-assembly-plugin:2.4:single (default) @ org.opennms.features.juniper-tca-collector ---
[INFO] Reading assembly descriptor: src/assembly/etc.xml
[INFO] Reading assembly descriptor: src/assembly/xsds.xml
[INFO] Building tar: /data/ubuntu14/opennmszh/features/juniper-tca-collector/target/org.opennms.features.juniper-tca-collector-1.12.9-etc.tar.gz
[INFO] Building jar: /data/ubuntu14/opennmszh/features/juniper-tca-collector/target/org.opennms.features.juniper-tca-collector-1.12.9-xsds.jar
[INFO] 
[INFO] --- maven-install-plugin:2.3.1:install (default-install) @ org.opennms.features.juniper-tca-collector ---
[INFO] Installing /data/ubuntu14/opennmszh/features/juniper-tca-collector/target/org.opennms.features.juniper-tca-collector-1.12.9.jar to /root/.m2/repository/org/opennms/features/org.opennms.features.juniper-tca-collector/1.12.9/org.opennms.features.juniper-tca-collector-1.12.9.jar
[INFO] Installing /data/ubuntu14/opennmszh/features/juniper-tca-collector/pom.xml to /root/.m2/repository/org/opennms/features/org.opennms.features.juniper-tca-collector/1.12.9/org.opennms.features.juniper-tca-collector-1.12.9.pom
[INFO] Installing /data/ubuntu14/opennmszh/features/juniper-tca-collector/target/org.opennms.features.juniper-tca-collector-1.12.9-sources.jar to /root/.m2/repository/org/opennms/features/org.opennms.features.juniper-tca-collector/1.12.9/org.opennms.features.juniper-tca-collector-1.12.9-sources.jar
[INFO] Installing /data/ubuntu14/opennmszh/features/juniper-tca-collector/target/org.opennms.features.juniper-tca-collector-1.12.9-etc.tar.gz to /root/.m2/repository/org/opennms/features/org.opennms.features.juniper-tca-collector/1.12.9/org.opennms.features.juniper-tca-collector-1.12.9-etc.tar.gz
[INFO] Installing /data/ubuntu14/opennmszh/features/juniper-tca-collector/target/org.opennms.features.juniper-tca-collector-1.12.9-xsds.jar to /root/.m2/repository/org/opennms/features/org.opennms.features.juniper-tca-collector/1.12.9/org.opennms.features.juniper-tca-collector-1.12.9-xsds.jar
[INFO]                                                                         
[INFO] ------------------------------------------------------------------------
[INFO] Building OpenNMS NCS Root Project 1.12.9
[INFO] ------------------------------------------------------------------------
[INFO] 
[INFO] >>> maven-source-plugin:2.2.1:jar (default) @ org.opennms.features.ncs >>>
[INFO] 
[INFO] <<< maven-source-plugin:2.2.1:jar (default) @ org.opennms.features.ncs <<<
[INFO] 
[INFO] --- maven-source-plugin:2.2.1:jar (default) @ org.opennms.features.ncs ---
[INFO] 
[INFO] --- maven-install-plugin:2.3.1:install (default-install) @ org.opennms.features.ncs ---
[INFO] Installing /data/ubuntu14/opennmszh/features/ncs/pom.xml to /root/.m2/repository/org/opennms/features/org.opennms.features.ncs/1.12.9/org.opennms.features.ncs-1.12.9.pom
[INFO]                                                                         
[INFO] ------------------------------------------------------------------------
[INFO] Building OpenNMS NCS Persistence 1.12.9
[INFO] ------------------------------------------------------------------------
[INFO] 
[INFO] --- maven-resources-plugin:2.5:resources (default-resources) @ ncs-test ---
[debug] execute contextualize
[INFO] Using 'UTF-8' encoding to copy filtered resources.
[INFO] Copying 3 resources
[INFO] 
[INFO] --- maven-compiler-plugin:3.1:compile (default-compile) @ ncs-test ---
[INFO] No sources to compile
[INFO] 
[INFO] --- maven-resources-plugin:2.5:testResources (default-testResources) @ ncs-test ---
[debug] execute contextualize
[INFO] Using 'UTF-8' encoding to copy filtered resources.
[INFO] skip non existing resourceDirectory /data/ubuntu14/opennmszh/features/ncs/ncs-test/src/test/resources
[INFO] 
[INFO] --- maven-compiler-plugin:3.1:testCompile (default-testCompile) @ ncs-test ---
[INFO] No sources to compile
[INFO] 
[INFO] --- maven-surefire-plugin:2.9:test (default-test) @ ncs-test ---
[INFO] Tests are skipped.
[INFO] 
[INFO] --- maven-jar-plugin:2.3.1:jar (default-jar) @ ncs-test ---
[INFO] 
[INFO] >>> maven-source-plugin:2.2.1:jar (default) @ ncs-test >>>
[INFO] 
[INFO] <<< maven-source-plugin:2.2.1:jar (default) @ ncs-test <<<
[INFO] 
[INFO] --- maven-source-plugin:2.2.1:jar (default) @ ncs-test ---
[INFO] 
[INFO] --- maven-install-plugin:2.3.1:install (default-install) @ ncs-test ---
[INFO] Installing /data/ubuntu14/opennmszh/features/ncs/ncs-test/target/ncs-test-1.12.9.jar to /root/.m2/repository/org/opennms/features/ncs/ncs-test/1.12.9/ncs-test-1.12.9.jar
[INFO] Installing /data/ubuntu14/opennmszh/features/ncs/ncs-test/pom.xml to /root/.m2/repository/org/opennms/features/ncs/ncs-test/1.12.9/ncs-test-1.12.9.pom
[INFO] Installing /data/ubuntu14/opennmszh/features/ncs/ncs-test/target/ncs-test-1.12.9-sources.jar to /root/.m2/repository/org/opennms/features/ncs/ncs-test/1.12.9/ncs-test-1.12.9-sources.jar
[INFO]                                                                         
[INFO] ------------------------------------------------------------------------
[INFO] Building OpenNMS NCS Model Components 1.12.9
[INFO] ------------------------------------------------------------------------
[INFO] 
[INFO] --- maven-resources-plugin:2.5:resources (default-resources) @ ncs-model ---
[debug] execute contextualize
[INFO] Using 'UTF-8' encoding to copy filtered resources.
[INFO] Copying 2 resources
[INFO] 
[INFO] --- maven-compiler-plugin:3.1:compile (default-compile) @ ncs-model ---
[INFO] Nothing to compile - all classes are up to date
[INFO] 
[INFO] --- maven-resources-plugin:2.5:testResources (default-testResources) @ ncs-model ---
[debug] execute contextualize
[INFO] Using 'UTF-8' encoding to copy filtered resources.
[INFO] skip non existing resourceDirectory /data/ubuntu14/opennmszh/features/ncs/ncs-model/src/test/resources
[INFO] 
[INFO] --- maven-compiler-plugin:3.1:testCompile (default-testCompile) @ ncs-model ---
[INFO] Nothing to compile - all classes are up to date
[INFO] 
[INFO] --- maven-surefire-plugin:2.9:test (default-test) @ ncs-model ---
[INFO] Tests are skipped.
[INFO] 
[INFO] --- maven-bundle-plugin:2.3.7:bundle (default-bundle) @ ncs-model ---
[INFO] 
[INFO] >>> maven-source-plugin:2.2.1:jar (default) @ ncs-model >>>
[INFO] 
[INFO] <<< maven-source-plugin:2.2.1:jar (default) @ ncs-model <<<
[INFO] 
[INFO] --- maven-source-plugin:2.2.1:jar (default) @ ncs-model ---
[INFO] 
[INFO] --- maven-assembly-plugin:2.4:single (default) @ ncs-model ---
[INFO] Reading assembly descriptor: src/assembly/xsds.xml
[INFO] Building jar: /data/ubuntu14/opennmszh/features/ncs/ncs-model/target/ncs-model-1.12.9-xsds.jar
[INFO] 
[INFO] --- maven-install-plugin:2.5.2:install (default-install) @ ncs-model ---
[INFO] Installing /data/ubuntu14/opennmszh/features/ncs/ncs-model/target/ncs-model-1.12.9.jar to /root/.m2/repository/org/opennms/features/ncs/ncs-model/1.12.9/ncs-model-1.12.9.jar
[INFO] Installing /data/ubuntu14/opennmszh/features/ncs/ncs-model/pom.xml to /root/.m2/repository/org/opennms/features/ncs/ncs-model/1.12.9/ncs-model-1.12.9.pom
[INFO] Installing /data/ubuntu14/opennmszh/features/ncs/ncs-model/target/ncs-model-1.12.9-sources.jar to /root/.m2/repository/org/opennms/features/ncs/ncs-model/1.12.9/ncs-model-1.12.9-sources.jar
[INFO] Installing /data/ubuntu14/opennmszh/features/ncs/ncs-model/target/ncs-model-1.12.9-xsds.jar to /root/.m2/repository/org/opennms/features/ncs/ncs-model/1.12.9/ncs-model-1.12.9-xsds.jar
[INFO] 
[INFO] --- maven-bundle-plugin:2.3.7:install (default-install) @ ncs-model ---
[INFO] Local OBR update disabled (enable with -DobrRepository)
[INFO]                                                                         
[INFO] ------------------------------------------------------------------------
[INFO] Building OpenNMS NCS Persistence 1.12.9
[INFO] ------------------------------------------------------------------------
[WARNING] Failure to transfer net.homeip.yusuke:twitter4j/maven-metadata.xml from http://maven.opennms.org/content/groups/twitter4j.org-release was cached in the local repository, resolution will not be reattempted until the update interval of twitter4j.org has elapsed or updates are forced. Original error: Could not transfer metadata net.homeip.yusuke:twitter4j/maven-metadata.xml from/to twitter4j.org (http://maven.opennms.org/content/groups/twitter4j.org-release): Connection reset
[INFO] 
[INFO] --- maven-resources-plugin:2.5:resources (default-resources) @ ncs-persistence ---
[debug] execute contextualize
[INFO] Using 'UTF-8' encoding to copy filtered resources.
[INFO] Copying 2 resources
[INFO] 
[INFO] --- maven-compiler-plugin:3.1:compile (default-compile) @ ncs-persistence ---
[INFO] Nothing to compile - all classes are up to date
[INFO] 
[INFO] --- maven-resources-plugin:2.5:testResources (default-testResources) @ ncs-persistence ---
[debug] execute contextualize
[INFO] Using 'UTF-8' encoding to copy filtered resources.
[INFO] skip non existing resourceDirectory /data/ubuntu14/opennmszh/features/ncs/ncs-persistence/src/test/resources
[INFO] 
[INFO] --- maven-compiler-plugin:3.1:testCompile (default-testCompile) @ ncs-persistence ---
[INFO] Nothing to compile - all classes are up to date
[INFO] 
[INFO] --- maven-surefire-plugin:2.9:test (default-test) @ ncs-persistence ---
[INFO] Tests are skipped.
[INFO] 
[INFO] --- maven-bundle-plugin:2.3.7:bundle (default-bundle) @ ncs-persistence ---
[INFO] 
[INFO] >>> maven-source-plugin:2.2.1:jar (default) @ ncs-persistence >>>
[INFO] 
[INFO] <<< maven-source-plugin:2.2.1:jar (default) @ ncs-persistence <<<
[INFO] 
[INFO] --- maven-source-plugin:2.2.1:jar (default) @ ncs-persistence ---
[INFO] 
[INFO] --- maven-install-plugin:2.5.2:install (default-install) @ ncs-persistence ---
[INFO] Installing /data/ubuntu14/opennmszh/features/ncs/ncs-persistence/target/ncs-persistence-1.12.9.jar to /root/.m2/repository/org/opennms/features/ncs/ncs-persistence/1.12.9/ncs-persistence-1.12.9.jar
[INFO] Installing /data/ubuntu14/opennmszh/features/ncs/ncs-persistence/pom.xml to /root/.m2/repository/org/opennms/features/ncs/ncs-persistence/1.12.9/ncs-persistence-1.12.9.pom
[INFO] Installing /data/ubuntu14/opennmszh/features/ncs/ncs-persistence/target/ncs-persistence-1.12.9-sources.jar to /root/.m2/repository/org/opennms/features/ncs/ncs-persistence/1.12.9/ncs-persistence-1.12.9-sources.jar
[INFO] 
[INFO] --- maven-bundle-plugin:2.3.7:install (default-install) @ ncs-persistence ---
[INFO] Local OBR update disabled (enable with -DobrRepository)
[INFO]                                                                         
[INFO] ------------------------------------------------------------------------
[INFO] Building OpenNMS Correlation Engines 1.12.9
[INFO] ------------------------------------------------------------------------
[INFO] 
[INFO] >>> maven-source-plugin:2.2.1:jar (default) @ opennms-correlation >>>
[INFO] 
[INFO] <<< maven-source-plugin:2.2.1:jar (default) @ opennms-correlation <<<
[INFO] 
[INFO] --- maven-source-plugin:2.2.1:jar (default) @ opennms-correlation ---
[INFO] 
[INFO] --- maven-install-plugin:2.3.1:install (default-install) @ opennms-correlation ---
[INFO] Installing /data/ubuntu14/opennmszh/opennms-correlation/pom.xml to /root/.m2/repository/org/opennms/opennms-correlation/1.12.9/opennms-correlation-1.12.9.pom
[INFO]                                                                         
[INFO] ------------------------------------------------------------------------
[INFO] Building OpenNMS Correlator 1.12.9
[INFO] ------------------------------------------------------------------------
[WARNING] Failure to transfer net.homeip.yusuke:twitter4j/maven-metadata.xml from http://maven.opennms.org/content/groups/twitter4j.org-release was cached in the local repository, resolution will not be reattempted until the update interval of twitter4j.org has elapsed or updates are forced. Original error: Could not transfer metadata net.homeip.yusuke:twitter4j/maven-metadata.xml from/to twitter4j.org (http://maven.opennms.org/content/groups/twitter4j.org-release): Connection reset
[INFO] 
[INFO] --- maven-resources-plugin:2.5:resources (default-resources) @ opennms-correlator ---
[debug] execute contextualize
[INFO] Using 'UTF-8' encoding to copy filtered resources.
[INFO] Copying 2 resources
[INFO] 
[INFO] --- maven-compiler-plugin:3.1:compile (default-compile) @ opennms-correlator ---
[INFO] Nothing to compile - all classes are up to date
[INFO] 
[INFO] --- maven-resources-plugin:2.5:testResources (default-testResources) @ opennms-correlator ---
[debug] execute contextualize
[INFO] Using 'UTF-8' encoding to copy filtered resources.
[INFO] Copying 1 resource
[INFO] 
[INFO] --- maven-compiler-plugin:3.1:testCompile (default-testCompile) @ opennms-correlator ---
[INFO] Nothing to compile - all classes are up to date
[INFO] 
[INFO] --- maven-surefire-plugin:2.9:test (default-test) @ opennms-correlator ---
[INFO] Tests are skipped.
[INFO] 
[INFO] --- maven-bundle-plugin:2.3.7:bundle (default-bundle) @ opennms-correlator ---
[INFO] 
[INFO] >>> maven-source-plugin:2.2.1:jar (default) @ opennms-correlator >>>
[INFO] 
[INFO] <<< maven-source-plugin:2.2.1:jar (default) @ opennms-correlator <<<
[INFO] 
[INFO] --- maven-source-plugin:2.2.1:jar (default) @ opennms-correlator ---
[INFO] 
[INFO] --- maven-install-plugin:2.5.2:install (default-install) @ opennms-correlator ---
[INFO] Installing /data/ubuntu14/opennmszh/opennms-correlation/opennms-correlator/target/opennms-correlator-1.12.9.jar to /root/.m2/repository/org/opennms/opennms-correlator/1.12.9/opennms-correlator-1.12.9.jar
[INFO] Installing /data/ubuntu14/opennmszh/opennms-correlation/opennms-correlator/pom.xml to /root/.m2/repository/org/opennms/opennms-correlator/1.12.9/opennms-correlator-1.12.9.pom
[INFO] Installing /data/ubuntu14/opennmszh/opennms-correlation/opennms-correlator/target/opennms-correlator-1.12.9-sources.jar to /root/.m2/repository/org/opennms/opennms-correlator/1.12.9/opennms-correlator-1.12.9-sources.jar
[INFO] 
[INFO] --- maven-bundle-plugin:2.3.7:install (default-install) @ opennms-correlator ---
[INFO] Local OBR update disabled (enable with -DobrRepository)
[INFO]                                                                         
[INFO] ------------------------------------------------------------------------
[INFO] Building OpenNMS Drools Correlation Engine 1.12.9
[INFO] ------------------------------------------------------------------------
[WARNING] Failure to transfer net.homeip.yusuke:twitter4j/maven-metadata.xml from http://maven.opennms.org/content/groups/twitter4j.org-release was cached in the local repository, resolution will not be reattempted until the update interval of twitter4j.org has elapsed or updates are forced. Original error: Could not transfer metadata net.homeip.yusuke:twitter4j/maven-metadata.xml from/to twitter4j.org (http://maven.opennms.org/content/groups/twitter4j.org-release): Connection reset
[INFO] 
[INFO] --- castor-maven-plugin:1.0:generate (default) @ drools-correlation-engine ---
[INFO] Nothing to process - all xsds are up to date
[INFO] 
[INFO] --- build-helper-maven-plugin:1.7:add-source (add-source) @ drools-correlation-engine ---
[INFO] Source directory: /data/ubuntu14/opennmszh/opennms-correlation/drools-correlation-engine/target/generated-sources/castor added.
[INFO] 
[INFO] --- maven-resources-plugin:2.5:resources (default-resources) @ drools-correlation-engine ---
[debug] execute contextualize
[INFO] Using 'UTF-8' encoding to copy filtered resources.
[INFO] Copying 4 resources
[INFO] 
[INFO] --- maven-compiler-plugin:3.1:compile (default-compile) @ drools-correlation-engine ---
[INFO] Nothing to compile - all classes are up to date
[INFO] 
[INFO] --- maven-resources-plugin:2.5:testResources (default-testResources) @ drools-correlation-engine ---
[debug] execute contextualize
[INFO] Using 'UTF-8' encoding to copy filtered resources.
[INFO] Copying 1 resource
[INFO] 
[INFO] --- maven-compiler-plugin:3.1:testCompile (default-testCompile) @ drools-correlation-engine ---
[INFO] Nothing to compile - all classes are up to date
[INFO] 
[INFO] --- maven-surefire-plugin:2.9:test (default-test) @ drools-correlation-engine ---
[INFO] Tests are skipped.
[INFO] 
[INFO] --- maven-bundle-plugin:2.3.7:bundle (default-bundle) @ drools-correlation-engine ---
[INFO] 
[INFO] >>> maven-source-plugin:2.2.1:jar (default) @ drools-correlation-engine >>>
[INFO] 
[INFO] --- castor-maven-plugin:1.0:generate (default) @ drools-correlation-engine ---
[INFO] Nothing to process - all xsds are up to date
[INFO] 
[INFO] --- build-helper-maven-plugin:1.7:add-source (add-source) @ drools-correlation-engine ---
[INFO] Source directory: /data/ubuntu14/opennmszh/opennms-correlation/drools-correlation-engine/target/generated-sources/castor added.
[INFO] 
[INFO] <<< maven-source-plugin:2.2.1:jar (default) @ drools-correlation-engine <<<
[INFO] 
[INFO] --- maven-source-plugin:2.2.1:jar (default) @ drools-correlation-engine ---
[INFO] Building jar: /data/ubuntu14/opennmszh/opennms-correlation/drools-correlation-engine/target/drools-correlation-engine-1.12.9-sources.jar
[INFO] 
[INFO] --- maven-assembly-plugin:2.4:single (default) @ drools-correlation-engine ---
[INFO] Reading assembly descriptor: src/assembly/xsds.xml
[INFO] Building jar: /data/ubuntu14/opennmszh/opennms-correlation/drools-correlation-engine/target/drools-correlation-engine-1.12.9-xsds.jar
[INFO] 
[INFO] --- maven-install-plugin:2.5.2:install (default-install) @ drools-correlation-engine ---
[INFO] Installing /data/ubuntu14/opennmszh/opennms-correlation/drools-correlation-engine/target/drools-correlation-engine-1.12.9.jar to /root/.m2/repository/org/opennms/drools-correlation-engine/1.12.9/drools-correlation-engine-1.12.9.jar
[INFO] Installing /data/ubuntu14/opennmszh/opennms-correlation/drools-correlation-engine/pom.xml to /root/.m2/repository/org/opennms/drools-correlation-engine/1.12.9/drools-correlation-engine-1.12.9.pom
[INFO] Installing /data/ubuntu14/opennmszh/opennms-correlation/drools-correlation-engine/target/drools-correlation-engine-1.12.9-sources.jar to /root/.m2/repository/org/opennms/drools-correlation-engine/1.12.9/drools-correlation-engine-1.12.9-sources.jar
[INFO] Installing /data/ubuntu14/opennmszh/opennms-correlation/drools-correlation-engine/target/drools-correlation-engine-1.12.9-xsds.jar to /root/.m2/repository/org/opennms/drools-correlation-engine/1.12.9/drools-correlation-engine-1.12.9-xsds.jar
[INFO] 
[INFO] --- maven-bundle-plugin:2.3.7:install (default-install) @ drools-correlation-engine ---
[INFO] Local OBR update disabled (enable with -DobrRepository)
[INFO]                                                                         
[INFO] ------------------------------------------------------------------------
[INFO] Building OpenNMS NCS Correlation Rules 1.12.9
[INFO] ------------------------------------------------------------------------
[WARNING] Failure to transfer net.homeip.yusuke:twitter4j/maven-metadata.xml from http://maven.opennms.org/content/groups/twitter4j.org-release was cached in the local repository, resolution will not be reattempted until the update interval of twitter4j.org has elapsed or updates are forced. Original error: Could not transfer metadata net.homeip.yusuke:twitter4j/maven-metadata.xml from/to twitter4j.org (http://maven.opennms.org/content/groups/twitter4j.org-release): Connection reset
[INFO] 
[INFO] --- maven-resources-plugin:2.5:resources (default-resources) @ ncs-drools ---
[debug] execute contextualize
[INFO] Using 'UTF-8' encoding to copy filtered resources.
[INFO] skip non existing resourceDirectory /data/ubuntu14/opennmszh/features/ncs/ncs-drools/src/main/resources
[INFO] 
[INFO] --- maven-compiler-plugin:3.1:compile (default-compile) @ ncs-drools ---
[INFO] Nothing to compile - all classes are up to date
[INFO] 
[INFO] --- maven-resources-plugin:2.5:testResources (default-testResources) @ ncs-drools ---
[debug] execute contextualize
[INFO] Using 'UTF-8' encoding to copy filtered resources.
[INFO] Copying 1 resource
[INFO] 
[INFO] --- maven-compiler-plugin:3.1:testCompile (default-testCompile) @ ncs-drools ---
[INFO] Nothing to compile - all classes are up to date
[INFO] 
[INFO] --- maven-surefire-plugin:2.9:test (default-test) @ ncs-drools ---
[INFO] Tests are skipped.
[INFO] 
[INFO] --- maven-bundle-plugin:2.3.7:bundle (default-bundle) @ ncs-drools ---
[INFO] 
[INFO] >>> maven-source-plugin:2.2.1:jar (default) @ ncs-drools >>>
[INFO] 
[INFO] <<< maven-source-plugin:2.2.1:jar (default) @ ncs-drools <<<
[INFO] 
[INFO] --- maven-source-plugin:2.2.1:jar (default) @ ncs-drools ---
[INFO] 
[INFO] --- maven-assembly-plugin:2.4:single (default) @ ncs-drools ---
[INFO] Reading assembly descriptor: src/assembly/etc.xml
[INFO] Building tar: /data/ubuntu14/opennmszh/features/ncs/ncs-drools/target/ncs-drools-1.12.9-etc.tar.gz
[INFO] 
[INFO] --- maven-install-plugin:2.5.2:install (default-install) @ ncs-drools ---
[INFO] Installing /data/ubuntu14/opennmszh/features/ncs/ncs-drools/target/ncs-drools-1.12.9.jar to /root/.m2/repository/org/opennms/features/ncs/ncs-drools/1.12.9/ncs-drools-1.12.9.jar
[INFO] Installing /data/ubuntu14/opennmszh/features/ncs/ncs-drools/pom.xml to /root/.m2/repository/org/opennms/features/ncs/ncs-drools/1.12.9/ncs-drools-1.12.9.pom
[INFO] Installing /data/ubuntu14/opennmszh/features/ncs/ncs-drools/target/ncs-drools-1.12.9-sources.jar to /root/.m2/repository/org/opennms/features/ncs/ncs-drools/1.12.9/ncs-drools-1.12.9-sources.jar
[INFO] Installing /data/ubuntu14/opennmszh/features/ncs/ncs-drools/target/ncs-drools-1.12.9-etc.tar.gz to /root/.m2/repository/org/opennms/features/ncs/ncs-drools/1.12.9/ncs-drools-1.12.9-etc.tar.gz
[INFO] 
[INFO] --- maven-bundle-plugin:2.3.7:install (default-install) @ ncs-drools ---
[INFO] Local OBR update disabled (enable with -DobrRepository)
[INFO]                                                                         
[INFO] ------------------------------------------------------------------------
[INFO] Building OpenNMS Alarm Subsystem 1.12.9
[INFO] ------------------------------------------------------------------------
[INFO] 
[INFO] >>> maven-source-plugin:2.2.1:jar (default) @ opennms-alarms >>>
[INFO] 
[INFO] <<< maven-source-plugin:2.2.1:jar (default) @ opennms-alarms <<<
[INFO] 
[INFO] --- maven-source-plugin:2.2.1:jar (default) @ opennms-alarms ---
[INFO] 
[INFO] --- maven-install-plugin:2.3.1:install (default-install) @ opennms-alarms ---
[INFO] Installing /data/ubuntu14/opennmszh/opennms-alarms/pom.xml to /root/.m2/repository/org/opennms/opennms-alarms/1.12.9/opennms-alarms-1.12.9.pom
[INFO]                                                                         
[INFO] ------------------------------------------------------------------------
[INFO] Building OpenNMS Alarm API 1.12.9
[INFO] ------------------------------------------------------------------------
[INFO] 
[INFO] --- maven-resources-plugin:2.5:resources (default-resources) @ opennms-alarm-api ---
[debug] execute contextualize
[INFO] Using 'UTF-8' encoding to copy filtered resources.
[INFO] skip non existing resourceDirectory /data/ubuntu14/opennmszh/opennms-alarms/api/src/main/resources
[INFO] 
[INFO] --- maven-compiler-plugin:3.1:compile (default-compile) @ opennms-alarm-api ---
[INFO] Nothing to compile - all classes are up to date
[INFO] 
[INFO] --- maven-resources-plugin:2.5:testResources (default-testResources) @ opennms-alarm-api ---
[debug] execute contextualize
[INFO] Using 'UTF-8' encoding to copy filtered resources.
[INFO] skip non existing resourceDirectory /data/ubuntu14/opennmszh/opennms-alarms/api/src/test/resources
[INFO] 
[INFO] --- maven-compiler-plugin:3.1:testCompile (default-testCompile) @ opennms-alarm-api ---
[INFO] Nothing to compile - all classes are up to date
[INFO] 
[INFO] --- maven-surefire-plugin:2.9:test (default-test) @ opennms-alarm-api ---
[INFO] Tests are skipped.
[INFO] 
[INFO] --- maven-bundle-plugin:2.3.7:bundle (default-bundle) @ opennms-alarm-api ---
[INFO] 
[INFO] >>> maven-source-plugin:2.2.1:jar (default) @ opennms-alarm-api >>>
[INFO] 
[INFO] <<< maven-source-plugin:2.2.1:jar (default) @ opennms-alarm-api <<<
[INFO] 
[INFO] --- maven-source-plugin:2.2.1:jar (default) @ opennms-alarm-api ---
[INFO] 
[INFO] --- maven-install-plugin:2.5.2:install (default-install) @ opennms-alarm-api ---
[INFO] Installing /data/ubuntu14/opennmszh/opennms-alarms/api/target/opennms-alarm-api-1.12.9.jar to /root/.m2/repository/org/opennms/opennms-alarm-api/1.12.9/opennms-alarm-api-1.12.9.jar
[INFO] Installing /data/ubuntu14/opennmszh/opennms-alarms/api/pom.xml to /root/.m2/repository/org/opennms/opennms-alarm-api/1.12.9/opennms-alarm-api-1.12.9.pom
[INFO] Installing /data/ubuntu14/opennmszh/opennms-alarms/api/target/opennms-alarm-api-1.12.9-sources.jar to /root/.m2/repository/org/opennms/opennms-alarm-api/1.12.9/opennms-alarm-api-1.12.9-sources.jar
[INFO] 
[INFO] --- maven-bundle-plugin:2.3.7:install (default-install) @ opennms-alarm-api ---
[INFO] Local OBR update disabled (enable with -DobrRepository)
[INFO]                                                                         
[INFO] ------------------------------------------------------------------------
[INFO] Building OpenNMS NCS Northbounder 1.12.9
[INFO] ------------------------------------------------------------------------
[INFO] 
[INFO] --- maven-resources-plugin:2.5:resources (default-resources) @ ncs-northbounder ---
[debug] execute contextualize
[INFO] Using 'UTF-8' encoding to copy filtered resources.
[INFO] Copying 1 resource
[INFO] 
[INFO] --- maven-compiler-plugin:3.1:compile (default-compile) @ ncs-northbounder ---
[INFO] Nothing to compile - all classes are up to date
[INFO] 
[INFO] --- maven-resources-plugin:2.5:testResources (default-testResources) @ ncs-northbounder ---
[debug] execute contextualize
[INFO] Using 'UTF-8' encoding to copy filtered resources.
[INFO] Copying 3 resources
[INFO] 
[INFO] --- maven-compiler-plugin:3.1:testCompile (default-testCompile) @ ncs-northbounder ---
[INFO] Nothing to compile - all classes are up to date
[INFO] 
[INFO] --- maven-surefire-plugin:2.9:test (default-test) @ ncs-northbounder ---
[INFO] Tests are skipped.
[INFO] 
[INFO] --- maven-bundle-plugin:2.3.7:bundle (default-bundle) @ ncs-northbounder ---
[INFO] 
[INFO] >>> maven-source-plugin:2.2.1:jar (default) @ ncs-northbounder >>>
[INFO] 
[INFO] <<< maven-source-plugin:2.2.1:jar (default) @ ncs-northbounder <<<
[INFO] 
[INFO] --- maven-source-plugin:2.2.1:jar (default) @ ncs-northbounder ---
[INFO] 
[INFO] --- maven-assembly-plugin:2.4:single (default) @ ncs-northbounder ---
[INFO] Reading assembly descriptor: src/assembly/etc.xml
[INFO] Building tar: /data/ubuntu14/opennmszh/features/ncs/ncs-northbounder/target/ncs-northbounder-1.12.9-etc.tar.gz
[INFO] 
[INFO] --- maven-install-plugin:2.5.2:install (default-install) @ ncs-northbounder ---
[INFO] Installing /data/ubuntu14/opennmszh/features/ncs/ncs-northbounder/target/ncs-northbounder-1.12.9.jar to /root/.m2/repository/org/opennms/features/ncs/ncs-northbounder/1.12.9/ncs-northbounder-1.12.9.jar
[INFO] Installing /data/ubuntu14/opennmszh/features/ncs/ncs-northbounder/pom.xml to /root/.m2/repository/org/opennms/features/ncs/ncs-northbounder/1.12.9/ncs-northbounder-1.12.9.pom
[INFO] Installing /data/ubuntu14/opennmszh/features/ncs/ncs-northbounder/target/ncs-northbounder-1.12.9-sources.jar to /root/.m2/repository/org/opennms/features/ncs/ncs-northbounder/1.12.9/ncs-northbounder-1.12.9-sources.jar
[INFO] Installing /data/ubuntu14/opennmszh/features/ncs/ncs-northbounder/target/ncs-northbounder-1.12.9-etc.tar.gz to /root/.m2/repository/org/opennms/features/ncs/ncs-northbounder/1.12.9/ncs-northbounder-1.12.9-etc.tar.gz
[INFO] 
[INFO] --- maven-bundle-plugin:2.3.7:install (default-install) @ ncs-northbounder ---
[INFO] Local OBR update disabled (enable with -DobrRepository)
[INFO]                                                                         
[INFO] ------------------------------------------------------------------------
[INFO] Building OpenNMS Web APIs 1.12.9
[INFO] ------------------------------------------------------------------------
[WARNING] Failure to transfer net.homeip.yusuke:twitter4j/maven-metadata.xml from http://maven.opennms.org/content/groups/twitter4j.org-release was cached in the local repository, resolution will not be reattempted until the update interval of twitter4j.org has elapsed or updates are forced. Original error: Could not transfer metadata net.homeip.yusuke:twitter4j/maven-metadata.xml from/to twitter4j.org (http://maven.opennms.org/content/groups/twitter4j.org-release): Connection reset
[INFO] 
[INFO] --- maven-resources-plugin:2.5:resources (default-resources) @ opennms-web-api ---
[debug] execute contextualize
[INFO] Using 'UTF-8' encoding to copy filtered resources.
[INFO] skip non existing resourceDirectory /data/ubuntu14/opennmszh/opennms-web-api/src/main/resources
[INFO] 
[INFO] --- maven-compiler-plugin:3.1:compile (default-compile) @ opennms-web-api ---
[INFO] Nothing to compile - all classes are up to date
[INFO] 
[INFO] --- maven-resources-plugin:2.5:testResources (default-testResources) @ opennms-web-api ---
[debug] execute contextualize
[INFO] Using 'UTF-8' encoding to copy filtered resources.
[INFO] skip non existing resourceDirectory /data/ubuntu14/opennmszh/opennms-web-api/src/test/resources
[INFO] 
[INFO] --- maven-compiler-plugin:3.1:testCompile (default-testCompile) @ opennms-web-api ---
[INFO] Nothing to compile - all classes are up to date
[INFO] 
[INFO] --- maven-surefire-plugin:2.9:test (default-test) @ opennms-web-api ---
[INFO] Tests are skipped.
[INFO] 
[INFO] --- maven-bundle-plugin:2.3.7:bundle (default-bundle) @ opennms-web-api ---
[INFO] 
[INFO] >>> maven-source-plugin:2.2.1:jar (default) @ opennms-web-api >>>
[INFO] 
[INFO] <<< maven-source-plugin:2.2.1:jar (default) @ opennms-web-api <<<
[INFO] 
[INFO] --- maven-source-plugin:2.2.1:jar (default) @ opennms-web-api ---
[INFO] 
[INFO] --- maven-install-plugin:2.5.2:install (default-install) @ opennms-web-api ---
[INFO] Installing /data/ubuntu14/opennmszh/opennms-web-api/target/opennms-web-api-1.12.9.jar to /root/.m2/repository/org/opennms/opennms-web-api/1.12.9/opennms-web-api-1.12.9.jar
[INFO] Installing /data/ubuntu14/opennmszh/opennms-web-api/pom.xml to /root/.m2/repository/org/opennms/opennms-web-api/1.12.9/opennms-web-api-1.12.9.pom
[INFO] Installing /data/ubuntu14/opennmszh/opennms-web-api/target/opennms-web-api-1.12.9-sources.jar to /root/.m2/repository/org/opennms/opennms-web-api/1.12.9/opennms-web-api-1.12.9-sources.jar
[INFO] 
[INFO] --- maven-bundle-plugin:2.3.7:install (default-install) @ opennms-web-api ---
[INFO] Local OBR update disabled (enable with -DobrRepository)
[INFO]                                                                         
[INFO] ------------------------------------------------------------------------
[INFO] Building OpenNMS Integrations 1.12.9
[INFO] ------------------------------------------------------------------------
[INFO] 
[INFO] >>> maven-source-plugin:2.2.1:jar (default) @ opennms-integrations >>>
[INFO] 
[INFO] <<< maven-source-plugin:2.2.1:jar (default) @ opennms-integrations <<<
[INFO] 
[INFO] --- maven-source-plugin:2.2.1:jar (default) @ opennms-integrations ---
[INFO] 
[INFO] --- maven-install-plugin:2.3.1:install (default-install) @ opennms-integrations ---
[INFO] Installing /data/ubuntu14/opennmszh/integrations/pom.xml to /root/.m2/repository/org/opennms/opennms-integrations/1.12.9/opennms-integrations-1.12.9.pom
[INFO]                                                                         
[INFO] ------------------------------------------------------------------------
[INFO] Building OpenNMS RWS Interface 1.12.9
[INFO] ------------------------------------------------------------------------
[INFO] 
[INFO] --- maven-resources-plugin:2.5:resources (default-resources) @ opennms-rws ---
[debug] execute contextualize
[INFO] Using 'UTF-8' encoding to copy filtered resources.
[INFO] Copying 1 resource
[INFO] 
[INFO] --- maven-compiler-plugin:3.1:compile (default-compile) @ opennms-rws ---
[INFO] Nothing to compile - all classes are up to date
[INFO] 
[INFO] --- maven-resources-plugin:2.5:testResources (default-testResources) @ opennms-rws ---
[debug] execute contextualize
[INFO] Using 'UTF-8' encoding to copy filtered resources.
[INFO] skip non existing resourceDirectory /data/ubuntu14/opennmszh/integrations/opennms-rws/src/test/resources
[INFO] 
[INFO] --- maven-compiler-plugin:3.1:testCompile (default-testCompile) @ opennms-rws ---
[INFO] No sources to compile
[INFO] 
[INFO] --- maven-surefire-plugin:2.9:test (default-test) @ opennms-rws ---
[INFO] Tests are skipped.
[INFO] 
[INFO] --- maven-jar-plugin:2.3.1:jar (default-jar) @ opennms-rws ---
[INFO] 
[INFO] >>> maven-source-plugin:2.2.1:jar (default) @ opennms-rws >>>
[INFO] 
[INFO] <<< maven-source-plugin:2.2.1:jar (default) @ opennms-rws <<<
[INFO] 
[INFO] --- maven-source-plugin:2.2.1:jar (default) @ opennms-rws ---
[INFO] 
[INFO] --- maven-install-plugin:2.3.1:install (default-install) @ opennms-rws ---
[INFO] Installing /data/ubuntu14/opennmszh/integrations/opennms-rws/target/opennms-rws-1.12.9.jar to /root/.m2/repository/org/opennms/opennms-rws/1.12.9/opennms-rws-1.12.9.jar
[INFO] Installing /data/ubuntu14/opennmszh/integrations/opennms-rws/pom.xml to /root/.m2/repository/org/opennms/opennms-rws/1.12.9/opennms-rws-1.12.9.pom
[INFO] Installing /data/ubuntu14/opennmszh/integrations/opennms-rws/target/opennms-rws-1.12.9-sources.jar to /root/.m2/repository/org/opennms/opennms-rws/1.12.9/opennms-rws-1.12.9-sources.jar
[INFO]                                                                         
[INFO] ------------------------------------------------------------------------
[INFO] Building OpenNMS Reporting 1.12.9
[INFO] ------------------------------------------------------------------------
[INFO] 
[INFO] >>> maven-source-plugin:2.2.1:jar (default) @ org.opennms.features.reporting >>>
[INFO] 
[INFO] <<< maven-source-plugin:2.2.1:jar (default) @ org.opennms.features.reporting <<<
[INFO] 
[INFO] --- maven-source-plugin:2.2.1:jar (default) @ org.opennms.features.reporting ---
[INFO] 
[INFO] --- maven-install-plugin:2.3.1:install (default-install) @ org.opennms.features.reporting ---
[INFO] Installing /data/ubuntu14/opennmszh/features/reporting/pom.xml to /root/.m2/repository/org/opennms/features/org.opennms.features.reporting/1.12.9/org.opennms.features.reporting-1.12.9.pom
[INFO]                                                                         
[INFO] ------------------------------------------------------------------------
[INFO] Building OpenNMS Reporting API 1.12.9
[INFO] ------------------------------------------------------------------------
[INFO] 
[INFO] --- maven-resources-plugin:2.5:resources (default-resources) @ org.opennms.features.reporting.api ---
[debug] execute contextualize
[INFO] Using 'UTF-8' encoding to copy filtered resources.
[INFO] skip non existing resourceDirectory /data/ubuntu14/opennmszh/features/reporting/api/src/main/resources
[INFO] 
[INFO] --- maven-compiler-plugin:3.1:compile (default-compile) @ org.opennms.features.reporting.api ---
[INFO] Nothing to compile - all classes are up to date
[INFO] 
[INFO] --- maven-resources-plugin:2.5:testResources (default-testResources) @ org.opennms.features.reporting.api ---
[debug] execute contextualize
[INFO] Using 'UTF-8' encoding to copy filtered resources.
[INFO] skip non existing resourceDirectory /data/ubuntu14/opennmszh/features/reporting/api/src/test/resources
[INFO] 
[INFO] --- maven-compiler-plugin:3.1:testCompile (default-testCompile) @ org.opennms.features.reporting.api ---
[INFO] No sources to compile
[INFO] 
[INFO] --- maven-surefire-plugin:2.9:test (default-test) @ org.opennms.features.reporting.api ---
[INFO] Tests are skipped.
[INFO] 
[INFO] --- maven-bundle-plugin:2.3.7:bundle (default-bundle) @ org.opennms.features.reporting.api ---
[INFO] 
[INFO] >>> maven-source-plugin:2.2.1:jar (default) @ org.opennms.features.reporting.api >>>
[INFO] 
[INFO] <<< maven-source-plugin:2.2.1:jar (default) @ org.opennms.features.reporting.api <<<
[INFO] 
[INFO] --- maven-source-plugin:2.2.1:jar (default) @ org.opennms.features.reporting.api ---
[INFO] 
[INFO] --- maven-install-plugin:2.5.2:install (default-install) @ org.opennms.features.reporting.api ---
[INFO] Installing /data/ubuntu14/opennmszh/features/reporting/api/target/org.opennms.features.reporting.api-1.12.9.jar to /root/.m2/repository/org/opennms/features/reporting/org.opennms.features.reporting.api/1.12.9/org.opennms.features.reporting.api-1.12.9.jar
[INFO] Installing /data/ubuntu14/opennmszh/features/reporting/api/pom.xml to /root/.m2/repository/org/opennms/features/reporting/org.opennms.features.reporting.api/1.12.9/org.opennms.features.reporting.api-1.12.9.pom
[INFO] Installing /data/ubuntu14/opennmszh/features/reporting/api/target/org.opennms.features.reporting.api-1.12.9-sources.jar to /root/.m2/repository/org/opennms/features/reporting/org.opennms.features.reporting.api/1.12.9/org.opennms.features.reporting.api-1.12.9-sources.jar
[INFO] 
[INFO] --- maven-bundle-plugin:2.3.7:install (default-install) @ org.opennms.features.reporting.api ---
[INFO] Local OBR update disabled (enable with -DobrRepository)
[INFO]                                                                         
[INFO] ------------------------------------------------------------------------
[INFO] Building OpenNMS Model for Reports 1.12.9
[INFO] ------------------------------------------------------------------------
[INFO] 
[INFO] --- maven-resources-plugin:2.5:resources (default-resources) @ org.opennms.features.reporting.model ---
[debug] execute contextualize
[INFO] Using 'UTF-8' encoding to copy filtered resources.
[INFO] skip non existing resourceDirectory /data/ubuntu14/opennmszh/features/reporting/model/src/main/resources
[INFO] 
[INFO] --- maven-compiler-plugin:3.1:compile (default-compile) @ org.opennms.features.reporting.model ---
[INFO] Nothing to compile - all classes are up to date
[INFO] 
[INFO] --- maven-resources-plugin:2.5:testResources (default-testResources) @ org.opennms.features.reporting.model ---
[debug] execute contextualize
[INFO] Using 'UTF-8' encoding to copy filtered resources.
[INFO] skip non existing resourceDirectory /data/ubuntu14/opennmszh/features/reporting/model/src/test/resources
[INFO] 
[INFO] --- maven-compiler-plugin:3.1:testCompile (default-testCompile) @ org.opennms.features.reporting.model ---
[INFO] No sources to compile
[INFO] 
[INFO] --- maven-surefire-plugin:2.9:test (default-test) @ org.opennms.features.reporting.model ---
[INFO] Tests are skipped.
[INFO] 
[INFO] --- maven-bundle-plugin:2.3.7:bundle (default-bundle) @ org.opennms.features.reporting.model ---
[INFO] 
[INFO] >>> maven-source-plugin:2.2.1:jar (default) @ org.opennms.features.reporting.model >>>
[INFO] 
[INFO] <<< maven-source-plugin:2.2.1:jar (default) @ org.opennms.features.reporting.model <<<
[INFO] 
[INFO] --- maven-source-plugin:2.2.1:jar (default) @ org.opennms.features.reporting.model ---
[INFO] 
[INFO] --- maven-install-plugin:2.5.2:install (default-install) @ org.opennms.features.reporting.model ---
[INFO] Installing /data/ubuntu14/opennmszh/features/reporting/model/target/org.opennms.features.reporting.model-1.12.9.jar to /root/.m2/repository/org/opennms/features/reporting/org.opennms.features.reporting.model/1.12.9/org.opennms.features.reporting.model-1.12.9.jar
[INFO] Installing /data/ubuntu14/opennmszh/features/reporting/model/pom.xml to /root/.m2/repository/org/opennms/features/reporting/org.opennms.features.reporting.model/1.12.9/org.opennms.features.reporting.model-1.12.9.pom
[INFO] Installing /data/ubuntu14/opennmszh/features/reporting/model/target/org.opennms.features.reporting.model-1.12.9-sources.jar to /root/.m2/repository/org/opennms/features/reporting/org.opennms.features.reporting.model/1.12.9/org.opennms.features.reporting.model-1.12.9-sources.jar
[INFO] 
[INFO] --- maven-bundle-plugin:2.3.7:install (default-install) @ org.opennms.features.reporting.model ---
[INFO] Local OBR update disabled (enable with -DobrRepository)
[INFO]                                                                         
[INFO] ------------------------------------------------------------------------
[INFO] Building OpenNMS Dao for Reports 1.12.9
[INFO] ------------------------------------------------------------------------
[INFO] 
[INFO] --- maven-resources-plugin:2.5:resources (default-resources) @ org.opennms.features.reporting.dao ---
[debug] execute contextualize
[INFO] Using 'UTF-8' encoding to copy filtered resources.
[INFO] Copying 1 resource
[INFO] 
[INFO] --- maven-compiler-plugin:3.1:compile (default-compile) @ org.opennms.features.reporting.dao ---
[INFO] Nothing to compile - all classes are up to date
[INFO] 
[INFO] --- maven-resources-plugin:2.5:testResources (default-testResources) @ org.opennms.features.reporting.dao ---
[debug] execute contextualize
[INFO] Using 'UTF-8' encoding to copy filtered resources.
[INFO] Copying 7 resources
[INFO] 
[INFO] --- maven-compiler-plugin:3.1:testCompile (default-testCompile) @ org.opennms.features.reporting.dao ---
[INFO] Nothing to compile - all classes are up to date
[INFO] 
[INFO] --- maven-surefire-plugin:2.9:test (default-test) @ org.opennms.features.reporting.dao ---
[INFO] Tests are skipped.
[INFO] 
[INFO] --- maven-bundle-plugin:2.3.7:bundle (default-bundle) @ org.opennms.features.reporting.dao ---
[INFO] 
[INFO] >>> maven-source-plugin:2.2.1:jar (default) @ org.opennms.features.reporting.dao >>>
[INFO] 
[INFO] <<< maven-source-plugin:2.2.1:jar (default) @ org.opennms.features.reporting.dao <<<
[INFO] 
[INFO] --- maven-source-plugin:2.2.1:jar (default) @ org.opennms.features.reporting.dao ---
[INFO] 
[INFO] --- maven-install-plugin:2.5.2:install (default-install) @ org.opennms.features.reporting.dao ---
[INFO] Installing /data/ubuntu14/opennmszh/features/reporting/dao/target/org.opennms.features.reporting.dao-1.12.9.jar to /root/.m2/repository/org/opennms/features/reporting/org.opennms.features.reporting.dao/1.12.9/org.opennms.features.reporting.dao-1.12.9.jar
[INFO] Installing /data/ubuntu14/opennmszh/features/reporting/dao/pom.xml to /root/.m2/repository/org/opennms/features/reporting/org.opennms.features.reporting.dao/1.12.9/org.opennms.features.reporting.dao-1.12.9.pom
[INFO] Installing /data/ubuntu14/opennmszh/features/reporting/dao/target/org.opennms.features.reporting.dao-1.12.9-sources.jar to /root/.m2/repository/org/opennms/features/reporting/org.opennms.features.reporting.dao/1.12.9/org.opennms.features.reporting.dao-1.12.9-sources.jar
[INFO] 
[INFO] --- maven-bundle-plugin:2.3.7:install (default-install) @ org.opennms.features.reporting.dao ---
[INFO] Local OBR update disabled (enable with -DobrRepository)
[INFO]                                                                         
[INFO] ------------------------------------------------------------------------
[INFO] Building OpenNMS SDO for Remote Repository Reports 1.12.9
[INFO] ------------------------------------------------------------------------
[INFO] 
[INFO] --- maven-resources-plugin:2.5:resources (default-resources) @ org.opennms.features.reporting.sdo ---
[debug] execute contextualize
[INFO] Using 'UTF-8' encoding to copy filtered resources.
[INFO] skip non existing resourceDirectory /data/ubuntu14/opennmszh/features/reporting/sdo/src/main/resources
[INFO] 
[INFO] --- maven-compiler-plugin:3.1:compile (default-compile) @ org.opennms.features.reporting.sdo ---
[INFO] Nothing to compile - all classes are up to date
[INFO] 
[INFO] --- maven-resources-plugin:2.5:testResources (default-testResources) @ org.opennms.features.reporting.sdo ---
[debug] execute contextualize
[INFO] Using 'UTF-8' encoding to copy filtered resources.
[INFO] skip non existing resourceDirectory /data/ubuntu14/opennmszh/features/reporting/sdo/src/test/resources
[INFO] 
[INFO] --- maven-compiler-plugin:3.1:testCompile (default-testCompile) @ org.opennms.features.reporting.sdo ---
[INFO] No sources to compile
[INFO] 
[INFO] --- maven-surefire-plugin:2.9:test (default-test) @ org.opennms.features.reporting.sdo ---
[INFO] Tests are skipped.
[INFO] 
[INFO] --- maven-bundle-plugin:2.3.7:bundle (default-bundle) @ org.opennms.features.reporting.sdo ---
[INFO] 
[INFO] >>> maven-source-plugin:2.2.1:jar (default) @ org.opennms.features.reporting.sdo >>>
[INFO] 
[INFO] <<< maven-source-plugin:2.2.1:jar (default) @ org.opennms.features.reporting.sdo <<<
[INFO] 
[INFO] --- maven-source-plugin:2.2.1:jar (default) @ org.opennms.features.reporting.sdo ---
[INFO] 
[INFO] --- maven-install-plugin:2.5.2:install (default-install) @ org.opennms.features.reporting.sdo ---
[INFO] Installing /data/ubuntu14/opennmszh/features/reporting/sdo/target/org.opennms.features.reporting.sdo-1.12.9.jar to /root/.m2/repository/org/opennms/features/reporting/org.opennms.features.reporting.sdo/1.12.9/org.opennms.features.reporting.sdo-1.12.9.jar
[INFO] Installing /data/ubuntu14/opennmszh/features/reporting/sdo/pom.xml to /root/.m2/repository/org/opennms/features/reporting/org.opennms.features.reporting.sdo/1.12.9/org.opennms.features.reporting.sdo-1.12.9.pom
[INFO] Installing /data/ubuntu14/opennmszh/features/reporting/sdo/target/org.opennms.features.reporting.sdo-1.12.9-sources.jar to /root/.m2/repository/org/opennms/features/reporting/org.opennms.features.reporting.sdo/1.12.9/org.opennms.features.reporting.sdo-1.12.9-sources.jar
[INFO] 
[INFO] --- maven-bundle-plugin:2.3.7:install (default-install) @ org.opennms.features.reporting.sdo ---
[INFO] Local OBR update disabled (enable with -DobrRepository)
[INFO]                                                                         
[INFO] ------------------------------------------------------------------------
[INFO] Building OpenNMS Repository for Reports 1.12.9
[INFO] ------------------------------------------------------------------------
[INFO] 
[INFO] --- maven-resources-plugin:2.5:resources (default-resources) @ org.opennms.features.reporting.repository ---
[debug] execute contextualize
[INFO] Using 'UTF-8' encoding to copy filtered resources.
[INFO] Copying 2 resources
[INFO] 
[INFO] --- maven-compiler-plugin:3.1:compile (default-compile) @ org.opennms.features.reporting.repository ---
[INFO] Nothing to compile - all classes are up to date
[INFO] 
[INFO] --- maven-resources-plugin:2.5:testResources (default-testResources) @ org.opennms.features.reporting.repository ---
[debug] execute contextualize
[INFO] Using 'UTF-8' encoding to copy filtered resources.
[INFO] Copying 6 resources
[INFO] 
[INFO] --- maven-compiler-plugin:3.1:testCompile (default-testCompile) @ org.opennms.features.reporting.repository ---
[INFO] Nothing to compile - all classes are up to date
[INFO] 
[INFO] --- maven-surefire-plugin:2.9:test (default-test) @ org.opennms.features.reporting.repository ---
[INFO] Tests are skipped.
[INFO] 
[INFO] --- maven-bundle-plugin:2.3.7:bundle (default-bundle) @ org.opennms.features.reporting.repository ---
[INFO] 
[INFO] >>> maven-source-plugin:2.2.1:jar (default) @ org.opennms.features.reporting.repository >>>
[INFO] 
[INFO] <<< maven-source-plugin:2.2.1:jar (default) @ org.opennms.features.reporting.repository <<<
[INFO] 
[INFO] --- maven-source-plugin:2.2.1:jar (default) @ org.opennms.features.reporting.repository ---
[INFO] 
[INFO] --- maven-install-plugin:2.5.2:install (default-install) @ org.opennms.features.reporting.repository ---
[INFO] Installing /data/ubuntu14/opennmszh/features/reporting/repository/target/org.opennms.features.reporting.repository-1.12.9.jar to /root/.m2/repository/org/opennms/features/reporting/org.opennms.features.reporting.repository/1.12.9/org.opennms.features.reporting.repository-1.12.9.jar
[INFO] Installing /data/ubuntu14/opennmszh/features/reporting/repository/pom.xml to /root/.m2/repository/org/opennms/features/reporting/org.opennms.features.reporting.repository/1.12.9/org.opennms.features.reporting.repository-1.12.9.pom
[INFO] Installing /data/ubuntu14/opennmszh/features/reporting/repository/target/org.opennms.features.reporting.repository-1.12.9-sources.jar to /root/.m2/repository/org/opennms/features/reporting/org.opennms.features.reporting.repository/1.12.9/org.opennms.features.reporting.repository-1.12.9-sources.jar
[INFO] 
[INFO] --- maven-bundle-plugin:2.3.7:install (default-install) @ org.opennms.features.reporting.repository ---
[INFO] Local OBR update disabled (enable with -DobrRepository)
[INFO]                                                                         
[INFO] ------------------------------------------------------------------------
[INFO] Building OpenNMS Reporting Core 1.12.9
[INFO] ------------------------------------------------------------------------
[WARNING] Failure to transfer net.homeip.yusuke:twitter4j/maven-metadata.xml from http://maven.opennms.org/content/groups/twitter4j.org-release was cached in the local repository, resolution will not be reattempted until the update interval of twitter4j.org has elapsed or updates are forced. Original error: Could not transfer metadata net.homeip.yusuke:twitter4j/maven-metadata.xml from/to twitter4j.org (http://maven.opennms.org/content/groups/twitter4j.org-release): Connection reset
[INFO] 
[INFO] --- maven-resources-plugin:2.5:resources (default-resources) @ org.opennms.features.reporting.core ---
[debug] execute contextualize
[INFO] Using 'UTF-8' encoding to copy filtered resources.
[INFO] Copying 2 resources
[INFO] 
[INFO] --- maven-compiler-plugin:3.1:compile (default-compile) @ org.opennms.features.reporting.core ---
[INFO] Nothing to compile - all classes are up to date
[INFO] 
[INFO] --- maven-resources-plugin:2.5:testResources (default-testResources) @ org.opennms.features.reporting.core ---
[debug] execute contextualize
[INFO] Using 'UTF-8' encoding to copy filtered resources.
[INFO] Copying 4 resources
[INFO] 
[INFO] --- maven-compiler-plugin:3.1:testCompile (default-testCompile) @ org.opennms.features.reporting.core ---
[INFO] Nothing to compile - all classes are up to date
[INFO] 
[INFO] --- maven-surefire-plugin:2.9:test (default-test) @ org.opennms.features.reporting.core ---
[INFO] Tests are skipped.
[INFO] 
[INFO] --- maven-bundle-plugin:2.3.7:bundle (default-bundle) @ org.opennms.features.reporting.core ---
[INFO] 
[INFO] --- maven-jar-plugin:2.3.1:test-jar (default) @ org.opennms.features.reporting.core ---
[INFO] 
[INFO] >>> maven-source-plugin:2.2.1:jar (default) @ org.opennms.features.reporting.core >>>
[INFO] 
[INFO] <<< maven-source-plugin:2.2.1:jar (default) @ org.opennms.features.reporting.core <<<
[INFO] 
[INFO] --- maven-source-plugin:2.2.1:jar (default) @ org.opennms.features.reporting.core ---
[INFO] 
[INFO] --- maven-install-plugin:2.5.2:install (default-install) @ org.opennms.features.reporting.core ---
[INFO] Installing /data/ubuntu14/opennmszh/features/reporting/core/target/org.opennms.features.reporting.core-1.12.9.jar to /root/.m2/repository/org/opennms/features/reporting/org.opennms.features.reporting.core/1.12.9/org.opennms.features.reporting.core-1.12.9.jar
[INFO] Installing /data/ubuntu14/opennmszh/features/reporting/core/pom.xml to /root/.m2/repository/org/opennms/features/reporting/org.opennms.features.reporting.core/1.12.9/org.opennms.features.reporting.core-1.12.9.pom
[INFO] Installing /data/ubuntu14/opennmszh/features/reporting/core/target/org.opennms.features.reporting.core-1.12.9-tests.jar to /root/.m2/repository/org/opennms/features/reporting/org.opennms.features.reporting.core/1.12.9/org.opennms.features.reporting.core-1.12.9-tests.jar
[INFO] Installing /data/ubuntu14/opennmszh/features/reporting/core/target/org.opennms.features.reporting.core-1.12.9-sources.jar to /root/.m2/repository/org/opennms/features/reporting/org.opennms.features.reporting.core/1.12.9/org.opennms.features.reporting.core-1.12.9-sources.jar
[INFO] 
[INFO] --- maven-bundle-plugin:2.3.7:install (default-install) @ org.opennms.features.reporting.core ---
[INFO] Local OBR update disabled (enable with -DobrRepository)
[INFO]                                                                         
[INFO] ------------------------------------------------------------------------
[INFO] Building OpenNMS Availability Reports 1.12.9
[INFO] ------------------------------------------------------------------------
[WARNING] Failure to transfer net.homeip.yusuke:twitter4j/maven-metadata.xml from http://maven.opennms.org/content/groups/twitter4j.org-release was cached in the local repository, resolution will not be reattempted until the update interval of twitter4j.org has elapsed or updates are forced. Original error: Could not transfer metadata net.homeip.yusuke:twitter4j/maven-metadata.xml from/to twitter4j.org (http://maven.opennms.org/content/groups/twitter4j.org-release): Connection reset
[INFO] 
[INFO] --- castor-maven-plugin:1.0:generate (default) @ org.opennms.features.reporting.availability ---
[INFO] Nothing to process - all xsds are up to date
[INFO] 
[INFO] --- build-helper-maven-plugin:1.7:add-source (add-source) @ org.opennms.features.reporting.availability ---
[INFO] Source directory: /data/ubuntu14/opennmszh/features/reporting/availability/target/generated-sources/castor added.
[INFO] 
[INFO] --- maven-resources-plugin:2.5:resources (default-resources) @ org.opennms.features.reporting.availability ---
[debug] execute contextualize
[INFO] Using 'UTF-8' encoding to copy filtered resources.
[INFO] Copying 2 resources
[INFO] 
[INFO] --- maven-compiler-plugin:3.1:compile (default-compile) @ org.opennms.features.reporting.availability ---
[INFO] Nothing to compile - all classes are up to date
[INFO] 
[INFO] --- maven-resources-plugin:2.5:testResources (default-testResources) @ org.opennms.features.reporting.availability ---
[debug] execute contextualize
[INFO] Using 'UTF-8' encoding to copy filtered resources.
[INFO] Copying 6 resources
[INFO] 
[INFO] --- maven-compiler-plugin:3.1:testCompile (default-testCompile) @ org.opennms.features.reporting.availability ---
[INFO] Nothing to compile - all classes are up to date
[INFO] 
[INFO] --- maven-surefire-plugin:2.9:test (default-test) @ org.opennms.features.reporting.availability ---
[INFO] Tests are skipped.
[INFO] 
[INFO] --- maven-bundle-plugin:2.3.7:bundle (default-bundle) @ org.opennms.features.reporting.availability ---
[INFO] 
[INFO] --- maven-jar-plugin:2.3.1:test-jar (default) @ org.opennms.features.reporting.availability ---
[INFO] 
[INFO] >>> maven-source-plugin:2.2.1:jar (default) @ org.opennms.features.reporting.availability >>>
[INFO] 
[INFO] --- castor-maven-plugin:1.0:generate (default) @ org.opennms.features.reporting.availability ---
[INFO] Nothing to process - all xsds are up to date
[INFO] 
[INFO] --- build-helper-maven-plugin:1.7:add-source (add-source) @ org.opennms.features.reporting.availability ---
[INFO] Source directory: /data/ubuntu14/opennmszh/features/reporting/availability/target/generated-sources/castor added.
[INFO] 
[INFO] <<< maven-source-plugin:2.2.1:jar (default) @ org.opennms.features.reporting.availability <<<
[INFO] 
[INFO] --- maven-source-plugin:2.2.1:jar (default) @ org.opennms.features.reporting.availability ---
[INFO] 
[INFO] --- maven-assembly-plugin:2.4:single (default) @ org.opennms.features.reporting.availability ---
[INFO] Reading assembly descriptor: src/assembly/xsds.xml
[INFO] Building jar: /data/ubuntu14/opennmszh/features/reporting/availability/target/org.opennms.features.reporting.availability-1.12.9-xsds.jar
[INFO] 
[INFO] --- maven-install-plugin:2.5.2:install (default-install) @ org.opennms.features.reporting.availability ---
[INFO] Installing /data/ubuntu14/opennmszh/features/reporting/availability/target/org.opennms.features.reporting.availability-1.12.9.jar to /root/.m2/repository/org/opennms/features/reporting/org.opennms.features.reporting.availability/1.12.9/org.opennms.features.reporting.availability-1.12.9.jar
[INFO] Installing /data/ubuntu14/opennmszh/features/reporting/availability/pom.xml to /root/.m2/repository/org/opennms/features/reporting/org.opennms.features.reporting.availability/1.12.9/org.opennms.features.reporting.availability-1.12.9.pom
[INFO] Installing /data/ubuntu14/opennmszh/features/reporting/availability/target/org.opennms.features.reporting.availability-1.12.9-tests.jar to /root/.m2/repository/org/opennms/features/reporting/org.opennms.features.reporting.availability/1.12.9/org.opennms.features.reporting.availability-1.12.9-tests.jar
[INFO] Installing /data/ubuntu14/opennmszh/features/reporting/availability/target/org.opennms.features.reporting.availability-1.12.9-sources.jar to /root/.m2/repository/org/opennms/features/reporting/org.opennms.features.reporting.availability/1.12.9/org.opennms.features.reporting.availability-1.12.9-sources.jar
[INFO] Installing /data/ubuntu14/opennmszh/features/reporting/availability/target/org.opennms.features.reporting.availability-1.12.9-xsds.jar to /root/.m2/repository/org/opennms/features/reporting/org.opennms.features.reporting.availability/1.12.9/org.opennms.features.reporting.availability-1.12.9-xsds.jar
[INFO] 
[INFO] --- maven-bundle-plugin:2.3.7:install (default-install) @ org.opennms.features.reporting.availability ---
[INFO] Local OBR update disabled (enable with -DobrRepository)
[INFO]                                                                         
[INFO] ------------------------------------------------------------------------
[INFO] Building OpenNMS Reporting 1.12.9
[INFO] ------------------------------------------------------------------------
[WARNING] Failure to transfer net.homeip.yusuke:twitter4j/maven-metadata.xml from http://maven.opennms.org/content/groups/twitter4j.org-release was cached in the local repository, resolution will not be reattempted until the update interval of twitter4j.org has elapsed or updates are forced. Original error: Could not transfer metadata net.homeip.yusuke:twitter4j/maven-metadata.xml from/to twitter4j.org (http://maven.opennms.org/content/groups/twitter4j.org-release): Connection reset
[INFO] 
[INFO] --- castor-maven-plugin:1.0:generate (default) @ opennms-reporting ---
[INFO] Nothing to process - all xsds are up to date
[INFO] 
[INFO] --- build-helper-maven-plugin:1.7:add-source (add-source) @ opennms-reporting ---
[INFO] Source directory: /data/ubuntu14/opennmszh/opennms-reporting/target/generated-sources/castor added.
[INFO] 
[INFO] --- maven-resources-plugin:2.5:resources (default-resources) @ opennms-reporting ---
[debug] execute contextualize
[INFO] Using 'UTF-8' encoding to copy filtered resources.
[INFO] Copying 3 resources
[INFO] 
[INFO] --- maven-compiler-plugin:3.1:compile (default-compile) @ opennms-reporting ---
[INFO] Nothing to compile - all classes are up to date
[INFO] 
[INFO] --- maven-resources-plugin:2.5:testResources (default-testResources) @ opennms-reporting ---
[debug] execute contextualize
[INFO] Using 'UTF-8' encoding to copy filtered resources.
[INFO] Copying 1 resource
[INFO] 
[INFO] --- maven-compiler-plugin:3.1:testCompile (default-testCompile) @ opennms-reporting ---
[INFO] No sources to compile
[INFO] 
[INFO] --- maven-surefire-plugin:2.9:test (default-test) @ opennms-reporting ---
[INFO] Tests are skipped.
[INFO] 
[INFO] --- maven-jar-plugin:2.3.1:jar (default-jar) @ opennms-reporting ---
[INFO] 
[INFO] >>> maven-source-plugin:2.2.1:jar (default) @ opennms-reporting >>>
[INFO] 
[INFO] --- castor-maven-plugin:1.0:generate (default) @ opennms-reporting ---
[INFO] Nothing to process - all xsds are up to date
[INFO] 
[INFO] --- build-helper-maven-plugin:1.7:add-source (add-source) @ opennms-reporting ---
[INFO] Source directory: /data/ubuntu14/opennmszh/opennms-reporting/target/generated-sources/castor added.
[INFO] 
[INFO] <<< maven-source-plugin:2.2.1:jar (default) @ opennms-reporting <<<
[INFO] 
[INFO] --- maven-source-plugin:2.2.1:jar (default) @ opennms-reporting ---
[INFO] 
[INFO] --- maven-assembly-plugin:2.4:single (default) @ opennms-reporting ---
[INFO] Reading assembly descriptor: src/assembly/xsds.xml
[INFO] Building jar: /data/ubuntu14/opennmszh/opennms-reporting/target/opennms-reporting-1.12.9-xsds.jar
[INFO] 
[INFO] --- maven-install-plugin:2.3.1:install (default-install) @ opennms-reporting ---
[INFO] Installing /data/ubuntu14/opennmszh/opennms-reporting/target/opennms-reporting-1.12.9.jar to /root/.m2/repository/org/opennms/opennms-reporting/1.12.9/opennms-reporting-1.12.9.jar
[INFO] Installing /data/ubuntu14/opennmszh/opennms-reporting/pom.xml to /root/.m2/repository/org/opennms/opennms-reporting/1.12.9/opennms-reporting-1.12.9.pom
[INFO] Installing /data/ubuntu14/opennmszh/opennms-reporting/target/opennms-reporting-1.12.9-sources.jar to /root/.m2/repository/org/opennms/opennms-reporting/1.12.9/opennms-reporting-1.12.9-sources.jar
[INFO] Installing /data/ubuntu14/opennmszh/opennms-reporting/target/opennms-reporting-1.12.9-xsds.jar to /root/.m2/repository/org/opennms/opennms-reporting/1.12.9/opennms-reporting-1.12.9-xsds.jar
[INFO]                                                                         
[INFO] ------------------------------------------------------------------------
[INFO] Building OpenNMS ICMP Pinger - JNI implementation 1.12.9
[INFO] ------------------------------------------------------------------------
[INFO] 
[INFO] --- maven-resources-plugin:2.5:resources (default-resources) @ opennms-icmp-jni ---
[debug] execute contextualize
[INFO] Using 'UTF-8' encoding to copy filtered resources.
[INFO] skip non existing resourceDirectory /data/ubuntu14/opennmszh/opennms-icmp/opennms-icmp-jni/src/main/resources
[INFO] 
[INFO] --- maven-compiler-plugin:3.1:compile (default-compile) @ opennms-icmp-jni ---
[INFO] Nothing to compile - all classes are up to date
[INFO] 
[INFO] --- maven-resources-plugin:2.5:testResources (default-testResources) @ opennms-icmp-jni ---
[debug] execute contextualize
[INFO] Using 'UTF-8' encoding to copy filtered resources.
[INFO] Copying 1 resource
[INFO] 
[INFO] --- maven-compiler-plugin:3.1:testCompile (default-testCompile) @ opennms-icmp-jni ---
[INFO] Nothing to compile - all classes are up to date
[INFO] 
[INFO] --- maven-surefire-plugin:2.9:test (default-test) @ opennms-icmp-jni ---
[INFO] Tests are skipped.
[INFO] 
[INFO] --- maven-bundle-plugin:2.3.7:bundle (default-bundle) @ opennms-icmp-jni ---
[INFO] 
[INFO] >>> maven-source-plugin:2.2.1:jar (default) @ opennms-icmp-jni >>>
[INFO] 
[INFO] <<< maven-source-plugin:2.2.1:jar (default) @ opennms-icmp-jni <<<
[INFO] 
[INFO] --- maven-source-plugin:2.2.1:jar (default) @ opennms-icmp-jni ---
[INFO] 
[INFO] --- maven-install-plugin:2.5.2:install (default-install) @ opennms-icmp-jni ---
[INFO] Installing /data/ubuntu14/opennmszh/opennms-icmp/opennms-icmp-jni/target/opennms-icmp-jni-1.12.9.jar to /root/.m2/repository/org/opennms/opennms-icmp-jni/1.12.9/opennms-icmp-jni-1.12.9.jar
[INFO] Installing /data/ubuntu14/opennmszh/opennms-icmp/opennms-icmp-jni/pom.xml to /root/.m2/repository/org/opennms/opennms-icmp-jni/1.12.9/opennms-icmp-jni-1.12.9.pom
[INFO] Installing /data/ubuntu14/opennmszh/opennms-icmp/opennms-icmp-jni/target/opennms-icmp-jni-1.12.9-sources.jar to /root/.m2/repository/org/opennms/opennms-icmp-jni/1.12.9/opennms-icmp-jni-1.12.9-sources.jar
[INFO] 
[INFO] --- maven-bundle-plugin:2.3.7:install (default-install) @ opennms-icmp-jni ---
[INFO] Local OBR update disabled (enable with -DobrRepository)
[INFO]                                                                         
[INFO] ------------------------------------------------------------------------
[INFO] Building OpenNMS Mock SimpleServer 1.12.9
[INFO] ------------------------------------------------------------------------
[INFO] 
[INFO] --- maven-resources-plugin:2.5:resources (default-resources) @ opennms-mock-simpleserver ---
[debug] execute contextualize
[INFO] Using 'UTF-8' encoding to copy filtered resources.
[INFO] Copying 1 resource
[INFO] 
[INFO] --- maven-compiler-plugin:3.1:compile (default-compile) @ opennms-mock-simpleserver ---
[INFO] Nothing to compile - all classes are up to date
[INFO] 
[INFO] --- maven-resources-plugin:2.5:testResources (default-testResources) @ opennms-mock-simpleserver ---
[debug] execute contextualize
[INFO] Using 'UTF-8' encoding to copy filtered resources.
[INFO] skip non existing resourceDirectory /data/ubuntu14/opennmszh/opennms-provision/opennms-mock-simpleserver/src/test/resources
[INFO] 
[INFO] --- maven-compiler-plugin:3.1:testCompile (default-testCompile) @ opennms-mock-simpleserver ---
[INFO] Nothing to compile - all classes are up to date
[INFO] 
[INFO] --- maven-surefire-plugin:2.9:test (default-test) @ opennms-mock-simpleserver ---
[INFO] Tests are skipped.
[INFO] 
[INFO] --- maven-bundle-plugin:2.3.7:bundle (default-bundle) @ opennms-mock-simpleserver ---
[INFO] 
[INFO] >>> maven-source-plugin:2.2.1:jar (default) @ opennms-mock-simpleserver >>>
[INFO] 
[INFO] <<< maven-source-plugin:2.2.1:jar (default) @ opennms-mock-simpleserver <<<
[INFO] 
[INFO] --- maven-source-plugin:2.2.1:jar (default) @ opennms-mock-simpleserver ---
[INFO] 
[INFO] --- maven-install-plugin:2.5.2:install (default-install) @ opennms-mock-simpleserver ---
[INFO] Installing /data/ubuntu14/opennmszh/opennms-provision/opennms-mock-simpleserver/target/opennms-mock-simpleserver-1.12.9.jar to /root/.m2/repository/org/opennms/opennms-mock-simpleserver/1.12.9/opennms-mock-simpleserver-1.12.9.jar
[INFO] Installing /data/ubuntu14/opennmszh/opennms-provision/opennms-mock-simpleserver/pom.xml to /root/.m2/repository/org/opennms/opennms-mock-simpleserver/1.12.9/opennms-mock-simpleserver-1.12.9.pom
[INFO] Installing /data/ubuntu14/opennmszh/opennms-provision/opennms-mock-simpleserver/target/opennms-mock-simpleserver-1.12.9-sources.jar to /root/.m2/repository/org/opennms/opennms-mock-simpleserver/1.12.9/opennms-mock-simpleserver-1.12.9-sources.jar
[INFO] 
[INFO] --- maven-bundle-plugin:2.3.7:install (default-install) @ opennms-mock-simpleserver ---
[INFO] Local OBR update disabled (enable with -DobrRepository)
[INFO]                                                                         
[INFO] ------------------------------------------------------------------------
[INFO] Building OpenNMS LineOriented Detectors 1.12.9
[INFO] ------------------------------------------------------------------------
[INFO] 
[INFO] --- maven-resources-plugin:2.5:resources (default-resources) @ opennms-detector-lineoriented ---
[debug] execute contextualize
[INFO] Using 'UTF-8' encoding to copy filtered resources.
[INFO] Copying 2 resources
[INFO] 
[INFO] --- maven-compiler-plugin:3.1:compile (default-compile) @ opennms-detector-lineoriented ---
[INFO] Nothing to compile - all classes are up to date
[INFO] 
[INFO] --- maven-resources-plugin:2.5:testResources (default-testResources) @ opennms-detector-lineoriented ---
[debug] execute contextualize
[INFO] Using 'UTF-8' encoding to copy filtered resources.
[INFO] skip non existing resourceDirectory /data/ubuntu14/opennmszh/opennms-provision/opennms-detector-lineoriented/src/test/resources
[INFO] 
[INFO] --- maven-compiler-plugin:3.1:testCompile (default-testCompile) @ opennms-detector-lineoriented ---
[INFO] Nothing to compile - all classes are up to date
[INFO] 
[INFO] --- maven-surefire-plugin:2.9:test (default-test) @ opennms-detector-lineoriented ---
[INFO] Tests are skipped.
[INFO] 
[INFO] --- maven-bundle-plugin:2.3.7:bundle (default-bundle) @ opennms-detector-lineoriented ---
[INFO] 
[INFO] >>> maven-source-plugin:2.2.1:jar (default) @ opennms-detector-lineoriented >>>
[INFO] 
[INFO] <<< maven-source-plugin:2.2.1:jar (default) @ opennms-detector-lineoriented <<<
[INFO] 
[INFO] --- maven-source-plugin:2.2.1:jar (default) @ opennms-detector-lineoriented ---
[INFO] 
[INFO] --- maven-install-plugin:2.5.2:install (default-install) @ opennms-detector-lineoriented ---
[INFO] Installing /data/ubuntu14/opennmszh/opennms-provision/opennms-detector-lineoriented/target/opennms-detector-lineoriented-1.12.9.jar to /root/.m2/repository/org/opennms/opennms-detector-lineoriented/1.12.9/opennms-detector-lineoriented-1.12.9.jar
[INFO] Installing /data/ubuntu14/opennmszh/opennms-provision/opennms-detector-lineoriented/pom.xml to /root/.m2/repository/org/opennms/opennms-detector-lineoriented/1.12.9/opennms-detector-lineoriented-1.12.9.pom
[INFO] Installing /data/ubuntu14/opennmszh/opennms-provision/opennms-detector-lineoriented/target/opennms-detector-lineoriented-1.12.9-sources.jar to /root/.m2/repository/org/opennms/opennms-detector-lineoriented/1.12.9/opennms-detector-lineoriented-1.12.9-sources.jar
[INFO] 
[INFO] --- maven-bundle-plugin:2.3.7:install (default-install) @ opennms-detector-lineoriented ---
[INFO] Local OBR update disabled (enable with -DobrRepository)
[INFO]                                                                         
[INFO] ------------------------------------------------------------------------
[INFO] Building OpenNMS Simple Detectors 1.12.9
[INFO] ------------------------------------------------------------------------
[WARNING] Failure to transfer net.homeip.yusuke:twitter4j/maven-metadata.xml from http://maven.opennms.org/content/groups/twitter4j.org-release was cached in the local repository, resolution will not be reattempted until the update interval of twitter4j.org has elapsed or updates are forced. Original error: Could not transfer metadata net.homeip.yusuke:twitter4j/maven-metadata.xml from/to twitter4j.org (http://maven.opennms.org/content/groups/twitter4j.org-release): Connection reset
[INFO] 
[INFO] --- maven-resources-plugin:2.5:resources (default-resources) @ opennms-detector-simple ---
[debug] execute contextualize
[INFO] Using 'UTF-8' encoding to copy filtered resources.
[INFO] Copying 2 resources
[INFO] 
[INFO] --- maven-compiler-plugin:3.1:compile (default-compile) @ opennms-detector-simple ---
[INFO] Nothing to compile - all classes are up to date
[INFO] 
[INFO] --- maven-resources-plugin:2.5:testResources (default-testResources) @ opennms-detector-simple ---
[debug] execute contextualize
[INFO] Using 'UTF-8' encoding to copy filtered resources.
[INFO] Copying 8 resources
[INFO] 
[INFO] --- maven-compiler-plugin:3.1:testCompile (default-testCompile) @ opennms-detector-simple ---
[INFO] Nothing to compile - all classes are up to date
[INFO] 
[INFO] --- maven-surefire-plugin:2.9:test (default-test) @ opennms-detector-simple ---
[INFO] Tests are skipped.
[INFO] 
[INFO] --- maven-bundle-plugin:2.3.7:bundle (default-bundle) @ opennms-detector-simple ---
[INFO] 
[INFO] >>> maven-source-plugin:2.2.1:jar (default) @ opennms-detector-simple >>>
[INFO] 
[INFO] <<< maven-source-plugin:2.2.1:jar (default) @ opennms-detector-simple <<<
[INFO] 
[INFO] --- maven-source-plugin:2.2.1:jar (default) @ opennms-detector-simple ---
[INFO] 
[INFO] --- maven-install-plugin:2.5.2:install (default-install) @ opennms-detector-simple ---
[INFO] Installing /data/ubuntu14/opennmszh/opennms-provision/opennms-detector-simple/target/opennms-detector-simple-1.12.9.jar to /root/.m2/repository/org/opennms/opennms-detector-simple/1.12.9/opennms-detector-simple-1.12.9.jar
[INFO] Installing /data/ubuntu14/opennmszh/opennms-provision/opennms-detector-simple/pom.xml to /root/.m2/repository/org/opennms/opennms-detector-simple/1.12.9/opennms-detector-simple-1.12.9.pom
[INFO] Installing /data/ubuntu14/opennmszh/opennms-provision/opennms-detector-simple/target/opennms-detector-simple-1.12.9-sources.jar to /root/.m2/repository/org/opennms/opennms-detector-simple/1.12.9/opennms-detector-simple-1.12.9-sources.jar
[INFO] 
[INFO] --- maven-bundle-plugin:2.3.7:install (default-install) @ opennms-detector-simple ---
[INFO] Local OBR update disabled (enable with -DobrRepository)
[INFO]                                                                         
[INFO] ------------------------------------------------------------------------
[INFO] Building OpenNMS Provision Daemon 1.12.9
[INFO] ------------------------------------------------------------------------
[WARNING] Failure to transfer net.homeip.yusuke:twitter4j/maven-metadata.xml from http://maven.opennms.org/content/groups/twitter4j.org-release was cached in the local repository, resolution will not be reattempted until the update interval of twitter4j.org has elapsed or updates are forced. Original error: Could not transfer metadata net.homeip.yusuke:twitter4j/maven-metadata.xml from/to twitter4j.org (http://maven.opennms.org/content/groups/twitter4j.org-release): Connection reset
[INFO] 
[INFO] --- maven-resources-plugin:2.5:resources (default-resources) @ opennms-provisiond ---
[debug] execute contextualize
[INFO] Using 'UTF-8' encoding to copy filtered resources.
[INFO] Copying 3 resources
[INFO] 
[INFO] --- maven-compiler-plugin:3.1:compile (default-compile) @ opennms-provisiond ---
[INFO] Nothing to compile - all classes are up to date
[INFO] 
[INFO] --- maven-resources-plugin:2.5:testResources (default-testResources) @ opennms-provisiond ---
[debug] execute contextualize
[INFO] Using 'UTF-8' encoding to copy filtered resources.
[INFO] Copying 56 resources
[INFO] 
[INFO] --- maven-compiler-plugin:3.1:testCompile (default-testCompile) @ opennms-provisiond ---
[INFO] Nothing to compile - all classes are up to date
[INFO] 
[INFO] --- maven-surefire-plugin:2.9:test (default-test) @ opennms-provisiond ---
[INFO] Tests are skipped.
[INFO] 
[INFO] --- maven-bundle-plugin:2.3.7:bundle (default-bundle) @ opennms-provisiond ---
[INFO] 
[INFO] >>> maven-source-plugin:2.2.1:jar (default) @ opennms-provisiond >>>
[INFO] 
[INFO] <<< maven-source-plugin:2.2.1:jar (default) @ opennms-provisiond <<<
[INFO] 
[INFO] --- maven-source-plugin:2.2.1:jar (default) @ opennms-provisiond ---
[INFO] 
[INFO] --- maven-install-plugin:2.5.2:install (default-install) @ opennms-provisiond ---
[INFO] Installing /data/ubuntu14/opennmszh/opennms-provision/opennms-provisiond/target/opennms-provisiond-1.12.9.jar to /root/.m2/repository/org/opennms/opennms-provisiond/1.12.9/opennms-provisiond-1.12.9.jar
[INFO] Installing /data/ubuntu14/opennmszh/opennms-provision/opennms-provisiond/pom.xml to /root/.m2/repository/org/opennms/opennms-provisiond/1.12.9/opennms-provisiond-1.12.9.pom
[INFO] Installing /data/ubuntu14/opennmszh/opennms-provision/opennms-provisiond/target/opennms-provisiond-1.12.9-sources.jar to /root/.m2/repository/org/opennms/opennms-provisiond/1.12.9/opennms-provisiond-1.12.9-sources.jar
[INFO] 
[INFO] --- maven-bundle-plugin:2.3.7:install (default-install) @ opennms-provisiond ---
[INFO] Local OBR update disabled (enable with -DobrRepository)
[INFO]                                                                         
[INFO] ------------------------------------------------------------------------
[INFO] Building OpenNMS RRDTool RRD Implementation 1.12.9
[INFO] ------------------------------------------------------------------------
[INFO] 
[INFO] >>> maven-source-plugin:2.2.1:jar (default) @ opennms-rrd-rrdtool >>>
[INFO] 
[INFO] <<< maven-source-plugin:2.2.1:jar (default) @ opennms-rrd-rrdtool <<<
[INFO] 
[INFO] --- maven-source-plugin:2.2.1:jar (default) @ opennms-rrd-rrdtool ---
[INFO] 
[INFO] --- maven-install-plugin:2.3.1:install (default-install) @ opennms-rrd-rrdtool ---
[INFO] Installing /data/ubuntu14/opennmszh/opennms-rrd/opennms-rrd-rrdtool/pom.xml to /root/.m2/repository/org/opennms/opennms-rrd-rrdtool/1.12.9/opennms-rrd-rrdtool-1.12.9.pom
[INFO]                                                                         
[INFO] ------------------------------------------------------------------------
[INFO] Building OpenNMS RRDTool RRD Interface 1.12.9
[INFO] ------------------------------------------------------------------------
[INFO] 
[INFO] --- maven-resources-plugin:2.5:resources (default-resources) @ opennms-rrdtool-api ---
[debug] execute contextualize
[INFO] Using 'UTF-8' encoding to copy filtered resources.
[INFO] skip non existing resourceDirectory /data/ubuntu14/opennmszh/opennms-rrd/opennms-rrd-rrdtool/opennms-rrdtool-api/src/main/resources
[INFO] 
[INFO] --- maven-compiler-plugin:3.1:compile (default-compile) @ opennms-rrdtool-api ---
[INFO] Nothing to compile - all classes are up to date
[INFO] 
[INFO] --- maven-resources-plugin:2.5:testResources (default-testResources) @ opennms-rrdtool-api ---
[debug] execute contextualize
[INFO] Using 'UTF-8' encoding to copy filtered resources.
[INFO] skip non existing resourceDirectory /data/ubuntu14/opennmszh/opennms-rrd/opennms-rrd-rrdtool/opennms-rrdtool-api/src/test/resources
[INFO] 
[INFO] --- maven-compiler-plugin:3.1:testCompile (default-testCompile) @ opennms-rrdtool-api ---
[INFO] Nothing to compile - all classes are up to date
[INFO] 
[INFO] --- maven-surefire-plugin:2.9:test (default-test) @ opennms-rrdtool-api ---
[INFO] Tests are skipped.
[INFO] 
[INFO] --- maven-bundle-plugin:2.3.7:bundle (default-bundle) @ opennms-rrdtool-api ---
[WARNING] Bundle org.opennms:opennms-rrdtool-api:bundle:1.12.9 : Split package org/opennms/netmgt/rrd/rrdtool
Use directive -split-package:=(merge-first|merge-last|error|first) on Export/Private Package instruction to get rid of this warning
Package found in   [Jar:., Jar:jrrd-api]
Reference from     /root/.m2/repository/org/opennms/jrrd-api/1.0/jrrd-api-1.0.jar
Classpath          [Jar:., Jar:jrrd-api, Jar:opennms-rrd-api, Jar:opennms-util, Jar:org.opennms.core.lib, Jar:persistence-api, Jar:log4j, Jar:org.apache.servicemix.specs.jaxb-api-2.2, Jar:org.apache.servicemix.specs.stax-api-1.0, Jar:geronimo-activation_1.1_spec, Jar:stax-api, Jar:activation, Jar:org.apache.servicemix.bundles.jaxb-impl, Jar:dnsjava, Jar:commons-io, Jar:serializer, Jar:poi, Jar:commons-net, Jar:spring-instrument, Jar:spring-aop, Jar:aopalliance, Jar:spring-asm, Jar:spring-aspects, Jar:spring-test, Jar:spring-beans, Jar:spring-context, Jar:spring-expression, Jar:spring-context-support, Jar:spring-core, Jar:commons-logging, Jar:spring-oxm, Jar:spring-jdbc, Jar:spring-jms, Jar:spring-orm, Jar:spring-tx, Jar:aspectjrt, Jar:aspectjweaver, Jar:jsr250-api, Jar:c3p0, Jar:cglib-nodep, Jar:ejb3-persistence, Jar:hibernate-annotations, Jar:dom4j, Jar:hibernate-commons-annotations, Jar:hibernate-core, Jar:antlr, Jar:commons-collections, Jar:jta, Jar:hibernate-entitymanager, Jar:javassist, Jar:slf4j-api, Jar:slf4j-log4j12, Jar:xml-apis]
[INFO] 
[INFO] >>> maven-source-plugin:2.2.1:jar (default) @ opennms-rrdtool-api >>>
[INFO] 
[INFO] <<< maven-source-plugin:2.2.1:jar (default) @ opennms-rrdtool-api <<<
[INFO] 
[INFO] --- maven-source-plugin:2.2.1:jar (default) @ opennms-rrdtool-api ---
[INFO] 
[INFO] --- maven-install-plugin:2.5.2:install (default-install) @ opennms-rrdtool-api ---
[INFO] Installing /data/ubuntu14/opennmszh/opennms-rrd/opennms-rrd-rrdtool/opennms-rrdtool-api/target/opennms-rrdtool-api-1.12.9.jar to /root/.m2/repository/org/opennms/opennms-rrdtool-api/1.12.9/opennms-rrdtool-api-1.12.9.jar
[INFO] Installing /data/ubuntu14/opennmszh/opennms-rrd/opennms-rrd-rrdtool/opennms-rrdtool-api/pom.xml to /root/.m2/repository/org/opennms/opennms-rrdtool-api/1.12.9/opennms-rrdtool-api-1.12.9.pom
[INFO] Installing /data/ubuntu14/opennmszh/opennms-rrd/opennms-rrd-rrdtool/opennms-rrdtool-api/target/opennms-rrdtool-api-1.12.9-sources.jar to /root/.m2/repository/org/opennms/opennms-rrdtool-api/1.12.9/opennms-rrdtool-api-1.12.9-sources.jar
[INFO] 
[INFO] --- maven-bundle-plugin:2.3.7:install (default-install) @ opennms-rrdtool-api ---
[INFO] Local OBR update disabled (enable with -DobrRepository)
[INFO]                                                                         
[INFO] ------------------------------------------------------------------------
[INFO] Building OpenNMS Spring Framework Security 1.12.9
[INFO] ------------------------------------------------------------------------
[WARNING] Failure to transfer net.homeip.yusuke:twitter4j/maven-metadata.xml from http://maven.opennms.org/content/groups/twitter4j.org-release was cached in the local repository, resolution will not be reattempted until the update interval of twitter4j.org has elapsed or updates are forced. Original error: Could not transfer metadata net.homeip.yusuke:twitter4j/maven-metadata.xml from/to twitter4j.org (http://maven.opennms.org/content/groups/twitter4j.org-release): Connection reset
[INFO] 
[INFO] --- maven-resources-plugin:2.5:resources (default-resources) @ org.opennms.features.springframework-security ---
[debug] execute contextualize
[INFO] Using 'UTF-8' encoding to copy filtered resources.
[INFO] skip non existing resourceDirectory /data/ubuntu14/opennmszh/features/springframework-security/src/main/resources
[INFO] 
[INFO] --- maven-compiler-plugin:3.1:compile (default-compile) @ org.opennms.features.springframework-security ---
[INFO] Nothing to compile - all classes are up to date
[INFO] 
[INFO] --- maven-resources-plugin:2.5:testResources (default-testResources) @ org.opennms.features.springframework-security ---
[debug] execute contextualize
[INFO] Using 'UTF-8' encoding to copy filtered resources.
[INFO] Copying 5 resources
[INFO] 
[INFO] --- maven-compiler-plugin:3.1:testCompile (default-testCompile) @ org.opennms.features.springframework-security ---
[INFO] Nothing to compile - all classes are up to date
[INFO] 
[INFO] --- maven-surefire-plugin:2.9:test (default-test) @ org.opennms.features.springframework-security ---
[INFO] Tests are skipped.
[INFO] 
[INFO] --- maven-jar-plugin:2.3.1:jar (default-jar) @ org.opennms.features.springframework-security ---
[INFO] 
[INFO] >>> maven-source-plugin:2.2.1:jar (default) @ org.opennms.features.springframework-security >>>
[INFO] 
[INFO] <<< maven-source-plugin:2.2.1:jar (default) @ org.opennms.features.springframework-security <<<
[INFO] 
[INFO] --- maven-source-plugin:2.2.1:jar (default) @ org.opennms.features.springframework-security ---
[INFO] 
[INFO] --- maven-install-plugin:2.3.1:install (default-install) @ org.opennms.features.springframework-security ---
[INFO] Installing /data/ubuntu14/opennmszh/features/springframework-security/target/org.opennms.features.springframework-security-1.12.9.jar to /root/.m2/repository/org/opennms/features/org.opennms.features.springframework-security/1.12.9/org.opennms.features.springframework-security-1.12.9.jar
[INFO] Installing /data/ubuntu14/opennmszh/features/springframework-security/pom.xml to /root/.m2/repository/org/opennms/features/org.opennms.features.springframework-security/1.12.9/org.opennms.features.springframework-security-1.12.9.pom
[INFO] Installing /data/ubuntu14/opennmszh/features/springframework-security/target/org.opennms.features.springframework-security-1.12.9-sources.jar to /root/.m2/repository/org/opennms/features/org.opennms.features.springframework-security/1.12.9/org.opennms.features.springframework-security-1.12.9-sources.jar
[INFO]                                                                         
[INFO] ------------------------------------------------------------------------
[INFO] Building OpenNMS Web Dependencies 1.12.9
[INFO] ------------------------------------------------------------------------
[INFO] 
[INFO] >>> maven-source-plugin:2.2.1:jar (default) @ opennms-web-dependencies >>>
[INFO] 
[INFO] <<< maven-source-plugin:2.2.1:jar (default) @ opennms-web-dependencies <<<
[INFO] 
[INFO] --- maven-source-plugin:2.2.1:jar (default) @ opennms-web-dependencies ---
[INFO] 
[INFO] --- maven-install-plugin:2.3.1:install (default-install) @ opennms-web-dependencies ---
[INFO] Installing /data/ubuntu14/opennmszh/opennms-web-dependencies/pom.xml to /root/.m2/repository/org/opennms/opennms-web-dependencies/1.12.9/opennms-web-dependencies-1.12.9.pom
[INFO]                                                                         
[INFO] ------------------------------------------------------------------------
[INFO] Building OpenNMS GWT Theme 1.12.9
[INFO] ------------------------------------------------------------------------
[INFO] 
[INFO] --- maven-resources-plugin:2.5:resources (default-resources) @ org.opennms.features.opennms-gwt-theme ---
[debug] execute contextualize
[INFO] Using 'UTF-8' encoding to copy filtered resources.
[INFO] Copying 15 resources
[INFO] 
[INFO] --- gwt-maven-plugin:2.3.0:resources (default) @ org.opennms.features.opennms-gwt-theme ---
[INFO] auto discovered modules [org.opennms.features.gwt.theme.OpennmsTheme, org.opennms.features.gwt.theme.OpennmsThemeRTL]
[INFO] 1 source files from GWT module org.opennms.features.gwt.theme.OpennmsTheme
[INFO] 1 source files from GWT module org.opennms.features.gwt.theme.OpennmsThemeRTL
[INFO] 
[INFO] --- maven-compiler-plugin:3.1:compile (default-compile) @ org.opennms.features.opennms-gwt-theme ---
[INFO] Nothing to compile - all classes are up to date
[INFO] 
[INFO] --- maven-resources-plugin:2.5:testResources (default-testResources) @ org.opennms.features.opennms-gwt-theme ---
[debug] execute contextualize
[INFO] Using 'UTF-8' encoding to copy filtered resources.
[INFO] skip non existing resourceDirectory /data/ubuntu14/opennmszh/features/opennms-gwt-theme/src/test/resources
[INFO] 
[INFO] --- maven-compiler-plugin:3.1:testCompile (default-testCompile) @ org.opennms.features.opennms-gwt-theme ---
[INFO] No sources to compile
[INFO] 
[INFO] --- maven-surefire-plugin:2.9:test (default-test) @ org.opennms.features.opennms-gwt-theme ---
[INFO] Tests are skipped.
[INFO] 
[INFO] --- gwt-maven-plugin:2.3.0:test (test) @ org.opennms.features.opennms-gwt-theme ---
[INFO] 
[INFO] --- gwt-maven-plugin:2.3.0:compile (default) @ org.opennms.features.opennms-gwt-theme ---
[INFO] auto discovered modules [org.opennms.features.gwt.theme.OpennmsTheme, org.opennms.features.gwt.theme.OpennmsThemeRTL]
[INFO] 
[INFO] --- maven-jar-plugin:2.3.1:jar (default-jar) @ org.opennms.features.opennms-gwt-theme ---
[INFO] Building jar: /data/ubuntu14/opennmszh/features/opennms-gwt-theme/target/org.opennms.features.opennms-gwt-theme-1.12.9.jar
[INFO] 
[INFO] >>> maven-source-plugin:2.2.1:jar (default) @ org.opennms.features.opennms-gwt-theme >>>
[INFO] 
[INFO] <<< maven-source-plugin:2.2.1:jar (default) @ org.opennms.features.opennms-gwt-theme <<<
[INFO] 
[INFO] --- maven-source-plugin:2.2.1:jar (default) @ org.opennms.features.opennms-gwt-theme ---
[INFO] 
[INFO] --- maven-install-plugin:2.3.1:install (default-install) @ org.opennms.features.opennms-gwt-theme ---
[INFO] Installing /data/ubuntu14/opennmszh/features/opennms-gwt-theme/target/org.opennms.features.opennms-gwt-theme-1.12.9.jar to /root/.m2/repository/org/opennms/features/org.opennms.features.opennms-gwt-theme/1.12.9/org.opennms.features.opennms-gwt-theme-1.12.9.jar
[INFO] Installing /data/ubuntu14/opennmszh/features/opennms-gwt-theme/pom.xml to /root/.m2/repository/org/opennms/features/org.opennms.features.opennms-gwt-theme/1.12.9/org.opennms.features.opennms-gwt-theme-1.12.9.pom
[INFO] Installing /data/ubuntu14/opennmszh/features/opennms-gwt-theme/target/org.opennms.features.opennms-gwt-theme-1.12.9-sources.jar to /root/.m2/repository/org/opennms/features/org.opennms.features.opennms-gwt-theme/1.12.9/org.opennms.features.opennms-gwt-theme-1.12.9-sources.jar
[INFO]                                                                         
[INFO] ------------------------------------------------------------------------
[INFO] Building OpenNMS KSC GWT Graph Add 1.12.9
[INFO] ------------------------------------------------------------------------
[INFO] 
[INFO] --- maven-resources-plugin:2.5:resources (default-resources) @ org.opennms.features.gwt-ksc-add ---
[debug] execute contextualize
[INFO] Using 'UTF-8' encoding to copy filtered resources.
[INFO] Copying 13 resources
[INFO] 
[INFO] --- maven-compiler-plugin:3.1:compile (default-compile) @ org.opennms.features.gwt-ksc-add ---
[INFO] Nothing to compile - all classes are up to date
[INFO] 
[INFO] --- maven-resources-plugin:2.5:testResources (default-testResources) @ org.opennms.features.gwt-ksc-add ---
[debug] execute contextualize
[INFO] Using 'UTF-8' encoding to copy filtered resources.
[INFO] skip non existing resourceDirectory /data/ubuntu14/opennmszh/features/gwt-ksc-add/src/test/resources
[INFO] 
[INFO] --- maven-compiler-plugin:3.1:testCompile (default-testCompile) @ org.opennms.features.gwt-ksc-add ---
[INFO] No sources to compile
[INFO] 
[INFO] --- maven-surefire-plugin:2.9:test (default-test) @ org.opennms.features.gwt-ksc-add ---
[INFO] Tests are skipped.
[INFO] 
[INFO] --- maven-jar-plugin:2.3.1:jar (default-jar) @ org.opennms.features.gwt-ksc-add ---
[INFO] 
[INFO] >>> maven-source-plugin:2.2.1:jar (default) @ org.opennms.features.gwt-ksc-add >>>
[INFO] 
[INFO] <<< maven-source-plugin:2.2.1:jar (default) @ org.opennms.features.gwt-ksc-add <<<
[INFO] 
[INFO] --- maven-source-plugin:2.2.1:jar (default) @ org.opennms.features.gwt-ksc-add ---
[INFO] 
[INFO] --- maven-install-plugin:2.3.1:install (default-install) @ org.opennms.features.gwt-ksc-add ---
[INFO] Installing /data/ubuntu14/opennmszh/features/gwt-ksc-add/target/org.opennms.features.gwt-ksc-add-1.12.9.jar to /root/.m2/repository/org/opennms/features/org.opennms.features.gwt-ksc-add/1.12.9/org.opennms.features.gwt-ksc-add-1.12.9.jar
[INFO] Installing /data/ubuntu14/opennmszh/features/gwt-ksc-add/pom.xml to /root/.m2/repository/org/opennms/features/org.opennms.features.gwt-ksc-add/1.12.9/org.opennms.features.gwt-ksc-add-1.12.9.pom
[INFO] Installing /data/ubuntu14/opennmszh/features/gwt-ksc-add/target/org.opennms.features.gwt-ksc-add-1.12.9-sources.jar to /root/.m2/repository/org/opennms/features/org.opennms.features.gwt-ksc-add/1.12.9/org.opennms.features.gwt-ksc-add-1.12.9-sources.jar
[INFO]                                                                         
[INFO] ------------------------------------------------------------------------
[INFO] Building OpenNMS KSC GWT combobox 1.12.9
[INFO] ------------------------------------------------------------------------
[INFO] 
[INFO] --- maven-resources-plugin:2.5:resources (default-resources) @ org.opennms.features.gwt-ksc-combobox ---
[debug] execute contextualize
[INFO] Using 'UTF-8' encoding to copy filtered resources.
[INFO] Copying 9 resources
[INFO] 
[INFO] --- maven-compiler-plugin:3.1:compile (default-compile) @ org.opennms.features.gwt-ksc-combobox ---
[INFO] Nothing to compile - all classes are up to date
[INFO] 
[INFO] --- maven-resources-plugin:2.5:testResources (default-testResources) @ org.opennms.features.gwt-ksc-combobox ---
[debug] execute contextualize
[INFO] Using 'UTF-8' encoding to copy filtered resources.
[INFO] skip non existing resourceDirectory /data/ubuntu14/opennmszh/features/gwt-ksc-combobox/src/test/resources
[INFO] 
[INFO] --- maven-compiler-plugin:3.1:testCompile (default-testCompile) @ org.opennms.features.gwt-ksc-combobox ---
[INFO] No sources to compile
[INFO] 
[INFO] --- maven-surefire-plugin:2.9:test (default-test) @ org.opennms.features.gwt-ksc-combobox ---
[INFO] Tests are skipped.
[INFO] 
[INFO] --- maven-jar-plugin:2.3.1:jar (default-jar) @ org.opennms.features.gwt-ksc-combobox ---
[INFO] 
[INFO] >>> maven-source-plugin:2.2.1:jar (default) @ org.opennms.features.gwt-ksc-combobox >>>
[INFO] 
[INFO] <<< maven-source-plugin:2.2.1:jar (default) @ org.opennms.features.gwt-ksc-combobox <<<
[INFO] 
[INFO] --- maven-source-plugin:2.2.1:jar (default) @ org.opennms.features.gwt-ksc-combobox ---
[INFO] 
[INFO] --- maven-install-plugin:2.3.1:install (default-install) @ org.opennms.features.gwt-ksc-combobox ---
[INFO] Installing /data/ubuntu14/opennmszh/features/gwt-ksc-combobox/target/org.opennms.features.gwt-ksc-combobox-1.12.9.jar to /root/.m2/repository/org/opennms/features/org.opennms.features.gwt-ksc-combobox/1.12.9/org.opennms.features.gwt-ksc-combobox-1.12.9.jar
[INFO] Installing /data/ubuntu14/opennmszh/features/gwt-ksc-combobox/pom.xml to /root/.m2/repository/org/opennms/features/org.opennms.features.gwt-ksc-combobox/1.12.9/org.opennms.features.gwt-ksc-combobox-1.12.9.pom
[INFO] Installing /data/ubuntu14/opennmszh/features/gwt-ksc-combobox/target/org.opennms.features.gwt-ksc-combobox-1.12.9-sources.jar to /root/.m2/repository/org/opennms/features/org.opennms.features.gwt-ksc-combobox/1.12.9/org.opennms.features.gwt-ksc-combobox-1.12.9-sources.jar
[INFO]                                                                         
[INFO] ------------------------------------------------------------------------
[INFO] Building OpenNMS GWT Suggestion Combobox 1.12.9
[INFO] ------------------------------------------------------------------------
[INFO] 
[INFO] --- maven-resources-plugin:2.5:resources (default-resources) @ org.opennms.features.gwt-suggestion-combobox ---
[debug] execute contextualize
[INFO] Using 'UTF-8' encoding to copy filtered resources.
[INFO] Copying 13 resources
[INFO] 
[INFO] --- maven-compiler-plugin:3.1:compile (default-compile) @ org.opennms.features.gwt-suggestion-combobox ---
[INFO] Nothing to compile - all classes are up to date
[INFO] 
[INFO] --- maven-resources-plugin:2.5:testResources (default-testResources) @ org.opennms.features.gwt-suggestion-combobox ---
[debug] execute contextualize
[INFO] Using 'UTF-8' encoding to copy filtered resources.
[INFO] Copying 1 resource
[INFO] 
[INFO] --- maven-compiler-plugin:3.1:testCompile (default-testCompile) @ org.opennms.features.gwt-suggestion-combobox ---
[INFO] No sources to compile
[INFO] 
[INFO] --- maven-surefire-plugin:2.9:test (default-test) @ org.opennms.features.gwt-suggestion-combobox ---
[INFO] Tests are skipped.
[INFO] 
[INFO] --- maven-jar-plugin:2.3.1:jar (default-jar) @ org.opennms.features.gwt-suggestion-combobox ---
[INFO] 
[INFO] >>> maven-source-plugin:2.2.1:jar (default) @ org.opennms.features.gwt-suggestion-combobox >>>
[INFO] 
[INFO] <<< maven-source-plugin:2.2.1:jar (default) @ org.opennms.features.gwt-suggestion-combobox <<<
[INFO] 
[INFO] --- maven-source-plugin:2.2.1:jar (default) @ org.opennms.features.gwt-suggestion-combobox ---
[INFO] 
[INFO] --- maven-install-plugin:2.3.1:install (default-install) @ org.opennms.features.gwt-suggestion-combobox ---
[INFO] Installing /data/ubuntu14/opennmszh/features/gwt-suggestion-combobox/target/org.opennms.features.gwt-suggestion-combobox-1.12.9.jar to /root/.m2/repository/org/opennms/features/org.opennms.features.gwt-suggestion-combobox/1.12.9/org.opennms.features.gwt-suggestion-combobox-1.12.9.jar
[INFO] Installing /data/ubuntu14/opennmszh/features/gwt-suggestion-combobox/pom.xml to /root/.m2/repository/org/opennms/features/org.opennms.features.gwt-suggestion-combobox/1.12.9/org.opennms.features.gwt-suggestion-combobox-1.12.9.pom
[INFO] Installing /data/ubuntu14/opennmszh/features/gwt-suggestion-combobox/target/org.opennms.features.gwt-suggestion-combobox-1.12.9-sources.jar to /root/.m2/repository/org/opennms/features/org.opennms.features.gwt-suggestion-combobox/1.12.9/org.opennms.features.gwt-suggestion-combobox-1.12.9-sources.jar
[INFO]                                                                         
[INFO] ------------------------------------------------------------------------
[INFO] Building OpenNMS GWT Table Resources 1.12.9
[INFO] ------------------------------------------------------------------------
[INFO] 
[INFO] --- maven-resources-plugin:2.5:resources (default-resources) @ org.opennms.features.gwt.tableresources ---
[debug] execute contextualize
[INFO] Using 'UTF-8' encoding to copy filtered resources.
[INFO] Copying 5 resources
[INFO] 
[INFO] --- maven-compiler-plugin:3.1:compile (default-compile) @ org.opennms.features.gwt.tableresources ---
[INFO] Nothing to compile - all classes are up to date
[INFO] 
[INFO] --- maven-resources-plugin:2.5:testResources (default-testResources) @ org.opennms.features.gwt.tableresources ---
[debug] execute contextualize
[INFO] Using 'UTF-8' encoding to copy filtered resources.
[INFO] skip non existing resourceDirectory /data/ubuntu14/opennmszh/features/gwt-tableresources/src/test/resources
[INFO] 
[INFO] --- maven-compiler-plugin:3.1:testCompile (default-testCompile) @ org.opennms.features.gwt.tableresources ---
[INFO] No sources to compile
[INFO] 
[INFO] --- maven-surefire-plugin:2.9:test (default-test) @ org.opennms.features.gwt.tableresources ---
[INFO] Tests are skipped.
[INFO] 
[INFO] --- maven-jar-plugin:2.3.1:jar (default-jar) @ org.opennms.features.gwt.tableresources ---
[INFO] 
[INFO] >>> maven-source-plugin:2.2.1:jar (default) @ org.opennms.features.gwt.tableresources >>>
[INFO] 
[INFO] <<< maven-source-plugin:2.2.1:jar (default) @ org.opennms.features.gwt.tableresources <<<
[INFO] 
[INFO] --- maven-source-plugin:2.2.1:jar (default) @ org.opennms.features.gwt.tableresources ---
[INFO] 
[INFO] --- maven-install-plugin:2.3.1:install (default-install) @ org.opennms.features.gwt.tableresources ---
[INFO] Installing /data/ubuntu14/opennmszh/features/gwt-tableresources/target/org.opennms.features.gwt.tableresources-1.12.9.jar to /root/.m2/repository/org/opennms/features/org.opennms.features.gwt.tableresources/1.12.9/org.opennms.features.gwt.tableresources-1.12.9.jar
[INFO] Installing /data/ubuntu14/opennmszh/features/gwt-tableresources/pom.xml to /root/.m2/repository/org/opennms/features/org.opennms.features.gwt.tableresources/1.12.9/org.opennms.features.gwt.tableresources-1.12.9.pom
[INFO] Installing /data/ubuntu14/opennmszh/features/gwt-tableresources/target/org.opennms.features.gwt.tableresources-1.12.9-sources.jar to /root/.m2/repository/org/opennms/features/org.opennms.features.gwt.tableresources/1.12.9/org.opennms.features.gwt.tableresources-1.12.9-sources.jar
[INFO]                                                                         
[INFO] ------------------------------------------------------------------------
[INFO] Building OpenNMS GWT Graph Resource List 1.12.9
[INFO] ------------------------------------------------------------------------
[INFO] 
[INFO] --- maven-resources-plugin:2.5:resources (default-resources) @ org.opennms.features.gwt-graph-resources-list ---
[debug] execute contextualize
[INFO] Using 'UTF-8' encoding to copy filtered resources.
[INFO] Copying 31 resources
[INFO] 
[INFO] --- maven-compiler-plugin:3.1:compile (default-compile) @ org.opennms.features.gwt-graph-resources-list ---
[INFO] Nothing to compile - all classes are up to date
[INFO] 
[INFO] --- maven-resources-plugin:2.5:testResources (default-testResources) @ org.opennms.features.gwt-graph-resources-list ---
[debug] execute contextualize
[INFO] Using 'UTF-8' encoding to copy filtered resources.
[INFO] skip non existing resourceDirectory /data/ubuntu14/opennmszh/features/gwt-graph-resource-list/src/test/resources
[INFO] 
[INFO] --- maven-compiler-plugin:3.1:testCompile (default-testCompile) @ org.opennms.features.gwt-graph-resources-list ---
[INFO] No sources to compile
[INFO] 
[INFO] --- maven-surefire-plugin:2.9:test (default-test) @ org.opennms.features.gwt-graph-resources-list ---
[INFO] Tests are skipped.
[INFO] 
[INFO] --- maven-jar-plugin:2.3.1:jar (default-jar) @ org.opennms.features.gwt-graph-resources-list ---
[INFO] 
[INFO] >>> maven-source-plugin:2.2.1:jar (default) @ org.opennms.features.gwt-graph-resources-list >>>
[INFO] 
[INFO] <<< maven-source-plugin:2.2.1:jar (default) @ org.opennms.features.gwt-graph-resources-list <<<
[INFO] 
[INFO] --- maven-source-plugin:2.2.1:jar (default) @ org.opennms.features.gwt-graph-resources-list ---
[INFO] 
[INFO] --- maven-install-plugin:2.3.1:install (default-install) @ org.opennms.features.gwt-graph-resources-list ---
[INFO] Installing /data/ubuntu14/opennmszh/features/gwt-graph-resource-list/target/org.opennms.features.gwt-graph-resources-list-1.12.9.jar to /root/.m2/repository/org/opennms/features/org.opennms.features.gwt-graph-resources-list/1.12.9/org.opennms.features.gwt-graph-resources-list-1.12.9.jar
[INFO] Installing /data/ubuntu14/opennmszh/features/gwt-graph-resource-list/pom.xml to /root/.m2/repository/org/opennms/features/org.opennms.features.gwt-graph-resources-list/1.12.9/org.opennms.features.gwt-graph-resources-list-1.12.9.pom
[INFO] Installing /data/ubuntu14/opennmszh/features/gwt-graph-resource-list/target/org.opennms.features.gwt-graph-resources-list-1.12.9-sources.jar to /root/.m2/repository/org/opennms/features/org.opennms.features.gwt-graph-resources-list/1.12.9/org.opennms.features.gwt-graph-resources-list-1.12.9-sources.jar
[INFO]                                                                         
[INFO] ------------------------------------------------------------------------
[INFO] Building OpenNMS GWT Snmp Select List 1.12.9
[INFO] ------------------------------------------------------------------------
[INFO] 
[INFO] --- maven-resources-plugin:2.5:resources (default-resources) @ org.opennms.features.gwt-snmpselect-list ---
[debug] execute contextualize
[INFO] Using 'UTF-8' encoding to copy filtered resources.
[INFO] Copying 14 resources
[INFO] 
[INFO] --- maven-compiler-plugin:3.1:compile (default-compile) @ org.opennms.features.gwt-snmpselect-list ---
[INFO] Nothing to compile - all classes are up to date
[INFO] 
[INFO] --- maven-resources-plugin:2.5:testResources (default-testResources) @ org.opennms.features.gwt-snmpselect-list ---
[debug] execute contextualize
[INFO] Using 'UTF-8' encoding to copy filtered resources.
[INFO] Copying 1 resource
[INFO] 
[INFO] --- maven-compiler-plugin:3.1:testCompile (default-testCompile) @ org.opennms.features.gwt-snmpselect-list ---
[INFO] No sources to compile
[INFO] 
[INFO] --- maven-surefire-plugin:2.9:test (default-test) @ org.opennms.features.gwt-snmpselect-list ---
[INFO] Tests are skipped.
[INFO] 
[INFO] --- maven-jar-plugin:2.3.1:jar (default-jar) @ org.opennms.features.gwt-snmpselect-list ---
[INFO] 
[INFO] >>> maven-source-plugin:2.2.1:jar (default) @ org.opennms.features.gwt-snmpselect-list >>>
[INFO] 
[INFO] <<< maven-source-plugin:2.2.1:jar (default) @ org.opennms.features.gwt-snmpselect-list <<<
[INFO] 
[INFO] --- maven-source-plugin:2.2.1:jar (default) @ org.opennms.features.gwt-snmpselect-list ---
[INFO] 
[INFO] --- maven-install-plugin:2.3.1:install (default-install) @ org.opennms.features.gwt-snmpselect-list ---
[INFO] Installing /data/ubuntu14/opennmszh/features/gwt-snmpselect-list/target/org.opennms.features.gwt-snmpselect-list-1.12.9.jar to /root/.m2/repository/org/opennms/features/org.opennms.features.gwt-snmpselect-list/1.12.9/org.opennms.features.gwt-snmpselect-list-1.12.9.jar
[INFO] Installing /data/ubuntu14/opennmszh/features/gwt-snmpselect-list/pom.xml to /root/.m2/repository/org/opennms/features/org.opennms.features.gwt-snmpselect-list/1.12.9/org.opennms.features.gwt-snmpselect-list-1.12.9.pom
[INFO] Installing /data/ubuntu14/opennmszh/features/gwt-snmpselect-list/target/org.opennms.features.gwt-snmpselect-list-1.12.9-sources.jar to /root/.m2/repository/org/opennms/features/org.opennms.features.gwt-snmpselect-list/1.12.9/org.opennms.features.gwt-snmpselect-list-1.12.9-sources.jar
[INFO]                                                                         
[INFO] ------------------------------------------------------------------------
[INFO] Building OpenNMS Node Page List Component 1.12.9
[INFO] ------------------------------------------------------------------------
[INFO] 
[INFO] --- maven-resources-plugin:2.5:resources (default-resources) @ org.opennms.features.node-page-list ---
[debug] execute contextualize
[INFO] Using 'UTF-8' encoding to copy filtered resources.
[INFO] Copying 22 resources
[INFO] 
[INFO] --- maven-compiler-plugin:3.1:compile (default-compile) @ org.opennms.features.node-page-list ---
[INFO] Nothing to compile - all classes are up to date
[INFO] 
[INFO] --- maven-resources-plugin:2.5:testResources (default-testResources) @ org.opennms.features.node-page-list ---
[debug] execute contextualize
[INFO] Using 'UTF-8' encoding to copy filtered resources.
[INFO] skip non existing resourceDirectory /data/ubuntu14/opennmszh/features/node-page-list/src/test/resources
[INFO] 
[INFO] --- maven-compiler-plugin:3.1:testCompile (default-testCompile) @ org.opennms.features.node-page-list ---
[INFO] No sources to compile
[INFO] 
[INFO] --- maven-surefire-plugin:2.9:test (default-test) @ org.opennms.features.node-page-list ---
[INFO] Tests are skipped.
[INFO] 
[INFO] --- maven-jar-plugin:2.3.1:jar (default-jar) @ org.opennms.features.node-page-list ---
[INFO] 
[INFO] >>> maven-source-plugin:2.2.1:jar (default) @ org.opennms.features.node-page-list >>>
[INFO] 
[INFO] <<< maven-source-plugin:2.2.1:jar (default) @ org.opennms.features.node-page-list <<<
[INFO] 
[INFO] --- maven-source-plugin:2.2.1:jar (default) @ org.opennms.features.node-page-list ---
[INFO] 
[INFO] --- maven-install-plugin:2.3.1:install (default-install) @ org.opennms.features.node-page-list ---
[INFO] Installing /data/ubuntu14/opennmszh/features/node-page-list/target/org.opennms.features.node-page-list-1.12.9.jar to /root/.m2/repository/org/opennms/features/org.opennms.features.node-page-list/1.12.9/org.opennms.features.node-page-list-1.12.9.jar
[INFO] Installing /data/ubuntu14/opennmszh/features/node-page-list/pom.xml to /root/.m2/repository/org/opennms/features/org.opennms.features.node-page-list/1.12.9/org.opennms.features.node-page-list-1.12.9.pom
[INFO] Installing /data/ubuntu14/opennmszh/features/node-page-list/target/org.opennms.features.node-page-list-1.12.9-sources.jar to /root/.m2/repository/org/opennms/features/org.opennms.features.node-page-list/1.12.9/org.opennms.features.node-page-list-1.12.9-sources.jar
[INFO]                                                                         
[INFO] ------------------------------------------------------------------------
[INFO] Building OpenNMS Request Tracker Interface 1.12.9
[INFO] ------------------------------------------------------------------------
[INFO] 
[INFO] --- maven-resources-plugin:2.5:resources (default-resources) @ org.opennms.features.request-tracker ---
[debug] execute contextualize
[INFO] Using 'UTF-8' encoding to copy filtered resources.
[INFO] skip non existing resourceDirectory /data/ubuntu14/opennmszh/features/request-tracker/src/main/resources
[INFO] 
[INFO] --- maven-compiler-plugin:3.1:compile (default-compile) @ org.opennms.features.request-tracker ---
[INFO] Nothing to compile - all classes are up to date
[INFO] 
[INFO] --- maven-resources-plugin:2.5:testResources (default-testResources) @ org.opennms.features.request-tracker ---
[debug] execute contextualize
[INFO] Using 'UTF-8' encoding to copy filtered resources.
[INFO] skip non existing resourceDirectory /data/ubuntu14/opennmszh/features/request-tracker/src/test/resources
[INFO] 
[INFO] --- maven-compiler-plugin:3.1:testCompile (default-testCompile) @ org.opennms.features.request-tracker ---
[INFO] Nothing to compile - all classes are up to date
[INFO] 
[INFO] --- maven-surefire-plugin:2.9:test (default-test) @ org.opennms.features.request-tracker ---
[INFO] Tests are skipped.
[INFO] 
[INFO] --- maven-jar-plugin:2.3.1:jar (default-jar) @ org.opennms.features.request-tracker ---
[INFO] 
[INFO] >>> maven-source-plugin:2.2.1:jar (default) @ org.opennms.features.request-tracker >>>
[INFO] 
[INFO] <<< maven-source-plugin:2.2.1:jar (default) @ org.opennms.features.request-tracker <<<
[INFO] 
[INFO] --- maven-source-plugin:2.2.1:jar (default) @ org.opennms.features.request-tracker ---
[INFO] 
[INFO] --- maven-install-plugin:2.3.1:install (default-install) @ org.opennms.features.request-tracker ---
[INFO] Installing /data/ubuntu14/opennmszh/features/request-tracker/target/org.opennms.features.request-tracker-1.12.9.jar to /root/.m2/repository/org/opennms/features/org.opennms.features.request-tracker/1.12.9/org.opennms.features.request-tracker-1.12.9.jar
[INFO] Installing /data/ubuntu14/opennmszh/features/request-tracker/pom.xml to /root/.m2/repository/org/opennms/features/org.opennms.features.request-tracker/1.12.9/org.opennms.features.request-tracker-1.12.9.pom
[INFO] Installing /data/ubuntu14/opennmszh/features/request-tracker/target/org.opennms.features.request-tracker-1.12.9-sources.jar to /root/.m2/repository/org/opennms/features/org.opennms.features.request-tracker/1.12.9/org.opennms.features.request-tracker-1.12.9-sources.jar
[INFO]                                                                         
[INFO] ------------------------------------------------------------------------
[INFO] Building OpenNMS Launcher 1.12.9
[INFO] ------------------------------------------------------------------------
[INFO] 
[INFO] --- maven-resources-plugin:2.5:resources (default-resources) @ opennms-bootstrap ---
[debug] execute contextualize
[INFO] Using 'UTF-8' encoding to copy filtered resources.
[INFO] skip non existing resourceDirectory /data/ubuntu14/opennmszh/opennms-bootstrap/src/main/resources
[INFO] 
[INFO] --- maven-compiler-plugin:3.1:compile (default-compile) @ opennms-bootstrap ---
[INFO] Nothing to compile - all classes are up to date
[INFO] 
[INFO] --- maven-resources-plugin:2.5:testResources (default-testResources) @ opennms-bootstrap ---
[debug] execute contextualize
[INFO] Using 'UTF-8' encoding to copy filtered resources.
[INFO] skip non existing resourceDirectory /data/ubuntu14/opennmszh/opennms-bootstrap/src/test/resources
[INFO] 
[INFO] --- maven-compiler-plugin:3.1:testCompile (default-testCompile) @ opennms-bootstrap ---
[INFO] No sources to compile
[INFO] 
[INFO] --- maven-surefire-plugin:2.9:test (default-test) @ opennms-bootstrap ---
[INFO] Tests are skipped.
[INFO] 
[INFO] --- maven-bundle-plugin:2.3.7:bundle (default-bundle) @ opennms-bootstrap ---
[INFO] 
[INFO] >>> maven-source-plugin:2.2.1:jar (default) @ opennms-bootstrap >>>
[INFO] 
[INFO] <<< maven-source-plugin:2.2.1:jar (default) @ opennms-bootstrap <<<
[INFO] 
[INFO] --- maven-source-plugin:2.2.1:jar (default) @ opennms-bootstrap ---
[INFO] 
[INFO] --- maven-install-plugin:2.5.2:install (default-install) @ opennms-bootstrap ---
[INFO] Installing /data/ubuntu14/opennmszh/opennms-bootstrap/target/opennms-bootstrap-1.12.9.jar to /root/.m2/repository/org/opennms/opennms-bootstrap/1.12.9/opennms-bootstrap-1.12.9.jar
[INFO] Installing /data/ubuntu14/opennmszh/opennms-bootstrap/pom.xml to /root/.m2/repository/org/opennms/opennms-bootstrap/1.12.9/opennms-bootstrap-1.12.9.pom
[INFO] Installing /data/ubuntu14/opennmszh/opennms-bootstrap/target/opennms-bootstrap-1.12.9-sources.jar to /root/.m2/repository/org/opennms/opennms-bootstrap/1.12.9/opennms-bootstrap-1.12.9-sources.jar
[INFO] 
[INFO] --- maven-bundle-plugin:2.3.7:install (default-install) @ opennms-bootstrap ---
[INFO] Local OBR update disabled (enable with -DobrRepository)
[INFO]                                                                         
[INFO] ------------------------------------------------------------------------
[INFO] Building OpenNMS System Report 1.12.9
[INFO] ------------------------------------------------------------------------
[INFO] 
[INFO] --- maven-resources-plugin:2.5:resources (default-resources) @ org.opennms.features.system-report ---
[debug] execute contextualize
[INFO] Using 'UTF-8' encoding to copy filtered resources.
[INFO] Copying 3 resources
[INFO] 
[INFO] --- maven-compiler-plugin:3.1:compile (default-compile) @ org.opennms.features.system-report ---
[INFO] Nothing to compile - all classes are up to date
[INFO] 
[INFO] --- maven-resources-plugin:2.5:testResources (default-testResources) @ org.opennms.features.system-report ---
[debug] execute contextualize
[INFO] Using 'UTF-8' encoding to copy filtered resources.
[INFO] skip non existing resourceDirectory /data/ubuntu14/opennmszh/features/system-report/src/test/resources
[INFO] 
[INFO] --- maven-compiler-plugin:3.1:testCompile (default-testCompile) @ org.opennms.features.system-report ---
[INFO] Nothing to compile - all classes are up to date
[INFO] 
[INFO] --- maven-surefire-plugin:2.9:test (default-test) @ org.opennms.features.system-report ---
[INFO] Tests are skipped.
[INFO] 
[INFO] --- maven-jar-plugin:2.3.1:jar (default-jar) @ org.opennms.features.system-report ---
[INFO] 
[INFO] >>> maven-source-plugin:2.2.1:jar (default) @ org.opennms.features.system-report >>>
[INFO] 
[INFO] <<< maven-source-plugin:2.2.1:jar (default) @ org.opennms.features.system-report <<<
[INFO] 
[INFO] --- maven-source-plugin:2.2.1:jar (default) @ org.opennms.features.system-report ---
[INFO] 
[INFO] --- maven-install-plugin:2.3.1:install (default-install) @ org.opennms.features.system-report ---
[INFO] Installing /data/ubuntu14/opennmszh/features/system-report/target/org.opennms.features.system-report-1.12.9.jar to /root/.m2/repository/org/opennms/features/org.opennms.features.system-report/1.12.9/org.opennms.features.system-report-1.12.9.jar
[INFO] Installing /data/ubuntu14/opennmszh/features/system-report/pom.xml to /root/.m2/repository/org/opennms/features/org.opennms.features.system-report/1.12.9/org.opennms.features.system-report-1.12.9.pom
[INFO] Installing /data/ubuntu14/opennmszh/features/system-report/target/org.opennms.features.system-report-1.12.9-sources.jar to /root/.m2/repository/org/opennms/features/org.opennms.features.system-report/1.12.9/org.opennms.features.system-report-1.12.9-sources.jar
[INFO]                                                                         
[INFO] ------------------------------------------------------------------------
[INFO] Building OpenNMS Web Application 1.12.9
[INFO] ------------------------------------------------------------------------
[WARNING] Failure to transfer net.homeip.yusuke:twitter4j/maven-metadata.xml from http://maven.opennms.org/content/groups/twitter4j.org-release was cached in the local repository, resolution will not be reattempted until the update interval of twitter4j.org has elapsed or updates are forced. Original error: Could not transfer metadata net.homeip.yusuke:twitter4j/maven-metadata.xml from/to twitter4j.org (http://maven.opennms.org/content/groups/twitter4j.org-release): Connection reset
[INFO] 
[INFO] --- castor-maven-plugin:1.0:generate (default) @ opennms-webapp ---
[INFO] Nothing to process - all xsds are up to date
[INFO] 
[INFO] --- build-helper-maven-plugin:1.7:add-source (add-source) @ opennms-webapp ---
[INFO] Source directory: /data/ubuntu14/opennmszh/opennms-webapp/target/generated-sources/castor added.
[INFO] 
[INFO] --- maven-jaxb-schemagen-plugin:1.2:generate (default) @ opennms-webapp ---
[INFO] jaxb-schemagen classpath addition: /root/.m2/repository/javax/xml/bind/jaxb-api/2.0/jaxb-api-2.0.jar
[INFO] jaxb-schemagen classpath addition: /root/.m2/repository/commons-io/commons-io/2.4/commons-io-2.4.jar
[INFO] jaxb-schemagen classpath addition: /root/.m2/repository/commons-fileupload/commons-fileupload/1.3.2/commons-fileupload-1.3.2.jar
[INFO] jaxb-schemagen classpath addition: /root/.m2/repository/poi/poi/2.5.1-final-20040804/poi-2.5.1-final-20040804.jar
[INFO] jaxb-schemagen classpath addition: /root/.m2/repository/org/extremecomponents/extremecomponents/1.0.1/extremecomponents-1.0.1.jar
[INFO] jaxb-schemagen classpath addition: /root/.m2/repository/org/opennms/jrrd-api/1.0/jrrd-api-1.0.jar
[INFO] jaxb-schemagen classpath addition: /root/.m2/repository/org/snmp4j/snmp4j/1.11.5/snmp4j-1.11.5.jar
[INFO] org/opennms/web/snmpinfo/SnmpInfo.java added as org/opennms/web/snmpinfo/SnmpInfo.class doesn't exist.
[INFO] org/opennms/web/snmpinfo/package-info.java added as org/opennms/web/snmpinfo/package-info.class doesn't exist.
[INFO] Generating schema from 2 source files
[INFO] Compilation arguments:
'-d'
'/data/ubuntu14/opennmszh/opennms-webapp/target/xsds'
'-classpath'
'/data/ubuntu14/opennmszh/opennms-webapp/target/xsds:/root/.m2/repository/javax/xml/bind/jaxb-api/2.0/jaxb-api-2.0.jar:/root/.m2/repository/commons-io/commons-io/2.4/commons-io-2.4.jar:/root/.m2/repository/commons-fileupload/commons-fileupload/1.3.2/commons-fileupload-1.3.2.jar:/root/.m2/repository/poi/poi/2.5.1-final-20040804/poi-2.5.1-final-20040804.jar:/root/.m2/repository/org/extremecomponents/extremecomponents/1.0.1/extremecomponents-1.0.1.jar:/root/.m2/repository/org/opennms/jrrd-api/1.0/jrrd-api-1.0.jar:/root/.m2/repository/org/snmp4j/snmp4j/1.11.5/snmp4j-1.11.5.jar:/data/ubuntu14/opennmszh/maven/boot/plexus-classworlds-2.4.jar'
'-sourcepath'
'/data/ubuntu14/opennmszh/opennms-webapp/src/main/java'
'-g:none'
'-nocompile'

The ' characters around the executable and arguments are
not part of the command.

[INFO] Files to be compiled:
    /data/ubuntu14/opennmszh/opennms-webapp/src/main/java/org/opennms/web/snmpinfo/SnmpInfo.java
    /data/ubuntu14/opennmszh/opennms-webapp/src/main/java/org/opennms/web/snmpinfo/package-info.java

[INFO] 
[INFO] --- maven-resources-plugin:2.5:resources (default-resources) @ opennms-webapp ---
[debug] execute contextualize
[INFO] Using 'UTF-8' encoding to copy filtered resources.
[INFO] Copying 2 resources
[INFO] 
[INFO] --- maven-compiler-plugin:3.1:compile (default-compile) @ opennms-webapp ---
[INFO] Nothing to compile - all classes are up to date
[INFO] 
[INFO] --- jetty-jspc-maven-plugin:7.6.15.v20140411:jspc (jspc) @ opennms-webapp ---
[INFO] Compiling surveillance-box.jsp,accessDenied.jsp,jsps/completions.jsp,mobile.jsp,element/rescan.jsp,element/interface.jsp,element/linkednode.jsp,element/routeipnode.jsp,element/snmpinterface.jsp,element/node.jsp,element/bridgenode.jsp,element/index.jsp,login.jsp,graph/adhoc2.jsp,graph/adhoc3.jsp,graph/adhoc4.jsp,graph/index.jsp,asset/index.jsp,asset/nodelist.jsp,asset/modify.jsp,report/switcher.jsp,report/index.jsp,report/configSwitchers.jsp,outage/current.jsp,outage/index.jsp,abcbank/modifySwitcher.jsp,abcbank/manageSwitcherPorts.jsp,abcbank/switcher.jsp,abcbank/newIPSegment.jsp,abcbank/ipaddress.jsp,abcbank/bundingIP.jsp,abcbank/importFile.jsp,abcbank/test.jsp,abcbank/webline.jsp,abcbank/newWebLine.jsp,abcbank/index.jsp,abcbank/newIPAddress.jsp,abcbank/ipsegment.jsp,abcbank/getVars.jsp,abcbank/newSwitcher.jsp,KSC/index.jsp,rss.jsp,roles/view.jsp,roles/list.jsp,test/testProgressBar.jsp,WEB-INF/jsp/distributedStatusDetails.jsp,WEB-INF/jsp/distributed/error.jsp,WEB-INF/jsp/distributed/locationMonitorDetails.jsp,WEB-INF/jsp/distributed/locationMonitorList.jsp,WEB-INF/jsp/distributedStatusSummary.jsp,WEB-INF/jsp/element/errorPageService.jsp,WEB-INF/jsp/element/service.jsp,WEB-INF/jsp/element/errorPageOneKeyService.jsp,WEB-INF/jsp/element/nodeList.jsp,WEB-INF/jsp/graph/chooseresource.jsp,WEB-INF/jsp/graph/results.jsp,WEB-INF/jsp/report/database/manage.jsp,WEB-INF/jsp/report/database/batchList.jsp,WEB-INF/jsp/report/database/onlineReport.jsp,WEB-INF/jsp/report/database/onlineList.jsp,WEB-INF/jsp/report/database/index.jsp,WEB-INF/jsp/report/database/manageSchedule.jsp,WEB-INF/jsp/report/database/reportList.jsp,WEB-INF/jsp/outage/interfaceOutages-box.jsp,WEB-INF/jsp/outage/serviceOutages-box.jsp,WEB-INF/jsp/outage/displaySuppressedOutages.jsp,WEB-INF/jsp/outage/servicesdown-box.jsp,WEB-INF/jsp/outage/nodeOutages-box.jsp,WEB-INF/jsp/outage/displayAllOutages.jsp,WEB-INF/jsp/outage/list.jsp,WEB-INF/jsp/outage/displayResolvedOutages.jsp,WEB-INF/jsp/outage/detail.jsp,WEB-INF/jsp/surveillanceViewError.jsp,WEB-INF/jsp/surveillanceView.jsp,WEB-INF/jsp/KSC/customView.jsp,WEB-INF/jsp/KSC/customGraphChooseResource.jsp,WEB-INF/jsp/KSC/index.jsp,WEB-INF/jsp/KSC/customGraphEditDetails.jsp,WEB-INF/jsp/KSC/include-box.jsp,WEB-INF/jsp/KSC/customReport.jsp,WEB-INF/jsp/admin/editProvisioningGroup.jsp,WEB-INF/jsp/admin/editNodeCategories.jsp,WEB-INF/jsp/admin/rancid/rancidAdmin.jsp,WEB-INF/jsp/admin/provisioningGroups.jsp,WEB-INF/jsp/admin/node/add.jsp,WEB-INF/jsp/admin/categories.jsp,WEB-INF/jsp/admin/editServiceApplications.jsp,WEB-INF/jsp/admin/editForeignSource.jsp,WEB-INF/jsp/admin/thresholds/editExpression.jsp,WEB-INF/jsp/admin/thresholds/editThreshold.jsp,WEB-INF/jsp/admin/thresholds/list.jsp,WEB-INF/jsp/admin/thresholds/editGroup.jsp,WEB-INF/jsp/admin/userGroupView/groups/groupDetail.jsp,WEB-INF/jsp/admin/userGroupView/groups/modifyGroup.jsp,WEB-INF/jsp/admin/userGroupView/groups/newGroup.jsp,WEB-INF/jsp/admin/userGroupView/groups/list.jsp,WEB-INF/jsp/admin/editApplication.jsp,WEB-INF/jsp/admin/showCategory.jsp,WEB-INF/jsp/admin/editCategory.jsp,WEB-INF/jsp/admin/applications.jsp,WEB-INF/jsp/admin/showApplication.jsp,WEB-INF/jsp/admin/support/systemReport.jsp,WEB-INF/jsp/admin/support/systemReportList.jsp,WEB-INF/jsp/admin/storage/storageAdmin.jsp,WEB-INF/jsp/notification/list.jsp,WEB-INF/jsp/statisticsReports/report.jsp,WEB-INF/jsp/statisticsReports/index.jsp,WEB-INF/jsp/alarm/summary-box.jsp,WEB-INF/jsp/alarm/list.jsp,WEB-INF/jsp/alarm/detail.jsp,WEB-INF/jsp/progressBar.jsp,WEB-INF/jsp/navBar.jsp,WEB-INF/jsp/rtc/category.jsp,WEB-INF/jsp/distributedStatusSummaryError.jsp,WEB-INF/jsp/inventory/invnode.jsp,WEB-INF/jsp/inventory/rancidList.jsp,WEB-INF/jsp/inventory/rancidReport.jsp,WEB-INF/jsp/inventory/rancidViewVc.jsp,WEB-INF/jsp/inventory/rancidReportExec.jsp,WEB-INF/jsp/inventory/rancid.jsp,WEB-INF/jsp/displayCategoryStatus.jsp,WEB-INF/jsp/siteStatusError.jsp,WEB-INF/jsp/includes/serviceApplication-box.jsp,WEB-INF/jsp/includes/nodeCategory-box.jsp,WEB-INF/jsp/maps.jsp,WEB-INF/jsp/siteStatus.jsp,WEB-INF/jsp/daemonstatus.jsp,WEB-INF/jsp/event/list.jsp,WEB-INF/jsp/event/detail.jsp,WEB-INF/jsp/distributedStatusHistory.jsp,WEB-INF/jsp/support/index.jsp,WEB-INF/flows/report/database/batchReport/deliveryOptions.jsp,WEB-INF/flows/report/database/batchReport/reportRunning.jsp,WEB-INF/flows/report/database/batchReport/cronExpression.jsp,WEB-INF/flows/report/database/batchReport/reportScheduled.jsp,WEB-INF/flows/report/database/batchReport/reportError.jsp,WEB-INF/flows/report/database/batchReport/reportParameters.jsp,admin/nodelabelProvisioned.jsp,admin/nodemanagement/modifyNodeLables.jsp,admin/nodemanagement/index.jsp,admin/nodemanagement/managenode.jsp,admin/nodemanagement/setPathOutage.jsp,admin/nodemanagement/instrumentationLogReader.jsp,admin/nodemanagement/deletenode.jsp,admin/interfaceDeleted.jsp,admin/sysconfig.jsp,admin/manageSnmpCollections.jsp,admin/asset/import.jsp,admin/asset/index.jsp,admin/sched-outages/editoutage.jsp,admin/sched-outages/index.jsp,admin/sched-outages/jsonIpInterfaces.jsp,admin/sched-outages/jsonNodes.jsp,admin/sendevent.jsp,admin/snmpConfigured.jsp,admin/manageEvents.jsp,admin/pollerConfig/index.jsp,admin/pollerConfig/addPollerConfig.jsp,admin/pollerConfig/finishPollerConfig.jsp,admin/updateSnmp.jsp,admin/manage.jsp,admin/mibCompiler.jsp,admin/notification/destinationPaths.jsp,admin/notification/pathOutline.jsp,admin/notification/escalations.jsp,admin/notification/groupIntervals.jsp,admin/notification/chooseTargets.jsp,admin/notification/index.jsp,admin/notification/chooseCommands.jsp,admin/notification/noticeWizard/buildPathOutage.jsp,admin/notification/noticeWizard/validatePathOutage.jsp,admin/notification/noticeWizard/validateRule.jsp,admin/notification/noticeWizard/choosePath.jsp,admin/notification/noticeWizard/notifsForUEI.jsp,admin/notification/noticeWizard/chooseUeis.jsp,admin/notification/noticeWizard/eventNotices.jsp,admin/notification/noticeWizard/buildRule.jsp,admin/delete.jsp,admin/postevent.jsp,admin/wait.jsp,admin/serviceDeleted.jsp,admin/snmpselect.jsp,admin/newInterface.jsp,admin/deleteNodesFinish.jsp,admin/importFile.jsp,admin/thresholds/index.jsp,admin/manageNodesFinish.jsp,admin/userGroupView/views/modifyView.jsp,admin/userGroupView/views/list.jsp,admin/userGroupView/views/viewDetail.jsp,admin/userGroupView/roles/view.jsp,admin/userGroupView/roles/editDetails.jsp,admin/userGroupView/roles/editSpecific.jsp,admin/userGroupView/roles/list.jsp,admin/userGroupView/test.jsp,admin/userGroupView/users/newUser.jsp,admin/userGroupView/users/list.jsp,admin/userGroupView/users/userDetail.jsp,admin/userGroupView/users/modifyUser.jsp,admin/userGroupView/users/newPassword.jsp,admin/userGroupView/index.jsp,admin/index.jsp,admin/snmpmanage.jsp,admin/snmpConfig.jsp,admin/schedule/displaySchedules.jsp,admin/schedule/editSchedule.jsp,admin/nodelabel.jsp,admin/interfaceAdded.jsp,admin/discovery/add-ir.jsp,admin/discovery/add-er.jsp,admin/discovery/add-url.jsp,admin/discovery/index.jsp,admin/discovery/edit-config.jsp,admin/discovery/add-specific.jsp,notification/index.jsp,notification/detail.jsp,alarm/advsearch.jsp,alarm/severity.jsp,alarm/index.jsp,logoff.jsp,rtc/category.jsp,rtc/index.jsp,security.jsp,pathOutage/index.jsp,pathOutage/showNodes.jsp,frontPage.jsp,help/about.jsp,help/index.jsp,account/selfService/passwordChanged.jsp,account/selfService/index.jsp,account/selfService/newPassword.jsp,includes/key.jsp,includes/header.jsp,includes/distStatusLegend.jsp,includes/surveillance-key.jsp,includes/alarm-advquerypanel.jsp,includes/alarm-querypanel.jsp,includes/mobile_header.jsp,includes/notification-box.jsp,includes/quicksearch-box.jsp,includes/nodeBridge-box.jsp,includes/interfaceSTP-box.jsp,includes/nodeAvailability-box.jsp,includes/resultsIndexNoCount.jsp,includes/event-querypanel.jsp,includes/resultsIndex.jsp,includes/event-advquerypanel.jsp,includes/interfaceLink-box.jsp,includes/serviceAvailability-box.jsp,includes/categories-box.jsp,includes/timeControl.jsp,includes/eventlist.jsp,includes/nodeRouteInfo-box.jsp,includes/bookmark.jsp,includes/legendInfo-box.jsp,includes/resourceGraphs-box.jsp,includes/charts.jsp,includes/dateControl.jsp,includes/bookmarkAll.jsp,includes/interfaceAvailability-box.jsp,includes/footnote1.jsp,includes/search-constraints-box.jsp,includes/nodeStatus-box.jsp,includes/security-box.jsp,includes/nodeSTPint-box.jsp,includes/footer.jsp,map/response/pingwithajax.jsp,map/response/traceroutewithajax.jsp,map/response/ping.jsp,map/response/traceroute.jsp,map/response/ipmitool.jsp,map/index.jsp,index.jsp,dashboard.jsp,event/advsearch.jsp,event/severity.jsp,event/index.jsp,event/list-short.jsp,errors/noticeidnotfound.jsp,errors/connectexception.jsp,errors/outageidnotfound.jsp,errors/elementnotfound.jsp,errors/pagenotfound.jsp,errors/missingparam.jsp,errors/sealingviolation.jsp,errors/unknownexception.jsp,errors/categorynotfound.jsp,errors/eventproxyexception.jsp,errors/statisticsreportidnotfound.jsp,errors/elementidnotfound.jsp,errors/nomanagedinterfaces.jsp,errors/alarmidnotfound.jsp,errors/eventidnotfound.jsp,support/about.jsp,charts/index.jsp
[INFO] Includes=**/*.jsp, **/*.jspx
[INFO] Excludes=null
[INFO] ------------------------------------------------------------------------
[INFO] Reactor Summary:
[INFO] 
[INFO] OpenNMS ........................................... SUCCESS [1.042s]
[INFO] OpenNMS Complex Dependencies ...................... SUCCESS [0.037s]
[INFO] OpenNMS ActiveMQ Dependencies ..................... SUCCESS [0.034s]
[INFO] OpenNMS Hibernate Dependencies .................... SUCCESS [0.038s]
[INFO] OpenNMS Spring Dependencies ....................... SUCCESS [0.046s]
[INFO] OpenNMS Spring Web Dependencies ................... SUCCESS [0.051s]
[INFO] OpenNMS ActiveMQ Web Dependencies ................. SUCCESS [0.049s]
[INFO] OpenNMS Asterisk Dependencies ..................... SUCCESS [0.050s]
[INFO] OpenNMS Castor Dependencies ....................... SUCCESS [0.212s]
[INFO] OpenNMS DBPool Dependencies ....................... SUCCESS [0.046s]
[INFO] OpenNMS DNS Java Dependencies ..................... SUCCESS [0.047s]
[INFO] OpenNMS Drools Dependencies ....................... SUCCESS [0.048s]
[INFO] OpenNMS Apache Felix Dependencies ................. SUCCESS [0.046s]
[INFO] OpenNMS GWT Dependencies .......................... SUCCESS [0.151s]
[INFO] OpenNMS JFreeChart Dependencies ................... SUCCESS [0.049s]
[INFO] OpenNMS Jasper Report Dependencies ................ SUCCESS [0.049s]
[INFO] OpenNMS Jasypt Dependencies ....................... SUCCESS [0.039s]
[INFO] OpenNMS JavaMail Dependencies ..................... SUCCESS [0.037s]
[INFO] OpenNMS JAXB Dependencies ......................... SUCCESS [0.037s]
[INFO] OpenNMS JCIFS Dependencies ........................ SUCCESS [0.027s]
[INFO] OpenNMS JDBC-Pool Dependencies .................... SUCCESS [0.021s]
[INFO] OpenNMS Jersey Dependencies ....................... SUCCESS [0.017s]
[INFO] OpenNMS J-Interop Dependencies .................... SUCCESS [0.015s]
[INFO] OpenNMS JNA Dependencies .......................... SUCCESS [0.014s]
[INFO] OpenNMS JNLP Dependencies ......................... SUCCESS [0.013s]
[INFO] OpenNMS RADIUS Dependencies ....................... SUCCESS [0.012s]
[INFO] OpenNMS JRobin Dependencies ....................... SUCCESS [0.013s]
[INFO] OpenNMS JRRD Dependencies ......................... SUCCESS [0.012s]
[INFO] OpenNMS Apache Karaf Dependencies ................. SUCCESS [0.013s]
[INFO] OpenNMS LiquiBase Dependencies .................... SUCCESS [0.012s]
[INFO] OpenNMS Mina Dependencies ......................... SUCCESS [0.011s]
[INFO] OpenNMS Netty Dependencies ........................ SUCCESS [0.011s]
[INFO] OpenNMS Apache Pax Exam Dependencies .............. SUCCESS [0.011s]
[INFO] OpenNMS Quartz Dependencies ....................... SUCCESS [0.010s]
[INFO] OpenNMS RANCID Dependencies ....................... SUCCESS [0.010s]
[INFO] OpenNMS RXTX Dependencies ......................... SUCCESS [0.010s]
[INFO] OpenNMS Servlet Dependencies ...................... SUCCESS [0.010s]
[INFO] OpenNMS SNMP4J Dependencies ....................... SUCCESS [0.010s]
[INFO] OpenNMS SNMP4J Agent Dependencies ................. SUCCESS [0.009s]
[INFO] OpenNMS Core ...................................... SUCCESS [0.010s]
[INFO] OpenNMS Core Library .............................. SUCCESS [2.294s]
[INFO] OpenNMS Utilities ................................. SUCCESS [0.866s]
[INFO] OpenNMS SNMP ...................................... SUCCESS [0.016s]
[INFO] OpenNMS SNMP API .................................. SUCCESS [0.905s]
[INFO] OpenNMS JoeSNMP library ........................... SUCCESS [0.402s]
[INFO] OpenNMS JoeSNMP SNMP Implementation ............... SUCCESS [0.540s]
[INFO] OpenNMS SNMP4J SNMP Implementation ................ SUCCESS [0.491s]
[INFO] OpenNMS SNMP Dependencies ......................... SUCCESS [0.012s]
[INFO] OpenNMS Test Code ................................. SUCCESS [0.013s]
[INFO] OpenNMS Mock SNMP Agent ........................... SUCCESS [10.997s]
[INFO] OpenNMS Mock SNMP Implementation .................. SUCCESS [0.481s]
[INFO] OpenNMS SNMP Test Dependencies .................... SUCCESS [0.013s]
[INFO] OpenNMS Spring Security Dependencies .............. SUCCESS [0.008s]
[INFO] OpenNMS Spring Test Dependencies .................. SUCCESS [0.009s]
[INFO] OpenNMS Tracker Dependencies ...................... SUCCESS [0.008s]
[INFO] OpenNMS Twitter4J Dependencies .................... SUCCESS [0.008s]
[INFO] OpenNMS Core API .................................. SUCCESS [0.134s]
[INFO] OpenNMS Core Build Tools .......................... SUCCESS [0.013s]
[INFO] OpenNMS Build Keystore ............................ SUCCESS [2.388s]
[INFO] OpenNMS Core Library (XML) ........................ SUCCESS [0.605s]
[INFO] OpenNMS Core Test APIs ............................ SUCCESS [0.017s]
[INFO] OpenNMS Core Test API (Libraries) ................. SUCCESS [0.605s]
[INFO] OpenNMS Core Database Access API .................. SUCCESS [1.602s]
[INFO] OpenNMS Test Components ........................... SUCCESS [0.396s]
[INFO] OpenNMS Core Test API (XML) ....................... SUCCESS [0.513s]
[INFO] OpenNMS Data Model Components ..................... SUCCESS [1.393s]
[INFO] OpenNMS Criteria Tools ............................ SUCCESS [0.523s]
[INFO] OpenNMS ICMP Library .............................. SUCCESS [0.013s]
[INFO] OpenNMS ICMP Pinger - API ......................... SUCCESS [0.513s]
[INFO] OpenNMS Configuration Model ....................... SUCCESS [9.521s]
[INFO] OpenNMS Features .................................. SUCCESS [0.007s]
[INFO] OpenNMS Poller .................................... SUCCESS [0.006s]
[INFO] OpenNMS Poller API ................................ SUCCESS [0.254s]
[INFO] OpenNMS Mock Elements ............................. SUCCESS [0.522s]
[INFO] OpenNMS Core Database Installer ................... SUCCESS [0.514s]
[INFO] OpenNMS Core Schema ............................... SUCCESS [0.589s]
[INFO] OpenNMS Core Test API (HTTP) ...................... SUCCESS [0.474s]
[INFO] OpenNMS Core Test API (Schema) .................... SUCCESS [0.011s]
[INFO] OpenNMS Core Test API (Test Schema A) ............. SUCCESS [0.193s]
[INFO] OpenNMS Core Test API (Test Schema B) ............. SUCCESS [0.109s]
[INFO] OpenNMS RRD Module ................................ SUCCESS [0.012s]
[INFO] OpenNMS RRD Interface ............................. SUCCESS [0.430s]
[INFO] OpenNMS JRobin RRD Implementation ................. SUCCESS [0.448s]
[INFO] OpenNMS Core Test API (Database) .................. SUCCESS [0.683s]
[INFO] OpenNMS Configuration ............................. SUCCESS [0.582s]
[INFO] OpenNMS Daemon .................................... SUCCESS [0.532s]
[INFO] OpenNMS Core Documentation ........................ SUCCESS [0.057s]
[INFO] org.opennms.core.icmp-jna ......................... SUCCESS [0.356s]
[INFO] OpenNMS Core Runtime .............................. SUCCESS [0.430s]
[INFO] OpenNMS Core Test API (SNMP) ...................... SUCCESS [0.464s]
[INFO] OpenNMS Core Test API (Services) .................. SUCCESS [0.666s]
[INFO] OpenNMS Service Registry .......................... SUCCESS [1.420s]
[INFO] OpenNMS Persistence Layer ......................... SUCCESS [0.923s]
[INFO] OpenNMS Snmp Integration Tests .................... SUCCESS [0.323s]
[INFO] OpenNMS Tasks ..................................... SUCCESS [0.355s]
[INFO] OpenNMS Core Test API (DNS) ....................... SUCCESS [0.311s]
[INFO] OpenNMS RRD PRM (object-relational mapping) ....... SUCCESS [0.402s]
[INFO] OpenNMS Provisioning .............................. SUCCESS [0.010s]
[INFO] OpenNMS Provisioning API .......................... SUCCESS [0.690s]
[INFO] OpenNMS JavaMail Library .......................... SUCCESS [0.010s]
[INFO] OpenNMS JavaMail Interface ........................ SUCCESS [0.232s]
[INFO] OpenNMS Phonebook ................................. SUCCESS [0.510s]
[INFO] OpenNMS Ticketing ................................. SUCCESS [0.012s]
[INFO] OpenNMS Ticketing API ............................. SUCCESS [0.124s]
[INFO] OpenNMS ICMP Pinger - JNA implementation .......... SUCCESS [0.405s]
[INFO] OpenNMS Services .................................. SUCCESS [1:06.318s]
[INFO] OpenNMS Provision Persistence ..................... SUCCESS [4.126s]
[INFO] OpenNMS Core Upgrade Library ...................... SUCCESS [0.343s]
[INFO] OpenNMS OSGi Container ............................ SUCCESS [0.010s]
[INFO] OpenNMS OSGi Container - Branding ................. SUCCESS [0.160s]
[INFO] All OpenNMS OSGi Features ......................... SUCCESS [0.048s]
[INFO] OpenNMS OSGi Container - Standalone ............... SUCCESS [5.034s]
[INFO] OpenNMS OSGi Container - Embedded Karaf ........... SUCCESS [2.379s]
[INFO] OpenNMS OSGi Container - Web Servlet .............. SUCCESS [0.723s]
[INFO] OpenNMS OSGi Container - Web Servlet OSGi Bridge .. SUCCESS [0.461s]
[INFO] OpenNMS ACL Webapp ................................ SUCCESS [10.797s]
[INFO] OpenNMS Instrumentation Log Reader ................ SUCCESS [0.164s]
[INFO] OpenNMS JDBC Collector ............................ SUCCESS [1.019s]
[INFO] OpenNMS Juniper TCA Collector ..................... SUCCESS [2.565s]
[INFO] OpenNMS NCS Root Project .......................... SUCCESS [0.007s]
[INFO] OpenNMS NCS Persistence ........................... SUCCESS [0.181s]
[INFO] OpenNMS NCS Model Components ...................... SUCCESS [0.477s]
[INFO] OpenNMS NCS Persistence ........................... SUCCESS [0.648s]
[INFO] OpenNMS Correlation Engines ....................... SUCCESS [0.009s]
[INFO] OpenNMS Correlator ................................ SUCCESS [0.659s]
[INFO] OpenNMS Drools Correlation Engine ................. SUCCESS [1.030s]
[INFO] OpenNMS NCS Correlation Rules ..................... SUCCESS [0.950s]
[INFO] OpenNMS Alarm Subsystem ........................... SUCCESS [0.011s]
[INFO] OpenNMS Alarm API ................................. SUCCESS [0.516s]
[INFO] OpenNMS NCS Northbounder .......................... SUCCESS [0.623s]
[INFO] OpenNMS Web APIs .................................. SUCCESS [0.830s]
[INFO] OpenNMS Integrations .............................. SUCCESS [0.018s]
[INFO] OpenNMS RWS Interface ............................. SUCCESS [0.283s]
[INFO] OpenNMS Reporting ................................. SUCCESS [0.012s]
[INFO] OpenNMS Reporting API ............................. SUCCESS [0.164s]
[INFO] OpenNMS Model for Reports ......................... SUCCESS [0.186s]
[INFO] OpenNMS Dao for Reports ........................... SUCCESS [0.374s]
[INFO] OpenNMS SDO for Remote Repository Reports ......... SUCCESS [0.271s]
[INFO] OpenNMS Repository for Reports .................... SUCCESS [0.549s]
[INFO] OpenNMS Reporting Core ............................ SUCCESS [0.743s]
[INFO] OpenNMS Availability Reports ...................... SUCCESS [1.108s]
[INFO] OpenNMS Reporting ................................. SUCCESS [0.844s]
[INFO] OpenNMS ICMP Pinger - JNI implementation .......... SUCCESS [0.193s]
[INFO] OpenNMS Mock SimpleServer ......................... SUCCESS [0.391s]
[INFO] OpenNMS LineOriented Detectors .................... SUCCESS [0.781s]
[INFO] OpenNMS Simple Detectors .......................... SUCCESS [0.725s]
[INFO] OpenNMS Provision Daemon .......................... SUCCESS [1.435s]
[INFO] OpenNMS RRDTool RRD Implementation ................ SUCCESS [0.011s]
[INFO] OpenNMS RRDTool RRD Interface ..................... SUCCESS [0.422s]
[INFO] OpenNMS Spring Framework Security ................. SUCCESS [0.208s]
[INFO] OpenNMS Web Dependencies .......................... SUCCESS [0.007s]
[INFO] OpenNMS GWT Theme ................................. SUCCESS [0.546s]
[INFO] OpenNMS KSC GWT Graph Add ......................... SUCCESS [0.186s]
[INFO] OpenNMS KSC GWT combobox .......................... SUCCESS [0.154s]
[INFO] OpenNMS GWT Suggestion Combobox ................... SUCCESS [0.287s]
[INFO] OpenNMS GWT Table Resources ....................... SUCCESS [0.133s]
[INFO] OpenNMS GWT Graph Resource List ................... SUCCESS [0.195s]
[INFO] OpenNMS GWT Snmp Select List ...................... SUCCESS [0.200s]
[INFO] OpenNMS Node Page List Component .................. SUCCESS [0.148s]
[INFO] OpenNMS Request Tracker Interface ................. SUCCESS [0.131s]
[INFO] OpenNMS Launcher .................................. SUCCESS [0.142s]
[INFO] OpenNMS System Report ............................. SUCCESS [0.198s]
[INFO] OpenNMS Web Application ........................... FAILURE [5.134s]
[INFO] OpenNMS NCS Alarm GUI ............................. SKIPPED
[INFO] OpenNMS Poller Runtime ............................ SKIPPED
[INFO] OpenNMS Provisioning .............................. SKIPPED
[INFO] OpenNMS Provisioning API .......................... SKIPPED
[INFO] OpenNMS Provisioning Library ...................... SKIPPED
[INFO] OpenNMS Jasper Reports ............................ SKIPPED
[INFO] OpenNMS WMI Library ............................... SKIPPED
[INFO] OpenNMS ICMP Pinger - JNIv6 implementation ........ SKIPPED
[INFO] OpenNMS Remote Poller ............................. SKIPPED
[INFO] OpenNMS Remote Poller (JNLP) ...................... SKIPPED
[INFO] OpenNMS TCP Export RRD Implementation ............. SKIPPED
[INFO] OpenNMS Remote Poller GWT UI ...................... SKIPPED
[INFO] OpenNMS Drools Integration for Ticketing .......... SKIPPED
[INFO] OpenNMS JIRA Trouble Ticketer ..................... SKIPPED
[INFO] OpenNMS OTRS Integration .......................... SKIPPED
[INFO] OpenNMS RT Integration ............................ SKIPPED
[INFO] OpenNMS Remedy Integration ........................ SKIPPED
[INFO] OpenNMS Geocoder .................................. SKIPPED
[INFO] OpenNMS Geocoder API .............................. SKIPPED
[INFO] OpenNMS Google Geocoder ........................... SKIPPED
[INFO] OpenNMS Nominatim Geocoder ........................ SKIPPED
[INFO] OpenNMS Name Cutter ............................... SKIPPED
[INFO] org.opennms.jmxconfiggenerator .................... SKIPPED
[INFO] org.opennms.features.topology (OSGi project) ...... SKIPPED
[INFO] org.opennms.features.topology - plugin configuration  SKIPPED
[INFO] org.opennms.features.topology - bundle instructions  SKIPPED
[INFO] OpenNMS Admin UI for SNMP Events and Metrics ...... SKIPPED
[INFO] NRTG .............................................. SKIPPED
[INFO] NRTG System Exports ............................... SKIPPED
[INFO] NRTG API .......................................... SKIPPED
[INFO] NRTG ProtocolCollectors ........................... SKIPPED
[INFO] NRTG ProtocolCollector SNMP ....................... SKIPPED
[INFO] NRTG Commander .................................... SKIPPED
[INFO] NRTG ActiveMQ Broker .............................. SKIPPED
[INFO] NRTG Broker Implementation - JMS .................. SKIPPED
[INFO] NRTG Broker Implementation - Local ................ SKIPPED
[INFO] NRTG NRTCollector ................................. SKIPPED
[INFO] NRTG ProtocolCollector TCA ........................ SKIPPED
[INFO] NRTG Web Interface ................................ SKIPPED
[INFO] NRTG Karaf Features ............................... SKIPPED
[INFO] NRTG Karaf API Feature ............................ SKIPPED
[INFO] NRTG Karaf Web Features ........................... SKIPPED
[INFO] NRTG Karaf ProtocolCollectors Features ............ SKIPPED
[INFO] NRTG Karaf ProtocolCollector SNMP Feature ......... SKIPPED
[INFO] NRTG Karaf ProtocolCollector TCA Feature .......... SKIPPED
[INFO] NRTG Karaf NRTG Base Feature ...................... SKIPPED
[INFO] NRTG Karaf NRTG JMS Feature ....................... SKIPPED
[INFO] NRTG Karaf NRTG Local Feature ..................... SKIPPED
[INFO] NRTG Karaf NRTG Feature ........................... SKIPPED
[INFO] NRTG JAR .......................................... SKIPPED
[INFO] NRTG JAR NRTCollector ............................. SKIPPED
[INFO] org.opennms.features.topology - wrapper instructions  SKIPPED
[INFO] org.opennms.features.topology - imported bundles .. SKIPPED
[INFO] OpenNMS :: Vaadin :: Themes ....................... SKIPPED
[INFO] OpenNMS :: Vaadin :: Theme :: Default ............. SKIPPED
[INFO] OpenNMS :: Topology :: Features ................... SKIPPED
[INFO] OpenNMS :: Topology :: Vaadin + Dependencies ...... SKIPPED
[INFO] org.opennms.features.topology.api ................. SKIPPED
[INFO] org.opennms.features.topology.plugins.topo.simple . SKIPPED
[INFO] org.opennms.features.topology.app ................. SKIPPED
[INFO] OpenNMS Topology SSH .............................. SKIPPED
[INFO] org.opennms.features.topology.widgetset ........... SKIPPED
[INFO] org.opennms.features.topology.shell ............... SKIPPED
[INFO] OpenNMS :: Topology :: API ........................ SKIPPED
[INFO] org.opennms.features.topology.plugins.browsers .... SKIPPED
[INFO] org.opennms.features.topology.plugins.devutils .... SKIPPED
[INFO] org.opennms.features.topology.plugins.layout ...... SKIPPED
[INFO] org.opennms.features.topology.plugins.ncs ......... SKIPPED
[INFO] OpenNMS Topology NetUtils ......................... SKIPPED
[INFO] org.opennms.features.topology.plugins.status ...... SKIPPED
[INFO] OpenNMS :: Topology :: Plugins .................... SKIPPED
[INFO] org.opennms.features.topology.plugins.topo.history  SKIPPED
[INFO] org.opennms.features.topology.plugins.topo.linkd .. SKIPPED
[INFO] org.opennms.features.topology.plugins.topo.onmsdao  SKIPPED
[INFO] org.opennms.features.topology.plugins.topo.sfree .. SKIPPED
[INFO] org.opennms.features.topology.plugins.topo.vmware . SKIPPED
[INFO] OpenNMS :: Topology :: Themes ..................... SKIPPED
[INFO] OpenNMS :: Topology :: Default  Theme ............. SKIPPED
[INFO] OpenNMS :: Topology :: Runtime (Base) ............. SKIPPED
[INFO] OpenNMS :: Topology :: Runtime (Linkd) ............ SKIPPED
[INFO] OpenNMS :: Topology :: Runtime (Browsers) ......... SKIPPED
[INFO] OpenNMS :: Topology :: Runtime (Simple) ........... SKIPPED
[INFO] OpenNMS :: Topology :: Runtime (VMware) ........... SKIPPED
[INFO] OpenNMS :: Topology :: Runtime (NCS) .............. SKIPPED
[INFO] OpenNMS :: Topology :: Runtime (Scale Free) ....... SKIPPED
[INFO] OpenNMS :: Topology :: Development ................ SKIPPED
[INFO] OpenNMS Node Maps ................................. SKIPPED
[INFO] org.opennms.features.sms-reflector (OSGi project) . SKIPPED
[INFO] sms-reflector - plugin configuration .............. SKIPPED
[INFO] sms-reflector - wrapper instructions .............. SKIPPED
[INFO] sms-reflector - bundle instructions ............... SKIPPED
[INFO] sms-reflector - imported bundles .................. SKIPPED
[INFO] org.opennms.features.rxtx.test .................... SKIPPED
[INFO] org.opennms.features.sms-reflector.sms-service [org.opennms.sms.reflector.smsservice]  SKIPPED
[INFO] org.opennms.features.sms-reflector.sms-ping [org.opennms.sms.ping]  SKIPPED
[INFO] org.opennms.features.sms.reflector.commands [org.opennms.sms.reflector.commands]  SKIPPED
[INFO] org.opennms.features.sms-reflector.sms-monitor [org.opennms.sms.monitor]  SKIPPED
[INFO] org.opennms.features.sms-reflector.sms-gateway [org.opennms.sms.gateways]  SKIPPED
[INFO] Non OSGi Integration .............................. SKIPPED
[INFO] OpenNMS ROOT Web Application ...................... SKIPPED
[INFO] OpenNMS Notification Strategies ................... SKIPPED
[INFO] OpenNMS Ticket Notification Strategy .............. SKIPPED
[INFO] OpenNMS Access Point Monitor ...................... SKIPPED
[INFO] OpenNMS DNS Provisioning Adaptor .................. SKIPPED
[INFO] OpenNMS Reverse Zone DNS Provisioning Adaptor ..... SKIPPED
[INFO] OpenNMS Link Provisioning Adaptor ................. SKIPPED
[INFO] OpenNMS Map Provisioning Adaptor .................. SKIPPED
[INFO] OpenNMS Puppet Provisioning Adaptor ............... SKIPPED
[INFO] OpenNMS RANCID Provisioning Interface ............. SKIPPED
[INFO] OpenNMS SNMP Asset Provisioning Interface ......... SKIPPED
[INFO] opennms-jasper-extensions ......................... SKIPPED
[INFO] OpenNMS VMware Integration ........................ SKIPPED
[INFO] OpenNMS Protocols ................................. SKIPPED
[INFO] OpenNMS CIFS Support .............................. SKIPPED
[INFO] OpenNMS DHCP Monitoring ........................... SKIPPED
[INFO] OpenNMS NSClient Monitoring ....................... SKIPPED
[INFO] OpenNMS RADIUS Support ............................ SKIPPED
[INFO] OpenNMS XML Collector ............................. SKIPPED
[INFO] OpenNMS Support for XMP (Cartographer) Agents ..... SKIPPED
[INFO] OpenNMS Selenium Monitor .......................... SKIPPED
[INFO] OpenNMS Support for Asterisk PBX .................. SKIPPED
[INFO] OpenNMS Jetty Integration ......................... SKIPPED
[INFO] OpenNMS Northbounder Syslog ....................... SKIPPED
[INFO] OpenNMS Integration Tests ......................... SKIPPED
[INFO] OpenNMS Acknowledgement Daemon .................... SKIPPED
[INFO] OpenNMS Alarm Daemon .............................. SKIPPED
[INFO] OpenNMS Northbounder HTTP ......................... SKIPPED
[INFO] OpenNMS Northbounder JMS .......................... SKIPPED
[INFO] OpenNMS Model Importer ............................ SKIPPED
[INFO] OpenNMS Configuration Test Utility ................ SKIPPED
[INFO] OpenNMS SNMP Scanners ............................. SKIPPED
[INFO] OpenNMS Datagram Detectors ........................ SKIPPED
[INFO] OpenNMS JMX Detectors ............................. SKIPPED
[INFO] OpenNMS JDBC Detector ............................. SKIPPED
[INFO] OpenNMS SSH Detector .............................. SKIPPED
[INFO] OpenNMS Generic Detectors ......................... SKIPPED
[INFO] OpenNMS Web Detector (httpclient) ................. SKIPPED
[INFO] OpenNMS BSF Detectors ............................. SKIPPED
[INFO] OpenNMS Enterprise Reporting ...................... SKIPPED
[INFO] OpenNMS Enterprise Report Daemon .................. SKIPPED
[INFO] OpenNMS OSS-J interface ........................... SKIPPED
[INFO] ------------------------------------------------------------------------
[INFO] BUILD FAILURE
[INFO] ------------------------------------------------------------------------
[INFO] Total time: 2:59.450s
[INFO] Finished at: Thu Jul 28 19:35:27 CST 2016
[INFO] Final Memory: 243M/551M
[INFO] ------------------------------------------------------------------------
[ERROR] Failed to execute goal org.mortbay.jetty:jetty-jspc-maven-plugin:7.6.15.v20140411:jspc (jspc) on project opennms-webapp: Failure processing jsps: PWC6033: Error in Javac compilation for JSP
[ERROR] 
[ERROR] PWC6197: An error occurred at line: 141 in the jsp file: /includes/event-advquerypanel.jsp
[ERROR] PWC6199: Generated servlet error:
[ERROR] string:///event_002dadvquerypanel_jsp.java:577: package org.apache.jsp.tag.web.form does not exist
[ERROR] 
[ERROR] PWC6197: An error occurred at line: 141 in the jsp file: /includes/event-advquerypanel.jsp
[ERROR] PWC6199: Generated servlet error:
[ERROR] string:///event_002dadvquerypanel_jsp.java:577: package org.apache.jsp.tag.web.form does not exist
[ERROR] 
[ERROR] PWC6197: An error occurred at line: 149 in the jsp file: /includes/event-advquerypanel.jsp
[ERROR] PWC6199: Generated servlet error:
[ERROR] string:///event_002dadvquerypanel_jsp.java:633: package org.apache.jsp.tag.web.form does not exist
[ERROR] 
[ERROR] PWC6197: An error occurred at line: 149 in the jsp file: /includes/event-advquerypanel.jsp
[ERROR] PWC6199: Generated servlet error:
[ERROR] string:///event_002dadvquerypanel_jsp.java:633: package org.apache.jsp.tag.web.form does not exist
[ERROR] 
[ERROR] PWC6197: An error occurred at line: 156 in the jsp file: /includes/event-advquerypanel.jsp
[ERROR] PWC6199: Generated servlet error:
[ERROR] string:///event_002dadvquerypanel_jsp.java:690: package org.apache.jsp.tag.web.form does not exist
[ERROR] 
[ERROR] PWC6197: An error occurred at line: 156 in the jsp file: /includes/event-advquerypanel.jsp
[ERROR] PWC6199: Generated servlet error:
[ERROR] string:///event_002dadvquerypanel_jsp.java:690: package org.apache.jsp.tag.web.form does not exist
[ERROR] 
[ERROR] PWC6197: An error occurred at line: 164 in the jsp file: /includes/event-advquerypanel.jsp
[ERROR] PWC6199: Generated servlet error:
[ERROR] string:///event_002dadvquerypanel_jsp.java:746: package org.apache.jsp.tag.web.form does not exist
[ERROR] 
[ERROR] PWC6197: An error occurred at line: 164 in the jsp file: /includes/event-advquerypanel.jsp
[ERROR] PWC6199: Generated servlet error:
[ERROR] string:///event_002dadvquerypanel_jsp.java:746: package org.apache.jsp.tag.web.form does not exist
[ERROR] 
[ERROR] PWC6197: An error occurred at line: 173 in the jsp file: /includes/event-advquerypanel.jsp
[ERROR] PWC6199: Generated servlet error:
[ERROR] string:///event_002dadvquerypanel_jsp.java:803: package org.apache.jsp.tag.web.form does not exist
[ERROR] 
[ERROR] PWC6197: An error occurred at line: 173 in the jsp file: /includes/event-advquerypanel.jsp
[ERROR] PWC6199: Generated servlet error:
[ERROR] string:///event_002dadvquerypanel_jsp.java:803: package org.apache.jsp.tag.web.form does not exist
[ERROR] 
[ERROR] PWC6197: An error occurred at line: 183 in the jsp file: /includes/event-advquerypanel.jsp
[ERROR] PWC6199: Generated servlet error:
[ERROR] string:///event_002dadvquerypanel_jsp.java:860: package org.apache.jsp.tag.web.form does not exist
[ERROR] 
[ERROR] PWC6197: An error occurred at line: 183 in the jsp file: /includes/event-advquerypanel.jsp
[ERROR] PWC6199: Generated servlet error:
[ERROR] string:///event_002dadvquerypanel_jsp.java:860: package org.apache.jsp.tag.web.form does not exist
[ERROR] 
[ERROR] PWC6199: Generated servlet error:
[ERROR] Note: string:///event_002dadvquerypanel_jsp.java from  uses unchecked or unsafe operations.
[ERROR] 
[ERROR] PWC6199: Generated servlet error:
[ERROR] Note: Recompile with -Xlint:unchecked for details.
[ERROR] -> [Help 1]
[ERROR] 
[ERROR] To see the full stack trace of the errors, re-run Maven with the -e switch.
[ERROR] Re-run Maven using the -X switch to enable full debug logging.
[ERROR] 
[ERROR] For more information about the errors and possible solutions, please read the following articles:
[ERROR] [Help 1] http://cwiki.apache.org/confluence/display/MAVEN/MojoExecutionException
[ERROR] 
[ERROR] After correcting the problems, you can resume the build with the command
[ERROR]   mvn <goals> -rf :opennms-webapp
[ERROR] child exited with value 1
